10-17 01:50:34.515 D/CoreBackPreview(  507): Window{8054c6c u0 Splash Screen org.telegram.messenger EXITING}: Setting back callback null
10-17 01:50:34.516 W/WindowManager(  507): Failed looking up window session=Session{3cbc92c 709:u0a10157} callers=com.android.server.wm.WindowManagerService.windowForClientLocked:6050 com.android.server.wm.WindowManagerService.removeWindow:2076 com.android.server.wm.Session.remove:230 
10-17 01:50:34.516 W/InputManager-JNI(  507): Input channel object 'Embedded{} (client)' was disposed without first being removed with the input manager!
10-17 01:50:34.517 W/InputManager-JNI(  507): Input channel object '8054c6c Splash Screen org.telegram.messenger (client)' was disposed without first being removed with the input manager!
10-17 01:50:34.524 W/TransactionTracing(  337): Could not find layer handle 0xb40000720f228df0
10-17 01:50:34.524 W/TransactionTracing(  337): Could not find layer handle 0xb40000720f21ed70
10-17 01:50:34.524 W/TransactionTracing(  337): Could not find layer handle 0xb40000720f22ce10
10-17 01:50:34.524 W/TransactionTracing(  337): Could not find layer handle 0xb40000720f22b310
10-17 01:50:34.524 W/TransactionTracing(  337): Could not find layer handle 0xb40000720f22e0d0
10-17 01:50:34.525 W/TransactionTracing(  337): Could not find layer handle 0xb40000720f22b310
10-17 01:50:34.525 W/TransactionTracing(  337): Could not find layer handle 0xb40000720f22e0d0
10-17 01:50:34.530 D/OneSearchSuggestProvider( 1064): Shut down the binder channel
10-17 01:50:34.530 D/BtGatt.ScanManager(30635): uid 10116 isForeground true scanMode -1
10-17 01:50:34.533 I/s.nexuslauncher( 1064): oneway function results for code 2 on binder at 0xb40000712c34ef90 will be dropped but finished with status UNKNOWN_TRANSACTION
10-17 01:50:34.545 W/TransactionTracing(  337): Could not find layer handle 0xb40000720f22aef0
10-17 01:50:34.545 W/TransactionTracing(  337): Could not find layer handle 0xb40000720f229210
10-17 01:50:34.545 W/TransactionTracing(  337): Could not find layer handle 0xb40000720f22bf10
10-17 01:50:34.545 W/TransactionTracing(  337): Could not find layer handle 0xb40000720f22bf10
10-17 01:50:34.545 W/TransactionTracing(  337): Could not find layer handle 0xb40000720f22bf10
10-17 01:50:34.545 W/TransactionTracing(  337): Could not find layer handle 0xb40000720f229210
10-17 01:50:34.599 W/NotificationHistory(  507): Attempted to remove conversation for locked/gone/disabled user 0
10-17 01:50:34.655 I/egram.messenger( 1755): Compiler allocated 6665KB to compile void org.telegram.ui.Cells.DialogCell.onDraw(android.graphics.Canvas)
10-17 01:50:34.804 D/BtGatt.ScanManager(30635): uid 10116 isForeground true scanMode -1
10-17 01:50:34.809 I/FontLog ( 1253): Received query Noto Color Emoji Compat, URI content://com.google.android.gms.fonts [CONTEXT service_id=132 ]
10-17 01:50:34.809 I/FontLog ( 1253): Query [emojicompat-emoji-font] resolved to {Noto Color Emoji Compat, wdth 100.0, wght 400, ital 0.0, bestEffort false} [CONTEXT service_id=132 ]
10-17 01:50:34.812 I/FontLog ( 1253): Fetch {Noto Color Emoji Compat, wdth 100.0, wght 400, ital 0.0, bestEffort false} end status Status{statusCode=SUCCESS, resolution=null} [CONTEXT service_id=132 ]
10-17 01:50:34.816 I/FontLog ( 1253): Pulling font file for id = 134, cache size = 8 [CONTEXT service_id=132 ]
10-17 01:50:34.820 I/FontLog ( 1253): Pulling font file for id = 134, cache size = 8 [CONTEXT service_id=132 ]
10-17 01:50:35.106 W/BroadcastQueue(  507): Exported Denial: sending Intent { act=android.net.conn.CONNECTIVITY_CHANGE flg=0x4200010 (has extras) }, action: android.net.conn.CONNECTIVITY_CHANGE from null (uid=-1) due to receiver ProcessRecord{9e70113 1755:org.telegram.messenger/u0a177} (uid 10177) not specifying RECEIVER_EXPORTED
--------- beginning of kernel
10-17 01:50:36.233 I/logd    (  158): logdr: UID=0 GID=0 PID=1996 b tail=0 logMask=99 pid=0 start=0ns deadline=0ns
10-17 01:50:37.096 D/EGL_emulation( 1755): app_time_stats: avg=88.28ms min=2.18ms max=2049.60ms count=27
10-17 01:50:38.585 D/AndroidRuntime( 2026): >>>>>> START com.android.internal.os.RuntimeInit uid 0 <<<<<<
10-17 01:50:38.596 I/AndroidRuntime( 2026): Using default boot image
10-17 01:50:38.596 I/AndroidRuntime( 2026): Leaving lock profiling enabled
10-17 01:50:38.602 I/app_process( 2026): Core platform API reporting enabled, enforcing=false
10-17 01:50:38.603 I/app_process( 2026): Using CollectorTypeCC GC.
10-17 01:50:38.783 D/app_process( 2026): Time zone APEX ICU file found: /apex/com.android.tzdata/etc/icu/icu_tzdata.dat
10-17 01:50:38.783 D/app_process( 2026): I18n APEX ICU file found: /apex/com.android.i18n/etc/icu/icudt70l.dat
10-17 01:50:38.858 D/AndroidRuntime( 2026): Calling main entry com.android.commands.monkey.Monkey
10-17 01:50:38.859 W/Monkey  ( 2026): args: [-p, org.telegram.messenger, --throttle, 50, --pct-syskeys, 0, --pct-nav, 10, --pct-touch, 70, -v, 800]
10-17 01:50:38.861 W/Monkey  ( 2026):  arg: "-p"
10-17 01:50:38.862 W/Monkey  ( 2026):  arg: "org.telegram.messenger"
10-17 01:50:38.862 W/Monkey  ( 2026):  arg: "--throttle"
10-17 01:50:38.863 W/Monkey  ( 2026):  arg: "50"
10-17 01:50:38.863 W/Monkey  ( 2026):  arg: "--pct-syskeys"
10-17 01:50:38.863 W/Monkey  ( 2026):  arg: "0"
10-17 01:50:38.864 W/Monkey  ( 2026):  arg: "--pct-nav"
10-17 01:50:38.865 W/Monkey  ( 2026):  arg: "10"
10-17 01:50:38.865 W/Monkey  ( 2026):  arg: "--pct-touch"
10-17 01:50:38.865 W/Monkey  ( 2026):  arg: "70"
10-17 01:50:38.865 W/Monkey  ( 2026):  arg: "-v"
10-17 01:50:38.865 W/Monkey  ( 2026):  arg: "800"
10-17 01:50:38.865 W/Monkey  ( 2026): data="org.telegram.messenger"
10-17 01:50:38.865 W/Monkey  ( 2026): arg="--throttle" mCurArgData="null" mNextArg=3 argwas="--throttle" nextarg="50"
10-17 01:50:38.865 W/Monkey  ( 2026): data="50"
10-17 01:50:38.865 W/Monkey  ( 2026): arg="--pct-syskeys" mCurArgData="null" mNextArg=5 argwas="--pct-syskeys" nextarg="0"
10-17 01:50:38.865 W/Monkey  ( 2026): data="0"
10-17 01:50:38.866 W/Monkey  ( 2026): arg="--pct-nav" mCurArgData="null" mNextArg=7 argwas="--pct-nav" nextarg="10"
10-17 01:50:38.866 W/Monkey  ( 2026): data="10"
10-17 01:50:38.866 W/Monkey  ( 2026): arg="--pct-touch" mCurArgData="null" mNextArg=9 argwas="--pct-touch" nextarg="70"
10-17 01:50:38.866 W/Monkey  ( 2026): data="70"
10-17 01:50:38.883 I/Monkey  ( 2026): :Monkey: seed=1760671305629 count=800
10-17 01:50:38.883 I/Monkey  ( 2026): :AllowPackage: org.telegram.messenger
10-17 01:50:38.883 I/Monkey  ( 2026): :IncludeCategory: android.intent.category.LAUNCHER
10-17 01:50:38.883 I/Monkey  ( 2026): :IncludeCategory: android.intent.category.MONKEY
10-17 01:50:38.893 W/BroadcastQueue(  507): Skipping deliver [background] BroadcastRecord{6b0c98c u-1 android.net.conn.CONNECTIVITY_CHANGE} to ReceiverList{4f6a8d5 2026 (unknown name)/0/u-1 remote:46aecde}: process gone or crashing
10-17 01:50:38.907 I/Monkey  ( 2026): // Event percentages:
10-17 01:50:38.907 I/Monkey  ( 2026): //   0: 70.0%
10-17 01:50:38.907 I/Monkey  ( 2026): //   1: 3.448276%
10-17 01:50:38.907 I/Monkey  ( 2026): //   2: 0.6896552%
10-17 01:50:38.907 I/Monkey  ( 2026): //   3: 5.172414%
10-17 01:50:38.907 I/Monkey  ( 2026): //   4: -0.0%
10-17 01:50:38.907 I/Monkey  ( 2026): //   5: -0.0%
10-17 01:50:38.907 I/Monkey  ( 2026): //   6: 10.0%
10-17 01:50:38.908 I/Monkey  ( 2026): //   7: 5.172414%
10-17 01:50:38.909 I/Monkey  ( 2026): //   8: -0.0%
10-17 01:50:38.909 I/Monkey  ( 2026): //   9: 0.6896552%
10-17 01:50:38.909 I/Monkey  ( 2026): //   10: 0.3448276%
10-17 01:50:38.909 I/Monkey  ( 2026): //   11: 4.4827585%
10-17 01:50:38.909 I/Monkey  ( 2026): :Switch: #Intent;action=android.intent.action.MAIN;category=android.intent.category.LAUNCHER;launchFlags=0x10200000;component=org.telegram.messenger/.DefaultIcon;end
10-17 01:50:38.914 I/ActivityTaskManager(  507): START u0 {act=android.intent.action.MAIN cat=[android.intent.category.LAUNCHER] flg=0x10200000 cmp=org.telegram.messenger/.DefaultIcon} from uid 0
10-17 01:50:38.916 I/Monkey  ( 2026):     // Allowing start of Intent { act=android.intent.action.MAIN cat=[android.intent.category.LAUNCHER] cmp=org.telegram.messenger/.DefaultIcon } in package org.telegram.messenger
10-17 01:50:38.924 I/PIP_DEBUG( 1755): [Activity] onPause
10-17 01:50:38.933 I/PIP_DEBUG( 1755): [Activity] onResume
10-17 01:50:38.966 W/BestClock(  507): java.time.DateTimeException: Missing NTP fix
10-17 01:50:38.989 D/EGL_emulation( 1755): app_time_stats: avg=165.51ms min=3.48ms max=1678.34ms count=11
10-17 01:50:38.996 I/netd    (  295): tetherGetStats() -> {[]} <4.75ms>
10-17 01:50:38.999 I/Monkey  ( 2026): :Sending Touch (ACTION_DOWN): 0:(493.0,1094.0)
10-17 01:50:39.003 D/TaplEvents( 1064): TIS / TouchInteractionService.onInputEvent: MotionEvent { action=ACTION_DOWN, actionButton=0, id[0]=0, x[0]=493.0, y[0]=1094.0, toolType[0]=TOOL_TYPE_UNKNOWN, buttonState=0, classification=NONE, metaState=0, flags=0x0, edgeFlags=0x0, pointerCount=1, historySize=0, eventTime=32515062, downTime=32515062, deviceId=-1, source=0x1002, displayId=0, eventId=-21670463 }
10-17 01:50:39.007 I/Monkey  ( 2026): :Sending Touch (ACTION_UP): 0:(478.44913,1094.2125)
10-17 01:50:39.036 D/TaplEvents( 1064): TIS / TouchInteractionService.onInputEvent: MotionEvent { action=ACTION_UP, actionButton=0, id[0]=0, x[0]=478.44913, y[0]=1094.2125, toolType[0]=TOOL_TYPE_UNKNOWN, buttonState=0, classification=NONE, metaState=0, flags=0x0, edgeFlags=0x0, pointerCount=1, historySize=0, eventTime=32515071, downTime=32515062, deviceId=-1, source=0x1002, displayId=0, eventId=-549990110 }
10-17 01:50:39.041 W/BestClock(  507): java.time.DateTimeException: Missing NTP fix
10-17 01:50:39.043 W/BestClock(  507): java.time.DateTimeException: Missing NTP fix
10-17 01:50:39.044 I/netd    (  295): bandwidthSetGlobalAlert(2097152) <0.62ms>
10-17 01:50:39.045 W/BestClock(  507): java.time.DateTimeException: Missing NTP fix
10-17 01:50:39.046 W/BestClock(  507): java.time.DateTimeException: Missing NTP fix
10-17 01:50:39.050 W/BestClock(  507): java.time.DateTimeException: Missing NTP fix
10-17 01:50:39.051 W/BestClock(  507): java.time.DateTimeException: Missing NTP fix
10-17 01:50:39.057 W/BestClock(  507): java.time.DateTimeException: Missing NTP fix
10-17 01:50:39.061 I/netd    (  295): bandwidthRemoveInterfaceQuota(eth0) <3.54ms>
10-17 01:50:39.064 I/netd    (  295): bandwidthSetInterfaceQuota(eth0, 9223372036854775807) <1.90ms>
10-17 01:50:39.109 D/AudioFlinger(  334): mixer(0xb400007fa691d9a0) throttle end: throttle time(38)
10-17 01:50:39.110 W/BestClock(  507): java.time.DateTimeException: Missing NTP fix
10-17 01:50:39.124 I/netd    (  295): bandwidthRemoveInterfaceQuota(eth0) <1.57ms>
10-17 01:50:39.126 I/netd    (  295): bandwidthSetInterfaceQuota(eth0, 9223372036854775807) <1.88ms>
10-17 01:50:39.128 W/BestClock(  507): java.time.DateTimeException: Missing NTP fix
10-17 01:50:39.131 W/BestClock(  507): java.time.DateTimeException: Missing NTP fix
10-17 01:50:39.131 W/BestClock(  507): java.time.DateTimeException: Missing NTP fix
10-17 01:50:39.131 W/BestClock(  507): java.time.DateTimeException: Missing NTP fix
10-17 01:50:39.133 W/BestClock(  507): java.time.DateTimeException: Missing NTP fix
10-17 01:50:39.134 D/NetworkStatsObservers(  507): Unregistering RequestInfo from pid/uid:507/1000(android) for DataUsageRequest [ requestId=54, networkTemplate=NetworkTemplate: matchRule=MOBILE, matchSubscriberIds=[310260...], matchWifiNetworkKeys=[], metered=YES, defaultNetwork=NO, thresholdInBytes=15287487 ] accessLevel:3
10-17 01:50:39.136 D/NetworkStatsObservers(  507): Registering observer for RequestInfo from pid/uid:507/1000(android) for DataUsageRequest [ requestId=55, networkTemplate=NetworkTemplate: matchRule=MOBILE, matchSubscriberIds=[310260...], matchWifiNetworkKeys=[], metered=YES, defaultNetwork=NO, thresholdInBytes=15287392 ] accessLevel:3
10-17 01:50:39.139 W/egram.messenger( 1755): Accessing hidden field Landroid/widget/PopupWindow;->mOnScrollChangedListener:Landroid/view/ViewTreeObserver$OnScrollChangedListener; (max-target-p, reflection, denied)
10-17 01:50:39.139 D/CompatibilityChangeReporter( 1755): Compat change id reported: 171228096; UID 10177; state: ENABLED
10-17 01:50:39.145 W/BestClock(  507): java.time.DateTimeException: Missing NTP fix
10-17 01:50:39.161 I/netd    (  295): tetherGetStats() -> {[]} <0.22ms>
10-17 01:50:39.161 W/BestClock(  507): java.time.DateTimeException: Missing NTP fix
10-17 01:50:39.163 I/egram.messenger( 1755): JIT allocated 62KB for compiled code of void org.telegram.ui.Cells.DialogCell.buildLayout()
10-17 01:50:39.163 I/egram.messenger( 1755): Compiler allocated 9392KB to compile void org.telegram.ui.Cells.DialogCell.buildLayout()
10-17 01:50:39.174 W/BestClock(  507): java.time.DateTimeException: Missing NTP fix
10-17 01:50:39.174 W/BestClock(  507): java.time.DateTimeException: Missing NTP fix
10-17 01:50:39.185 W/egram.messenger( 1755): Accessing hidden field Landroid/view/View;->mScrollY:I (max-target-p, reflection, denied)
10-17 01:50:39.185 W/egram.messenger( 1755): Accessing hidden field Landroid/widget/Editor;->mShowCursor:J (max-target-p, reflection, denied)
10-17 01:50:39.210 D/InputDispatcher(  507): Touch mode switch rejected, caller (pid=0, uid=10177) doesn't own the focused window nor none of the previously interacted window
10-17 01:50:39.212 I/GoogleInputMethodService( 1511): GoogleInputMethodService.onFinishInput():3227 
10-17 01:50:39.213 I/GoogleInputMethodService( 1511): GoogleInputMethodService.updateDeviceLockedStatus():2087 repeatCheckTimes = 0, unlocked = true
10-17 01:50:39.213 I/GoogleInputMethodService( 1511): GoogleInputMethodService.onStartInput():1877 onStartInput(EditorInfo{inputType=0x0(NULL) imeOptions=0x0 privateImeOptions=null actionName=UNSPECIFIED actionLabel=null actionId=0 initialSelStart=-1 initialSelEnd=-1 initialCapsMode=0x0 hintText=null label=null packageName=org.telegram.messenger fieldId=-1 fieldName=null extras=null}, false)
10-17 01:50:39.213 I/GoogleInputMethodService( 1511): GoogleInputMethodService.shouldHideHeaderOnInitialState():4008 ShouldHideHeaderOnInitialState = false
10-17 01:50:39.213 I/GoogleInputMethodService( 1511): GoogleInputMethodService.updateDeviceLockedStatus():2087 repeatCheckTimes = 2, unlocked = true
10-17 01:50:39.261 I/Monkey  ( 2026): :Sending Touch (ACTION_DOWN): 0:(71.0,1427.0)
10-17 01:50:39.261 D/TaplEvents( 1064): TIS / TouchInteractionService.onInputEvent: MotionEvent { action=ACTION_DOWN, actionButton=0, id[0]=0, x[0]=71.0, y[0]=1427.0, toolType[0]=TOOL_TYPE_UNKNOWN, buttonState=0, classification=NONE, metaState=0, flags=0x0, edgeFlags=0x0, pointerCount=1, historySize=0, eventTime=32515325, downTime=32515324, deviceId=-1, source=0x1002, displayId=0, eventId=-309328268 }
10-17 01:50:39.263 I/Monkey  ( 2026): :Sending Touch (ACTION_UP): 0:(65.916725,1427.7184)
10-17 01:50:39.264 D/TaplEvents( 1064): TIS / TouchInteractionService.onInputEvent: MotionEvent { action=ACTION_UP, actionButton=0, id[0]=0, x[0]=65.916725, y[0]=1427.7184, toolType[0]=TOOL_TYPE_UNKNOWN, buttonState=0, classification=NONE, metaState=0, flags=0x0, edgeFlags=0x0, pointerCount=1, historySize=0, eventTime=32515326, downTime=32515324, deviceId=-1, source=0x1002, displayId=0, eventId=-445305190 }
10-17 01:50:39.267 I/GoogleInputMethodService( 1511): GoogleInputMethodService.onFinishInput():3227 
10-17 01:50:39.267 I/GoogleInputMethodService( 1511): GoogleInputMethodService.updateDeviceLockedStatus():2087 repeatCheckTimes = 0, unlocked = true
10-17 01:50:39.267 I/GoogleInputMethodService( 1511): GoogleInputMethodService.onStartInput():1877 onStartInput(EditorInfo{inputType=0x0(NULL) imeOptions=0x0 privateImeOptions=null actionName=UNSPECIFIED actionLabel=null actionId=0 initialSelStart=-1 initialSelEnd=-1 initialCapsMode=0x0 hintText=null label=null packageName=org.telegram.messenger fieldId=-1 fieldName=null extras=null}, false)
10-17 01:50:39.267 I/GoogleInputMethodService( 1511): GoogleInputMethodService.shouldHideHeaderOnInitialState():4008 ShouldHideHeaderOnInitialState = false
10-17 01:50:39.267 I/GoogleInputMethodService( 1511): GoogleInputMethodService.updateDeviceLockedStatus():2087 repeatCheckTimes = 2, unlocked = true
10-17 01:50:39.269 I/BpBinder(  337): onLastStrongRef automatically unlinking death recipients: <uncached descriptor>
10-17 01:50:39.269 D/ShellBackPreview(  709): Finishing gesture with event action: 1
10-17 01:50:39.269 D/ShellBackPreview(  709): onGestureFinished() mTriggerBack == false
10-17 01:50:39.269 D/ShellBackPreview(  709): BackAnimationController: finishAnimation()
10-17 01:50:39.314 I/Monkey  ( 2026): :Sending Touch (ACTION_DOWN): 0:(1072.0,637.0)
10-17 01:50:39.315 D/TaplEvents( 1064): TIS / TouchInteractionService.onInputEvent: MotionEvent { action=ACTION_DOWN, actionButton=0, id[0]=0, x[0]=1072.0, y[0]=637.0, toolType[0]=TOOL_TYPE_UNKNOWN, buttonState=0, classification=NONE, metaState=0, flags=0x0, edgeFlags=0x0, pointerCount=1, historySize=0, eventTime=32515378, downTime=32515378, deviceId=-1, source=0x1002, displayId=0, eventId=-945227484 }
10-17 01:50:39.315 I/Monkey  ( 2026): :Sending Touch (ACTION_UP): 0:(1079.4907,628.1051)
10-17 01:50:39.315 D/TaplEvents( 1064): TIS / TouchInteractionService.onInputEvent: MotionEvent { action=ACTION_UP, actionButton=0, id[0]=0, x[0]=1079.4907, y[0]=628.1051, toolType[0]=TOOL_TYPE_UNKNOWN, buttonState=0, classification=NONE, metaState=0, flags=0x0, edgeFlags=0x0, pointerCount=1, historySize=0, eventTime=32515379, downTime=32515378, deviceId=-1, source=0x1002, displayId=0, eventId=-674827858 }
10-17 01:50:39.316 I/BpBinder(  337): onLastStrongRef automatically unlinking death recipients: <uncached descriptor>
10-17 01:50:39.316 D/ShellBackPreview(  709): Finishing gesture with event action: 1
10-17 01:50:39.316 D/ShellBackPreview(  709): onGestureFinished() mTriggerBack == false
10-17 01:50:39.316 D/ShellBackPreview(  709): BackAnimationController: finishAnimation()
10-17 01:50:39.367 I/Monkey  ( 2026): :Sending Touch (ACTION_DOWN): 0:(608.0,1870.0)
10-17 01:50:39.368 D/TaplEvents( 1064): TIS / TouchInteractionService.onInputEvent: MotionEvent { action=ACTION_DOWN, actionButton=0, id[0]=0, x[0]=608.0, y[0]=1870.0, toolType[0]=TOOL_TYPE_UNKNOWN, buttonState=0, classification=NONE, metaState=0, flags=0x0, edgeFlags=0x0, pointerCount=1, historySize=0, eventTime=32515431, downTime=32515431, deviceId=-1, source=0x1002, displayId=0, eventId=-919508781 }
10-17 01:50:39.368 I/Monkey  ( 2026): :Sending Touch (ACTION_UP): 0:(609.8065,1872.6309)
10-17 01:50:39.369 D/TaplEvents( 1064): TIS / TouchInteractionService.onInputEvent: MotionEvent { action=ACTION_UP, actionButton=0, id[0]=0, x[0]=609.8065, y[0]=1872.6309, toolType[0]=TOOL_TYPE_UNKNOWN, buttonState=0, classification=NONE, metaState=0, flags=0x0, edgeFlags=0x0, pointerCount=1, historySize=0, eventTime=32515432, downTime=32515431, deviceId=-1, source=0x1002, displayId=0, eventId=-887306528 }
10-17 01:50:39.394 I/GoogleInputMethodService( 1511): GoogleInputMethodService.onFinishInput():3227 
10-17 01:50:39.394 I/GoogleInputMethodService( 1511): GoogleInputMethodService.updateDeviceLockedStatus():2087 repeatCheckTimes = 0, unlocked = true
10-17 01:50:39.394 I/GoogleInputMethodService( 1511): GoogleInputMethodService.onStartInput():1877 onStartInput(EditorInfo{inputType=0x0(NULL) imeOptions=0x0 privateImeOptions=null actionName=UNSPECIFIED actionLabel=null actionId=0 initialSelStart=-1 initialSelEnd=-1 initialCapsMode=0x0 hintText=null label=null packageName=org.telegram.messenger fieldId=-1 fieldName=null extras=null}, false)
10-17 01:50:39.394 I/GoogleInputMethodService( 1511): GoogleInputMethodService.shouldHideHeaderOnInitialState():4008 ShouldHideHeaderOnInitialState = false
10-17 01:50:39.394 I/GoogleInputMethodService( 1511): GoogleInputMethodService.updateDeviceLockedStatus():2087 repeatCheckTimes = 2, unlocked = true
10-17 01:50:39.419 I/Monkey  ( 2026): :Sending Touch (ACTION_DOWN): 0:(1069.0,348.0)
10-17 01:50:39.420 D/TaplEvents( 1064): TIS / TouchInteractionService.onInputEvent: MotionEvent { action=ACTION_DOWN, actionButton=0, id[0]=0, x[0]=1069.0, y[0]=348.0, toolType[0]=TOOL_TYPE_UNKNOWN, buttonState=0, classification=NONE, metaState=0, flags=0x0, edgeFlags=0x0, pointerCount=1, historySize=0, eventTime=32515483, downTime=32515483, deviceId=-1, source=0x1002, displayId=0, eventId=-478899618 }
10-17 01:50:39.420 I/Monkey  ( 2026): :Sending Touch (ACTION_UP): 0:(1075.3932,355.8476)
10-17 01:50:39.420 D/TaplEvents( 1064): TIS / TouchInteractionService.onInputEvent: MotionEvent { action=ACTION_UP, actionButton=0, id[0]=0, x[0]=1075.3932, y[0]=355.8476, toolType[0]=TOOL_TYPE_UNKNOWN, buttonState=0, classification=NONE, metaState=0, flags=0x0, edgeFlags=0x0, pointerCount=1, historySize=0, eventTime=32515484, downTime=32515483, deviceId=-1, source=0x1002, displayId=0, eventId=-937825288 }
10-17 01:50:39.421 D/ShellBackPreview(  709): Finishing gesture with event action: 1
10-17 01:50:39.421 D/ShellBackPreview(  709): onGestureFinished() mTriggerBack == false
10-17 01:50:39.421 D/ShellBackPreview(  709): BackAnimationController: finishAnimation()
10-17 01:50:39.421 I/BpBinder(  337): onLastStrongRef automatically unlinking death recipients: <uncached descriptor>
10-17 01:50:39.438 D/AudioFlinger(  334): mixer(0xb400007fa691d9a0) throttle end: throttle time(36)
10-17 01:50:39.471 I/Monkey  ( 2026): :Sending Touch (ACTION_DOWN): 0:(330.0,2012.0)
10-17 01:50:39.472 D/TaplEvents( 1064): TIS / TouchInteractionService.onInputEvent: MotionEvent { action=ACTION_DOWN, actionButton=0, id[0]=0, x[0]=330.0, y[0]=2012.0, toolType[0]=TOOL_TYPE_UNKNOWN, buttonState=0, classification=NONE, metaState=0, flags=0x0, edgeFlags=0x0, pointerCount=1, historySize=0, eventTime=32515535, downTime=32515535, deviceId=-1, source=0x1002, displayId=0, eventId=-587040555 }
10-17 01:50:39.472 I/Monkey  ( 2026): :Sending Touch (ACTION_UP): 0:(322.81625,1998.1024)
10-17 01:50:39.473 D/TaplEvents( 1064): TIS / TouchInteractionService.onInputEvent: MotionEvent { action=ACTION_UP, actionButton=0, id[0]=0, x[0]=322.81625, y[0]=1998.1024, toolType[0]=TOOL_TYPE_UNKNOWN, buttonState=0, classification=NONE, metaState=0, flags=0x0, edgeFlags=0x0, pointerCount=1, historySize=0, eventTime=32515536, downTime=32515535, deviceId=-1, source=0x1002, displayId=0, eventId=-858803220 }
10-17 01:50:39.524 I/Monkey  ( 2026): :Sending Touch (ACTION_DOWN): 0:(971.0,2084.0)
10-17 01:50:39.524 D/TaplEvents( 1064): TIS / TouchInteractionService.onInputEvent: MotionEvent { action=ACTION_DOWN, actionButton=0, id[0]=0, x[0]=971.0, y[0]=2084.0, toolType[0]=TOOL_TYPE_UNKNOWN, buttonState=0, classification=NONE, metaState=0, flags=0x0, edgeFlags=0x0, pointerCount=1, historySize=0, eventTime=32515588, downTime=32515587, deviceId=-1, source=0x1002, displayId=0, eventId=-951196956 }
10-17 01:50:39.525 I/Monkey  ( 2026): :Sending Touch (ACTION_UP): 0:(968.4351,2083.6716)
10-17 01:50:39.525 D/TaplEvents( 1064): TIS / TouchInteractionService.onInputEvent: MotionEvent { action=ACTION_UP, actionButton=0, id[0]=0, x[0]=968.4351, y[0]=2083.6716, toolType[0]=TOOL_TYPE_UNKNOWN, buttonState=0, classification=NONE, metaState=0, flags=0x0, edgeFlags=0x0, pointerCount=1, historySize=0, eventTime=32515589, downTime=32515587, deviceId=-1, source=0x1002, displayId=0, eventId=-749031968 }
10-17 01:50:39.577 D/InputDispatcher(  507): Touch mode switch rejected, caller (pid=0, uid=10177) doesn't own the focused window nor none of the previously interacted window
10-17 01:50:39.628 I/Monkey  ( 2026): :Sending Touch (ACTION_DOWN): 0:(892.0,1544.0)
10-17 01:50:39.628 D/TaplEvents( 1064): TIS / TouchInteractionService.onInputEvent: MotionEvent { action=ACTION_DOWN, actionButton=0, id[0]=0, x[0]=892.0, y[0]=1544.0, toolType[0]=TOOL_TYPE_UNKNOWN, buttonState=0, classification=NONE, metaState=0, flags=0x0, edgeFlags=0x0, pointerCount=1, historySize=0, eventTime=32515692, downTime=32515692, deviceId=-1, source=0x1002, displayId=0, eventId=-933418031 }
10-17 01:50:39.629 I/Monkey  ( 2026): :Sending Touch (ACTION_UP): 0:(896.3103,1540.0994)
10-17 01:50:39.630 D/TaplEvents( 1064): TIS / TouchInteractionService.onInputEvent: MotionEvent { action=ACTION_UP, actionButton=0, id[0]=0, x[0]=896.3103, y[0]=1540.0994, toolType[0]=TOOL_TYPE_UNKNOWN, buttonState=0, classification=NONE, metaState=0, flags=0x0, edgeFlags=0x0, pointerCount=1, historySize=0, eventTime=32515693, downTime=32515692, deviceId=-1, source=0x1002, displayId=0, eventId=-923091258 }
10-17 01:50:39.680 I/Monkey  ( 2026): :Sending Touch (ACTION_DOWN): 0:(410.0,1476.0)
10-17 01:50:39.682 D/TaplEvents( 1064): TIS / TouchInteractionService.onInputEvent: MotionEvent { action=ACTION_DOWN, actionButton=0, id[0]=0, x[0]=410.0, y[0]=1476.0, toolType[0]=TOOL_TYPE_UNKNOWN, buttonState=0, classification=NONE, metaState=0, flags=0x0, edgeFlags=0x0, pointerCount=1, historySize=0, eventTime=32515744, downTime=32515744, deviceId=-1, source=0x1002, displayId=0, eventId=-715447235 }
10-17 01:50:39.686 I/Monkey  ( 2026): :Sending Touch (ACTION_UP): 0:(362.53644,1480.8267)
10-17 01:50:39.686 D/TaplEvents( 1064): TIS / TouchInteractionService.onInputEvent: MotionEvent { action=ACTION_UP, actionButton=0, id[0]=0, x[0]=362.53644, y[0]=1480.8267, toolType[0]=TOOL_TYPE_UNKNOWN, buttonState=0, classification=NONE, metaState=0, flags=0x0, edgeFlags=0x0, pointerCount=1, historySize=0, eventTime=32515750, downTime=32515744, deviceId=-1, source=0x1002, displayId=0, eventId=-560101957 }
10-17 01:50:39.799 I/Monkey  ( 2026): :Sending Touch (ACTION_DOWN): 0:(715.0,1876.0)
10-17 01:50:39.801 D/TaplEvents( 1064): TIS / TouchInteractionService.onInputEvent: MotionEvent { action=ACTION_DOWN, actionButton=0, id[0]=0, x[0]=715.0, y[0]=1876.0, toolType[0]=TOOL_TYPE_UNKNOWN, buttonState=0, classification=NONE, metaState=0, flags=0x0, edgeFlags=0x0, pointerCount=1, historySize=0, eventTime=32515863, downTime=32515863, deviceId=-1, source=0x1002, displayId=0, eventId=-420504398 }
10-17 01:50:39.801 I/Monkey  ( 2026): :Sending Touch (ACTION_UP): 0:(695.5293,1868.5198)
10-17 01:50:39.804 D/TaplEvents( 1064): TIS / TouchInteractionService.onInputEvent: MotionEvent { action=ACTION_UP, actionButton=0, id[0]=0, x[0]=695.5293, y[0]=1868.5198, toolType[0]=TOOL_TYPE_UNKNOWN, buttonState=0, classification=NONE, metaState=0, flags=0x0, edgeFlags=0x0, pointerCount=1, historySize=0, eventTime=32515865, downTime=32515863, deviceId=-1, source=0x1002, displayId=0, eventId=-805846153 }
10-17 01:50:39.857 I/Monkey  ( 2026): :Sending Trackball (ACTION_MOVE): 0:(-5.0,-1.0)
10-17 01:50:39.871 I/Monkey  ( 2026): :Sending Touch (ACTION_DOWN): 0:(496.0,423.0)
10-17 01:50:39.872 D/TaplEvents( 1064): TIS / TouchInteractionService.onInputEvent: MotionEvent { action=ACTION_DOWN, actionButton=0, id[0]=0, x[0]=496.0, y[0]=423.0, toolType[0]=TOOL_TYPE_UNKNOWN, buttonState=0, classification=NONE, metaState=0, flags=0x0, edgeFlags=0x0, pointerCount=1, historySize=0, eventTime=32515935, downTime=32515935, deviceId=-1, source=0x1002, displayId=0, eventId=-112639861 }
10-17 01:50:39.873 I/Monkey  ( 2026): :Sending Touch (ACTION_UP): 0:(494.7038,418.23987)
10-17 01:50:39.874 D/TaplEvents( 1064): TIS / TouchInteractionService.onInputEvent: MotionEvent { action=ACTION_UP, actionButton=0, id[0]=0, x[0]=494.7038, y[0]=418.23987, toolType[0]=TOOL_TYPE_UNKNOWN, buttonState=0, classification=NONE, metaState=0, flags=0x0, edgeFlags=0x0, pointerCount=1, historySize=0, eventTime=32515937, downTime=32515935, deviceId=-1, source=0x1002, displayId=0, eventId=-853067791 }
10-17 01:50:39.874 W/InputEventSender( 1755): Received 'finished' signal for unknown seq number = 7
10-17 01:50:39.874 W/InputEventSender( 1755): Received 'finished' signal for unknown seq number = 8
10-17 01:50:39.874 W/InputEventSender( 1755): Received 'finished' signal for unknown seq number = 9
10-17 01:50:39.874 W/InputEventSender( 1755): Received 'finished' signal for unknown seq number = 10
10-17 01:50:39.874 W/InputEventSender( 1755): Received 'finished' signal for unknown seq number = 11
10-17 01:50:39.874 W/InputEventSender( 1755): Received 'finished' signal for unknown seq number = 12
10-17 01:50:39.876 D/InputDispatcher(  507): Touch mode switch rejected, caller (pid=0, uid=10177) doesn't own the focused window nor none of the previously interacted window
10-17 01:50:39.879 I/GoogleInputMethodService( 1511): GoogleInputMethodService.onFinishInput():3227 
10-17 01:50:39.880 I/GoogleInputMethodService( 1511): GoogleInputMethodService.updateDeviceLockedStatus():2087 repeatCheckTimes = 0, unlocked = true
10-17 01:50:39.881 I/GoogleInputMethodService( 1511): GoogleInputMethodService.onStartInput():1877 onStartInput(EditorInfo{inputType=0x0(NULL) imeOptions=0x0 privateImeOptions=null actionName=UNSPECIFIED actionLabel=null actionId=0 initialSelStart=-1 initialSelEnd=-1 initialCapsMode=0x0 hintText=null label=null packageName=org.telegram.messenger fieldId=-1 fieldName=null extras=null}, false)
10-17 01:50:39.881 I/GoogleInputMethodService( 1511): GoogleInputMethodService.shouldHideHeaderOnInitialState():4008 ShouldHideHeaderOnInitialState = false
10-17 01:50:39.881 I/GoogleInputMethodService( 1511): GoogleInputMethodService.updateDeviceLockedStatus():2087 repeatCheckTimes = 2, unlocked = true
10-17 01:50:39.890 W/InputEventSender( 1755): Received 'finished' signal for unknown seq number = 20
10-17 01:50:39.890 W/InputEventSender( 1755): Received 'finished' signal for unknown seq number = 21
10-17 01:50:39.924 I/Monkey  ( 2026): :Sending Touch (ACTION_DOWN): 0:(622.0,689.0)
10-17 01:50:39.927 D/TaplEvents( 1064): TIS / TouchInteractionService.onInputEvent: MotionEvent { action=ACTION_DOWN, actionButton=0, id[0]=0, x[0]=622.0, y[0]=689.0, toolType[0]=TOOL_TYPE_UNKNOWN, buttonState=0, classification=NONE, metaState=0, flags=0x0, edgeFlags=0x0, pointerCount=1, historySize=0, eventTime=32515988, downTime=32515988, deviceId=-1, source=0x1002, displayId=0, eventId=-842722817 }
10-17 01:50:39.927 I/Monkey  ( 2026): :Sending Touch (ACTION_UP): 0:(605.00867,689.8605)
10-17 01:50:39.929 I/GoogleInputMethodService( 1511): GoogleInputMethodService.onFinishInput():3227 
10-17 01:50:39.929 D/TaplEvents( 1064): TIS / TouchInteractionService.onInputEvent: MotionEvent { action=ACTION_UP, actionButton=0, id[0]=0, x[0]=605.00867, y[0]=689.8605, toolType[0]=TOOL_TYPE_UNKNOWN, buttonState=0, classification=NONE, metaState=0, flags=0x0, edgeFlags=0x0, pointerCount=1, historySize=0, eventTime=32515991, downTime=32515988, deviceId=-1, source=0x1002, displayId=0, eventId=-421560139 }
10-17 01:50:39.929 I/GoogleInputMethodService( 1511): GoogleInputMethodService.updateDeviceLockedStatus():2087 repeatCheckTimes = 0, unlocked = true
10-17 01:50:39.929 I/GoogleInputMethodService( 1511): GoogleInputMethodService.onStartInput():1877 onStartInput(EditorInfo{inputType=0x0(NULL) imeOptions=0x0 privateImeOptions=null actionName=UNSPECIFIED actionLabel=null actionId=0 initialSelStart=-1 initialSelEnd=-1 initialCapsMode=0x0 hintText=null label=null packageName=org.telegram.messenger fieldId=-1 fieldName=null extras=null}, false)
10-17 01:50:39.929 I/GoogleInputMethodService( 1511): GoogleInputMethodService.shouldHideHeaderOnInitialState():4008 ShouldHideHeaderOnInitialState = false
10-17 01:50:39.930 I/GoogleInputMethodService( 1511): GoogleInputMethodService.updateDeviceLockedStatus():2087 repeatCheckTimes = 2, unlocked = true
10-17 01:50:39.981 I/Monkey  ( 2026): :Sending Touch (ACTION_DOWN): 0:(844.0,1665.0)
10-17 01:50:39.983 D/TaplEvents( 1064): TIS / TouchInteractionService.onInputEvent: MotionEvent { action=ACTION_DOWN, actionButton=0, id[0]=0, x[0]=844.0, y[0]=1665.0, toolType[0]=TOOL_TYPE_UNKNOWN, buttonState=0, classification=NONE, metaState=0, flags=0x0, edgeFlags=0x0, pointerCount=1, historySize=0, eventTime=32516044, downTime=32516044, deviceId=-1, source=0x1002, displayId=0, eventId=-506480865 }
10-17 01:50:39.983 I/Monkey  ( 2026): :Sending Touch (ACTION_UP): 0:(847.89777,1667.4619)
10-17 01:50:39.984 D/TaplEvents( 1064): TIS / TouchInteractionService.onInputEvent: MotionEvent { action=ACTION_UP, actionButton=0, id[0]=0, x[0]=847.89777, y[0]=1667.4619, toolType[0]=TOOL_TYPE_UNKNOWN, buttonState=0, classification=NONE, metaState=0, flags=0x0, edgeFlags=0x0, pointerCount=1, historySize=0, eventTime=32516047, downTime=32516044, deviceId=-1, source=0x1002, displayId=0, eventId=-719356265 }
10-17 01:50:40.036 I/Monkey  ( 2026): :Sending Touch (ACTION_DOWN): 0:(498.0,1914.0)
10-17 01:50:40.038 I/Monkey  ( 2026): :Sending Touch (ACTION_UP): 0:(489.6761,1910.7539)
10-17 01:50:40.040 D/TaplEvents( 1064): TIS / TouchInteractionService.onInputEvent: MotionEvent { action=ACTION_DOWN, actionButton=0, id[0]=0, x[0]=498.0, y[0]=1914.0, toolType[0]=TOOL_TYPE_UNKNOWN, buttonState=0, classification=NONE, metaState=0, flags=0x0, edgeFlags=0x0, pointerCount=1, historySize=0, eventTime=32516099, downTime=32516099, deviceId=-1, source=0x1002, displayId=0, eventId=-476929205 }
10-17 01:50:40.040 D/TaplEvents( 1064): TIS / TouchInteractionService.onInputEvent: MotionEvent { action=ACTION_UP, actionButton=0, id[0]=0, x[0]=489.6761, y[0]=1910.7539, toolType[0]=TOOL_TYPE_UNKNOWN, buttonState=0, classification=NONE, metaState=0, flags=0x0, edgeFlags=0x0, pointerCount=1, historySize=0, eventTime=32516102, downTime=32516099, deviceId=-1, source=0x1002, displayId=0, eventId=-1032532824 }
10-17 01:50:40.092 I/Monkey  ( 2026): :Sending Touch (ACTION_DOWN): 0:(876.0,168.0)
10-17 01:50:40.095 D/TaplEvents( 1064): TIS / TouchInteractionService.onInputEvent: MotionEvent { action=ACTION_DOWN, actionButton=0, id[0]=0, x[0]=876.0, y[0]=168.0, toolType[0]=TOOL_TYPE_UNKNOWN, buttonState=0, classification=NONE, metaState=0, flags=0x0, edgeFlags=0x0, pointerCount=1, historySize=0, eventTime=32516155, downTime=32516155, deviceId=-1, source=0x1002, displayId=0, eventId=-213822390 }
10-17 01:50:40.096 I/Monkey  ( 2026): :Sending Touch (ACTION_UP): 0:(877.12885,171.09186)
10-17 01:50:40.099 D/TaplEvents( 1064): TIS / TouchInteractionService.onInputEvent: MotionEvent { action=ACTION_UP, actionButton=0, id[0]=0, x[0]=877.12885, y[0]=171.09186, toolType[0]=TOOL_TYPE_UNKNOWN, buttonState=0, classification=NONE, metaState=0, flags=0x0, edgeFlags=0x0, pointerCount=1, historySize=0, eventTime=32516159, downTime=32516155, deviceId=-1, source=0x1002, displayId=0, eventId=-595261740 }
10-17 01:50:40.150 I/Monkey  ( 2026): :Sending Touch (ACTION_DOWN): 0:(304.0,428.0)
10-17 01:50:40.151 I/Monkey  ( 2026): :Sending Touch (ACTION_UP): 0:(303.81137,427.9531)
10-17 01:50:40.151 D/TaplEvents( 1064): TIS / TouchInteractionService.onInputEvent: MotionEvent { action=ACTION_DOWN, actionButton=0, id[0]=0, x[0]=304.0, y[0]=428.0, toolType[0]=TOOL_TYPE_UNKNOWN, buttonState=0, classification=NONE, metaState=0, flags=0x0, edgeFlags=0x0, pointerCount=1, historySize=0, eventTime=32516214, downTime=32516214, deviceId=-1, source=0x1002, displayId=0, eventId=-664834656 }
10-17 01:50:40.151 D/TaplEvents( 1064): TIS / TouchInteractionService.onInputEvent: MotionEvent { action=ACTION_UP, actionButton=0, id[0]=0, x[0]=303.81137, y[0]=427.9531, toolType[0]=TOOL_TYPE_UNKNOWN, buttonState=0, classification=NONE, metaState=0, flags=0x0, edgeFlags=0x0, pointerCount=1, historySize=0, eventTime=32516214, downTime=32516214, deviceId=-1, source=0x1002, displayId=0, eventId=-1007404118 }
10-17 01:50:40.186 D/EGL_emulation( 1755): app_time_stats: avg=41.11ms min=0.97ms max=243.95ms count=24
10-17 01:50:40.201 I/Monkey  ( 2026): :Sending Trackball (ACTION_MOVE): 0:(3.0,-2.0)
10-17 01:50:40.205 I/Monkey  ( 2026): :Sending Touch (ACTION_DOWN): 0:(630.0,1422.0)
10-17 01:50:40.205 I/Monkey  ( 2026): :Sending Touch (ACTION_UP): 0:(626.927,1425.7583)
10-17 01:50:40.205 D/TaplEvents( 1064): TIS / TouchInteractionService.onInputEvent: MotionEvent { action=ACTION_DOWN, actionButton=0, id[0]=0, x[0]=630.0, y[0]=1422.0, toolType[0]=TOOL_TYPE_UNKNOWN, buttonState=0, classification=NONE, metaState=0, flags=0x0, edgeFlags=0x0, pointerCount=1, historySize=0, eventTime=32516269, downTime=32516269, deviceId=-1, source=0x1002, displayId=0, eventId=-819883032 }
10-17 01:50:40.205 D/TaplEvents( 1064): TIS / TouchInteractionService.onInputEvent: MotionEvent { action=ACTION_UP, actionButton=0, id[0]=0, x[0]=626.927, y[0]=1425.7583, toolType[0]=TOOL_TYPE_UNKNOWN, buttonState=0, classification=NONE, metaState=0, flags=0x0, edgeFlags=0x0, pointerCount=1, historySize=0, eventTime=32516269, downTime=32516269, deviceId=-1, source=0x1002, displayId=0, eventId=-414702742 }
10-17 01:50:40.206 D/InputDispatcher(  507): Touch mode switch rejected, caller (pid=0, uid=10177) doesn't own the focused window nor none of the previously interacted window
10-17 01:50:40.224 W/InputEventSender( 1755): Received 'finished' signal for unknown seq number = 39
10-17 01:50:40.224 W/InputEventSender( 1755): Received 'finished' signal for unknown seq number = 40
10-17 01:50:40.224 W/InputEventSender( 1755): Received 'finished' signal for unknown seq number = 41
10-17 01:50:40.224 W/InputEventSender( 1755): Received 'finished' signal for unknown seq number = 42
10-17 01:50:40.224 W/InputEventSender( 1755): Received 'finished' signal for unknown seq number = 43
10-17 01:50:40.224 W/InputEventSender( 1755): Received 'finished' signal for unknown seq number = 44
10-17 01:50:40.224 W/InputEventSender( 1755): Received 'finished' signal for unknown seq number = 45
10-17 01:50:40.224 W/InputEventSender( 1755): Received 'finished' signal for unknown seq number = 46
10-17 01:50:40.245 I/GoogleInputMethodService( 1511): GoogleInputMethodService.onFinishInput():3227 
10-17 01:50:40.245 I/GoogleInputMethodService( 1511): GoogleInputMethodService.updateDeviceLockedStatus():2087 repeatCheckTimes = 0, unlocked = true
10-17 01:50:40.245 I/GoogleInputMethodService( 1511): GoogleInputMethodService.onStartInput():1877 onStartInput(EditorInfo{inputType=0x0(NULL) imeOptions=0x0 privateImeOptions=null actionName=UNSPECIFIED actionLabel=null actionId=0 initialSelStart=-1 initialSelEnd=-1 initialCapsMode=0x0 hintText=null label=null packageName=org.telegram.messenger fieldId=-1 fieldName=null extras=null}, false)
10-17 01:50:40.245 I/GoogleInputMethodService( 1511): GoogleInputMethodService.shouldHideHeaderOnInitialState():4008 ShouldHideHeaderOnInitialState = false
10-17 01:50:40.245 I/GoogleInputMethodService( 1511): GoogleInputMethodService.updateDeviceLockedStatus():2087 repeatCheckTimes = 2, unlocked = true
10-17 01:50:40.256 I/Monkey  ( 2026): :Sending Touch (ACTION_DOWN): 0:(225.0,1673.0)
10-17 01:50:40.256 I/Monkey  ( 2026): :Sending Touch (ACTION_UP): 0:(221.19914,1668.5947)
10-17 01:50:40.257 D/TaplEvents( 1064): TIS / TouchInteractionService.onInputEvent: MotionEvent { action=ACTION_DOWN, actionButton=0, id[0]=0, x[0]=225.0, y[0]=1673.0, toolType[0]=TOOL_TYPE_UNKNOWN, buttonState=0, classification=NONE, metaState=0, flags=0x0, edgeFlags=0x0, pointerCount=1, historySize=0, eventTime=32516320, downTime=32516320, deviceId=-1, source=0x1002, displayId=0, eventId=-1053095605 }
10-17 01:50:40.257 D/TaplEvents( 1064): TIS / TouchInteractionService.onInputEvent: MotionEvent { action=ACTION_UP, actionButton=0, id[0]=0, x[0]=221.19914, y[0]=1668.5947, toolType[0]=TOOL_TYPE_UNKNOWN, buttonState=0, classification=NONE, metaState=0, flags=0x0, edgeFlags=0x0, pointerCount=1, historySize=0, eventTime=32516320, downTime=32516320, deviceId=-1, source=0x1002, displayId=0, eventId=-909268219 }
10-17 01:50:40.278 I/GoogleInputMethodService( 1511): GoogleInputMethodService.onFinishInput():3227 
10-17 01:50:40.279 I/GoogleInputMethodService( 1511): GoogleInputMethodService.updateDeviceLockedStatus():2087 repeatCheckTimes = 0, unlocked = true
10-17 01:50:40.279 I/GoogleInputMethodService( 1511): GoogleInputMethodService.onStartInput():1877 onStartInput(EditorInfo{inputType=0x0(NULL) imeOptions=0x0 privateImeOptions=null actionName=UNSPECIFIED actionLabel=null actionId=0 initialSelStart=-1 initialSelEnd=-1 initialCapsMode=0x0 hintText=null label=null packageName=org.telegram.messenger fieldId=-1 fieldName=null extras=null}, false)
10-17 01:50:40.279 I/GoogleInputMethodService( 1511): GoogleInputMethodService.shouldHideHeaderOnInitialState():4008 ShouldHideHeaderOnInitialState = false
10-17 01:50:40.279 I/GoogleInputMethodService( 1511): GoogleInputMethodService.updateDeviceLockedStatus():2087 repeatCheckTimes = 2, unlocked = true
10-17 01:50:40.307 I/Monkey  ( 2026): :Sending Touch (ACTION_DOWN): 0:(632.0,50.0)
10-17 01:50:40.308 D/TaplEvents( 1064): TIS / TouchInteractionService.onInputEvent: MotionEvent { action=ACTION_DOWN, actionButton=0, id[0]=0, x[0]=632.0, y[0]=50.0, toolType[0]=TOOL_TYPE_UNKNOWN, buttonState=0, classification=NONE, metaState=0, flags=0x0, edgeFlags=0x0, pointerCount=1, historySize=0, eventTime=32516371, downTime=32516371, deviceId=-1, source=0x1002, displayId=0, eventId=-540822797 }
10-17 01:50:40.308 I/Monkey  ( 2026): :Sending Touch (ACTION_UP): 0:(626.7896,71.62277)
10-17 01:50:40.308 D/TaplEvents( 1064): TIS / TouchInteractionService.onInputEvent: MotionEvent { action=ACTION_UP, actionButton=0, id[0]=0, x[0]=626.7896, y[0]=71.62277, toolType[0]=TOOL_TYPE_UNKNOWN, buttonState=0, classification=NONE, metaState=0, flags=0x0, edgeFlags=0x0, pointerCount=1, historySize=0, eventTime=32516372, downTime=32516371, deviceId=-1, source=0x1002, displayId=0, eventId=-608882429 }
10-17 01:50:40.358 I/Monkey  ( 2026): :Sending Touch (ACTION_DOWN): 0:(291.0,158.0)
10-17 01:50:40.359 D/TaplEvents( 1064): TIS / TouchInteractionService.onInputEvent: MotionEvent { action=ACTION_DOWN, actionButton=0, id[0]=0, x[0]=291.0, y[0]=158.0, toolType[0]=TOOL_TYPE_UNKNOWN, buttonState=0, classification=NONE, metaState=0, flags=0x0, edgeFlags=0x0, pointerCount=1, historySize=0, eventTime=32516422, downTime=32516422, deviceId=-1, source=0x1002, displayId=0, eventId=-754337767 }
10-17 01:50:40.359 I/Monkey  ( 2026): :Sending Touch (ACTION_UP): 0:(284.91354,162.57947)
10-17 01:50:40.359 D/TaplEvents( 1064): TIS / TouchInteractionService.onInputEvent: MotionEvent { action=ACTION_UP, actionButton=0, id[0]=0, x[0]=284.91354, y[0]=162.57947, toolType[0]=TOOL_TYPE_UNKNOWN, buttonState=0, classification=NONE, metaState=0, flags=0x0, edgeFlags=0x0, pointerCount=1, historySize=0, eventTime=32516423, downTime=32516422, deviceId=-1, source=0x1002, displayId=0, eventId=-873984029 }
10-17 01:50:40.462 I/Monkey  ( 2026): :Sending Touch (ACTION_DOWN): 0:(995.0,1633.0)
10-17 01:50:40.462 D/TaplEvents( 1064): TIS / TouchInteractionService.onInputEvent: MotionEvent { action=ACTION_DOWN, actionButton=0, id[0]=0, x[0]=995.0, y[0]=1633.0, toolType[0]=TOOL_TYPE_UNKNOWN, buttonState=0, classification=NONE, metaState=0, flags=0x0, edgeFlags=0x0, pointerCount=1, historySize=0, eventTime=32516525, downTime=32516525, deviceId=-1, source=0x1002, displayId=0, eventId=-863109372 }
10-17 01:50:40.462 I/Monkey  ( 2026): :Sending Touch (ACTION_UP): 0:(1000.3398,1633.8596)
10-17 01:50:40.463 D/TaplEvents( 1064): TIS / TouchInteractionService.onInputEvent: MotionEvent { action=ACTION_UP, actionButton=0, id[0]=0, x[0]=1000.3398, y[0]=1633.8596, toolType[0]=TOOL_TYPE_UNKNOWN, buttonState=0, classification=NONE, metaState=0, flags=0x0, edgeFlags=0x0, pointerCount=1, historySize=0, eventTime=32516526, downTime=32516525, deviceId=-1, source=0x1002, displayId=0, eventId=-359795640 }
10-17 01:50:40.513 I/Monkey  ( 2026): :Sending Touch (ACTION_DOWN): 0:(855.0,1206.0)
10-17 01:50:40.514 D/TaplEvents( 1064): TIS / TouchInteractionService.onInputEvent: MotionEvent { action=ACTION_DOWN, actionButton=0, id[0]=0, x[0]=855.0, y[0]=1206.0, toolType[0]=TOOL_TYPE_UNKNOWN, buttonState=0, classification=NONE, metaState=0, flags=0x0, edgeFlags=0x0, pointerCount=1, historySize=0, eventTime=32516577, downTime=32516577, deviceId=-1, source=0x1002, displayId=0, eventId=-848512333 }
10-17 01:50:40.514 I/Monkey  ( 2026): :Sending Touch (ACTION_UP): 0:(859.4981,1204.3137)
10-17 01:50:40.514 D/TaplEvents( 1064): TIS / TouchInteractionService.onInputEvent: MotionEvent { action=ACTION_UP, actionButton=0, id[0]=0, x[0]=859.4981, y[0]=1204.3137, toolType[0]=TOOL_TYPE_UNKNOWN, buttonState=0, classification=NONE, metaState=0, flags=0x0, edgeFlags=0x0, pointerCount=1, historySize=0, eventTime=32516578, downTime=32516577, deviceId=-1, source=0x1002, displayId=0, eventId=-596476941 }
10-17 01:50:40.565 I/Monkey  ( 2026): :Sending Touch (ACTION_DOWN): 0:(951.0,1947.0)
10-17 01:50:40.565 D/TaplEvents( 1064): TIS / TouchInteractionService.onInputEvent: MotionEvent { action=ACTION_DOWN, actionButton=0, id[0]=0, x[0]=951.0, y[0]=1947.0, toolType[0]=TOOL_TYPE_UNKNOWN, buttonState=0, classification=NONE, metaState=0, flags=0x0, edgeFlags=0x0, pointerCount=1, historySize=0, eventTime=32516629, downTime=32516629, deviceId=-1, source=0x1002, displayId=0, eventId=-1061846605 }
10-17 01:50:40.565 I/Monkey  ( 2026): :Sending Touch (ACTION_UP): 0:(947.2876,1952.6483)
10-17 01:50:40.566 D/TaplEvents( 1064): TIS / TouchInteractionService.onInputEvent: MotionEvent { action=ACTION_UP, actionButton=0, id[0]=0, x[0]=947.2876, y[0]=1952.6483, toolType[0]=TOOL_TYPE_UNKNOWN, buttonState=0, classification=NONE, metaState=0, flags=0x0, edgeFlags=0x0, pointerCount=1, historySize=0, eventTime=32516629, downTime=32516629, deviceId=-1, source=0x1002, displayId=0, eventId=-580213565 }
10-17 01:50:40.618 D/InputDispatcher(  507): Touch mode switch rejected, caller (pid=0, uid=10177) doesn't own the focused window nor none of the previously interacted window
10-17 01:50:40.626 I/GoogleInputMethodService( 1511): GoogleInputMethodService.onFinishInput():3227 
10-17 01:50:40.626 I/GoogleInputMethodService( 1511): GoogleInputMethodService.updateDeviceLockedStatus():2087 repeatCheckTimes = 0, unlocked = true
10-17 01:50:40.626 I/GoogleInputMethodService( 1511): GoogleInputMethodService.onStartInput():1877 onStartInput(EditorInfo{inputType=0x0(NULL) imeOptions=0x0 privateImeOptions=null actionName=UNSPECIFIED actionLabel=null actionId=0 initialSelStart=-1 initialSelEnd=-1 initialCapsMode=0x0 hintText=null label=null packageName=org.telegram.messenger fieldId=-1 fieldName=null extras=null}, false)
10-17 01:50:40.626 I/GoogleInputMethodService( 1511): GoogleInputMethodService.shouldHideHeaderOnInitialState():4008 ShouldHideHeaderOnInitialState = false
10-17 01:50:40.626 I/GoogleInputMethodService( 1511): GoogleInputMethodService.updateDeviceLockedStatus():2087 repeatCheckTimes = 2, unlocked = true
10-17 01:50:40.669 I/Monkey  ( 2026): :Sending Touch (ACTION_DOWN): 0:(1076.0,1956.0)
10-17 01:50:40.670 D/TaplEvents( 1064): TIS / TouchInteractionService.onInputEvent: MotionEvent { action=ACTION_DOWN, actionButton=0, id[0]=0, x[0]=1076.0, y[0]=1956.0, toolType[0]=TOOL_TYPE_UNKNOWN, buttonState=0, classification=NONE, metaState=0, flags=0x0, edgeFlags=0x0, pointerCount=1, historySize=0, eventTime=32516733, downTime=32516733, deviceId=-1, source=0x1002, displayId=0, eventId=-618915254 }
10-17 01:50:40.670 I/Monkey  ( 2026): :Sending Touch (ACTION_UP): 0:(1080.0,1955.3019)
10-17 01:50:40.670 D/TaplEvents( 1064): TIS / TouchInteractionService.onInputEvent: MotionEvent { action=ACTION_UP, actionButton=0, id[0]=0, x[0]=1080.0, y[0]=1955.3019, toolType[0]=TOOL_TYPE_UNKNOWN, buttonState=0, classification=NONE, metaState=0, flags=0x0, edgeFlags=0x0, pointerCount=1, historySize=0, eventTime=32516734, downTime=32516733, deviceId=-1, source=0x1002, displayId=0, eventId=-884258517 }
10-17 01:50:40.671 D/ShellBackPreview(  709): Finishing gesture with event action: 1
10-17 01:50:40.671 D/ShellBackPreview(  709): onGestureFinished() mTriggerBack == false
10-17 01:50:40.671 D/ShellBackPreview(  709): BackAnimationController: finishAnimation()
10-17 01:50:40.671 I/BpBinder(  337): onLastStrongRef automatically unlinking death recipients: <uncached descriptor>
10-17 01:50:40.674 I/GoogleInputMethodService( 1511): GoogleInputMethodService.onFinishInput():3227 
10-17 01:50:40.675 I/GoogleInputMethodService( 1511): GoogleInputMethodService.updateDeviceLockedStatus():2087 repeatCheckTimes = 0, unlocked = true
10-17 01:50:40.675 I/GoogleInputMethodService( 1511): GoogleInputMethodService.onStartInput():1877 onStartInput(EditorInfo{inputType=0x0(NULL) imeOptions=0x0 privateImeOptions=null actionName=UNSPECIFIED actionLabel=null actionId=0 initialSelStart=-1 initialSelEnd=-1 initialCapsMode=0x0 hintText=null label=null packageName=org.telegram.messenger fieldId=-1 fieldName=null extras=null}, false)
10-17 01:50:40.675 I/GoogleInputMethodService( 1511): GoogleInputMethodService.shouldHideHeaderOnInitialState():4008 ShouldHideHeaderOnInitialState = false
10-17 01:50:40.675 I/GoogleInputMethodService( 1511): GoogleInputMethodService.updateDeviceLockedStatus():2087 repeatCheckTimes = 2, unlocked = true
10-17 01:50:40.722 I/Monkey  ( 2026): :Sending Touch (ACTION_DOWN): 0:(561.0,1758.0)
10-17 01:50:40.723 D/TaplEvents( 1064): TIS / TouchInteractionService.onInputEvent: MotionEvent { action=ACTION_DOWN, actionButton=0, id[0]=0, x[0]=561.0, y[0]=1758.0, toolType[0]=TOOL_TYPE_UNKNOWN, buttonState=0, classification=NONE, metaState=0, flags=0x0, edgeFlags=0x0, pointerCount=1, historySize=0, eventTime=32516786, downTime=32516786, deviceId=-1, source=0x1002, displayId=0, eventId=-896319284 }
10-17 01:50:40.726 I/Monkey  ( 2026): :Sending Touch (ACTION_UP): 0:(538.9948,1795.2367)
10-17 01:50:40.726 D/TaplEvents( 1064): TIS / TouchInteractionService.onInputEvent: MotionEvent { action=ACTION_UP, actionButton=0, id[0]=0, x[0]=538.9948, y[0]=1795.2367, toolType[0]=TOOL_TYPE_UNKNOWN, buttonState=0, classification=NONE, metaState=0, flags=0x0, edgeFlags=0x0, pointerCount=1, historySize=0, eventTime=32516790, downTime=32516786, deviceId=-1, source=0x1002, displayId=0, eventId=-213673897 }
