10-17 01:50:40.778 D/InputDispatcher(  507): Touch mode switch rejected, caller (pid=0, uid=10177) doesn't own the focused window nor none of the previously interacted window
10-17 01:50:40.790 I/GoogleInputMethodService( 1511): GoogleInputMethodService.onFinishInput():3227 
10-17 01:50:40.790 I/GoogleInputMethodService( 1511): GoogleInputMethodService.updateDeviceLockedStatus():2087 repeatCheckTimes = 0, unlocked = true
10-17 01:50:40.790 I/GoogleInputMethodService( 1511): GoogleInputMethodService.onStartInput():1877 onStartInput(EditorInfo{inputType=0x0(NULL) imeOptions=0x0 privateImeOptions=null actionName=UNSPECIFIED actionLabel=null actionId=0 initialSelStart=-1 initialSelEnd=-1 initialCapsMode=0x0 hintText=null label=null packageName=org.telegram.messenger fieldId=-1 fieldName=null extras=null}, false)
10-17 01:50:40.790 I/GoogleInputMethodService( 1511): GoogleInputMethodService.shouldHideHeaderOnInitialState():4008 ShouldHideHeaderOnInitialState = false
10-17 01:50:40.791 I/GoogleInputMethodService( 1511): GoogleInputMethodService.updateDeviceLockedStatus():2087 repeatCheckTimes = 2, unlocked = true
10-17 01:50:40.826 D/BtGatt.ScanManager(30635): uid 10116 isForeground true scanMode -1
10-17 01:50:40.829 I/Monkey  ( 2026): :Sending Touch (ACTION_DOWN): 0:(628.0,1114.0)
10-17 01:50:40.830 D/TaplEvents( 1064): TIS / TouchInteractionService.onInputEvent: MotionEvent { action=ACTION_DOWN, actionButton=0, id[0]=0, x[0]=628.0, y[0]=1114.0, toolType[0]=TOOL_TYPE_UNKNOWN, buttonState=0, classification=NONE, metaState=0, flags=0x0, edgeFlags=0x0, pointerCount=1, historySize=0, eventTime=32516893, downTime=32516893, deviceId=-1, source=0x1002, displayId=0, eventId=-284972819 }
10-17 01:50:40.830 I/Monkey  ( 2026): :Sending Touch (ACTION_UP): 0:(638.5317,1113.929)
10-17 01:50:40.830 D/TaplEvents( 1064): TIS / TouchInteractionService.onInputEvent: MotionEvent { action=ACTION_UP, actionButton=0, id[0]=0, x[0]=638.5317, y[0]=1113.929, toolType[0]=TOOL_TYPE_UNKNOWN, buttonState=0, classification=NONE, metaState=0, flags=0x0, edgeFlags=0x0, pointerCount=1, historySize=0, eventTime=32516894, downTime=32516893, deviceId=-1, source=0x1002, displayId=0, eventId=-708483752 }
10-17 01:50:40.841 I/GoogleInputMethodService( 1511): GoogleInputMethodService.onFinishInput():3227 
10-17 01:50:40.841 I/GoogleInputMethodService( 1511): GoogleInputMethodService.updateDeviceLockedStatus():2087 repeatCheckTimes = 0, unlocked = true
10-17 01:50:40.841 I/GoogleInputMethodService( 1511): GoogleInputMethodService.onStartInput():1877 onStartInput(EditorInfo{inputType=0x0(NULL) imeOptions=0x0 privateImeOptions=null actionName=UNSPECIFIED actionLabel=null actionId=0 initialSelStart=-1 initialSelEnd=-1 initialCapsMode=0x0 hintText=null label=null packageName=org.telegram.messenger fieldId=-1 fieldName=null extras=null}, false)
10-17 01:50:40.841 I/GoogleInputMethodService( 1511): GoogleInputMethodService.shouldHideHeaderOnInitialState():4008 ShouldHideHeaderOnInitialState = false
10-17 01:50:40.841 I/GoogleInputMethodService( 1511): GoogleInputMethodService.updateDeviceLockedStatus():2087 repeatCheckTimes = 2, unlocked = true
10-17 01:50:40.881 I/Monkey  ( 2026): :Sending Touch (ACTION_DOWN): 0:(434.0,480.0)
10-17 01:50:40.881 D/TaplEvents( 1064): TIS / TouchInteractionService.onInputEvent: MotionEvent { action=ACTION_DOWN, actionButton=0, id[0]=0, x[0]=434.0, y[0]=480.0, toolType[0]=TOOL_TYPE_UNKNOWN, buttonState=0, classification=NONE, metaState=0, flags=0x0, edgeFlags=0x0, pointerCount=1, historySize=0, eventTime=32516944, downTime=32516944, deviceId=-1, source=0x1002, displayId=0, eventId=-1028066718 }
10-17 01:50:40.882 I/Monkey  ( 2026): :Sending Touch (ACTION_UP): 0:(431.32407,477.76498)
10-17 01:50:40.882 D/TaplEvents( 1064): TIS / TouchInteractionService.onInputEvent: MotionEvent { action=ACTION_UP, actionButton=0, id[0]=0, x[0]=431.32407, y[0]=477.76498, toolType[0]=TOOL_TYPE_UNKNOWN, buttonState=0, classification=NONE, metaState=0, flags=0x0, edgeFlags=0x0, pointerCount=1, historySize=0, eventTime=32516945, downTime=32516944, deviceId=-1, source=0x1002, displayId=0, eventId=-511192760 }
10-17 01:50:40.935 D/InputDispatcher(  507): Touch mode switch rejected, caller (pid=0, uid=10177) doesn't own the focused window nor none of the previously interacted window
10-17 01:50:40.938 I/Monkey  ( 2026):     //[calendar_time:2025-10-17 01:50:40.935  system_uptime:32517002]
10-17 01:50:40.938 I/Monkey  ( 2026):     // Sending event #100
10-17 01:50:40.941 I/GoogleInputMethodService( 1511): GoogleInputMethodService.onFinishInput():3227 
10-17 01:50:40.942 I/GoogleInputMethodService( 1511): GoogleInputMethodService.updateDeviceLockedStatus():2087 repeatCheckTimes = 0, unlocked = true
10-17 01:50:40.942 I/GoogleInputMethodService( 1511): GoogleInputMethodService.onStartInput():1877 onStartInput(EditorInfo{inputType=0x0(NULL) imeOptions=0x0 privateImeOptions=null actionName=UNSPECIFIED actionLabel=null actionId=0 initialSelStart=-1 initialSelEnd=-1 initialCapsMode=0x0 hintText=null label=null packageName=org.telegram.messenger fieldId=-1 fieldName=null extras=null}, false)
10-17 01:50:40.942 I/GoogleInputMethodService( 1511): GoogleInputMethodService.shouldHideHeaderOnInitialState():4008 ShouldHideHeaderOnInitialState = false
10-17 01:50:40.942 I/GoogleInputMethodService( 1511): GoogleInputMethodService.updateDeviceLockedStatus():2087 repeatCheckTimes = 2, unlocked = true
10-17 01:50:40.989 I/Monkey  ( 2026):     //[calendar_time:2025-10-17 01:50:40.988  system_uptime:32517053]
10-17 01:50:40.989 I/Monkey  ( 2026):     // Sending event #100
10-17 01:50:41.041 I/Monkey  ( 2026): :Sending Touch (ACTION_DOWN): 0:(197.0,1946.0)
10-17 01:50:41.042 D/TaplEvents( 1064): TIS / TouchInteractionService.onInputEvent: MotionEvent { action=ACTION_DOWN, actionButton=0, id[0]=0, x[0]=197.0, y[0]=1946.0, toolType[0]=TOOL_TYPE_UNKNOWN, buttonState=0, classification=NONE, metaState=0, flags=0x0, edgeFlags=0x0, pointerCount=1, historySize=0, eventTime=32517105, downTime=32517105, deviceId=-1, source=0x1002, displayId=0, eventId=-578811286 }
10-17 01:50:41.042 I/Monkey  ( 2026): :Sending Touch (ACTION_UP): 0:(182.50684,1950.6459)
10-17 01:50:41.043 D/TaplEvents( 1064): TIS / TouchInteractionService.onInputEvent: MotionEvent { action=ACTION_UP, actionButton=0, id[0]=0, x[0]=182.50684, y[0]=1950.6459, toolType[0]=TOOL_TYPE_UNKNOWN, buttonState=0, classification=NONE, metaState=0, flags=0x0, edgeFlags=0x0, pointerCount=1, historySize=0, eventTime=32517106, downTime=32517105, deviceId=-1, source=0x1002, displayId=0, eventId=-930755155 }
10-17 01:50:41.062 D/CompatibilityChangeReporter( 1755): Compat change id reported: 163400105; UID 10177; state: ENABLED
10-17 01:50:41.062 I/GoogleInputMethodService( 1511): GoogleInputMethodService.onFinishInput():3227 
10-17 01:50:41.062 I/GoogleInputMethodService( 1511): GoogleInputMethodService.updateDeviceLockedStatus():2087 repeatCheckTimes = 0, unlocked = true
10-17 01:50:41.062 I/GoogleInputMethodService( 1511): GoogleInputMethodService.onStartInput():1877 onStartInput(EditorInfo{inputType=0xc000(Unknown) imeOptions=0x8000005 privateImeOptions=null actionName=NEXT actionLabel=null actionId=0 initialSelStart=3 initialSelEnd=3 initialCapsMode=0x0 hintText=non-empty label=null packageName=org.telegram.messenger fieldId=-1 fieldName=null extras=null}, false)
10-17 01:50:41.062 I/GoogleInputMethodService( 1511): GoogleInputMethodService.shouldHideHeaderOnInitialState():4008 ShouldHideHeaderOnInitialState = false
10-17 01:50:41.063 I/GoogleInputMethodService( 1511): GoogleInputMethodService.updateDeviceLockedStatus():2087 repeatCheckTimes = 2, unlocked = true
10-17 01:50:41.094 I/Monkey  ( 2026): :Sending Touch (ACTION_DOWN): 0:(1019.0,1143.0)
10-17 01:50:41.094 I/Monkey  ( 2026): :Sending Touch (ACTION_UP): 0:(1013.129,1141.0631)
10-17 01:50:41.095 D/TaplEvents( 1064): TIS / TouchInteractionService.onInputEvent: MotionEvent { action=ACTION_DOWN, actionButton=0, id[0]=0, x[0]=1019.0, y[0]=1143.0, toolType[0]=TOOL_TYPE_UNKNOWN, buttonState=0, classification=NONE, metaState=0, flags=0x0, edgeFlags=0x0, pointerCount=1, historySize=0, eventTime=32517158, downTime=32517158, deviceId=-1, source=0x1002, displayId=0, eventId=-481920097 }
10-17 01:50:41.095 D/TaplEvents( 1064): TIS / TouchInteractionService.onInputEvent: MotionEvent { action=ACTION_UP, actionButton=0, id[0]=0, x[0]=1013.129, y[0]=1141.0631, toolType[0]=TOOL_TYPE_UNKNOWN, buttonState=0, classification=NONE, metaState=0, flags=0x0, edgeFlags=0x0, pointerCount=1, historySize=0, eventTime=32517158, downTime=32517158, deviceId=-1, source=0x1002, displayId=0, eventId=-279442615 }
10-17 01:50:41.095 D/ShellBackPreview(  709): Finishing gesture with event action: 1
10-17 01:50:41.095 D/ShellBackPreview(  709): onGestureFinished() mTriggerBack == false
10-17 01:50:41.095 D/ShellBackPreview(  709): BackAnimationController: finishAnimation()
10-17 01:50:41.096 I/BpBinder(  337): onLastStrongRef automatically unlinking death recipients: <uncached descriptor>
10-17 01:50:41.146 I/Monkey  ( 2026): :Sending Touch (ACTION_DOWN): 0:(980.0,1804.0)
10-17 01:50:41.147 D/TaplEvents( 1064): TIS / TouchInteractionService.onInputEvent: MotionEvent { action=ACTION_DOWN, actionButton=0, id[0]=0, x[0]=980.0, y[0]=1804.0, toolType[0]=TOOL_TYPE_UNKNOWN, buttonState=0, classification=NONE, metaState=0, flags=0x0, edgeFlags=0x0, pointerCount=1, historySize=0, eventTime=32517210, downTime=32517210, deviceId=-1, source=0x1002, displayId=0, eventId=-298341710 }
10-17 01:50:41.147 I/Monkey  ( 2026): :Sending Touch (ACTION_UP): 0:(978.0519,1800.5381)
10-17 01:50:41.149 D/TaplEvents( 1064): TIS / TouchInteractionService.onInputEvent: MotionEvent { action=ACTION_UP, actionButton=0, id[0]=0, x[0]=978.0519, y[0]=1800.5381, toolType[0]=TOOL_TYPE_UNKNOWN, buttonState=0, classification=NONE, metaState=0, flags=0x0, edgeFlags=0x0, pointerCount=1, historySize=0, eventTime=32517211, downTime=32517210, deviceId=-1, source=0x1002, displayId=0, eventId=-282706925 }
10-17 01:50:41.192 D/EGL_emulation( 1755): app_time_stats: avg=18.77ms min=1.80ms max=55.72ms count=51
10-17 01:50:41.201 D/InputDispatcher(  507): Touch mode switch rejected, caller (pid=0, uid=10177) doesn't own the focused window nor none of the previously interacted window
10-17 01:50:41.257 D/InputMethodManager( 1755): showSoftInput() view=org.telegram.ui.ContactAddActivity$3{47e5e1d VFED..CL. .F.P.... 66,297-1014,396 aid=1073741832} flags=0 reason=SHOW_SOFT_INPUT
10-17 01:50:41.263 I/DeviceModeUtil( 1511): DeviceModeUtil.getDeviceMode():122 Get device mode phone by ui mode:1 and smallestScreenWidthDp:393
10-17 01:50:41.265 I/GoogleInputMethodService( 1511): GoogleInputMethodService.onStartInputView():1995 onStartInputView(EditorInfo{inputType=0xc000(Unknown) imeOptions=0x8000005 privateImeOptions=null actionName=NEXT actionLabel=null actionId=0 initialSelStart=3 initialSelEnd=3 initialCapsMode=0x0 hintText=non-empty label=null packageName=org.telegram.messenger fieldId=-1 fieldName=null extras=null}, false)
10-17 01:50:41.265 I/GoogleInputMethodService( 1511): GoogleInputMethodService.updateDeviceLockedStatus():2087 repeatCheckTimes = 2, unlocked = true
10-17 01:50:41.267 W/ModuleManager( 1511): ModuleManager.loadModule():450 Module erj is not available
10-17 01:50:41.269 I/DeviceModeUtil( 1511): DeviceModeUtil.getDeviceMode():122 Get device mode phone by ui mode:1 and smallestScreenWidthDp:393
10-17 01:50:41.276 I/KeyboardViewUtil( 1511): KeyboardViewUtil.getKeyboardHeightRatio():189 systemKeyboardHeightRatio:1.000000; userKeyboardHeightRatio:1.000000.
10-17 01:50:41.276 I/AndroidIME( 1511): AbstractIme.onActivate():86 LatinIme.onActivate() : EditorInfo = inputType=0xc000(Unknown) imeOptions=0x8000005 privateImeOptions=null actionName=NEXT actionLabel=null actionId=0 initialSelStart=3 initialSelEnd=3 initialCapsMode=0x0 hintText=non-empty label=null packageName=org.telegram.messenger fieldId=-1 fieldName=null extras=null, IncognitoMode = false, DeviceLocked = false
10-17 01:50:41.279 I/Delight5Facilitator( 1511): Delight5Facilitator.initializeForIme():777 initializeForIme() : Locale = [en_US], layout = qwerty
10-17 01:50:41.281 I/VoiceInputManagerWrapper( 1511): VoiceInputManagerWrapper.cancelShutdown():55 cancelShutdown()
10-17 01:50:41.281 I/VoiceInputManagerWrapper( 1511): VoiceInputManagerWrapper.syncLanguagePacks():67 syncLanguagePacks()
10-17 01:50:41.285 I/SpeechFactory( 1511): SpeechRecognitionFactory.maybeScheduleAutoPackDownloadForFallback():205 maybeScheduleAutoPackDownloadForFallback()
10-17 01:50:41.285 I/LatinIme( 1511): LatinIme.updateEnableInlineSuggestionsOnDecoderSideFlags():1003 inline flag updated to:false
10-17 01:50:41.285 I/FallbackOnDeviceRecognitionProvider( 1511): FallbackOnDeviceRecognitionProvider.maybeScheduleAutoPackDownload():195 maybeScheduleAutoPackDownload() for language tag en-US
10-17 01:50:41.288 I/KeyboardWrapper( 1511): KeyboardWrapper.consumeEvent():275 Skip consuming an event as current keyboard is deactivated (state=0, keyboard existence=true)
10-17 01:50:41.300 W/BestClock(  507): java.time.DateTimeException: Missing NTP fix
10-17 01:50:41.307 I/Monkey  ( 2026): :Sending Touch (ACTION_DOWN): 0:(330.0,20.0)
10-17 01:50:41.308 I/Monkey  ( 2026): :Sending Touch (ACTION_UP): 0:(328.31757,32.6519)
10-17 01:50:41.308 D/TaplEvents( 1064): TIS / TouchInteractionService.onInputEvent: MotionEvent { action=ACTION_DOWN, actionButton=0, id[0]=0, x[0]=330.0, y[0]=20.0, toolType[0]=TOOL_TYPE_UNKNOWN, buttonState=0, classification=NONE, metaState=0, flags=0x0, edgeFlags=0x0, pointerCount=1, historySize=0, eventTime=32517371, downTime=32517371, deviceId=-1, source=0x1002, displayId=0, eventId=-410828318 }
10-17 01:50:41.308 D/TaplEvents( 1064): TIS / TouchInteractionService.onInputEvent: MotionEvent { action=ACTION_UP, actionButton=0, id[0]=0, x[0]=328.31757, y[0]=32.6519, toolType[0]=TOOL_TYPE_UNKNOWN, buttonState=0, classification=NONE, metaState=0, flags=0x0, edgeFlags=0x0, pointerCount=1, historySize=0, eventTime=32517372, downTime=32517371, deviceId=-1, source=0x1002, displayId=0, eventId=-234439065 }
10-17 01:50:41.322 I/KeyboardViewHelper( 1511): KeyboardViewHelper.getView():170 Get view with height ratio:1.000000
10-17 01:50:41.325 I/netd    (  295): tetherGetStats() -> {[]} <0.32ms>
10-17 01:50:41.325 W/BestClock(  507): java.time.DateTimeException: Missing NTP fix
10-17 01:50:41.326 I/netd    (  295): bandwidthSetGlobalAlert(2097152) <0.05ms>
10-17 01:50:41.326 W/BestClock(  507): java.time.DateTimeException: Missing NTP fix
10-17 01:50:41.326 W/BestClock(  507): java.time.DateTimeException: Missing NTP fix
10-17 01:50:41.326 W/BestClock(  507): java.time.DateTimeException: Missing NTP fix
10-17 01:50:41.326 I/netd    (  295): bandwidthRemoveInterfaceQuota(eth0) <0.30ms>
10-17 01:50:41.327 I/netd    (  295): bandwidthSetInterfaceQuota(eth0, 9223372036854775807) <0.41ms>
10-17 01:50:41.327 W/BestClock(  507): java.time.DateTimeException: Missing NTP fix
10-17 01:50:41.328 W/BestClock(  507): java.time.DateTimeException: Missing NTP fix
10-17 01:50:41.328 W/BestClock(  507): java.time.DateTimeException: Missing NTP fix
10-17 01:50:41.333 I/KeyboardViewUtil( 1511): KeyboardViewUtil.calculateMaxKeyboardBodyHeight():40 leave 344 height for app when screen height:2208, header height:121 and isFullscreenMode:false, so the max keyboard body height is:1743
10-17 01:50:41.333 I/SoftKeyboardView( 1511): SoftKeyboardView.setMaxHeight():731 Set max keyboard height:1743.
10-17 01:50:41.334 I/GoogleInputMethodService( 1511): GoogleInputMethodService.setKeyboardViewShown():3483 setKeyboardViewShown() : type = HEADER, shownType = SHOW_OPTIONAL
10-17 01:50:41.334 I/GoogleInputMethodService( 1511): GoogleInputMethodService.setKeyboardViewShown():3530 setKeyboardViewShown() : shouldShow = true
10-17 01:50:41.334 I/GoogleInputMethodService( 1511): GoogleInputMethodService.setKeyboardViewShown():3483 setKeyboardViewShown() : type = BODY, shownType = SHOW_MANDATORY
10-17 01:50:41.334 I/GoogleInputMethodService( 1511): GoogleInputMethodService.setKeyboardViewShown():3530 setKeyboardViewShown() : shouldShow = true
10-17 01:50:41.334 I/GoogleInputMethodService( 1511): GoogleInputMethodService.setKeyboardViewShown():3483 setKeyboardViewShown() : type = FLOATING_CANDIDATES, shownType = HIDE
10-17 01:50:41.334 I/GoogleInputMethodService( 1511): GoogleInputMethodService.setKeyboardViewShown():3530 setKeyboardViewShown() : shouldShow = false
10-17 01:50:41.334 I/KeyboardViewUtil( 1511): KeyboardViewUtil.calculateMaxKeyboardBodyHeight():40 leave 344 height for app when screen height:2208, header height:121 and isFullscreenMode:false, so the max keyboard body height is:1743
10-17 01:50:41.335 I/DeviceModeUtil( 1511): DeviceModeUtil.getDeviceMode():122 Get device mode phone by ui mode:1 and smallestScreenWidthDp:393
10-17 01:50:41.336 I/DeviceModeUtil( 1511): DeviceModeUtil.getDeviceMode():122 Get device mode phone by ui mode:1 and smallestScreenWidthDp:393
10-17 01:50:41.336 I/DeviceModeUtil( 1511): DeviceModeUtil.getDeviceMode():122 Get device mode phone by ui mode:1 and smallestScreenWidthDp:393
10-17 01:50:41.336 I/KeyboardModeManager( 1511): KeyboardModeManager.setInputView():364 setInputView() : supportsOneHandedMode=true
10-17 01:50:41.336 I/NormalModeController( 1511): NormalModeController.getKeyboardBodyViewHolderPaddingBottom():116 currentPrimeKeyboardType:SOFT systemPaddingBottom:-1
10-17 01:50:41.336 I/NormalModeController( 1511): NormalModeController.getKeyboardBodyViewHolderPaddingBottom():116 currentPrimeKeyboardType:SOFT systemPaddingBottom:-1
10-17 01:50:41.337 I/KeyboardModeManager( 1511): KeyboardModeManager.setInputView():356 setInputView() : entry=hwn{languageTag=en-US, variant=qwerty, hasLocalizedResources=true, conditionCacheKey=_device=phone_device_size=default_enable_adaptive_text_editing=true_enable_inline_suggestions_on_client_side=false_enable_large_tablet_batch_1=false_enable_large_tablet_batch_2=false_enable_more_candidates_view_for_multilingual=false_enable_nav_redesign=false_enable_number_row=false_enable_preemptive_decode=true_enable_secondary_symbols=false_expressions=normal_four_or_more_letter_rows=false_keyboard_mode=normal_language=en-US_orientation=portrait_physical_keyboard=qwerty_show_secondary_digits=true_show_suggestions=true_split_with_duplicate_keys=true_variant=qwerty, imeDef.stringId=ime_english_united_states, imeDef.className=com.google.android.apps.inputmethod.libs.latin5.LatinIme, imeDef.languageTag=en-US}
10-17 01:50:41.338 I/VoiceImeExtension( 1511): VoiceImeExtension.shouldStartVoiceInputAutomatically():383 No private IME option set to start voice input.
10-17 01:50:41.339 D/CoreBackPreview(  507): Window{ab126f6 u0 org.telegram.messenger/org.telegram.messenger.DefaultIcon}: Setting back callback OnBackInvokedCallbackInfo{mCallback=android.window.IOnBackInvokedCallback$Stub$Proxy@85b344a, mPriority=0}
10-17 01:50:41.341 D/BoundBrokerSvc( 6467): onBind: Intent { act=com.google.firebase.dynamiclinks.service.START pkg=com.google.android.gms }
10-17 01:50:41.341 D/BoundBrokerSvc( 6467): Loading bound service for intent: Intent { act=com.google.firebase.dynamiclinks.service.START pkg=com.google.android.gms }
10-17 01:50:41.345 I/AndroidIME( 1511): KeyboardViewManager.updateKeyboardBackgroundFrameVisibility():357 Set background frame visibility. old:8, new:8
10-17 01:50:41.347 E/OpenGLRenderer( 1511): Unable to match the desired swap behavior.
10-17 01:50:41.358 D/InsetsController( 1755): show(ime(), fromIme=true)
10-17 01:50:41.359 I/Monkey  ( 2026): :Sending Touch (ACTION_DOWN): 0:(295.0,1021.0)
10-17 01:50:41.360 I/Monkey  ( 2026): :Sending Touch (ACTION_UP): 0:(271.56696,1044.8905)
10-17 01:50:41.360 D/TaplEvents( 1064): TIS / TouchInteractionService.onInputEvent: MotionEvent { action=ACTION_DOWN, actionButton=0, id[0]=0, x[0]=295.0, y[0]=1021.0, toolType[0]=TOOL_TYPE_UNKNOWN, buttonState=0, classification=NONE, metaState=0, flags=0x0, edgeFlags=0x0, pointerCount=1, historySize=0, eventTime=32517423, downTime=32517423, deviceId=-1, source=0x1002, displayId=0, eventId=-518191265 }
10-17 01:50:41.360 D/TaplEvents( 1064): TIS / TouchInteractionService.onInputEvent: MotionEvent { action=ACTION_UP, actionButton=0, id[0]=0, x[0]=271.56696, y[0]=1044.8905, toolType[0]=TOOL_TYPE_UNKNOWN, buttonState=0, classification=NONE, metaState=0, flags=0x0, edgeFlags=0x0, pointerCount=1, historySize=0, eventTime=32517424, downTime=32517423, deviceId=-1, source=0x1002, displayId=0, eventId=-247409989 }
10-17 01:50:41.361 I/GoogleInputMethodService( 1511): GoogleInputMethodService.setKeyboardViewShown():3483 setKeyboardViewShown() : type = HEADER, shownType = SHOW_MANDATORY_WITH_ANIMATION
10-17 01:50:41.361 I/GoogleInputMethodService( 1511): GoogleInputMethodService.setKeyboardViewShown():3530 setKeyboardViewShown() : shouldShow = true
10-17 01:50:41.362 I/DeviceModeUtil( 1511): DeviceModeUtil.getDeviceMode():122 Get device mode phone by ui mode:1 and smallestScreenWidthDp:393
10-17 01:50:41.362 I/DeviceModeUtil( 1511): DeviceModeUtil.getDeviceMode():122 Get device mode phone by ui mode:1 and smallestScreenWidthDp:393
10-17 01:50:41.362 I/NormalModeController( 1511): NormalModeController.getKeyboardBodyViewHolderPaddingBottom():116 currentPrimeKeyboardType:SOFT systemPaddingBottom:-1
10-17 01:50:41.362 I/Delight5Decoder( 1511): Delight5DecoderWrapper.setKeyboardLayout():457 setKeyboardLayout()
10-17 01:50:41.363 I/AndroidIME( 1511): KeyboardViewManager.saveKeyboardBottomGap():282 realScreenHeight: 0 screenHeightInInches: 5.318182
10-17 01:50:41.363 I/AndroidIME( 1511): keyboardHolderHeight: 701 navigationHeight: 132
10-17 01:50:41.363 I/AndroidIME( 1511): getKeyboardBodyViewHolderPaddingBottom(): 0 getKeyboardBottomGapFromScreen(): 0
10-17 01:50:41.363 I/AndroidIME( 1511): keyboardBottomGap: 132 bodyViewHolderBottomPadding: 0
10-17 01:50:41.363 I/AndroidIME( 1511): decorViewStableInsetBottom: 132 updated: false
10-17 01:50:41.366 I/Delight5Decoder( 1511): Delight5DecoderWrapper.setKeyboardLayout():457 setKeyboardLayout()
10-17 01:50:41.366 D/BoundBrokerSvc( 6467): onBind: Intent { act=com.google.android.gms.common.BIND_SHARED_PREFS pkg=com.google.android.gms }
10-17 01:50:41.366 D/BoundBrokerSvc( 6467): Loading bound service for intent: Intent { act=com.google.android.gms.common.BIND_SHARED_PREFS pkg=com.google.android.gms }
10-17 01:50:41.368 D/BoundBrokerSvc( 6467): onUnbind: Intent { act=com.google.android.gms.common.BIND_SHARED_PREFS pkg=com.google.android.gms }
10-17 01:50:41.369 D/BoundBrokerSvc( 6467): onBind: Intent { act=com.google.android.gms.common.BIND_SHARED_PREFS pkg=com.google.android.gms }
10-17 01:50:41.369 D/BoundBrokerSvc( 6467): Loading bound service for intent: Intent { act=com.google.android.gms.common.BIND_SHARED_PREFS pkg=com.google.android.gms }
10-17 01:50:41.370 D/BoundBrokerSvc( 6467): onUnbind: Intent { act=com.google.android.gms.common.BIND_SHARED_PREFS pkg=com.google.android.gms }
10-17 01:50:41.410 I/Monkey  ( 2026): :Sending Touch (ACTION_DOWN): 0:(95.0,303.0)
10-17 01:50:41.411 I/Monkey  ( 2026): :Sending Touch (ACTION_UP): 0:(97.39546,294.11655)
10-17 01:50:41.411 D/TaplEvents( 1064): TIS / TouchInteractionService.onInputEvent: MotionEvent { action=ACTION_DOWN, actionButton=0, id[0]=0, x[0]=95.0, y[0]=303.0, toolType[0]=TOOL_TYPE_UNKNOWN, buttonState=0, classification=NONE, metaState=0, flags=0x0, edgeFlags=0x0, pointerCount=1, historySize=0, eventTime=32517474, downTime=32517474, deviceId=-1, source=0x1002, displayId=0, eventId=-639279022 }
10-17 01:50:41.411 D/TaplEvents( 1064): TIS / TouchInteractionService.onInputEvent: MotionEvent { action=ACTION_UP, actionButton=0, id[0]=0, x[0]=97.39546, y[0]=294.11655, toolType[0]=TOOL_TYPE_UNKNOWN, buttonState=0, classification=NONE, metaState=0, flags=0x0, edgeFlags=0x0, pointerCount=1, historySize=0, eventTime=32517475, downTime=32517474, deviceId=-1, source=0x1002, displayId=0, eventId=-387433840 }
10-17 01:50:41.462 I/Monkey  ( 2026): :Sending Touch (ACTION_DOWN): 0:(716.0,62.0)
10-17 01:50:41.463 D/TaplEvents( 1064): TIS / TouchInteractionService.onInputEvent: MotionEvent { action=ACTION_DOWN, actionButton=0, id[0]=0, x[0]=716.0, y[0]=62.0, toolType[0]=TOOL_TYPE_UNKNOWN, buttonState=0, classification=NONE, metaState=0, flags=0x0, edgeFlags=0x0, pointerCount=1, historySize=0, eventTime=32517526, downTime=32517526, deviceId=-1, source=0x1002, displayId=0, eventId=-371598264 }
10-17 01:50:41.463 I/Monkey  ( 2026): :Sending Touch (ACTION_UP): 0:(703.16,52.58877)
10-17 01:50:41.464 D/TaplEvents( 1064): TIS / TouchInteractionService.onInputEvent: MotionEvent { action=ACTION_UP, actionButton=0, id[0]=0, x[0]=703.16, y[0]=52.58877, toolType[0]=TOOL_TYPE_UNKNOWN, buttonState=0, classification=NONE, metaState=0, flags=0x0, edgeFlags=0x0, pointerCount=1, historySize=0, eventTime=32517527, downTime=32517526, deviceId=-1, source=0x1002, displayId=0, eventId=-762099214 }
10-17 01:50:41.489 W/TooltipLifecycleManager( 1511): TooltipLifecycleManager.dismissTooltips():159 Tooltip with id spell_check_add_to_dictionary not found in tooltipManager.
10-17 01:50:41.569 D/InputDispatcher(  507): Touch mode switch rejected, caller (pid=0, uid=10177) doesn't own the focused window nor none of the previously interacted window
10-17 01:50:41.620 I/Monkey  ( 2026): :Sending Touch (ACTION_DOWN): 0:(954.0,892.0)
10-17 01:50:41.622 D/TaplEvents( 1064): TIS / TouchInteractionService.onInputEvent: MotionEvent { action=ACTION_DOWN, actionButton=0, id[0]=0, x[0]=954.0, y[0]=892.0, toolType[0]=TOOL_TYPE_UNKNOWN, buttonState=0, classification=NONE, metaState=0, flags=0x0, edgeFlags=0x0, pointerCount=1, historySize=0, eventTime=32517684, downTime=32517684, deviceId=-1, source=0x1002, displayId=0, eventId=-1056507041 }
10-17 01:50:41.622 I/Monkey  ( 2026): :Sending Touch (ACTION_UP): 0:(957.29407,892.8912)
10-17 01:50:41.624 D/TaplEvents( 1064): TIS / TouchInteractionService.onInputEvent: MotionEvent { action=ACTION_UP, actionButton=0, id[0]=0, x[0]=957.29407, y[0]=892.8912, toolType[0]=TOOL_TYPE_UNKNOWN, buttonState=0, classification=NONE, metaState=0, flags=0x0, edgeFlags=0x0, pointerCount=1, historySize=0, eventTime=32517686, downTime=32517684, deviceId=-1, source=0x1002, displayId=0, eventId=-468421437 }
10-17 01:50:41.675 I/Monkey  ( 2026): :Sending Touch (ACTION_DOWN): 0:(1048.0,918.0)
10-17 01:50:41.678 D/TaplEvents( 1064): TIS / TouchInteractionService.onInputEvent: MotionEvent { action=ACTION_DOWN, actionButton=0, id[0]=0, x[0]=1048.0, y[0]=918.0, toolType[0]=TOOL_TYPE_UNKNOWN, buttonState=0, classification=NONE, metaState=0, flags=0x0, edgeFlags=0x0, pointerCount=1, historySize=0, eventTime=32517739, downTime=32517739, deviceId=-1, source=0x1002, displayId=0, eventId=-346729245 }
10-17 01:50:41.679 I/Monkey  ( 2026): :Sending Touch (ACTION_UP): 0:(1044.9005,917.1787)
10-17 01:50:41.681 D/TaplEvents( 1064): TIS / TouchInteractionService.onInputEvent: MotionEvent { action=ACTION_UP, actionButton=0, id[0]=0, x[0]=1044.9005, y[0]=917.1787, toolType[0]=TOOL_TYPE_UNKNOWN, buttonState=0, classification=NONE, metaState=0, flags=0x0, edgeFlags=0x0, pointerCount=1, historySize=0, eventTime=32517742, downTime=32517739, deviceId=-1, source=0x1002, displayId=0, eventId=-259717689 }
10-17 01:50:41.682 D/ShellBackPreview(  709): Finishing gesture with event action: 1
10-17 01:50:41.682 I/BpBinder(  337): onLastStrongRef automatically unlinking death recipients: <uncached descriptor>
10-17 01:50:41.682 D/ShellBackPreview(  709): onGestureFinished() mTriggerBack == false
10-17 01:50:41.682 D/ShellBackPreview(  709): BackAnimationController: finishAnimation()
10-17 01:50:41.732 I/Monkey  ( 2026): :Sending Touch (ACTION_DOWN): 0:(328.0,774.0)
10-17 01:50:41.733 D/TaplEvents( 1064): TIS / TouchInteractionService.onInputEvent: MotionEvent { action=ACTION_DOWN, actionButton=0, id[0]=0, x[0]=328.0, y[0]=774.0, toolType[0]=TOOL_TYPE_UNKNOWN, buttonState=0, classification=NONE, metaState=0, flags=0x0, edgeFlags=0x0, pointerCount=1, historySize=0, eventTime=32517796, downTime=32517796, deviceId=-1, source=0x1002, displayId=0, eventId=-432445077 }
10-17 01:50:41.734 I/Monkey  ( 2026): :Sending Touch (ACTION_UP): 0:(318.8134,761.76245)
10-17 01:50:41.737 D/TaplEvents( 1064): TIS / TouchInteractionService.onInputEvent: MotionEvent { action=ACTION_UP, actionButton=0, id[0]=0, x[0]=318.8134, y[0]=761.76245, toolType[0]=TOOL_TYPE_UNKNOWN, buttonState=0, classification=NONE, metaState=0, flags=0x0, edgeFlags=0x0, pointerCount=1, historySize=0, eventTime=32517798, downTime=32517796, deviceId=-1, source=0x1002, displayId=0, eventId=-116562665 }
10-17 01:50:41.740 D/InputMethodManager( 1755): showSoftInput() view=org.telegram.ui.ContactAddActivity$5{1e91892 VFED..CL. .F.P..ID 66,440-1014,539 aid=1073741833} flags=0 reason=SHOW_SOFT_INPUT
10-17 01:50:41.741 I/GoogleInputMethodService( 1511): GoogleInputMethodService.onFinishInputView():2241 
10-17 01:50:41.743 W/TooltipLifecycleManager( 1511): TooltipLifecycleManager.dismissTooltips():159 Tooltip with id spell_check_add_to_dictionary not found in tooltipManager.
10-17 01:50:41.747 I/InputBundle( 1511): InputBundle.consumeEvent():923 Skip consuming an event as keyboard status is 0
10-17 01:50:41.747 I/KeyboardWrapper( 1511): KeyboardWrapper.consumeEvent():275 Skip consuming an event as current keyboard is deactivated (state=0, keyboard existence=true)
10-17 01:50:41.747 I/VoiceInputManagerWrapper( 1511): VoiceInputManagerWrapper.shutdown():77 shutdown()
10-17 01:50:41.747 I/AndroidIME( 1511): AbstractIme.onDeactivate():207 LatinIme.onDeactivate()
10-17 01:50:41.748 W/ModuleManager( 1511): ModuleManager.loadModule():450 Module jjj is not available
10-17 01:50:41.748 I/GoogleInputMethodService( 1511): GoogleInputMethodService.onFinishInput():3227 
10-17 01:50:41.749 I/GoogleInputMethodService( 1511): GoogleInputMethodService.updateDeviceLockedStatus():2087 repeatCheckTimes = 0, unlocked = true
10-17 01:50:41.750 I/GoogleInputMethodService( 1511): GoogleInputMethodService.onStartInput():1877 onStartInput(EditorInfo{inputType=0xc000(Unknown) imeOptions=0x4000006 privateImeOptions=null actionName=DONE actionLabel=null actionId=0 initialSelStart=0 initialSelEnd=0 initialCapsMode=0x2000 hintText=non-empty label=null packageName=org.telegram.messenger fieldId=-1 fieldName=null extras=null}, false)
10-17 01:50:41.750 I/GoogleInputMethodService( 1511): GoogleInputMethodService.shouldHideHeaderOnInitialState():4008 ShouldHideHeaderOnInitialState = false
10-17 01:50:41.750 I/GoogleInputMethodService( 1511): GoogleInputMethodService.updateDeviceLockedStatus():2087 repeatCheckTimes = 2, unlocked = true
10-17 01:50:41.751 I/GoogleInputMethodService( 1511): GoogleInputMethodService.onStartInputView():1995 onStartInputView(EditorInfo{inputType=0xc000(Unknown) imeOptions=0x4000006 privateImeOptions=null actionName=DONE actionLabel=null actionId=0 initialSelStart=0 initialSelEnd=0 initialCapsMode=0x2000 hintText=non-empty label=null packageName=org.telegram.messenger fieldId=-1 fieldName=null extras=null}, false)
10-17 01:50:41.751 I/GoogleInputMethodService( 1511): GoogleInputMethodService.updateDeviceLockedStatus():2087 repeatCheckTimes = 2, unlocked = true
10-17 01:50:41.751 W/ModuleManager( 1511): ModuleManager.loadModule():450 Module erj is not available
10-17 01:50:41.752 I/KeyboardViewUtil( 1511): KeyboardViewUtil.getKeyboardHeightRatio():189 systemKeyboardHeightRatio:1.000000; userKeyboardHeightRatio:1.000000.
10-17 01:50:41.753 I/AndroidIME( 1511): AbstractIme.onActivate():86 LatinIme.onActivate() : EditorInfo = inputType=0xc000(Unknown) imeOptions=0x4000006 privateImeOptions=null actionName=DONE actionLabel=null actionId=0 initialSelStart=0 initialSelEnd=0 initialCapsMode=0x2000 hintText=non-empty label=null packageName=org.telegram.messenger fieldId=-1 fieldName=null extras=null, IncognitoMode = false, DeviceLocked = false
10-17 01:50:41.753 I/Delight5Facilitator( 1511): Delight5Facilitator.initializeForIme():777 initializeForIme() : Locale = [en_US], layout = qwerty
10-17 01:50:41.753 I/VoiceInputManagerWrapper( 1511): VoiceInputManagerWrapper.cancelShutdown():55 cancelShutdown()
10-17 01:50:41.753 I/VoiceInputManagerWrapper( 1511): VoiceInputManagerWrapper.syncLanguagePacks():67 syncLanguagePacks()
10-17 01:50:41.753 I/LatinIme( 1511): LatinIme.updateEnableInlineSuggestionsOnDecoderSideFlags():1003 inline flag updated to:false
10-17 01:50:41.753 I/SpeechFactory( 1511): SpeechRecognitionFactory.maybeScheduleAutoPackDownloadForFallback():205 maybeScheduleAutoPackDownloadForFallback()
10-17 01:50:41.753 I/FallbackOnDeviceRecognitionProvider( 1511): FallbackOnDeviceRecognitionProvider.maybeScheduleAutoPackDownload():195 maybeScheduleAutoPackDownload() for language tag en-US
10-17 01:50:41.754 I/DeviceModeUtil( 1511): DeviceModeUtil.getDeviceMode():122 Get device mode phone by ui mode:1 and smallestScreenWidthDp:393
10-17 01:50:41.755 I/KeyboardWrapper( 1511): KeyboardWrapper.consumeEvent():275 Skip consuming an event as current keyboard is deactivated (state=0, keyboard existence=true)
10-17 01:50:41.757 I/KeyboardViewUtil( 1511): KeyboardViewUtil.calculateMaxKeyboardBodyHeight():40 leave 344 height for app when screen height:2208, header height:121 and isFullscreenMode:false, so the max keyboard body height is:1743
10-17 01:50:41.757 I/GoogleInputMethodService( 1511): GoogleInputMethodService.setKeyboardViewShown():3483 setKeyboardViewShown() : type = HEADER, shownType = SHOW_OPTIONAL
10-17 01:50:41.758 I/GoogleInputMethodService( 1511): GoogleInputMethodService.setKeyboardViewShown():3530 setKeyboardViewShown() : shouldShow = true
10-17 01:50:41.758 I/GoogleInputMethodService( 1511): GoogleInputMethodService.setKeyboardViewShown():3483 setKeyboardViewShown() : type = BODY, shownType = SHOW_MANDATORY
10-17 01:50:41.758 I/GoogleInputMethodService( 1511): GoogleInputMethodService.setKeyboardViewShown():3530 setKeyboardViewShown() : shouldShow = true
10-17 01:50:41.758 I/GoogleInputMethodService( 1511): GoogleInputMethodService.setKeyboardViewShown():3483 setKeyboardViewShown() : type = FLOATING_CANDIDATES, shownType = HIDE
10-17 01:50:41.758 I/GoogleInputMethodService( 1511): GoogleInputMethodService.setKeyboardViewShown():3530 setKeyboardViewShown() : shouldShow = false
10-17 01:50:41.758 I/KeyboardViewUtil( 1511): KeyboardViewUtil.calculateMaxKeyboardBodyHeight():40 leave 344 height for app when screen height:2208, header height:121 and isFullscreenMode:false, so the max keyboard body height is:1743
10-17 01:50:41.759 I/DeviceModeUtil( 1511): DeviceModeUtil.getDeviceMode():122 Get device mode phone by ui mode:1 and smallestScreenWidthDp:393
10-17 01:50:41.759 W/RemoteInputConnectionImpl( 1755): setComposingRegion on inactive InputConnection
10-17 01:50:41.761 D/CoreBackPreview(  507): Window{ab126f6 u0 org.telegram.messenger/org.telegram.messenger.DefaultIcon}: Setting back callback OnBackInvokedCallbackInfo{mCallback=android.window.IOnBackInvokedCallback$Stub$Proxy@6601987, mPriority=0}
10-17 01:50:41.763 I/DeviceModeUtil( 1511): DeviceModeUtil.getDeviceMode():122 Get device mode phone by ui mode:1 and smallestScreenWidthDp:393
10-17 01:50:41.763 I/DeviceModeUtil( 1511): DeviceModeUtil.getDeviceMode():122 Get device mode phone by ui mode:1 and smallestScreenWidthDp:393
10-17 01:50:41.763 I/KeyboardModeManager( 1511): KeyboardModeManager.setInputView():364 setInputView() : supportsOneHandedMode=true
10-17 01:50:41.763 I/NormalModeController( 1511): NormalModeController.getKeyboardBodyViewHolderPaddingBottom():116 currentPrimeKeyboardType:SOFT systemPaddingBottom:-1
10-17 01:50:41.763 I/NormalModeController( 1511): NormalModeController.getKeyboardBodyViewHolderPaddingBottom():116 currentPrimeKeyboardType:SOFT systemPaddingBottom:-1
10-17 01:50:41.764 I/KeyboardModeManager( 1511): KeyboardModeManager.setInputView():356 setInputView() : entry=hwn{languageTag=en-US, variant=qwerty, hasLocalizedResources=true, conditionCacheKey=_device=phone_device_size=default_enable_adaptive_text_editing=true_enable_inline_suggestions_on_client_side=false_enable_large_tablet_batch_1=false_enable_large_tablet_batch_2=false_enable_more_candidates_view_for_multilingual=false_enable_nav_redesign=false_enable_number_row=false_enable_preemptive_decode=true_enable_secondary_symbols=false_expressions=normal_four_or_more_letter_rows=false_keyboard_mode=normal_language=en-US_orientation=portrait_physical_keyboard=qwerty_show_secondary_digits=true_show_suggestions=true_split_with_duplicate_keys=true_variant=qwerty, imeDef.stringId=ime_english_united_states, imeDef.className=com.google.android.apps.inputmethod.libs.latin5.LatinIme, imeDef.languageTag=en-US}
10-17 01:50:41.764 I/VoiceImeExtension( 1511): VoiceImeExtension.shouldStartVoiceInputAutomatically():383 No private IME option set to start voice input.
10-17 01:50:41.765 I/DeviceModeUtil( 1511): DeviceModeUtil.getDeviceMode():122 Get device mode phone by ui mode:1 and smallestScreenWidthDp:393
10-17 01:50:41.765 I/DeviceModeUtil( 1511): DeviceModeUtil.getDeviceMode():122 Get device mode phone by ui mode:1 and smallestScreenWidthDp:393
10-17 01:50:41.768 W/InputContextProxyV4( 1511): InputContextProxyV4.applyClientDiffInternal():897 Ignore [FetchSuggestions] diff due to stale request: 1347<1350, inputStateId=1361, lastInputStateId=1363
10-17 01:50:41.768 I/DeviceModeUtil( 1511): DeviceModeUtil.getDeviceMode():122 Get device mode phone by ui mode:1 and smallestScreenWidthDp:393
10-17 01:50:41.768 I/DeviceModeUtil( 1511): DeviceModeUtil.getDeviceMode():122 Get device mode phone by ui mode:1 and smallestScreenWidthDp:393
10-17 01:50:41.768 I/NormalModeController( 1511): NormalModeController.getKeyboardBodyViewHolderPaddingBottom():116 currentPrimeKeyboardType:SOFT systemPaddingBottom:-1
10-17 01:50:41.770 D/BoundBrokerSvc( 6467): onBind: Intent { act=com.google.android.gms.common.BIND_SHARED_PREFS pkg=com.google.android.gms }
10-17 01:50:41.770 D/BoundBrokerSvc( 6467): Loading bound service for intent: Intent { act=com.google.android.gms.common.BIND_SHARED_PREFS pkg=com.google.android.gms }
10-17 01:50:41.770 I/Delight5Decoder( 1511): Delight5DecoderWrapper.setKeyboardLayout():457 setKeyboardLayout()
10-17 01:50:41.771 D/BoundBrokerSvc( 6467): onUnbind: Intent { act=com.google.android.gms.common.BIND_SHARED_PREFS pkg=com.google.android.gms }
10-17 01:50:41.774 D/InsetsController( 1755): show(ime(), fromIme=true)
10-17 01:50:41.774 D/CoreBackPreview(  507): Window{ab126f6 u0 org.telegram.messenger/org.telegram.messenger.DefaultIcon}: Setting back callback OnBackInvokedCallbackInfo{mCallback=android.window.IOnBackInvokedCallback$Stub$Proxy@a9ac723, mPriority=0}
10-17 01:50:41.774 D/InsetsController( 1755): show(ime(), fromIme=true)
10-17 01:50:41.777 D/BoundBrokerSvc( 6467): onBind: Intent { act=com.google.android.gms.common.BIND_SHARED_PREFS pkg=com.google.android.gms }
10-17 01:50:41.777 D/BoundBrokerSvc( 6467): Loading bound service for intent: Intent { act=com.google.android.gms.common.BIND_SHARED_PREFS pkg=com.google.android.gms }
10-17 01:50:41.778 D/BoundBrokerSvc( 6467): onUnbind: Intent { act=com.google.android.gms.common.BIND_SHARED_PREFS pkg=com.google.android.gms }
10-17 01:50:41.788 I/Monkey  ( 2026): :Sending Touch (ACTION_DOWN): 0:(409.0,921.0)
10-17 01:50:41.788 D/TaplEvents( 1064): TIS / TouchInteractionService.onInputEvent: MotionEvent { action=ACTION_DOWN, actionButton=0, id[0]=0, x[0]=409.0, y[0]=921.0, toolType[0]=TOOL_TYPE_UNKNOWN, buttonState=0, classification=NONE, metaState=0, flags=0x0, edgeFlags=0x0, pointerCount=1, historySize=0, eventTime=32517851, downTime=32517851, deviceId=-1, source=0x1002, displayId=0, eventId=-191825272 }
10-17 01:50:41.789 I/Monkey  ( 2026): :Sending Touch (ACTION_UP): 0:(406.24298,928.7617)
10-17 01:50:41.792 D/TaplEvents( 1064): TIS / TouchInteractionService.onInputEvent: MotionEvent { action=ACTION_UP, actionButton=0, id[0]=0, x[0]=406.24298, y[0]=928.7617, toolType[0]=TOOL_TYPE_UNKNOWN, buttonState=0, classification=NONE, metaState=0, flags=0x0, edgeFlags=0x0, pointerCount=1, historySize=0, eventTime=32517853, downTime=32517851, deviceId=-1, source=0x1002, displayId=0, eventId=-788817282 }
10-17 01:50:41.843 I/Monkey  ( 2026): :Sending Touch (ACTION_DOWN): 0:(915.0,1087.0)
10-17 01:50:41.844 D/TaplEvents( 1064): TIS / TouchInteractionService.onInputEvent: MotionEvent { action=ACTION_DOWN, actionButton=0, id[0]=0, x[0]=915.0, y[0]=1087.0, toolType[0]=TOOL_TYPE_UNKNOWN, buttonState=0, classification=NONE, metaState=0, flags=0x0, edgeFlags=0x0, pointerCount=1, historySize=0, eventTime=32517907, downTime=32517907, deviceId=-1, source=0x1002, displayId=0, eventId=-215440739 }
10-17 01:50:41.844 I/Monkey  ( 2026): :Sending Touch (ACTION_UP): 0:(916.63824,1105.6256)
10-17 01:50:41.847 D/TaplEvents( 1064): TIS / TouchInteractionService.onInputEvent: MotionEvent { action=ACTION_UP, actionButton=0, id[0]=0, x[0]=916.63824, y[0]=1105.6256, toolType[0]=TOOL_TYPE_UNKNOWN, buttonState=0, classification=NONE, metaState=0, flags=0x0, edgeFlags=0x0, pointerCount=1, historySize=0, eventTime=32517908, downTime=32517907, deviceId=-1, source=0x1002, displayId=0, eventId=-881736090 }
10-17 01:50:41.898 I/Monkey  ( 2026): :Sending Touch (ACTION_DOWN): 0:(801.0,729.0)
10-17 01:50:41.900 D/TaplEvents( 1064): TIS / TouchInteractionService.onInputEvent: MotionEvent { action=ACTION_DOWN, actionButton=0, id[0]=0, x[0]=801.0, y[0]=729.0, toolType[0]=TOOL_TYPE_UNKNOWN, buttonState=0, classification=NONE, metaState=0, flags=0x0, edgeFlags=0x0, pointerCount=1, historySize=0, eventTime=32517962, downTime=32517962, deviceId=-1, source=0x1002, displayId=0, eventId=-952290305 }
10-17 01:50:41.900 I/Monkey  ( 2026): :Sending Touch (ACTION_UP): 0:(796.87555,716.19885)
10-17 01:50:41.901 D/TaplEvents( 1064): TIS / TouchInteractionService.onInputEvent: MotionEvent { action=ACTION_UP, actionButton=0, id[0]=0, x[0]=796.87555, y[0]=716.19885, toolType[0]=TOOL_TYPE_UNKNOWN, buttonState=0, classification=NONE, metaState=0, flags=0x0, edgeFlags=0x0, pointerCount=1, historySize=0, eventTime=32517964, downTime=32517962, deviceId=-1, source=0x1002, displayId=0, eventId=-1059475337 }
10-17 01:50:41.951 I/Monkey  ( 2026): :Sending Touch (ACTION_DOWN): 0:(125.0,1029.0)
10-17 01:50:41.953 I/Monkey  ( 2026): :Sending Touch (ACTION_UP): 0:(123.29217,1039.1244)
10-17 01:50:41.954 D/TaplEvents( 1064): TIS / TouchInteractionService.onInputEvent: MotionEvent { action=ACTION_DOWN, actionButton=0, id[0]=0, x[0]=125.0, y[0]=1029.0, toolType[0]=TOOL_TYPE_UNKNOWN, buttonState=0, classification=NONE, metaState=0, flags=0x0, edgeFlags=0x0, pointerCount=1, historySize=0, eventTime=32518015, downTime=32518015, deviceId=-1, source=0x1002, displayId=0, eventId=-659778496 }
10-17 01:50:41.954 D/TaplEvents( 1064): TIS / TouchInteractionService.onInputEvent: MotionEvent { action=ACTION_UP, actionButton=0, id[0]=0, x[0]=123.29217, y[0]=1039.1244, toolType[0]=TOOL_TYPE_UNKNOWN, buttonState=0, classification=NONE, metaState=0, flags=0x0, edgeFlags=0x0, pointerCount=1, historySize=0, eventTime=32518017, downTime=32518015, deviceId=-1, source=0x1002, displayId=0, eventId=-212613256 }
10-17 01:50:41.957 W/TooltipLifecycleManager( 1511): TooltipLifecycleManager.dismissTooltips():159 Tooltip with id spell_check_add_to_dictionary not found in tooltipManager.
10-17 01:50:42.005 I/Monkey  ( 2026): :Sending Touch (ACTION_DOWN): 0:(111.0,777.0)
10-17 01:50:42.007 I/Monkey  ( 2026): :Sending Touch (ACTION_UP): 0:(116.19099,793.6582)
10-17 01:50:42.007 D/TaplEvents( 1064): TIS / TouchInteractionService.onInputEvent: MotionEvent { action=ACTION_DOWN, actionButton=0, id[0]=0, x[0]=111.0, y[0]=777.0, toolType[0]=TOOL_TYPE_UNKNOWN, buttonState=0, classification=NONE, metaState=0, flags=0x0, edgeFlags=0x0, pointerCount=1, historySize=0, eventTime=32518069, downTime=32518069, deviceId=-1, source=0x1002, displayId=0, eventId=-1019470627 }
10-17 01:50:42.008 D/TaplEvents( 1064): TIS / TouchInteractionService.onInputEvent: MotionEvent { action=ACTION_UP, actionButton=0, id[0]=0, x[0]=116.19099, y[0]=793.6582, toolType[0]=TOOL_TYPE_UNKNOWN, buttonState=0, classification=NONE, metaState=0, flags=0x0, edgeFlags=0x0, pointerCount=1, historySize=0, eventTime=32518071, downTime=32518069, deviceId=-1, source=0x1002, displayId=0, eventId=-1033351252 }
10-17 01:50:42.010 D/InputMethodManager( 1755): showSoftInput() view=org.telegram.ui.ContactAddActivity$5{1e91892 VFED..CL. .F.P.... 66,440-1014,539 aid=1073741833} flags=0 reason=SHOW_SOFT_INPUT
10-17 01:50:42.012 I/DeviceModeUtil( 1511): DeviceModeUtil.getDeviceMode():122 Get device mode phone by ui mode:1 and smallestScreenWidthDp:393
10-17 01:50:42.014 D/InsetsController( 1755): show(ime(), fromIme=true)
10-17 01:50:42.062 D/InputDispatcher(  507): Touch mode switch rejected, caller (pid=0, uid=10177) doesn't own the focused window nor none of the previously interacted window
10-17 01:50:42.114 I/Monkey  ( 2026): :Sending Touch (ACTION_DOWN): 0:(510.0,1714.0)
10-17 01:50:42.118 I/Monkey  ( 2026): :Sending Touch (ACTION_UP): 0:(507.1234,1723.0868)
10-17 01:50:42.118 D/TaplEvents( 1064): TIS / TouchInteractionService.onInputEvent: MotionEvent { action=ACTION_DOWN, actionButton=0, id[0]=0, x[0]=510.0, y[0]=1714.0, toolType[0]=TOOL_TYPE_UNKNOWN, buttonState=0, classification=NONE, metaState=0, flags=0x0, edgeFlags=0x0, pointerCount=1, historySize=0, eventTime=32518178, downTime=32518178, deviceId=-1, source=0x1002, displayId=0, eventId=-147106471 }
10-17 01:50:42.119 D/TaplEvents( 1064): TIS / TouchInteractionService.onInputEvent: MotionEvent { action=ACTION_UP, actionButton=0, id[0]=0, x[0]=507.1234, y[0]=1723.0868, toolType[0]=TOOL_TYPE_UNKNOWN, buttonState=0, classification=NONE, metaState=0, flags=0x0, edgeFlags=0x0, pointerCount=1, historySize=0, eventTime=32518182, downTime=32518178, deviceId=-1, source=0x1002, displayId=0, eventId=-143110608 }
10-17 01:50:42.162 I/GoogleInputMethodService( 1511): GoogleInputMethodService.setKeyboardViewShown():3483 setKeyboardViewShown() : type = HEADER, shownType = SHOW_MANDATORY_WITH_ANIMATION
10-17 01:50:42.162 I/GoogleInputMethodService( 1511): GoogleInputMethodService.setKeyboardViewShown():3530 setKeyboardViewShown() : shouldShow = true
10-17 01:50:42.169 I/Monkey  ( 2026): :Sending Touch (ACTION_DOWN): 0:(480.0,20.0)
10-17 01:50:42.170 D/TaplEvents( 1064): TIS / TouchInteractionService.onInputEvent: MotionEvent { action=ACTION_DOWN, actionButton=0, id[0]=0, x[0]=480.0, y[0]=20.0, toolType[0]=TOOL_TYPE_UNKNOWN, buttonState=0, classification=NONE, metaState=0, flags=0x0, edgeFlags=0x0, pointerCount=1, historySize=0, eventTime=32518233, downTime=32518233, deviceId=-1, source=0x1002, displayId=0, eventId=-211625170 }
10-17 01:50:42.170 I/Monkey  ( 2026): :Sending Touch (ACTION_UP): 0:(468.92947,20.64148)
10-17 01:50:42.170 D/TaplEvents( 1064): TIS / TouchInteractionService.onInputEvent: MotionEvent { action=ACTION_UP, actionButton=0, id[0]=0, x[0]=468.92947, y[0]=20.64148, toolType[0]=TOOL_TYPE_UNKNOWN, buttonState=0, classification=NONE, metaState=0, flags=0x0, edgeFlags=0x0, pointerCount=1, historySize=0, eventTime=32518234, downTime=32518233, deviceId=-1, source=0x1002, displayId=0, eventId=-4817790 }
10-17 01:50:42.221 I/Monkey  ( 2026): :Sending Touch (ACTION_DOWN): 0:(1072.0,111.0)
10-17 01:50:42.221 I/Monkey  ( 2026): :Sending Touch (ACTION_UP): 0:(1071.5023,112.63862)
10-17 01:50:42.222 D/TaplEvents( 1064): TIS / TouchInteractionService.onInputEvent: MotionEvent { action=ACTION_DOWN, actionButton=0, id[0]=0, x[0]=1072.0, y[0]=111.0, toolType[0]=TOOL_TYPE_UNKNOWN, buttonState=0, classification=NONE, metaState=0, flags=0x0, edgeFlags=0x0, pointerCount=1, historySize=0, eventTime=32518285, downTime=32518285, deviceId=-1, source=0x1002, displayId=0, eventId=-132741380 }
10-17 01:50:42.226 D/TaplEvents( 1064): TIS / TouchInteractionService.onInputEvent: MotionEvent { action=ACTION_UP, actionButton=0, id[0]=0, x[0]=1071.5023, y[0]=112.63862, toolType[0]=TOOL_TYPE_UNKNOWN, buttonState=0, classification=NONE, metaState=0, flags=0x0, edgeFlags=0x0, pointerCount=1, historySize=0, eventTime=32518285, downTime=32518285, deviceId=-1, source=0x1002, displayId=0, eventId=-948018115 }
10-17 01:50:42.229 I/BpBinder(  337): onLastStrongRef automatically unlinking death recipients: <uncached descriptor>
10-17 01:50:42.231 E/OpenGLRenderer(  709): Unable to match the desired swap behavior.
10-17 01:50:42.237 D/ShellBackPreview(  709): Finishing gesture with event action: 1
10-17 01:50:42.237 D/ShellBackPreview(  709): onGestureFinished() mTriggerBack == false
10-17 01:50:42.237 D/ShellBackPreview(  709): BackAnimationController: finishAnimation()
10-17 01:50:42.237 I/BpBinder(  337): onLastStrongRef automatically unlinking death recipients: <uncached descriptor>
10-17 01:50:42.274 I/Monkey  ( 2026): :Sending Touch (ACTION_DOWN): 0:(832.0,2006.0)
10-17 01:50:42.275 I/Monkey  ( 2026): :Sending Touch (ACTION_UP): 0:(825.8259,2014.1261)
10-17 01:50:42.276 D/TaplEvents( 1064): TIS / TouchInteractionService.onInputEvent: MotionEvent { action=ACTION_DOWN, actionButton=0, id[0]=0, x[0]=832.0, y[0]=2006.0, toolType[0]=TOOL_TYPE_UNKNOWN, buttonState=0, classification=NONE, metaState=0, flags=0x0, edgeFlags=0x0, pointerCount=1, historySize=0, eventTime=32518338, downTime=32518338, deviceId=-1, source=0x1002, displayId=0, eventId=-690540740 }
10-17 01:50:42.277 D/TaplEvents( 1064): TIS / TouchInteractionService.onInputEvent: MotionEvent { action=ACTION_UP, actionButton=0, id[0]=0, x[0]=825.8259, y[0]=2014.1261, toolType[0]=TOOL_TYPE_UNKNOWN, buttonState=0, classification=NONE, metaState=0, flags=0x0, edgeFlags=0x0, pointerCount=1, historySize=0, eventTime=32518339, downTime=32518338, deviceId=-1, source=0x1002, displayId=0, eventId=-819206698 }
