10-17 01:50:51.243 D/TaplEvents( 1064): TIS / TouchInteractionService.onInputEvent: MotionEvent { action=ACTION_DOWN, actionButton=0, id[0]=0, x[0]=979.0, y[0]=2058.0, toolType[0]=TOOL_TYPE_UNKNOWN, buttonState=0, classification=NONE, metaState=0, flags=0x0, edgeFlags=0x0, pointerCount=1, historySize=0, eventTime=32527304, downTime=32527304, deviceId=-1, source=0x1002, displayId=0, eventId=-243441978 }
10-17 01:50:51.245 D/TaplEvents( 1064): TIS / TouchInteractionService.onInputEvent: MotionEvent { action=ACTION_UP, actionButton=0, id[0]=0, x[0]=988.8091, y[0]=2040.7869, toolType[0]=TOOL_TYPE_UNKNOWN, buttonState=0, classification=NONE, metaState=0, flags=0x0, edgeFlags=0x0, pointerCount=1, historySize=0, eventTime=32527306, downTime=32527304, deviceId=-1, source=0x1002, displayId=0, eventId=-831127870 }
10-17 01:50:51.247 W/Delight5Decoder( 1511): Delight5DecoderWrapper.shouldAbandonMessage():1983 Detected old [FetchSuggestions] request in background: 1411<1412
10-17 01:50:51.269 I/GoogleInputMethodService( 1511): GoogleInputMethodService.setKeyboardViewShown():3483 setKeyboardViewShown() : type = HEADER, shownType = SHOW_MANDATORY_WITH_ANIMATION
10-17 01:50:51.269 I/GoogleInputMethodService( 1511): GoogleInputMethodService.setKeyboardViewShown():3530 setKeyboardViewShown() : shouldShow = true
10-17 01:50:51.295 I/Monkey  ( 2026): :Sending Touch (ACTION_DOWN): 0:(961.0,1482.0)
10-17 01:50:51.295 D/TaplEvents( 1064): TIS / TouchInteractionService.onInputEvent: MotionEvent { action=ACTION_DOWN, actionButton=0, id[0]=0, x[0]=961.0, y[0]=1482.0, toolType[0]=TOOL_TYPE_UNKNOWN, buttonState=0, classification=NONE, metaState=0, flags=0x0, edgeFlags=0x0, pointerCount=1, historySize=0, eventTime=32527358, downTime=32527358, deviceId=-1, source=0x1002, displayId=0, eventId=-937928418 }
10-17 01:50:51.296 I/Monkey  ( 2026): :Sending Touch (ACTION_UP): 0:(970.3466,1482.3176)
10-17 01:50:51.297 D/TaplEvents( 1064): TIS / TouchInteractionService.onInputEvent: MotionEvent { action=ACTION_UP, actionButton=0, id[0]=0, x[0]=970.3466, y[0]=1482.3176, toolType[0]=TOOL_TYPE_UNKNOWN, buttonState=0, classification=NONE, metaState=0, flags=0x0, edgeFlags=0x0, pointerCount=1, historySize=0, eventTime=32527360, downTime=32527358, deviceId=-1, source=0x1002, displayId=0, eventId=-409966874 }
10-17 01:50:51.348 D/InputDispatcher(  507): Touch mode switch rejected, caller (pid=0, uid=10177) doesn't own the focused window nor none of the previously interacted window
10-17 01:50:51.399 I/Monkey  ( 2026): :Sending Touch (ACTION_DOWN): 0:(106.0,1292.0)
10-17 01:50:51.400 I/Monkey  ( 2026): :Sending Touch (ACTION_UP): 0:(102.39283,1309.8619)
10-17 01:50:51.400 D/TaplEvents( 1064): TIS / TouchInteractionService.onInputEvent: MotionEvent { action=ACTION_DOWN, actionButton=0, id[0]=0, x[0]=106.0, y[0]=1292.0, toolType[0]=TOOL_TYPE_UNKNOWN, buttonState=0, classification=NONE, metaState=0, flags=0x0, edgeFlags=0x0, pointerCount=1, historySize=0, eventTime=32527463, downTime=32527463, deviceId=-1, source=0x1002, displayId=0, eventId=-660744213 }
10-17 01:50:51.401 D/TaplEvents( 1064): TIS / TouchInteractionService.onInputEvent: MotionEvent { action=ACTION_UP, actionButton=0, id[0]=0, x[0]=102.39283, y[0]=1309.8619, toolType[0]=TOOL_TYPE_UNKNOWN, buttonState=0, classification=NONE, metaState=0, flags=0x0, edgeFlags=0x0, pointerCount=1, historySize=0, eventTime=32527464, downTime=32527463, deviceId=-1, source=0x1002, displayId=0, eventId=-727983425 }
10-17 01:50:51.453 I/Monkey  ( 2026): :Sending Touch (ACTION_DOWN): 0:(498.0,1411.0)
10-17 01:50:51.454 D/TaplEvents( 1064): TIS / TouchInteractionService.onInputEvent: MotionEvent { action=ACTION_DOWN, actionButton=0, id[0]=0, x[0]=498.0, y[0]=1411.0, toolType[0]=TOOL_TYPE_UNKNOWN, buttonState=0, classification=NONE, metaState=0, flags=0x0, edgeFlags=0x0, pointerCount=1, historySize=0, eventTime=32527517, downTime=32527517, deviceId=-1, source=0x1002, displayId=0, eventId=-798538605 }
10-17 01:50:51.454 I/Monkey  ( 2026): :Sending Touch (ACTION_UP): 0:(498.41153,1420.7676)
10-17 01:50:51.455 D/TaplEvents( 1064): TIS / TouchInteractionService.onInputEvent: MotionEvent { action=ACTION_UP, actionButton=0, id[0]=0, x[0]=498.41153, y[0]=1420.7676, toolType[0]=TOOL_TYPE_UNKNOWN, buttonState=0, classification=NONE, metaState=0, flags=0x0, edgeFlags=0x0, pointerCount=1, historySize=0, eventTime=32527518, downTime=32527517, deviceId=-1, source=0x1002, displayId=0, eventId=-318982542 }
10-17 01:50:51.506 I/Monkey  ( 2026): :Sending Touch (ACTION_DOWN): 0:(94.0,648.0)
10-17 01:50:51.508 I/Monkey  ( 2026): :Sending Touch (ACTION_UP): 0:(112.11709,661.9282)
10-17 01:50:51.508 D/TaplEvents( 1064): TIS / TouchInteractionService.onInputEvent: MotionEvent { action=ACTION_DOWN, actionButton=0, id[0]=0, x[0]=94.0, y[0]=648.0, toolType[0]=TOOL_TYPE_UNKNOWN, buttonState=0, classification=NONE, metaState=0, flags=0x0, edgeFlags=0x0, pointerCount=1, historySize=0, eventTime=32527570, downTime=32527570, deviceId=-1, source=0x1002, displayId=0, eventId=-585065041 }
10-17 01:50:51.509 D/TaplEvents( 1064): TIS / TouchInteractionService.onInputEvent: MotionEvent { action=ACTION_UP, actionButton=0, id[0]=0, x[0]=112.11709, y[0]=661.9282, toolType[0]=TOOL_TYPE_UNKNOWN, buttonState=0, classification=NONE, metaState=0, flags=0x0, edgeFlags=0x0, pointerCount=1, historySize=0, eventTime=32527572, downTime=32527570, deviceId=-1, source=0x1002, displayId=0, eventId=-916901671 }
10-17 01:50:51.526 D/EGL_emulation( 1755): app_time_stats: avg=14.08ms min=1.14ms max=32.66ms count=60
10-17 01:50:51.559 W/TooltipLifecycleManager( 1511): TooltipLifecycleManager.dismissTooltips():159 Tooltip with id spell_check_add_to_dictionary not found in tooltipManager.
10-17 01:50:51.560 I/Monkey  ( 2026): :Sending Touch (ACTION_DOWN): 0:(655.0,356.0)
10-17 01:50:51.561 D/TaplEvents( 1064): TIS / TouchInteractionService.onInputEvent: MotionEvent { action=ACTION_DOWN, actionButton=0, id[0]=0, x[0]=655.0, y[0]=356.0, toolType[0]=TOOL_TYPE_UNKNOWN, buttonState=0, classification=NONE, metaState=0, flags=0x0, edgeFlags=0x0, pointerCount=1, historySize=0, eventTime=32527624, downTime=32527624, deviceId=-1, source=0x1002, displayId=0, eventId=-658047459 }
10-17 01:50:51.562 I/Monkey  ( 2026): :Sending Touch (ACTION_UP): 0:(635.727,349.4555)
10-17 01:50:51.562 D/TaplEvents( 1064): TIS / TouchInteractionService.onInputEvent: MotionEvent { action=ACTION_UP, actionButton=0, id[0]=0, x[0]=635.727, y[0]=349.4555, toolType[0]=TOOL_TYPE_UNKNOWN, buttonState=0, classification=NONE, metaState=0, flags=0x0, edgeFlags=0x0, pointerCount=1, historySize=0, eventTime=32527625, downTime=32527624, deviceId=-1, source=0x1002, displayId=0, eventId=-320362741 }
10-17 01:50:51.563 I/GoogleInputMethodService( 1511): GoogleInputMethodService.setKeyboardViewShown():3483 setKeyboardViewShown() : type = HEADER, shownType = SHOW_MANDATORY_WITH_ANIMATION
10-17 01:50:51.563 I/GoogleInputMethodService( 1511): GoogleInputMethodService.setKeyboardViewShown():3530 setKeyboardViewShown() : shouldShow = true
10-17 01:50:51.614 D/InputDispatcher(  507): Touch mode switch rejected, caller (pid=0, uid=10177) doesn't own the focused window nor none of the previously interacted window
10-17 01:50:51.667 D/InputMethodManager( 1755): showSoftInput() view=org.telegram.ui.GroupCreateActivity$4{cd97ea9 VFED..CL. .F.P.... 0,0-408,88 aid=1073741841} flags=0 reason=SHOW_SOFT_INPUT
10-17 01:50:51.676 D/InsetsController( 1755): show(ime(), fromIme=true)
10-17 01:50:51.718 I/Monkey  ( 2026): :Sending Touch (ACTION_DOWN): 0:(511.0,405.0)
10-17 01:50:51.719 D/TaplEvents( 1064): TIS / TouchInteractionService.onInputEvent: MotionEvent { action=ACTION_DOWN, actionButton=0, id[0]=0, x[0]=511.0, y[0]=405.0, toolType[0]=TOOL_TYPE_UNKNOWN, buttonState=0, classification=NONE, metaState=0, flags=0x0, edgeFlags=0x0, pointerCount=1, historySize=0, eventTime=32527782, downTime=32527782, deviceId=-1, source=0x1002, displayId=0, eventId=-880818093 }
10-17 01:50:51.719 I/Monkey  ( 2026): :Sending Touch (ACTION_UP): 0:(511.8072,403.19357)
10-17 01:50:51.721 D/TaplEvents( 1064): TIS / TouchInteractionService.onInputEvent: MotionEvent { action=ACTION_UP, actionButton=0, id[0]=0, x[0]=511.8072, y[0]=403.19357, toolType[0]=TOOL_TYPE_UNKNOWN, buttonState=0, classification=NONE, metaState=0, flags=0x0, edgeFlags=0x0, pointerCount=1, historySize=0, eventTime=32527783, downTime=32527782, deviceId=-1, source=0x1002, displayId=0, eventId=-215709868 }
10-17 01:50:51.773 I/Monkey  ( 2026): :Sending Touch (ACTION_DOWN): 0:(495.0,342.0)
10-17 01:50:51.775 D/TaplEvents( 1064): TIS / TouchInteractionService.onInputEvent: MotionEvent { action=ACTION_DOWN, actionButton=0, id[0]=0, x[0]=495.0, y[0]=342.0, toolType[0]=TOOL_TYPE_UNKNOWN, buttonState=0, classification=NONE, metaState=0, flags=0x0, edgeFlags=0x0, pointerCount=1, historySize=0, eventTime=32527837, downTime=32527837, deviceId=-1, source=0x1002, displayId=0, eventId=-899013091 }
10-17 01:50:51.776 I/Monkey  ( 2026): :Sending Touch (ACTION_UP): 0:(483.7768,327.54254)
10-17 01:50:51.777 D/TaplEvents( 1064): TIS / TouchInteractionService.onInputEvent: MotionEvent { action=ACTION_UP, actionButton=0, id[0]=0, x[0]=483.7768, y[0]=327.54254, toolType[0]=TOOL_TYPE_UNKNOWN, buttonState=0, classification=NONE, metaState=0, flags=0x0, edgeFlags=0x0, pointerCount=1, historySize=0, eventTime=32527839, downTime=32527837, deviceId=-1, source=0x1002, displayId=0, eventId=-824821993 }
10-17 01:50:51.827 W/TooltipLifecycleManager( 1511): TooltipLifecycleManager.dismissTooltips():159 Tooltip with id spell_check_add_to_dictionary not found in tooltipManager.
10-17 01:50:51.828 I/Monkey  ( 2026): :Sending Touch (ACTION_DOWN): 0:(411.0,45.0)
10-17 01:50:51.828 D/TaplEvents( 1064): TIS / TouchInteractionService.onInputEvent: MotionEvent { action=ACTION_DOWN, actionButton=0, id[0]=0, x[0]=411.0, y[0]=45.0, toolType[0]=TOOL_TYPE_UNKNOWN, buttonState=0, classification=NONE, metaState=0, flags=0x0, edgeFlags=0x0, pointerCount=1, historySize=0, eventTime=32527891, downTime=32527891, deviceId=-1, source=0x1002, displayId=0, eventId=-398027424 }
10-17 01:50:51.829 I/Monkey  ( 2026): :Sending Touch (ACTION_UP): 0:(410.82907,34.657642)
10-17 01:50:51.830 D/TaplEvents( 1064): TIS / TouchInteractionService.onInputEvent: MotionEvent { action=ACTION_UP, actionButton=0, id[0]=0, x[0]=410.82907, y[0]=34.657642, toolType[0]=TOOL_TYPE_UNKNOWN, buttonState=0, classification=NONE, metaState=0, flags=0x0, edgeFlags=0x0, pointerCount=1, historySize=0, eventTime=32527893, downTime=32527891, deviceId=-1, source=0x1002, displayId=0, eventId=-331314739 }
10-17 01:50:51.830 I/GoogleInputMethodService( 1511): GoogleInputMethodService.setKeyboardViewShown():3483 setKeyboardViewShown() : type = HEADER, shownType = SHOW_MANDATORY_WITH_ANIMATION
10-17 01:50:51.830 I/GoogleInputMethodService( 1511): GoogleInputMethodService.setKeyboardViewShown():3530 setKeyboardViewShown() : shouldShow = true
10-17 01:50:51.881 I/Monkey  ( 2026): :Sending Touch (ACTION_DOWN): 0:(18.0,852.0)
10-17 01:50:51.882 D/TaplEvents( 1064): TIS / TouchInteractionService.onInputEvent: MotionEvent { action=ACTION_DOWN, actionButton=0, id[0]=0, x[0]=18.0, y[0]=852.0, toolType[0]=TOOL_TYPE_UNKNOWN, buttonState=0, classification=NONE, metaState=0, flags=0x0, edgeFlags=0x0, pointerCount=1, historySize=0, eventTime=32527945, downTime=32527945, deviceId=-1, source=0x1002, displayId=0, eventId=-143938474 }
10-17 01:50:51.882 I/Monkey  ( 2026): :Sending Touch (ACTION_UP): 0:(20.968977,851.7786)
10-17 01:50:51.883 D/TaplEvents( 1064): TIS / TouchInteractionService.onInputEvent: MotionEvent { action=ACTION_UP, actionButton=0, id[0]=0, x[0]=20.968977, y[0]=851.7786, toolType[0]=TOOL_TYPE_UNKNOWN, buttonState=0, classification=NONE, metaState=0, flags=0x0, edgeFlags=0x0, pointerCount=1, historySize=0, eventTime=32527946, downTime=32527945, deviceId=-1, source=0x1002, displayId=0, eventId=-148353670 }
10-17 01:50:51.883 I/BpBinder(  337): onLastStrongRef automatically unlinking death recipients: <uncached descriptor>
10-17 01:50:51.883 D/ShellBackPreview(  709): Finishing gesture with event action: 1
10-17 01:50:51.883 D/ShellBackPreview(  709): onGestureFinished() mTriggerBack == false
10-17 01:50:51.883 D/ShellBackPreview(  709): BackAnimationController: finishAnimation()
10-17 01:50:51.934 I/Monkey  ( 2026): :Sending Touch (ACTION_DOWN): 0:(599.0,1425.0)
10-17 01:50:51.935 I/Monkey  ( 2026): :Sending Touch (ACTION_UP): 0:(599.3779,1411.0731)
10-17 01:50:51.935 D/TaplEvents( 1064): TIS / TouchInteractionService.onInputEvent: MotionEvent { action=ACTION_DOWN, actionButton=0, id[0]=0, x[0]=599.0, y[0]=1425.0, toolType[0]=TOOL_TYPE_UNKNOWN, buttonState=0, classification=NONE, metaState=0, flags=0x0, edgeFlags=0x0, pointerCount=1, historySize=0, eventTime=32527998, downTime=32527998, deviceId=-1, source=0x1002, displayId=0, eventId=-510861756 }
10-17 01:50:51.936 D/TaplEvents( 1064): TIS / TouchInteractionService.onInputEvent: MotionEvent { action=ACTION_UP, actionButton=0, id[0]=0, x[0]=599.3779, y[0]=1411.0731, toolType[0]=TOOL_TYPE_UNKNOWN, buttonState=0, classification=NONE, metaState=0, flags=0x0, edgeFlags=0x0, pointerCount=1, historySize=0, eventTime=32527999, downTime=32527998, deviceId=-1, source=0x1002, displayId=0, eventId=-449392691 }
10-17 01:50:51.989 I/Monkey  ( 2026): :Sending Touch (ACTION_DOWN): 0:(678.0,768.0)
10-17 01:50:51.990 I/Monkey  ( 2026): :Sending Touch (ACTION_UP): 0:(681.73706,767.81714)
10-17 01:50:51.993 D/TaplEvents( 1064): TIS / TouchInteractionService.onInputEvent: MotionEvent { action=ACTION_DOWN, actionButton=0, id[0]=0, x[0]=678.0, y[0]=768.0, toolType[0]=TOOL_TYPE_UNKNOWN, buttonState=0, classification=NONE, metaState=0, flags=0x0, edgeFlags=0x0, pointerCount=1, historySize=0, eventTime=32528053, downTime=32528053, deviceId=-1, source=0x1002, displayId=0, eventId=-1049023758 }
10-17 01:50:51.993 D/TaplEvents( 1064): TIS / TouchInteractionService.onInputEvent: MotionEvent { action=ACTION_UP, actionButton=0, id[0]=0, x[0]=681.73706, y[0]=767.81714, toolType[0]=TOOL_TYPE_UNKNOWN, buttonState=0, classification=NONE, metaState=0, flags=0x0, edgeFlags=0x0, pointerCount=1, historySize=0, eventTime=32528054, downTime=32528053, deviceId=-1, source=0x1002, displayId=0, eventId=-539463159 }
10-17 01:50:52.043 I/Monkey  ( 2026): :Sending Touch (ACTION_DOWN): 0:(487.0,846.0)
10-17 01:50:52.045 D/TaplEvents( 1064): TIS / TouchInteractionService.onInputEvent: MotionEvent { action=ACTION_DOWN, actionButton=0, id[0]=0, x[0]=487.0, y[0]=846.0, toolType[0]=TOOL_TYPE_UNKNOWN, buttonState=0, classification=NONE, metaState=0, flags=0x0, edgeFlags=0x0, pointerCount=1, historySize=0, eventTime=32528107, downTime=32528107, deviceId=-1, source=0x1002, displayId=0, eventId=-824551184 }
10-17 01:50:52.046 I/Monkey  ( 2026): :Sending Touch (ACTION_UP): 0:(485.63458,830.0274)
10-17 01:50:52.046 D/TaplEvents( 1064): TIS / TouchInteractionService.onInputEvent: MotionEvent { action=ACTION_UP, actionButton=0, id[0]=0, x[0]=485.63458, y[0]=830.0274, toolType[0]=TOOL_TYPE_UNKNOWN, buttonState=0, classification=NONE, metaState=0, flags=0x0, edgeFlags=0x0, pointerCount=1, historySize=0, eventTime=32528110, downTime=32528107, deviceId=-1, source=0x1002, displayId=0, eventId=-648254684 }
10-17 01:50:52.097 I/Monkey  ( 2026): :Sending Touch (ACTION_DOWN): 0:(792.0,726.0)
10-17 01:50:52.098 I/Monkey  ( 2026): :Sending Touch (ACTION_UP): 0:(790.62494,721.50934)
10-17 01:50:52.098 D/TaplEvents( 1064): TIS / TouchInteractionService.onInputEvent: MotionEvent { action=ACTION_DOWN, actionButton=0, id[0]=0, x[0]=792.0, y[0]=726.0, toolType[0]=TOOL_TYPE_UNKNOWN, buttonState=0, classification=NONE, metaState=0, flags=0x0, edgeFlags=0x0, pointerCount=1, historySize=0, eventTime=32528161, downTime=32528161, deviceId=-1, source=0x1002, displayId=0, eventId=-729490308 }
10-17 01:50:52.099 D/TaplEvents( 1064): TIS / TouchInteractionService.onInputEvent: MotionEvent { action=ACTION_UP, actionButton=0, id[0]=0, x[0]=790.62494, y[0]=721.50934, toolType[0]=TOOL_TYPE_UNKNOWN, buttonState=0, classification=NONE, metaState=0, flags=0x0, edgeFlags=0x0, pointerCount=1, historySize=0, eventTime=32528162, downTime=32528161, deviceId=-1, source=0x1002, displayId=0, eventId=-556751840 }
10-17 01:50:52.204 I/Monkey  ( 2026): :Sending Touch (ACTION_DOWN): 0:(419.0,1757.0)
10-17 01:50:52.207 I/Monkey  ( 2026): :Sending Touch (ACTION_UP): 0:(429.0714,1758.9336)
10-17 01:50:52.207 D/TaplEvents( 1064): TIS / TouchInteractionService.onInputEvent: MotionEvent { action=ACTION_DOWN, actionButton=0, id[0]=0, x[0]=419.0, y[0]=1757.0, toolType[0]=TOOL_TYPE_UNKNOWN, buttonState=0, classification=NONE, metaState=0, flags=0x0, edgeFlags=0x0, pointerCount=1, historySize=0, eventTime=32528268, downTime=32528268, deviceId=-1, source=0x1002, displayId=0, eventId=-754655986 }
10-17 01:50:52.209 D/TaplEvents( 1064): TIS / TouchInteractionService.onInputEvent: MotionEvent { action=ACTION_UP, actionButton=0, id[0]=0, x[0]=429.0714, y[0]=1758.9336, toolType[0]=TOOL_TYPE_UNKNOWN, buttonState=0, classification=NONE, metaState=0, flags=0x0, edgeFlags=0x0, pointerCount=1, historySize=0, eventTime=32528271, downTime=32528268, deviceId=-1, source=0x1002, displayId=0, eventId=-401130238 }
10-17 01:50:52.227 D/EGL_emulation( 1511): app_time_stats: avg=248.84ms min=11.98ms max=951.55ms count=5
10-17 01:50:52.233 I/GoogleInputMethodService( 1511): GoogleInputMethodService.setKeyboardViewShown():3483 setKeyboardViewShown() : type = HEADER, shownType = SHOW_MANDATORY_WITH_ANIMATION
10-17 01:50:52.233 I/GoogleInputMethodService( 1511): GoogleInputMethodService.setKeyboardViewShown():3530 setKeyboardViewShown() : shouldShow = true
10-17 01:50:52.261 D/InputDispatcher(  507): Touch mode switch rejected, caller (pid=0, uid=10177) doesn't own the focused window nor none of the previously interacted window
10-17 01:50:52.262 D/InputMethodManager( 1755): showSoftInput() view=org.telegram.ui.GroupCreateActivity$4{cd97ea9 VFED..CL. .F.P.... 0,0-742,88 aid=1073741841} flags=0 reason=SHOW_SOFT_INPUT
10-17 01:50:52.275 D/InsetsController( 1755): show(ime(), fromIme=true)
10-17 01:50:52.312 I/Monkey  ( 2026): :Sending Touch (ACTION_DOWN): 0:(66.0,1950.0)
10-17 01:50:52.313 D/TaplEvents( 1064): TIS / TouchInteractionService.onInputEvent: MotionEvent { action=ACTION_DOWN, actionButton=0, id[0]=0, x[0]=66.0, y[0]=1950.0, toolType[0]=TOOL_TYPE_UNKNOWN, buttonState=0, classification=NONE, metaState=0, flags=0x0, edgeFlags=0x0, pointerCount=1, historySize=0, eventTime=32528376, downTime=32528376, deviceId=-1, source=0x1002, displayId=0, eventId=-1043335133 }
10-17 01:50:52.313 I/Monkey  ( 2026): :Sending Touch (ACTION_UP): 0:(67.13547,1953.9896)
10-17 01:50:52.314 D/TaplEvents( 1064): TIS / TouchInteractionService.onInputEvent: MotionEvent { action=ACTION_UP, actionButton=0, id[0]=0, x[0]=67.13547, y[0]=1953.9896, toolType[0]=TOOL_TYPE_UNKNOWN, buttonState=0, classification=NONE, metaState=0, flags=0x0, edgeFlags=0x0, pointerCount=1, historySize=0, eventTime=32528377, downTime=32528376, deviceId=-1, source=0x1002, displayId=0, eventId=-597148826 }
10-17 01:50:52.315 I/Monkey  ( 2026):     //[calendar_time:2025-10-17 01:50:52.315  system_uptime:32528379]
10-17 01:50:52.315 I/Monkey  ( 2026):     // Sending event #700
10-17 01:50:52.328 I/GoogleInputMethodService( 1511): GoogleInputMethodService.setKeyboardViewShown():3483 setKeyboardViewShown() : type = HEADER, shownType = SHOW_MANDATORY_WITH_ANIMATION
10-17 01:50:52.329 I/GoogleInputMethodService( 1511): GoogleInputMethodService.setKeyboardViewShown():3530 setKeyboardViewShown() : shouldShow = true
10-17 01:50:52.365 I/Monkey  ( 2026):     //[calendar_time:2025-10-17 01:50:52.365  system_uptime:32528429]
10-17 01:50:52.365 I/Monkey  ( 2026):     // Sending event #700
10-17 01:50:52.365 I/Monkey  ( 2026): :Sending Touch (ACTION_DOWN): 0:(265.0,1242.0)
10-17 01:50:52.366 D/TaplEvents( 1064): TIS / TouchInteractionService.onInputEvent: MotionEvent { action=ACTION_DOWN, actionButton=0, id[0]=0, x[0]=265.0, y[0]=1242.0, toolType[0]=TOOL_TYPE_UNKNOWN, buttonState=0, classification=NONE, metaState=0, flags=0x0, edgeFlags=0x0, pointerCount=1, historySize=0, eventTime=32528429, downTime=32528429, deviceId=-1, source=0x1002, displayId=0, eventId=-253840497 }
10-17 01:50:52.366 I/Monkey  ( 2026): :Sending Touch (ACTION_UP): 0:(252.62505,1242.3522)
10-17 01:50:52.367 D/TaplEvents( 1064): TIS / TouchInteractionService.onInputEvent: MotionEvent { action=ACTION_UP, actionButton=0, id[0]=0, x[0]=252.62505, y[0]=1242.3522, toolType[0]=TOOL_TYPE_UNKNOWN, buttonState=0, classification=NONE, metaState=0, flags=0x0, edgeFlags=0x0, pointerCount=1, historySize=0, eventTime=32528430, downTime=32528429, deviceId=-1, source=0x1002, displayId=0, eventId=-681579319 }
10-17 01:50:52.418 I/Monkey  ( 2026): :Sending Touch (ACTION_DOWN): 0:(962.0,1837.0)
10-17 01:50:52.419 D/TaplEvents( 1064): TIS / TouchInteractionService.onInputEvent: MotionEvent { action=ACTION_DOWN, actionButton=0, id[0]=0, x[0]=962.0, y[0]=1837.0, toolType[0]=TOOL_TYPE_UNKNOWN, buttonState=0, classification=NONE, metaState=0, flags=0x0, edgeFlags=0x0, pointerCount=1, historySize=0, eventTime=32528482, downTime=32528482, deviceId=-1, source=0x1002, displayId=0, eventId=-661891045 }
10-17 01:50:52.419 I/Monkey  ( 2026): :Sending Touch (ACTION_UP): 0:(970.0533,1826.1809)
10-17 01:50:52.419 D/TaplEvents( 1064): TIS / TouchInteractionService.onInputEvent: MotionEvent { action=ACTION_UP, actionButton=0, id[0]=0, x[0]=970.0533, y[0]=1826.1809, toolType[0]=TOOL_TYPE_UNKNOWN, buttonState=0, classification=NONE, metaState=0, flags=0x0, edgeFlags=0x0, pointerCount=1, historySize=0, eventTime=32528483, downTime=32528482, deviceId=-1, source=0x1002, displayId=0, eventId=-40426366 }
10-17 01:50:52.424 I/GoogleInputMethodService( 1511): GoogleInputMethodService.setKeyboardViewShown():3483 setKeyboardViewShown() : type = HEADER, shownType = SHOW_MANDATORY_WITH_ANIMATION
10-17 01:50:52.424 I/GoogleInputMethodService( 1511): GoogleInputMethodService.setKeyboardViewShown():3530 setKeyboardViewShown() : shouldShow = true
10-17 01:50:52.471 D/InputDispatcher(  507): Touch mode switch rejected, caller (pid=0, uid=10177) doesn't own the focused window nor none of the previously interacted window
10-17 01:50:52.523 I/Monkey  ( 2026): :Sending Touch (ACTION_DOWN): 0:(174.0,1308.0)
10-17 01:50:52.524 D/TaplEvents( 1064): TIS / TouchInteractionService.onInputEvent: MotionEvent { action=ACTION_DOWN, actionButton=0, id[0]=0, x[0]=174.0, y[0]=1308.0, toolType[0]=TOOL_TYPE_UNKNOWN, buttonState=0, classification=NONE, metaState=0, flags=0x0, edgeFlags=0x0, pointerCount=1, historySize=0, eventTime=32528587, downTime=32528587, deviceId=-1, source=0x1002, displayId=0, eventId=-290246051 }
10-17 01:50:52.525 I/Monkey  ( 2026): :Sending Touch (ACTION_UP): 0:(185.25066,1305.4839)
10-17 01:50:52.526 D/TaplEvents( 1064): TIS / TouchInteractionService.onInputEvent: MotionEvent { action=ACTION_UP, actionButton=0, id[0]=0, x[0]=185.25066, y[0]=1305.4839, toolType[0]=TOOL_TYPE_UNKNOWN, buttonState=0, classification=NONE, metaState=0, flags=0x0, edgeFlags=0x0, pointerCount=1, historySize=0, eventTime=32528588, downTime=32528587, deviceId=-1, source=0x1002, displayId=0, eventId=-645668141 }
10-17 01:50:52.527 D/EGL_emulation( 1755): app_time_stats: avg=1.83ms min=0.83ms max=3.81ms count=60
10-17 01:50:52.576 I/Monkey  ( 2026): :Sending Touch (ACTION_DOWN): 0:(214.0,1568.0)
10-17 01:50:52.577 I/Monkey  ( 2026): :Sending Touch (ACTION_UP): 0:(211.55875,1567.174)
10-17 01:50:52.577 D/TaplEvents( 1064): TIS / TouchInteractionService.onInputEvent: MotionEvent { action=ACTION_DOWN, actionButton=0, id[0]=0, x[0]=214.0, y[0]=1568.0, toolType[0]=TOOL_TYPE_UNKNOWN, buttonState=0, classification=NONE, metaState=0, flags=0x0, edgeFlags=0x0, pointerCount=1, historySize=0, eventTime=32528640, downTime=32528640, deviceId=-1, source=0x1002, displayId=0, eventId=-621540530 }
10-17 01:50:52.577 D/TaplEvents( 1064): TIS / TouchInteractionService.onInputEvent: MotionEvent { action=ACTION_UP, actionButton=0, id[0]=0, x[0]=211.55875, y[0]=1567.174, toolType[0]=TOOL_TYPE_UNKNOWN, buttonState=0, classification=NONE, metaState=0, flags=0x0, edgeFlags=0x0, pointerCount=1, historySize=0, eventTime=32528641, downTime=32528640, deviceId=-1, source=0x1002, displayId=0, eventId=-792744485 }
10-17 01:50:52.580 E/native  ( 1511): E0000 00:00:1760637052.579997    1511 touch-center-module.cc:376] [TouchCenter] Can't find key at (962, 209)
10-17 01:50:52.591 W/InputContextProxyV4( 1511): InputContextProxyV4.applyClientDiffInternal():897 Ignore [FetchSuggestions] diff due to stale request: 1425<1426, inputStateId=1441, lastInputStateId=1440
10-17 01:50:52.592 I/GoogleInputMethodService( 1511): GoogleInputMethodService.setKeyboardViewShown():3483 setKeyboardViewShown() : type = HEADER, shownType = SHOW_MANDATORY_WITH_ANIMATION
10-17 01:50:52.592 I/GoogleInputMethodService( 1511): GoogleInputMethodService.setKeyboardViewShown():3530 setKeyboardViewShown() : shouldShow = true
10-17 01:50:52.628 I/Monkey  ( 2026): :Sending Touch (ACTION_DOWN): 0:(221.0,859.0)
10-17 01:50:52.628 I/Monkey  ( 2026): :Sending Touch (ACTION_UP): 0:(220.51456,854.22754)
10-17 01:50:52.629 D/TaplEvents( 1064): TIS / TouchInteractionService.onInputEvent: MotionEvent { action=ACTION_DOWN, actionButton=0, id[0]=0, x[0]=221.0, y[0]=859.0, toolType[0]=TOOL_TYPE_UNKNOWN, buttonState=0, classification=NONE, metaState=0, flags=0x0, edgeFlags=0x0, pointerCount=1, historySize=0, eventTime=32528692, downTime=32528692, deviceId=-1, source=0x1002, displayId=0, eventId=-875308424 }
10-17 01:50:52.629 D/TaplEvents( 1064): TIS / TouchInteractionService.onInputEvent: MotionEvent { action=ACTION_UP, actionButton=0, id[0]=0, x[0]=220.51456, y[0]=854.22754, toolType[0]=TOOL_TYPE_UNKNOWN, buttonState=0, classification=NONE, metaState=0, flags=0x0, edgeFlags=0x0, pointerCount=1, historySize=0, eventTime=32528692, downTime=32528692, deviceId=-1, source=0x1002, displayId=0, eventId=-747628696 }
10-17 01:50:52.675 W/TooltipLifecycleManager( 1511): TooltipLifecycleManager.dismissTooltips():159 Tooltip with id spell_check_add_to_dictionary not found in tooltipManager.
10-17 01:50:52.679 I/Monkey  ( 2026): :Sending Trackball (ACTION_MOVE): 0:(-2.0,-4.0)
10-17 01:50:52.684 I/Monkey  ( 2026): :Sending Touch (ACTION_DOWN): 0:(111.0,1506.0)
10-17 01:50:52.685 I/Monkey  ( 2026): :Sending Touch (ACTION_UP): 0:(103.48196,1505.5834)
10-17 01:50:52.685 D/TaplEvents( 1064): TIS / TouchInteractionService.onInputEvent: MotionEvent { action=ACTION_DOWN, actionButton=0, id[0]=0, x[0]=111.0, y[0]=1506.0, toolType[0]=TOOL_TYPE_UNKNOWN, buttonState=0, classification=NONE, metaState=0, flags=0x0, edgeFlags=0x0, pointerCount=1, historySize=0, eventTime=32528748, downTime=32528748, deviceId=-1, source=0x1002, displayId=0, eventId=-540673791 }
10-17 01:50:52.686 D/TaplEvents( 1064): TIS / TouchInteractionService.onInputEvent: MotionEvent { action=ACTION_UP, actionButton=0, id[0]=0, x[0]=103.48196, y[0]=1505.5834, toolType[0]=TOOL_TYPE_UNKNOWN, buttonState=0, classification=NONE, metaState=0, flags=0x0, edgeFlags=0x0, pointerCount=1, historySize=0, eventTime=32528749, downTime=32528748, deviceId=-1, source=0x1002, displayId=0, eventId=-310351314 }
10-17 01:50:52.692 W/InputEventSender( 1755): Received 'finished' signal for unknown seq number = 396
10-17 01:50:52.692 W/InputEventSender( 1755): Received 'finished' signal for unknown seq number = 397
10-17 01:50:52.692 W/InputEventSender( 1755): Received 'finished' signal for unknown seq number = 398
10-17 01:50:52.692 W/InputEventSender( 1755): Received 'finished' signal for unknown seq number = 399
10-17 01:50:52.692 W/InputEventSender( 1755): Received 'finished' signal for unknown seq number = 400
10-17 01:50:52.692 W/InputEventSender( 1755): Received 'finished' signal for unknown seq number = 401
10-17 01:50:52.692 W/InputEventSender( 1755): Received 'finished' signal for unknown seq number = 402
10-17 01:50:52.692 W/InputEventSender( 1755): Received 'finished' signal for unknown seq number = 403
10-17 01:50:52.692 W/InputEventSender( 1755): Received 'finished' signal for unknown seq number = 404
10-17 01:50:52.693 D/InputDispatcher(  507): Touch mode switch rejected, caller (pid=0, uid=10177) doesn't own the focused window nor none of the previously interacted window
10-17 01:50:52.736 I/Monkey  ( 2026): :Sending Touch (ACTION_DOWN): 0:(328.0,659.0)
10-17 01:50:52.737 D/TaplEvents( 1064): TIS / TouchInteractionService.onInputEvent: MotionEvent { action=ACTION_DOWN, actionButton=0, id[0]=0, x[0]=328.0, y[0]=659.0, toolType[0]=TOOL_TYPE_UNKNOWN, buttonState=0, classification=NONE, metaState=0, flags=0x0, edgeFlags=0x0, pointerCount=1, historySize=0, eventTime=32528799, downTime=32528799, deviceId=-1, source=0x1002, displayId=0, eventId=-87805321 }
10-17 01:50:52.737 I/Monkey  ( 2026): :Sending Touch (ACTION_UP): 0:(331.01035,659.5462)
10-17 01:50:52.738 D/TaplEvents( 1064): TIS / TouchInteractionService.onInputEvent: MotionEvent { action=ACTION_UP, actionButton=0, id[0]=0, x[0]=331.01035, y[0]=659.5462, toolType[0]=TOOL_TYPE_UNKNOWN, buttonState=0, classification=NONE, metaState=0, flags=0x0, edgeFlags=0x0, pointerCount=1, historySize=0, eventTime=32528801, downTime=32528799, deviceId=-1, source=0x1002, displayId=0, eventId=-15177389 }
10-17 01:50:52.790 I/Monkey  ( 2026): :Sending Trackball (ACTION_MOVE): 0:(1.0,0.0)
10-17 01:50:52.796 I/Monkey  ( 2026): :Sending Trackball (ACTION_MOVE): 0:(-2.0,4.0)
10-17 01:50:52.801 I/Monkey  ( 2026): :Sending Trackball (ACTION_MOVE): 0:(3.0,-1.0)
10-17 01:50:52.808 I/Monkey  ( 2026): :Sending Touch (ACTION_DOWN): 0:(213.0,557.0)
10-17 01:50:52.809 I/Monkey  ( 2026): :Sending Touch (ACTION_UP): 0:(213.23224,552.8605)
10-17 01:50:52.809 D/TaplEvents( 1064): TIS / TouchInteractionService.onInputEvent: MotionEvent { action=ACTION_DOWN, actionButton=0, id[0]=0, x[0]=213.0, y[0]=557.0, toolType[0]=TOOL_TYPE_UNKNOWN, buttonState=0, classification=NONE, metaState=0, flags=0x0, edgeFlags=0x0, pointerCount=1, historySize=0, eventTime=32528872, downTime=32528872, deviceId=-1, source=0x1002, displayId=0, eventId=-637743239 }
10-17 01:50:52.809 D/TaplEvents( 1064): TIS / TouchInteractionService.onInputEvent: MotionEvent { action=ACTION_UP, actionButton=0, id[0]=0, x[0]=213.23224, y[0]=552.8605, toolType[0]=TOOL_TYPE_UNKNOWN, buttonState=0, classification=NONE, metaState=0, flags=0x0, edgeFlags=0x0, pointerCount=1, historySize=0, eventTime=32528873, downTime=32528872, deviceId=-1, source=0x1002, displayId=0, eventId=-807032897 }
10-17 01:50:52.810 W/InputEventSender( 1755): Received 'finished' signal for unknown seq number = 414
10-17 01:50:52.810 W/InputEventSender( 1755): Received 'finished' signal for unknown seq number = 415
10-17 01:50:52.810 W/InputEventSender( 1755): Received 'finished' signal for unknown seq number = 416
10-17 01:50:52.810 W/InputEventSender( 1755): Received 'finished' signal for unknown seq number = 417
10-17 01:50:52.810 W/InputEventSender( 1755): Received 'finished' signal for unknown seq number = 418
10-17 01:50:52.810 W/InputEventSender( 1755): Received 'finished' signal for unknown seq number = 419
10-17 01:50:52.810 W/InputEventSender( 1755): Received 'finished' signal for unknown seq number = 420
10-17 01:50:52.810 W/InputEventSender( 1755): Received 'finished' signal for unknown seq number = 421
10-17 01:50:52.810 W/InputEventSender( 1755): Received 'finished' signal for unknown seq number = 422
10-17 01:50:52.810 W/InputEventSender( 1755): Received 'finished' signal for unknown seq number = 423
10-17 01:50:52.810 W/InputEventSender( 1755): Received 'finished' signal for unknown seq number = 424
10-17 01:50:52.810 W/InputEventSender( 1755): Received 'finished' signal for unknown seq number = 425
10-17 01:50:52.810 W/InputEventSender( 1755): Received 'finished' signal for unknown seq number = 426
10-17 01:50:52.810 W/InputEventSender( 1755): Received 'finished' signal for unknown seq number = 427
10-17 01:50:52.810 W/InputEventSender( 1755): Received 'finished' signal for unknown seq number = 428
10-17 01:50:52.810 W/InputEventSender( 1755): Received 'finished' signal for unknown seq number = 429
10-17 01:50:52.810 W/InputEventSender( 1755): Received 'finished' signal for unknown seq number = 430
10-17 01:50:52.810 W/InputEventSender( 1755): Received 'finished' signal for unknown seq number = 431
10-17 01:50:52.810 W/InputEventSender( 1755): Received 'finished' signal for unknown seq number = 432
10-17 01:50:52.810 W/InputEventSender( 1755): Received 'finished' signal for unknown seq number = 433
10-17 01:50:52.811 D/InputDispatcher(  507): Touch mode switch rejected, caller (pid=0, uid=10177) doesn't own the focused window nor none of the previously interacted window
10-17 01:50:52.825 W/InputEventSender( 1755): Received 'finished' signal for unknown seq number = 441
10-17 01:50:52.825 W/InputEventSender( 1755): Received 'finished' signal for unknown seq number = 442
10-17 01:50:52.825 W/InputEventSender( 1755): Received 'finished' signal for unknown seq number = 443
10-17 01:50:52.825 W/InputEventSender( 1755): Received 'finished' signal for unknown seq number = 444
10-17 01:50:52.825 W/InputEventSender( 1755): Received 'finished' signal for unknown seq number = 445
10-17 01:50:52.825 W/InputEventSender( 1755): Received 'finished' signal for unknown seq number = 446
10-17 01:50:52.826 W/InputEventSender( 1755): Received 'finished' signal for unknown seq number = 447
10-17 01:50:52.826 W/InputEventSender( 1755): Received 'finished' signal for unknown seq number = 448
10-17 01:50:52.860 I/Monkey  ( 2026): :Sending Touch (ACTION_DOWN): 0:(363.0,1104.0)
10-17 01:50:52.861 I/Monkey  ( 2026): :Sending Touch (ACTION_UP): 0:(352.93884,1118.5659)
10-17 01:50:52.861 D/TaplEvents( 1064): TIS / TouchInteractionService.onInputEvent: MotionEvent { action=ACTION_DOWN, actionButton=0, id[0]=0, x[0]=363.0, y[0]=1104.0, toolType[0]=TOOL_TYPE_UNKNOWN, buttonState=0, classification=NONE, metaState=0, flags=0x0, edgeFlags=0x0, pointerCount=1, historySize=0, eventTime=32528924, downTime=32528924, deviceId=-1, source=0x1002, displayId=0, eventId=-941128718 }
10-17 01:50:52.861 D/TaplEvents( 1064): TIS / TouchInteractionService.onInputEvent: MotionEvent { action=ACTION_UP, actionButton=0, id[0]=0, x[0]=352.93884, y[0]=1118.5659, toolType[0]=TOOL_TYPE_UNKNOWN, buttonState=0, classification=NONE, metaState=0, flags=0x0, edgeFlags=0x0, pointerCount=1, historySize=0, eventTime=32528925, downTime=32528924, deviceId=-1, source=0x1002, displayId=0, eventId=-983847089 }
10-17 01:50:52.912 I/Monkey  ( 2026): :Sending Touch (ACTION_DOWN): 0:(282.0,1276.0)
10-17 01:50:52.912 D/TaplEvents( 1064): TIS / TouchInteractionService.onInputEvent: MotionEvent { action=ACTION_DOWN, actionButton=0, id[0]=0, x[0]=282.0, y[0]=1276.0, toolType[0]=TOOL_TYPE_UNKNOWN, buttonState=0, classification=NONE, metaState=0, flags=0x0, edgeFlags=0x0, pointerCount=1, historySize=0, eventTime=32528975, downTime=32528975, deviceId=-1, source=0x1002, displayId=0, eventId=-999368059 }
10-17 01:50:52.912 I/Monkey  ( 2026): :Sending Touch (ACTION_UP): 0:(281.54947,1277.7843)
10-17 01:50:52.913 D/TaplEvents( 1064): TIS / TouchInteractionService.onInputEvent: MotionEvent { action=ACTION_UP, actionButton=0, id[0]=0, x[0]=281.54947, y[0]=1277.7843, toolType[0]=TOOL_TYPE_UNKNOWN, buttonState=0, classification=NONE, metaState=0, flags=0x0, edgeFlags=0x0, pointerCount=1, historySize=0, eventTime=32528976, downTime=32528975, deviceId=-1, source=0x1002, displayId=0, eventId=-192808482 }
10-17 01:50:52.966 D/InputDispatcher(  507): Touch mode switch rejected, caller (pid=0, uid=10177) doesn't own the focused window nor none of the previously interacted window
10-17 01:50:52.968 D/InputMethodManager( 1755): showSoftInput() view=org.telegram.ui.GroupCreateActivity$4{cd97ea9 VFED..CL. .F.P.... 0,0-742,88 aid=1073741841} flags=0 reason=SHOW_SOFT_INPUT
10-17 01:50:52.976 D/InsetsController( 1755): show(ime(), fromIme=true)
10-17 01:50:53.017 I/Monkey  ( 2026): :Sending Trackball (ACTION_MOVE): 0:(1.0,0.0)
10-17 01:50:53.024 I/Monkey  ( 2026): :Sending Touch (ACTION_DOWN): 0:(395.0,1301.0)
10-17 01:50:53.026 D/TaplEvents( 1064): TIS / TouchInteractionService.onInputEvent: MotionEvent { action=ACTION_DOWN, actionButton=0, id[0]=0, x[0]=395.0, y[0]=1301.0, toolType[0]=TOOL_TYPE_UNKNOWN, buttonState=0, classification=NONE, metaState=0, flags=0x0, edgeFlags=0x0, pointerCount=1, historySize=0, eventTime=32529088, downTime=32529088, deviceId=-1, source=0x1002, displayId=0, eventId=-47304018 }
10-17 01:50:53.027 I/Monkey  ( 2026): :Sending Touch (ACTION_UP): 0:(401.28635,1287.743)
10-17 01:50:53.028 D/TaplEvents( 1064): TIS / TouchInteractionService.onInputEvent: MotionEvent { action=ACTION_UP, actionButton=0, id[0]=0, x[0]=401.28635, y[0]=1287.743, toolType[0]=TOOL_TYPE_UNKNOWN, buttonState=0, classification=NONE, metaState=0, flags=0x0, edgeFlags=0x0, pointerCount=1, historySize=0, eventTime=32529091, downTime=32529088, deviceId=-1, source=0x1002, displayId=0, eventId=-748166151 }
10-17 01:50:53.029 D/InputDispatcher(  507): Touch mode switch rejected, caller (pid=0, uid=10177) doesn't own the focused window nor none of the previously interacted window
10-17 01:50:53.044 W/InputEventSender( 1755): Received 'finished' signal for unknown seq number = 457
10-17 01:50:53.044 W/InputEventSender( 1755): Received 'finished' signal for unknown seq number = 458
10-17 01:50:53.044 W/InputEventSender( 1755): Received 'finished' signal for unknown seq number = 459
10-17 01:50:53.044 W/InputEventSender( 1755): Received 'finished' signal for unknown seq number = 460
10-17 01:50:53.044 W/InputEventSender( 1755): Received 'finished' signal for unknown seq number = 461
10-17 01:50:53.044 W/InputEventSender( 1755): Received 'finished' signal for unknown seq number = 462
10-17 01:50:53.044 W/InputEventSender( 1755): Received 'finished' signal for unknown seq number = 463
10-17 01:50:53.044 W/InputEventSender( 1755): Received 'finished' signal for unknown seq number = 464
10-17 01:50:53.079 I/Monkey  ( 2026): :Sending Touch (ACTION_DOWN): 0:(332.0,2123.0)
10-17 01:50:53.079 D/TaplEvents( 1064): TIS / TouchInteractionService.onInputEvent: MotionEvent { action=ACTION_DOWN, actionButton=0, id[0]=0, x[0]=332.0, y[0]=2123.0, toolType[0]=TOOL_TYPE_UNKNOWN, buttonState=0, classification=NONE, metaState=0, flags=0x0, edgeFlags=0x0, pointerCount=1, historySize=0, eventTime=32529142, downTime=32529142, deviceId=-1, source=0x1002, displayId=0, eventId=-14526870 }
10-17 01:50:53.080 I/Monkey  ( 2026): :Sending Touch (ACTION_UP): 0:(332.33752,2130.9722)
10-17 01:50:53.081 D/TaplEvents( 1064): TIS / TouchInteractionService.onInputEvent: MotionEvent { action=ACTION_UP, actionButton=0, id[0]=0, x[0]=332.33752, y[0]=2130.9722, toolType[0]=TOOL_TYPE_UNKNOWN, buttonState=0, classification=NONE, metaState=0, flags=0x0, edgeFlags=0x0, pointerCount=1, historySize=0, eventTime=32529144, downTime=32529142, deviceId=-1, source=0x1002, displayId=0, eventId=-736352631 }
10-17 01:50:53.082 I/ArtExtension( 1511): ArtExtension.getExtensionInterface():242 Opening art extension interface com.google.android.apps.inputmethod.libs.expression.extension.IEmojiSearchExtension
10-17 01:50:53.083 I/KeyboardViewUtil( 1511): KeyboardViewUtil.calculateMaxKeyboardBodyHeight():40 leave 344 height for app when screen height:2208, header height:121 and isFullscreenMode:false, so the max keyboard body height is:1743
10-17 01:50:53.083 W/Keyboard( 1511): Keyboard.getKeyboardViewHelper():619 null helper is returned: keyboardDef=iia{className=com.google.android.apps.inputmethod.libs.search.emoji.standard.EmojiPickerKeyboard, id=#0x7f0b062e, initialStates=2952790144, keyboardViewDefs=[iit{direction=LOCALE, id=#0x7f0b0132, isScalable=false, layoutId=#0x7f0e03ef, type=HEADER, touchable=true}, iit{direction=LOCALE, id=#0x7f0b0132, isScalable=true, layoutId=#0x7f0e03ee, type=BODY, touchable=true}], keyTextSizeRatio=1.0, persistentStates=16911433728, persistentStatesPrefKey=smiley_keyboard_subcategory_selected, popupBubbleLayoutId=#0x7f0e04dd, recentKeyLayoutId=#0x7f0e058d, recentKeyPopupLayoutId=#0x7f0e04d2, recentKeyType=smiley, rememberRecentKey=ALL_ACTIONS, sessionStates=0}, type=FLOATING_CANDIDATES, helpersCreated=[hzo@d955cf1, hzo@e5030d6, null], 
10-17 01:50:53.083 I/DeviceModeUtil( 1511): DeviceModeUtil.getDeviceMode():122 Get device mode phone by ui mode:1 and smallestScreenWidthDp:393
10-17 01:50:53.083 I/GoogleInputMethodService( 1511): GoogleInputMethodService.setKeyboardViewShown():3483 setKeyboardViewShown() : type = HEADER, shownType = SHOW_MANDATORY
10-17 01:50:53.083 I/GoogleInputMethodService( 1511): GoogleInputMethodService.setKeyboardViewShown():3530 setKeyboardViewShown() : shouldShow = true
10-17 01:50:53.083 I/GoogleInputMethodService( 1511): GoogleInputMethodService.setKeyboardViewShown():3483 setKeyboardViewShown() : type = BODY, shownType = SHOW_MANDATORY
10-17 01:50:53.083 I/GoogleInputMethodService( 1511): GoogleInputMethodService.setKeyboardViewShown():3530 setKeyboardViewShown() : shouldShow = true
10-17 01:50:53.083 W/Keyboard( 1511): Keyboard.getKeyboardViewHelper():619 null helper is returned: keyboardDef=iia{className=com.google.android.apps.inputmethod.libs.search.emoji.standard.EmojiPickerKeyboard, id=#0x7f0b062e, initialStates=2952790144, keyboardViewDefs=[iit{direction=LOCALE, id=#0x7f0b0132, isScalable=false, layoutId=#0x7f0e03ef, type=HEADER, touchable=true}, iit{direction=LOCALE, id=#0x7f0b0132, isScalable=true, layoutId=#0x7f0e03ee, type=BODY, touchable=true}], keyTextSizeRatio=1.0, persistentStates=16911433728, persistentStatesPrefKey=smiley_keyboard_subcategory_selected, popupBubbleLayoutId=#0x7f0e04dd, recentKeyLayoutId=#0x7f0e058d, recentKeyPopupLayoutId=#0x7f0e04d2, recentKeyType=smiley, rememberRecentKey=ALL_ACTIONS, sessionStates=0}, type=FLOATING_CANDIDATES, helpersCreated=[hzo@d955cf1, hzo@e5030d6, null], 
10-17 01:50:53.085 I/GoogleInputMethodService( 1511): GoogleInputMethodService.setKeyboardViewShown():3483 setKeyboardViewShown() : type = FLOATING_CANDIDATES, shownType = HIDE
10-17 01:50:53.085 I/GoogleInputMethodService( 1511): GoogleInputMethodService.setKeyboardViewShown():3530 setKeyboardViewShown() : shouldShow = false
10-17 01:50:53.085 I/EmojiPickerKeyboard( 1511): EmojiPickerKeyboard.onActivate():228 onActivate(), com.google.android.apps.inputmethod.libs.search.emoji.standard.EmojiPickerKeyboard@e69ed4c
10-17 01:50:53.085 I/KeyboardViewUtil( 1511): KeyboardViewUtil.calculateMaxKeyboardBodyHeight():40 leave 344 height for app when screen height:2208, header height:121 and isFullscreenMode:false, so the max keyboard body height is:1743
10-17 01:50:53.085 I/Environment( 1511): Environment.isPackageInstalled():237 com.bitstrips.imoji is not installed
10-17 01:50:53.085 I/Environment( 1511): Environment.isPackageInstalled():237 com.bitstrips.imoji is not installed
10-17 01:50:53.085 I/EmojiPickerController( 1511): EmojiPickerController.getBodyAdapter():748 getBodyAdapter(), loading emojis. 
10-17 01:50:53.086 I/EmojiPickerBodyAdapter( 1511): EmojiPickerBodyAdapter.<init>():87 EmojiPickerBodyAdapter created (instance count = 2)
10-17 01:50:53.086 I/DeviceModeUtil( 1511): DeviceModeUtil.getDeviceMode():122 Get device mode phone by ui mode:1 and smallestScreenWidthDp:393
10-17 01:50:53.087 I/KeyboardManager( 1511): KeyboardManager.requestKeyboard():128 Using cached keyboard smiley, imeId=ime_english_united_states
10-17 01:50:53.109 I/EmojiPickerCoreBodyAdapter( 1511): EmojiPickerCoreBodyAdapter.updateEmojis():274 
10-17 01:50:53.131 I/Monkey  ( 2026): :Sending Touch (ACTION_DOWN): 0:(98.0,580.0)
10-17 01:50:53.132 D/TaplEvents( 1064): TIS / TouchInteractionService.onInputEvent: MotionEvent { action=ACTION_DOWN, actionButton=0, id[0]=0, x[0]=98.0, y[0]=580.0, toolType[0]=TOOL_TYPE_UNKNOWN, buttonState=0, classification=NONE, metaState=0, flags=0x0, edgeFlags=0x0, pointerCount=1, historySize=0, eventTime=32529195, downTime=32529195, deviceId=-1, source=0x1002, displayId=0, eventId=-1042000543 }
10-17 01:50:53.132 I/Monkey  ( 2026): :Sending Touch (ACTION_UP): 0:(98.28504,578.45026)
10-17 01:50:53.133 D/TaplEvents( 1064): TIS / TouchInteractionService.onInputEvent: MotionEvent { action=ACTION_UP, actionButton=0, id[0]=0, x[0]=98.28504, y[0]=578.45026, toolType[0]=TOOL_TYPE_UNKNOWN, buttonState=0, classification=NONE, metaState=0, flags=0x0, edgeFlags=0x0, pointerCount=1, historySize=0, eventTime=32529196, downTime=32529195, deviceId=-1, source=0x1002, displayId=0, eventId=-697211260 }
10-17 01:50:53.184 I/Monkey  ( 2026): :Sending Touch (ACTION_DOWN): 0:(667.0,1232.0)
10-17 01:50:53.184 D/TaplEvents( 1064): TIS / TouchInteractionService.onInputEvent: MotionEvent { action=ACTION_DOWN, actionButton=0, id[0]=0, x[0]=667.0, y[0]=1232.0, toolType[0]=TOOL_TYPE_UNKNOWN, buttonState=0, classification=NONE, metaState=0, flags=0x0, edgeFlags=0x0, pointerCount=1, historySize=0, eventTime=32529248, downTime=32529248, deviceId=-1, source=0x1002, displayId=0, eventId=-454088848 }
10-17 01:50:53.184 I/Monkey  ( 2026): :Sending Touch (ACTION_UP): 0:(670.8173,1236.1289)
10-17 01:50:53.185 D/TaplEvents( 1064): TIS / TouchInteractionService.onInputEvent: MotionEvent { action=ACTION_UP, actionButton=0, id[0]=0, x[0]=670.8173, y[0]=1236.1289, toolType[0]=TOOL_TYPE_UNKNOWN, buttonState=0, classification=NONE, metaState=0, flags=0x0, edgeFlags=0x0, pointerCount=1, historySize=0, eventTime=32529248, downTime=32529248, deviceId=-1, source=0x1002, displayId=0, eventId=-589381831 }
10-17 01:50:53.261 W/TooltipLifecycleManager( 1511): TooltipLifecycleManager.dismissTooltips():159 Tooltip with id spell_check_add_to_dictionary not found in tooltipManager.
10-17 01:50:53.289 I/Monkey  ( 2026): :Sending Touch (ACTION_DOWN): 0:(1004.0,1566.0)
10-17 01:50:53.290 D/TaplEvents( 1064): TIS / TouchInteractionService.onInputEvent: MotionEvent { action=ACTION_DOWN, actionButton=0, id[0]=0, x[0]=1004.0, y[0]=1566.0, toolType[0]=TOOL_TYPE_UNKNOWN, buttonState=0, classification=NONE, metaState=0, flags=0x0, edgeFlags=0x0, pointerCount=1, historySize=0, eventTime=32529353, downTime=32529353, deviceId=-1, source=0x1002, displayId=0, eventId=-249208871 }
10-17 01:50:53.291 I/Monkey  ( 2026): :Sending Touch (ACTION_UP): 0:(1011.02563,1568.3342)
10-17 01:50:53.292 D/TaplEvents( 1064): TIS / TouchInteractionService.onInputEvent: MotionEvent { action=ACTION_UP, actionButton=0, id[0]=0, x[0]=1011.02563, y[0]=1568.3342, toolType[0]=TOOL_TYPE_UNKNOWN, buttonState=0, classification=NONE, metaState=0, flags=0x0, edgeFlags=0x0, pointerCount=1, historySize=0, eventTime=32529354, downTime=32529353, deviceId=-1, source=0x1002, displayId=0, eventId=-1042204906 }
10-17 01:50:53.343 I/Monkey  ( 2026): :Sending Touch (ACTION_DOWN): 0:(652.0,517.0)
10-17 01:50:53.344 D/TaplEvents( 1064): TIS / TouchInteractionService.onInputEvent: MotionEvent { action=ACTION_DOWN, actionButton=0, id[0]=0, x[0]=652.0, y[0]=517.0, toolType[0]=TOOL_TYPE_UNKNOWN, buttonState=0, classification=NONE, metaState=0, flags=0x0, edgeFlags=0x0, pointerCount=1, historySize=0, eventTime=32529406, downTime=32529406, deviceId=-1, source=0x1002, displayId=0, eventId=-407523004 }
10-17 01:50:53.344 I/Monkey  ( 2026): :Sending Touch (ACTION_UP): 0:(652.5392,528.88434)
10-17 01:50:53.345 D/TaplEvents( 1064): TIS / TouchInteractionService.onInputEvent: MotionEvent { action=ACTION_UP, actionButton=0, id[0]=0, x[0]=652.5392, y[0]=528.88434, toolType[0]=TOOL_TYPE_UNKNOWN, buttonState=0, classification=NONE, metaState=0, flags=0x0, edgeFlags=0x0, pointerCount=1, historySize=0, eventTime=32529408, downTime=32529406, deviceId=-1, source=0x1002, displayId=0, eventId=-1060126152 }
10-17 01:50:53.347 D/InputMethodManager( 1755): showSoftInput() view=org.telegram.ui.GroupCreateActivity$4{cd97ea9 VFED..CL. .F....ID 0,0-742,88 aid=1073741841} flags=1 reason=SHOW_SOFT_INPUT
10-17 01:50:53.357 D/InsetsController( 1755): show(ime(), fromIme=true)
10-17 01:50:53.396 I/Monkey  ( 2026): :Sending Touch (ACTION_DOWN): 0:(544.0,1725.0)
10-17 01:50:53.397 D/TaplEvents( 1064): TIS / TouchInteractionService.onInputEvent: MotionEvent { action=ACTION_DOWN, actionButton=0, id[0]=0, x[0]=544.0, y[0]=1725.0, toolType[0]=TOOL_TYPE_UNKNOWN, buttonState=0, classification=NONE, metaState=0, flags=0x0, edgeFlags=0x0, pointerCount=1, historySize=0, eventTime=32529460, downTime=32529460, deviceId=-1, source=0x1002, displayId=0, eventId=-109543567 }
10-17 01:50:53.397 I/Monkey  ( 2026): :Sending Touch (ACTION_UP): 0:(544.2573,1713.3401)
10-17 01:50:53.398 D/TaplEvents( 1064): TIS / TouchInteractionService.onInputEvent: MotionEvent { action=ACTION_UP, actionButton=0, id[0]=0, x[0]=544.2573, y[0]=1713.3401, toolType[0]=TOOL_TYPE_UNKNOWN, buttonState=0, classification=NONE, metaState=0, flags=0x0, edgeFlags=0x0, pointerCount=1, historySize=0, eventTime=32529461, downTime=32529460, deviceId=-1, source=0x1002, displayId=0, eventId=-388234431 }
10-17 01:50:53.414 E/native  ( 1511): E0000 00:00:1760637053.414301    1511 touch-center-module.cc:376] [TouchCenter] Can't find key at (962, 209)
10-17 01:50:53.414 D/EGL_emulation( 1511): app_time_stats: avg=91.37ms min=12.22ms max=486.21ms count=13
10-17 01:50:53.449 I/Monkey  ( 2026): :Sending Touch (ACTION_DOWN): 0:(918.0,623.0)
10-17 01:50:53.450 D/TaplEvents( 1064): TIS / TouchInteractionService.onInputEvent: MotionEvent { action=ACTION_DOWN, actionButton=0, id[0]=0, x[0]=918.0, y[0]=623.0, toolType[0]=TOOL_TYPE_UNKNOWN, buttonState=0, classification=NONE, metaState=0, flags=0x0, edgeFlags=0x0, pointerCount=1, historySize=0, eventTime=32529512, downTime=32529512, deviceId=-1, source=0x1002, displayId=0, eventId=-47168492 }
10-17 01:50:53.450 I/Monkey  ( 2026): :Sending Touch (ACTION_UP): 0:(920.18555,645.1117)
