10-17 01:50:47.592 W/InputEventSender( 1755): Received 'finished' signal for unknown seq number = 276
10-17 01:50:47.592 W/InputEventSender( 1755): Received 'finished' signal for unknown seq number = 277
10-17 01:50:47.645 I/Monkey  ( 2026): :Sending Trackball (ACTION_MOVE): 0:(1.0,2.0)
10-17 01:50:47.651 I/Monkey  ( 2026): :Sending Touch (ACTION_DOWN): 0:(913.0,1563.0)
10-17 01:50:47.652 I/Monkey  ( 2026): :Sending Touch (ACTION_UP): 0:(916.935,1569.8834)
10-17 01:50:47.653 D/TaplEvents( 1064): TIS / TouchInteractionService.onInputEvent: MotionEvent { action=ACTION_DOWN, actionButton=0, id[0]=0, x[0]=913.0, y[0]=1563.0, toolType[0]=TOOL_TYPE_UNKNOWN, buttonState=0, classification=NONE, metaState=0, flags=0x0, edgeFlags=0x0, pointerCount=1, historySize=0, eventTime=32523715, downTime=32523715, deviceId=-1, source=0x1002, displayId=0, eventId=-268385165 }
10-17 01:50:47.653 D/TaplEvents( 1064): TIS / TouchInteractionService.onInputEvent: MotionEvent { action=ACTION_UP, actionButton=0, id[0]=0, x[0]=916.935, y[0]=1569.8834, toolType[0]=TOOL_TYPE_UNKNOWN, buttonState=0, classification=NONE, metaState=0, flags=0x0, edgeFlags=0x0, pointerCount=1, historySize=0, eventTime=32523716, downTime=32523715, deviceId=-1, source=0x1002, displayId=0, eventId=-735096837 }
10-17 01:50:47.663 I/ActivityTaskManager(  507): START u0 {act=android.intent.action.MAIN flg=0x10808000 cmp=com.google.android.inputmethod.latin/com.google.android.apps.inputmethod.latin.preference.SettingsActivity (has extras)} from uid 10142
10-17 01:50:47.664 I/Monkey  ( 2026):     // Rejecting start of Intent { act=android.intent.action.MAIN cmp=com.google.android.inputmethod.latin/com.google.android.apps.inputmethod.latin.preference.SettingsActivity } in package com.google.android.inputmethod.latin
10-17 01:50:47.665 I/GoogleInputMethodService( 1511): GoogleInputMethodService.onFinishInputView():2241 
10-17 01:50:47.665 I/EmojifyExtensionImpl( 1511): EmojifyExtensionImpl.onDeactivate():608 Deactivating Emojify extension crj@7ef3815.
10-17 01:50:47.665 W/TooltipLifecycleManager( 1511): TooltipLifecycleManager.dismissTooltips():159 Tooltip with id spell_check_add_to_dictionary not found in tooltipManager.
10-17 01:50:47.666 I/InputBundle( 1511): InputBundle.consumeEvent():923 Skip consuming an event as keyboard status is 0
10-17 01:50:47.666 I/KeyboardWrapper( 1511): KeyboardWrapper.consumeEvent():275 Skip consuming an event as current keyboard is deactivated (state=0, keyboard existence=true)
10-17 01:50:47.666 I/VoiceInputManagerWrapper( 1511): VoiceInputManagerWrapper.shutdown():77 shutdown()
10-17 01:50:47.666 I/AndroidIME( 1511): AbstractIme.onDeactivate():207 LatinIme.onDeactivate()
10-17 01:50:47.666 W/ModuleManager( 1511): ModuleManager.loadModule():450 Module jjj is not available
10-17 01:50:47.667 W/InputEventSender( 1755): Received 'finished' signal for unknown seq number = 289
10-17 01:50:47.667 W/InputEventSender( 1755): Received 'finished' signal for unknown seq number = 290
10-17 01:50:47.667 W/InputEventSender( 1755): Received 'finished' signal for unknown seq number = 291
10-17 01:50:47.667 W/InputEventSender( 1755): Received 'finished' signal for unknown seq number = 292
10-17 01:50:47.667 W/InputEventSender( 1755): Received 'finished' signal for unknown seq number = 293
10-17 01:50:47.667 W/InputEventSender( 1755): Received 'finished' signal for unknown seq number = 294
10-17 01:50:47.667 W/InputEventSender( 1755): Received 'finished' signal for unknown seq number = 295
10-17 01:50:47.667 W/InputEventSender( 1755): Received 'finished' signal for unknown seq number = 296
10-17 01:50:47.667 W/InputEventSender( 1755): Received 'finished' signal for unknown seq number = 297
10-17 01:50:47.675 D/CoreBackPreview(  507): Window{ab126f6 u0 org.telegram.messenger/org.telegram.messenger.DefaultIcon}: Setting back callback OnBackInvokedCallbackInfo{mCallback=android.window.IOnBackInvokedCallback$Stub$Proxy@4d50b90, mPriority=0}
10-17 01:50:47.704 I/Monkey  ( 2026): :Sending Touch (ACTION_DOWN): 0:(217.0,830.0)
10-17 01:50:47.705 D/TaplEvents( 1064): TIS / TouchInteractionService.onInputEvent: MotionEvent { action=ACTION_DOWN, actionButton=0, id[0]=0, x[0]=217.0, y[0]=830.0, toolType[0]=TOOL_TYPE_UNKNOWN, buttonState=0, classification=NONE, metaState=0, flags=0x0, edgeFlags=0x0, pointerCount=1, historySize=0, eventTime=32523768, downTime=32523768, deviceId=-1, source=0x1002, displayId=0, eventId=-941829888 }
10-17 01:50:47.705 I/Monkey  ( 2026): :Sending Touch (ACTION_UP): 0:(210.89052,821.5593)
10-17 01:50:47.706 D/TaplEvents( 1064): TIS / TouchInteractionService.onInputEvent: MotionEvent { action=ACTION_UP, actionButton=0, id[0]=0, x[0]=210.89052, y[0]=821.5593, toolType[0]=TOOL_TYPE_UNKNOWN, buttonState=0, classification=NONE, metaState=0, flags=0x0, edgeFlags=0x0, pointerCount=1, historySize=0, eventTime=32523769, downTime=32523768, deviceId=-1, source=0x1002, displayId=0, eventId=-226461394 }
10-17 01:50:47.757 I/Monkey  ( 2026): :Sending Touch (ACTION_DOWN): 0:(845.0,1631.0)
10-17 01:50:47.757 I/Monkey  ( 2026): :Sending Touch (ACTION_UP): 0:(844.4434,1630.9252)
10-17 01:50:47.758 D/TaplEvents( 1064): TIS / TouchInteractionService.onInputEvent: MotionEvent { action=ACTION_DOWN, actionButton=0, id[0]=0, x[0]=845.0, y[0]=1631.0, toolType[0]=TOOL_TYPE_UNKNOWN, buttonState=0, classification=NONE, metaState=0, flags=0x0, edgeFlags=0x0, pointerCount=1, historySize=0, eventTime=32523820, downTime=32523820, deviceId=-1, source=0x1002, displayId=0, eventId=-229698377 }
10-17 01:50:47.758 D/TaplEvents( 1064): TIS / TouchInteractionService.onInputEvent: MotionEvent { action=ACTION_UP, actionButton=0, id[0]=0, x[0]=844.4434, y[0]=1630.9252, toolType[0]=TOOL_TYPE_UNKNOWN, buttonState=0, classification=NONE, metaState=0, flags=0x0, edgeFlags=0x0, pointerCount=1, historySize=0, eventTime=32523821, downTime=32523820, deviceId=-1, source=0x1002, displayId=0, eventId=-82309501 }
10-17 01:50:47.889 W/TransactionTracing(  337): Could not find layer handle 0xb40000720f22a8f0
10-17 01:50:47.918 D/InputDispatcher(  507): Touch mode switch rejected, caller (pid=0, uid=10177) doesn't own the focused window nor none of the previously interacted window
10-17 01:50:47.968 I/Monkey  ( 2026): :Sending Touch (ACTION_DOWN): 0:(452.0,1931.0)
10-17 01:50:47.969 D/TaplEvents( 1064): TIS / TouchInteractionService.onInputEvent: MotionEvent { action=ACTION_DOWN, actionButton=0, id[0]=0, x[0]=452.0, y[0]=1931.0, toolType[0]=TOOL_TYPE_UNKNOWN, buttonState=0, classification=NONE, metaState=0, flags=0x0, edgeFlags=0x0, pointerCount=1, historySize=0, eventTime=32524032, downTime=32524032, deviceId=-1, source=0x1002, displayId=0, eventId=-24921213 }
10-17 01:50:47.970 I/Monkey  ( 2026): :Sending Touch (ACTION_UP): 0:(444.98404,1934.5267)
10-17 01:50:47.970 D/TaplEvents( 1064): TIS / TouchInteractionService.onInputEvent: MotionEvent { action=ACTION_UP, actionButton=0, id[0]=0, x[0]=444.98404, y[0]=1934.5267, toolType[0]=TOOL_TYPE_UNKNOWN, buttonState=0, classification=NONE, metaState=0, flags=0x0, edgeFlags=0x0, pointerCount=1, historySize=0, eventTime=32524034, downTime=32524032, deviceId=-1, source=0x1002, displayId=0, eventId=-184421117 }
10-17 01:50:48.021 I/Monkey  ( 2026): :Sending Touch (ACTION_DOWN): 0:(446.0,1047.0)
10-17 01:50:48.022 D/TaplEvents( 1064): TIS / TouchInteractionService.onInputEvent: MotionEvent { action=ACTION_DOWN, actionButton=0, id[0]=0, x[0]=446.0, y[0]=1047.0, toolType[0]=TOOL_TYPE_UNKNOWN, buttonState=0, classification=NONE, metaState=0, flags=0x0, edgeFlags=0x0, pointerCount=1, historySize=0, eventTime=32524085, downTime=32524085, deviceId=-1, source=0x1002, displayId=0, eventId=-583223670 }
10-17 01:50:48.025 I/Monkey  ( 2026): :Sending Touch (ACTION_UP): 0:(427.05643,1045.4543)
10-17 01:50:48.025 D/TaplEvents( 1064): TIS / TouchInteractionService.onInputEvent: MotionEvent { action=ACTION_UP, actionButton=0, id[0]=0, x[0]=427.05643, y[0]=1045.4543, toolType[0]=TOOL_TYPE_UNKNOWN, buttonState=0, classification=NONE, metaState=0, flags=0x0, edgeFlags=0x0, pointerCount=1, historySize=0, eventTime=32524088, downTime=32524085, deviceId=-1, source=0x1002, displayId=0, eventId=-960296794 }
10-17 01:50:48.076 I/Monkey  ( 2026): :Sending Touch (ACTION_DOWN): 0:(962.0,1696.0)
10-17 01:50:48.076 D/TaplEvents( 1064): TIS / TouchInteractionService.onInputEvent: MotionEvent { action=ACTION_DOWN, actionButton=0, id[0]=0, x[0]=962.0, y[0]=1696.0, toolType[0]=TOOL_TYPE_UNKNOWN, buttonState=0, classification=NONE, metaState=0, flags=0x0, edgeFlags=0x0, pointerCount=1, historySize=0, eventTime=32524139, downTime=32524139, deviceId=-1, source=0x1002, displayId=0, eventId=-257256442 }
10-17 01:50:48.077 I/Monkey  ( 2026): :Sending Touch (ACTION_UP): 0:(972.7699,1682.6597)
10-17 01:50:48.078 D/TaplEvents( 1064): TIS / TouchInteractionService.onInputEvent: MotionEvent { action=ACTION_UP, actionButton=0, id[0]=0, x[0]=972.7699, y[0]=1682.6597, toolType[0]=TOOL_TYPE_UNKNOWN, buttonState=0, classification=NONE, metaState=0, flags=0x0, edgeFlags=0x0, pointerCount=1, historySize=0, eventTime=32524141, downTime=32524139, deviceId=-1, source=0x1002, displayId=0, eventId=-497830622 }
10-17 01:50:48.128 I/Monkey  ( 2026): :Sending Touch (ACTION_DOWN): 0:(336.0,1786.0)
10-17 01:50:48.129 I/Monkey  ( 2026): :Sending Touch (ACTION_UP): 0:(336.95963,1804.5591)
10-17 01:50:48.130 D/TaplEvents( 1064): TIS / TouchInteractionService.onInputEvent: MotionEvent { action=ACTION_DOWN, actionButton=0, id[0]=0, x[0]=336.0, y[0]=1786.0, toolType[0]=TOOL_TYPE_UNKNOWN, buttonState=0, classification=NONE, metaState=0, flags=0x0, edgeFlags=0x0, pointerCount=1, historySize=0, eventTime=32524192, downTime=32524192, deviceId=-1, source=0x1002, displayId=0, eventId=-51938475 }
10-17 01:50:48.130 D/TaplEvents( 1064): TIS / TouchInteractionService.onInputEvent: MotionEvent { action=ACTION_UP, actionButton=0, id[0]=0, x[0]=336.95963, y[0]=1804.5591, toolType[0]=TOOL_TYPE_UNKNOWN, buttonState=0, classification=NONE, metaState=0, flags=0x0, edgeFlags=0x0, pointerCount=1, historySize=0, eventTime=32524193, downTime=32524192, deviceId=-1, source=0x1002, displayId=0, eventId=-872241778 }
10-17 01:50:48.180 I/Monkey  ( 2026): :Sending Touch (ACTION_DOWN): 0:(818.0,429.0)
10-17 01:50:48.181 D/TaplEvents( 1064): TIS / TouchInteractionService.onInputEvent: MotionEvent { action=ACTION_DOWN, actionButton=0, id[0]=0, x[0]=818.0, y[0]=429.0, toolType[0]=TOOL_TYPE_UNKNOWN, buttonState=0, classification=NONE, metaState=0, flags=0x0, edgeFlags=0x0, pointerCount=1, historySize=0, eventTime=32524244, downTime=32524244, deviceId=-1, source=0x1002, displayId=0, eventId=-246315041 }
10-17 01:50:48.182 I/Monkey  ( 2026): :Sending Touch (ACTION_UP): 0:(803.4247,407.0395)
10-17 01:50:48.183 D/TaplEvents( 1064): TIS / TouchInteractionService.onInputEvent: MotionEvent { action=ACTION_UP, actionButton=0, id[0]=0, x[0]=803.4247, y[0]=407.0395, toolType[0]=TOOL_TYPE_UNKNOWN, buttonState=0, classification=NONE, metaState=0, flags=0x0, edgeFlags=0x0, pointerCount=1, historySize=0, eventTime=32524246, downTime=32524244, deviceId=-1, source=0x1002, displayId=0, eventId=-868260169 }
10-17 01:50:48.191 D/InputMethodManager( 1755): showSoftInput() view=org.telegram.ui.GroupCreateActivity$4{cd97ea9 VFED..CL. .F....ID 0,0-492,88 aid=1073741841} flags=1 reason=SHOW_SOFT_INPUT
10-17 01:50:48.195 I/GoogleInputMethodService( 1511): GoogleInputMethodService.onStartInputView():1995 onStartInputView(EditorInfo{inputType=0xa00b0(Filter) imeOptions=0x10000006 privateImeOptions=null actionName=DONE actionLabel=null actionId=0 initialSelStart=0 initialSelEnd=0 initialCapsMode=0x0 hintText=null label=null packageName=org.telegram.messenger fieldId=-1 fieldName=null extras=null}, false)
10-17 01:50:48.196 I/GoogleInputMethodService( 1511): GoogleInputMethodService.updateDeviceLockedStatus():2087 repeatCheckTimes = 2, unlocked = true
10-17 01:50:48.196 I/DeviceModeUtil( 1511): DeviceModeUtil.getDeviceMode():122 Get device mode phone by ui mode:1 and smallestScreenWidthDp:393
10-17 01:50:48.197 W/ModuleManager( 1511): ModuleManager.loadModule():450 Module erj is not available
10-17 01:50:48.210 I/KeyboardViewUtil( 1511): KeyboardViewUtil.getKeyboardHeightRatio():189 systemKeyboardHeightRatio:1.000000; userKeyboardHeightRatio:1.000000.
10-17 01:50:48.210 I/AndroidIME( 1511): AbstractIme.onActivate():86 LatinIme.onActivate() : EditorInfo = inputType=0xa00b0(Filter) imeOptions=0x10000006 privateImeOptions=null actionName=DONE actionLabel=null actionId=0 initialSelStart=0 initialSelEnd=0 initialCapsMode=0x0 hintText=null label=null packageName=org.telegram.messenger fieldId=-1 fieldName=null extras=null, IncognitoMode = false, DeviceLocked = false
10-17 01:50:48.210 I/Delight5Facilitator( 1511): Delight5Facilitator.initializeForIme():777 initializeForIme() : Locale = [en_US], layout = qwerty
10-17 01:50:48.211 I/VoiceInputManagerWrapper( 1511): VoiceInputManagerWrapper.cancelShutdown():55 cancelShutdown()
10-17 01:50:48.211 I/VoiceInputManagerWrapper( 1511): VoiceInputManagerWrapper.syncLanguagePacks():67 syncLanguagePacks()
10-17 01:50:48.211 I/LatinIme( 1511): LatinIme.updateEnableInlineSuggestionsOnDecoderSideFlags():1003 inline flag updated to:false
10-17 01:50:48.211 I/SpeechFactory( 1511): SpeechRecognitionFactory.maybeScheduleAutoPackDownloadForFallback():205 maybeScheduleAutoPackDownloadForFallback()
10-17 01:50:48.212 I/FallbackOnDeviceRecognitionProvider( 1511): FallbackOnDeviceRecognitionProvider.maybeScheduleAutoPackDownload():195 maybeScheduleAutoPackDownload() for language tag en-US
10-17 01:50:48.213 I/KeyboardWrapper( 1511): KeyboardWrapper.consumeEvent():275 Skip consuming an event as current keyboard is deactivated (state=0, keyboard existence=true)
10-17 01:50:48.216 I/KeyboardViewUtil( 1511): KeyboardViewUtil.calculateMaxKeyboardBodyHeight():40 leave 344 height for app when screen height:2208, header height:121 and isFullscreenMode:false, so the max keyboard body height is:1743
10-17 01:50:48.217 I/DeviceModeUtil( 1511): DeviceModeUtil.getDeviceMode():122 Get device mode phone by ui mode:1 and smallestScreenWidthDp:393
10-17 01:50:48.217 I/GoogleInputMethodService( 1511): GoogleInputMethodService.setKeyboardViewShown():3483 setKeyboardViewShown() : type = HEADER, shownType = SHOW_OPTIONAL
10-17 01:50:48.217 I/GoogleInputMethodService( 1511): GoogleInputMethodService.setKeyboardViewShown():3530 setKeyboardViewShown() : shouldShow = true
10-17 01:50:48.217 I/GoogleInputMethodService( 1511): GoogleInputMethodService.setKeyboardViewShown():3483 setKeyboardViewShown() : type = BODY, shownType = SHOW_MANDATORY
10-17 01:50:48.217 I/GoogleInputMethodService( 1511): GoogleInputMethodService.setKeyboardViewShown():3530 setKeyboardViewShown() : shouldShow = true
10-17 01:50:48.217 I/GoogleInputMethodService( 1511): GoogleInputMethodService.setKeyboardViewShown():3483 setKeyboardViewShown() : type = FLOATING_CANDIDATES, shownType = HIDE
10-17 01:50:48.217 I/GoogleInputMethodService( 1511): GoogleInputMethodService.setKeyboardViewShown():3530 setKeyboardViewShown() : shouldShow = false
10-17 01:50:48.217 I/KeyboardViewUtil( 1511): KeyboardViewUtil.calculateMaxKeyboardBodyHeight():40 leave 344 height for app when screen height:2208, header height:121 and isFullscreenMode:false, so the max keyboard body height is:1743
10-17 01:50:48.217 I/DeviceModeUtil( 1511): DeviceModeUtil.getDeviceMode():122 Get device mode phone by ui mode:1 and smallestScreenWidthDp:393
10-17 01:50:48.218 I/GoogleInputMethodService( 1511): GoogleInputMethodService.setKeyboardViewShown():3483 setKeyboardViewShown() : type = HEADER, shownType = SHOW_MANDATORY_WITH_ANIMATION
10-17 01:50:48.218 I/GoogleInputMethodService( 1511): GoogleInputMethodService.setKeyboardViewShown():3530 setKeyboardViewShown() : shouldShow = true
10-17 01:50:48.218 I/DeviceModeUtil( 1511): DeviceModeUtil.getDeviceMode():122 Get device mode phone by ui mode:1 and smallestScreenWidthDp:393
10-17 01:50:48.218 I/KeyboardModeManager( 1511): KeyboardModeManager.setInputView():364 setInputView() : supportsOneHandedMode=true
10-17 01:50:48.218 I/NormalModeController( 1511): NormalModeController.getKeyboardBodyViewHolderPaddingBottom():116 currentPrimeKeyboardType:SOFT systemPaddingBottom:-1
10-17 01:50:48.218 I/NormalModeController( 1511): NormalModeController.getKeyboardBodyViewHolderPaddingBottom():116 currentPrimeKeyboardType:SOFT systemPaddingBottom:-1
10-17 01:50:48.218 I/KeyboardModeManager( 1511): KeyboardModeManager.setInputView():356 setInputView() : entry=hwn{languageTag=en-US, variant=qwerty, hasLocalizedResources=true, conditionCacheKey=_device=phone_device_size=default_enable_adaptive_text_editing=true_enable_inline_suggestions_on_client_side=false_enable_large_tablet_batch_1=false_enable_large_tablet_batch_2=false_enable_more_candidates_view_for_multilingual=false_enable_nav_redesign=false_enable_number_row=false_enable_preemptive_decode=true_enable_secondary_symbols=false_expressions=normal_four_or_more_letter_rows=false_keyboard_mode=normal_language=en-US_orientation=portrait_physical_keyboard=qwerty_show_secondary_digits=true_show_suggestions=true_split_with_duplicate_keys=true_variant=qwerty, imeDef.stringId=ime_english_united_states, imeDef.className=com.google.android.apps.inputmethod.libs.latin5.LatinIme, imeDef.languageTag=en-US}
10-17 01:50:48.219 I/EmojifyExtensionImpl( 1511): EmojifyExtensionImpl.onActivate():495 Activating Emojify extension crj@7ef3815.
10-17 01:50:48.219 I/VoiceImeExtension( 1511): VoiceImeExtension.shouldStartVoiceInputAutomatically():383 No private IME option set to start voice input.
10-17 01:50:48.227 D/CoreBackPreview(  507): Window{ab126f6 u0 org.telegram.messenger/org.telegram.messenger.DefaultIcon}: Setting back callback OnBackInvokedCallbackInfo{mCallback=android.window.IOnBackInvokedCallback$Stub$Proxy@cf6bca8, mPriority=0}
10-17 01:50:48.227 D/BoundBrokerSvc( 6467): onBind: Intent { act=com.google.android.gms.common.BIND_SHARED_PREFS pkg=com.google.android.gms }
10-17 01:50:48.227 D/BoundBrokerSvc( 6467): Loading bound service for intent: Intent { act=com.google.android.gms.common.BIND_SHARED_PREFS pkg=com.google.android.gms }
10-17 01:50:48.229 E/OpenGLRenderer( 1511): Unable to match the desired swap behavior.
10-17 01:50:48.233 D/BoundBrokerSvc( 6467): onUnbind: Intent { act=com.google.android.gms.common.BIND_SHARED_PREFS pkg=com.google.android.gms }
10-17 01:50:48.234 I/Monkey  ( 2026): :Sending Touch (ACTION_DOWN): 0:(256.0,135.0)
10-17 01:50:48.234 D/TaplEvents( 1064): TIS / TouchInteractionService.onInputEvent: MotionEvent { action=ACTION_DOWN, actionButton=0, id[0]=0, x[0]=256.0, y[0]=135.0, toolType[0]=TOOL_TYPE_UNKNOWN, buttonState=0, classification=NONE, metaState=0, flags=0x0, edgeFlags=0x0, pointerCount=1, historySize=0, eventTime=32524298, downTime=32524298, deviceId=-1, source=0x1002, displayId=0, eventId=-391570692 }
10-17 01:50:48.235 D/InputMethodManager( 1755): showSoftInput() view=org.telegram.ui.GroupCreateActivity$4{cd97ea9 VFED..CL. .F...... 0,0-492,88 aid=1073741841} flags=1 reason=SHOW_SOFT_INPUT
10-17 01:50:48.235 I/GoogleInputMethodService( 1511): GoogleInputMethodService.setKeyboardViewShown():3483 setKeyboardViewShown() : type = HEADER, shownType = SHOW_MANDATORY_WITH_ANIMATION
10-17 01:50:48.235 I/GoogleInputMethodService( 1511): GoogleInputMethodService.setKeyboardViewShown():3530 setKeyboardViewShown() : shouldShow = true
10-17 01:50:48.236 I/NormalModeController( 1511): NormalModeController.getKeyboardBodyViewHolderPaddingBottom():116 currentPrimeKeyboardType:SOFT systemPaddingBottom:-1
10-17 01:50:48.236 D/TaplEvents( 1064): TIS / TouchInteractionService.onInputEvent: MotionEvent { action=ACTION_POINTER_DOWN(1), actionButton=0, id[0]=0, x[0]=254.14546, y[0]=137.14308, toolType[0]=TOOL_TYPE_UNKNOWN, id[1]=1, x[1]=816.0, y[1]=365.0, toolType[1]=TOOL_TYPE_UNKNOWN, buttonState=0, classification=NONE, metaState=0, flags=0x0, edgeFlags=0x0, pointerCount=2, historySize=0, eventTime=32524298, downTime=32524298, deviceId=-1, source=0x1002, displayId=0, eventId=-335097575 }
10-17 01:50:48.236 I/Delight5Decoder( 1511): Delight5DecoderWrapper.setKeyboardLayout():457 setKeyboardLayout()
10-17 01:50:48.238 D/InputMethodManager( 1755): showSoftInput() view=org.telegram.ui.GroupCreateActivity$4{cd97ea9 VFED..CL. .F.P.... 0,0-492,88 aid=1073741841} flags=0 reason=SHOW_SOFT_INPUT
10-17 01:50:48.238 D/TaplEvents( 1064): TIS / TouchInteractionService.onInputEvent: MotionEvent { action=ACTION_POINTER_UP(1), actionButton=0, id[0]=0, x[0]=250.47655, y[0]=138.54309, toolType[0]=TOOL_TYPE_UNKNOWN, id[1]=1, x[1]=815.4924, y[1]=358.8335, toolType[1]=TOOL_TYPE_UNKNOWN, buttonState=0, classification=NONE, metaState=0, flags=0x0, edgeFlags=0x0, pointerCount=2, historySize=0, eventTime=32524300, downTime=32524298, deviceId=-1, source=0x1002, displayId=0, eventId=-48164230 }
10-17 01:50:48.239 I/Monkey  ( 2026): :Sending Touch (ACTION_UP): 0:(240.24777,140.6093)
10-17 01:50:48.241 W/Parcel  ( 1755): Expecting binder but got null!
10-17 01:50:48.241 D/BoundBrokerSvc( 6467): onBind: Intent { act=com.google.android.gms.common.BIND_SHARED_PREFS pkg=com.google.android.gms }
10-17 01:50:48.241 D/BoundBrokerSvc( 6467): Loading bound service for intent: Intent { act=com.google.android.gms.common.BIND_SHARED_PREFS pkg=com.google.android.gms }
10-17 01:50:48.243 D/TaplEvents( 1064): TIS / TouchInteractionService.onInputEvent: MotionEvent { action=ACTION_UP, actionButton=0, id[0]=0, x[0]=240.24777, y[0]=140.6093, toolType[0]=TOOL_TYPE_UNKNOWN, buttonState=0, classification=NONE, metaState=0, flags=0x0, edgeFlags=0x0, pointerCount=1, historySize=0, eventTime=32524302, downTime=32524298, deviceId=-1, source=0x1002, displayId=0, eventId=-328683239 }
10-17 01:50:48.244 D/BoundBrokerSvc( 6467): onUnbind: Intent { act=com.google.android.gms.common.BIND_SHARED_PREFS pkg=com.google.android.gms }
10-17 01:50:48.244 D/CoreBackPreview(  507): Window{5718a43 u0 PopupWindow:ffadc5f}: Setting back callback OnBackInvokedCallbackInfo{mCallback=android.window.IOnBackInvokedCallback$Stub$Proxy@10019f9, mPriority=0}
10-17 01:50:48.247 D/InsetsController( 1755): show(ime(), fromIme=true)
10-17 01:50:48.247 D/InsetsController( 1755): show(ime(), fromIme=true)
10-17 01:50:48.261 E/OpenGLRenderer( 1755): Unable to match the desired swap behavior.
10-17 01:50:48.263 D/InsetsController( 1755): show(ime(), fromIme=true)
10-17 01:50:48.292 W/TransactionTracing(  337): Could not find layer handle 0xb40000720f22b970
10-17 01:50:48.292 W/TransactionTracing(  337): Could not find layer handle 0xb40000720f22b970
10-17 01:50:48.293 I/Monkey  ( 2026): :Sending Touch (ACTION_DOWN): 0:(194.0,866.0)
10-17 01:50:48.293 D/TaplEvents( 1064): TIS / TouchInteractionService.onInputEvent: MotionEvent { action=ACTION_DOWN, actionButton=0, id[0]=0, x[0]=194.0, y[0]=866.0, toolType[0]=TOOL_TYPE_UNKNOWN, buttonState=0, classification=NONE, metaState=0, flags=0x0, edgeFlags=0x0, pointerCount=1, historySize=0, eventTime=32524356, downTime=32524356, deviceId=-1, source=0x1002, displayId=0, eventId=-743750343 }
10-17 01:50:48.293 I/Monkey  ( 2026):     //[calendar_time:2025-10-17 01:50:48.293  system_uptime:32524357]
10-17 01:50:48.293 I/Monkey  ( 2026):     // Sending event #500
10-17 01:50:48.293 I/Monkey  ( 2026): :Sending Touch (ACTION_UP): 0:(194.67291,863.26215)
10-17 01:50:48.295 D/TaplEvents( 1064): TIS / TouchInteractionService.onInputEvent: MotionEvent { action=ACTION_UP, actionButton=0, id[0]=0, x[0]=194.67291, y[0]=863.26215, toolType[0]=TOOL_TYPE_UNKNOWN, buttonState=0, classification=NONE, metaState=0, flags=0x0, edgeFlags=0x0, pointerCount=1, historySize=0, eventTime=32524357, downTime=32524356, deviceId=-1, source=0x1002, displayId=0, eventId=-509579657 }
10-17 01:50:48.346 I/Monkey  ( 2026): :Sending Touch (ACTION_DOWN): 0:(656.0,1193.0)
10-17 01:50:48.347 D/TaplEvents( 1064): TIS / TouchInteractionService.onInputEvent: MotionEvent { action=ACTION_DOWN, actionButton=0, id[0]=0, x[0]=656.0, y[0]=1193.0, toolType[0]=TOOL_TYPE_UNKNOWN, buttonState=0, classification=NONE, metaState=0, flags=0x0, edgeFlags=0x0, pointerCount=1, historySize=0, eventTime=32524410, downTime=32524410, deviceId=-1, source=0x1002, displayId=0, eventId=-708874621 }
10-17 01:50:48.347 I/Monkey  ( 2026): :Sending Touch (ACTION_UP): 0:(656.0007,1185.5195)
10-17 01:50:48.348 D/TaplEvents( 1064): TIS / TouchInteractionService.onInputEvent: MotionEvent { action=ACTION_UP, actionButton=0, id[0]=0, x[0]=656.0007, y[0]=1185.5195, toolType[0]=TOOL_TYPE_UNKNOWN, buttonState=0, classification=NONE, metaState=0, flags=0x0, edgeFlags=0x0, pointerCount=1, historySize=0, eventTime=32524411, downTime=32524410, deviceId=-1, source=0x1002, displayId=0, eventId=-748701638 }
10-17 01:50:48.399 I/Monkey  ( 2026): :Sending Touch (ACTION_DOWN): 0:(957.0,1583.0)
10-17 01:50:48.400 D/TaplEvents( 1064): TIS / TouchInteractionService.onInputEvent: MotionEvent { action=ACTION_DOWN, actionButton=0, id[0]=0, x[0]=957.0, y[0]=1583.0, toolType[0]=TOOL_TYPE_UNKNOWN, buttonState=0, classification=NONE, metaState=0, flags=0x0, edgeFlags=0x0, pointerCount=1, historySize=0, eventTime=32524463, downTime=32524463, deviceId=-1, source=0x1002, displayId=0, eventId=-214226622 }
10-17 01:50:48.400 I/Monkey  ( 2026): :Sending Touch (ACTION_UP): 0:(948.2886,1573.9596)
10-17 01:50:48.401 D/TaplEvents( 1064): TIS / TouchInteractionService.onInputEvent: MotionEvent { action=ACTION_UP, actionButton=0, id[0]=0, x[0]=948.2886, y[0]=1573.9596, toolType[0]=TOOL_TYPE_UNKNOWN, buttonState=0, classification=NONE, metaState=0, flags=0x0, edgeFlags=0x0, pointerCount=1, historySize=0, eventTime=32524464, downTime=32524463, deviceId=-1, source=0x1002, displayId=0, eventId=-978248362 }
10-17 01:50:48.415 W/TooltipLifecycleManager( 1511): TooltipLifecycleManager.dismissTooltips():159 Tooltip with id spell_check_add_to_dictionary not found in tooltipManager.
10-17 01:50:48.454 D/InputDispatcher(  507): Touch mode switch rejected, caller (pid=0, uid=10177) doesn't own the focused window nor none of the previously interacted window
10-17 01:50:48.454 D/CoreBackPreview(  507): Window{5718a43 u0 PopupWindow:ffadc5f}: Setting back callback null
10-17 01:50:48.457 W/InputManager-JNI(  507): Input channel object '5718a43 PopupWindow:ffadc5f (client)' was disposed without first being removed with the input manager!
10-17 01:50:48.462 D/EGL_emulation( 1755): app_time_stats: avg=16.57ms min=10.97ms max=22.52ms count=60
10-17 01:50:48.490 W/TransactionTracing(  337): Could not find layer handle 0xb40000720f22fc90
10-17 01:50:48.491 W/TransactionTracing(  337): Could not find layer handle 0xb40000720f22f6f0
10-17 01:50:48.491 W/TransactionTracing(  337): Could not find layer handle 0xb40000720f22cbd0
10-17 01:50:48.491 W/TransactionTracing(  337): Could not find layer handle 0xb40000720f22cbd0
10-17 01:50:48.491 W/TransactionTracing(  337): Could not find layer handle 0xb40000720f22f6f0
10-17 01:50:48.491 W/TransactionTracing(  337): Could not find layer handle 0xb40000720f22cbd0
10-17 01:50:48.563 I/Monkey  ( 2026): :Sending Touch (ACTION_DOWN): 0:(908.0,1847.0)
10-17 01:50:48.564 D/TaplEvents( 1064): TIS / TouchInteractionService.onInputEvent: MotionEvent { action=ACTION_DOWN, actionButton=0, id[0]=0, x[0]=908.0, y[0]=1847.0, toolType[0]=TOOL_TYPE_UNKNOWN, buttonState=0, classification=NONE, metaState=0, flags=0x0, edgeFlags=0x0, pointerCount=1, historySize=0, eventTime=32524627, downTime=32524627, deviceId=-1, source=0x1002, displayId=0, eventId=-646776995 }
10-17 01:50:48.565 I/Monkey  ( 2026): :Sending Touch (ACTION_UP): 0:(904.5577,1828.3293)
10-17 01:50:48.566 D/TaplEvents( 1064): TIS / TouchInteractionService.onInputEvent: MotionEvent { action=ACTION_UP, actionButton=0, id[0]=0, x[0]=904.5577, y[0]=1828.3293, toolType[0]=TOOL_TYPE_UNKNOWN, buttonState=0, classification=NONE, metaState=0, flags=0x0, edgeFlags=0x0, pointerCount=1, historySize=0, eventTime=32524628, downTime=32524627, deviceId=-1, source=0x1002, displayId=0, eventId=-367022536 }
10-17 01:50:48.579 I/GoogleInputMethodService( 1511): GoogleInputMethodService.setKeyboardViewShown():3483 setKeyboardViewShown() : type = HEADER, shownType = SHOW_MANDATORY_WITH_ANIMATION
10-17 01:50:48.579 I/GoogleInputMethodService( 1511): GoogleInputMethodService.setKeyboardViewShown():3530 setKeyboardViewShown() : shouldShow = true
10-17 01:50:48.617 I/Monkey  ( 2026): :Sending Touch (ACTION_DOWN): 0:(1016.0,1941.0)
10-17 01:50:48.618 D/TaplEvents( 1064): TIS / TouchInteractionService.onInputEvent: MotionEvent { action=ACTION_DOWN, actionButton=0, id[0]=0, x[0]=1016.0, y[0]=1941.0, toolType[0]=TOOL_TYPE_UNKNOWN, buttonState=0, classification=NONE, metaState=0, flags=0x0, edgeFlags=0x0, pointerCount=1, historySize=0, eventTime=32524681, downTime=32524681, deviceId=-1, source=0x1002, displayId=0, eventId=-286472400 }
10-17 01:50:48.618 I/Monkey  ( 2026): :Sending Touch (ACTION_UP): 0:(1003.25385,1939.809)
10-17 01:50:48.618 D/TaplEvents( 1064): TIS / TouchInteractionService.onInputEvent: MotionEvent { action=ACTION_UP, actionButton=0, id[0]=0, x[0]=1003.25385, y[0]=1939.809, toolType[0]=TOOL_TYPE_UNKNOWN, buttonState=0, classification=NONE, metaState=0, flags=0x0, edgeFlags=0x0, pointerCount=1, historySize=0, eventTime=32524682, downTime=32524681, deviceId=-1, source=0x1002, displayId=0, eventId=-959312498 }
10-17 01:50:48.624 I/GoogleInputMethodService( 1511): GoogleInputMethodService.setKeyboardViewShown():3483 setKeyboardViewShown() : type = HEADER, shownType = SHOW_MANDATORY_WITH_ANIMATION
10-17 01:50:48.624 I/GoogleInputMethodService( 1511): GoogleInputMethodService.setKeyboardViewShown():3530 setKeyboardViewShown() : shouldShow = true
10-17 01:50:48.626 E/SpannableStringBuilder( 1755): SPAN_EXCLUSIVE_EXCLUSIVE spans cannot have a zero length
10-17 01:50:48.626 E/SpannableStringBuilder( 1755): SPAN_EXCLUSIVE_EXCLUSIVE spans cannot have a zero length
10-17 01:50:48.670 I/Monkey  ( 2026): :Sending Touch (ACTION_DOWN): 0:(276.0,373.0)
10-17 01:50:48.671 D/TaplEvents( 1064): TIS / TouchInteractionService.onInputEvent: MotionEvent { action=ACTION_DOWN, actionButton=0, id[0]=0, x[0]=276.0, y[0]=373.0, toolType[0]=TOOL_TYPE_UNKNOWN, buttonState=0, classification=NONE, metaState=0, flags=0x0, edgeFlags=0x0, pointerCount=1, historySize=0, eventTime=32524734, downTime=32524734, deviceId=-1, source=0x1002, displayId=0, eventId=-566451121 }
10-17 01:50:48.671 I/Monkey  ( 2026): :Sending Touch (ACTION_UP): 0:(259.49908,370.57242)
10-17 01:50:48.672 D/TaplEvents( 1064): TIS / TouchInteractionService.onInputEvent: MotionEvent { action=ACTION_UP, actionButton=0, id[0]=0, x[0]=259.49908, y[0]=370.57242, toolType[0]=TOOL_TYPE_UNKNOWN, buttonState=0, classification=NONE, metaState=0, flags=0x0, edgeFlags=0x0, pointerCount=1, historySize=0, eventTime=32524735, downTime=32524734, deviceId=-1, source=0x1002, displayId=0, eventId=-981465538 }
10-17 01:50:48.722 I/Monkey  ( 2026): :Sending Touch (ACTION_DOWN): 0:(432.0,1628.0)
10-17 01:50:48.723 D/TaplEvents( 1064): TIS / TouchInteractionService.onInputEvent: MotionEvent { action=ACTION_DOWN, actionButton=0, id[0]=0, x[0]=432.0, y[0]=1628.0, toolType[0]=TOOL_TYPE_UNKNOWN, buttonState=0, classification=NONE, metaState=0, flags=0x0, edgeFlags=0x0, pointerCount=1, historySize=0, eventTime=32524786, downTime=32524786, deviceId=-1, source=0x1002, displayId=0, eventId=-210443430 }
10-17 01:50:48.723 I/Monkey  ( 2026): :Sending Touch (ACTION_UP): 0:(425.02972,1632.1039)
10-17 01:50:48.724 D/TaplEvents( 1064): TIS / TouchInteractionService.onInputEvent: MotionEvent { action=ACTION_UP, actionButton=0, id[0]=0, x[0]=425.02972, y[0]=1632.1039, toolType[0]=TOOL_TYPE_UNKNOWN, buttonState=0, classification=NONE, metaState=0, flags=0x0, edgeFlags=0x0, pointerCount=1, historySize=0, eventTime=32524787, downTime=32524786, deviceId=-1, source=0x1002, displayId=0, eventId=-104479357 }
10-17 01:50:48.744 I/GoogleInputMethodService( 1511): GoogleInputMethodService.setKeyboardViewShown():3483 setKeyboardViewShown() : type = HEADER, shownType = SHOW_MANDATORY_WITH_ANIMATION
10-17 01:50:48.744 I/GoogleInputMethodService( 1511): GoogleInputMethodService.setKeyboardViewShown():3530 setKeyboardViewShown() : shouldShow = true
10-17 01:50:48.775 I/Monkey  ( 2026): :Sending Touch (ACTION_DOWN): 0:(873.0,1759.0)
10-17 01:50:48.777 D/TaplEvents( 1064): TIS / TouchInteractionService.onInputEvent: MotionEvent { action=ACTION_DOWN, actionButton=0, id[0]=0, x[0]=873.0, y[0]=1759.0, toolType[0]=TOOL_TYPE_UNKNOWN, buttonState=0, classification=NONE, metaState=0, flags=0x0, edgeFlags=0x0, pointerCount=1, historySize=0, eventTime=32524839, downTime=32524839, deviceId=-1, source=0x1002, displayId=0, eventId=-908937024 }
10-17 01:50:48.777 I/Monkey  ( 2026): :Sending Touch (ACTION_UP): 0:(887.6159,1772.6493)
10-17 01:50:48.778 D/TaplEvents( 1064): TIS / TouchInteractionService.onInputEvent: MotionEvent { action=ACTION_UP, actionButton=0, id[0]=0, x[0]=887.6159, y[0]=1772.6493, toolType[0]=TOOL_TYPE_UNKNOWN, buttonState=0, classification=NONE, metaState=0, flags=0x0, edgeFlags=0x0, pointerCount=1, historySize=0, eventTime=32524841, downTime=32524839, deviceId=-1, source=0x1002, displayId=0, eventId=-169841502 }
10-17 01:50:48.791 I/GoogleInputMethodService( 1511): GoogleInputMethodService.setKeyboardViewShown():3483 setKeyboardViewShown() : type = HEADER, shownType = SHOW_MANDATORY_WITH_ANIMATION
10-17 01:50:48.792 I/GoogleInputMethodService( 1511): GoogleInputMethodService.setKeyboardViewShown():3530 setKeyboardViewShown() : shouldShow = true
10-17 01:50:48.829 I/Monkey  ( 2026): :Sending Touch (ACTION_DOWN): 0:(236.0,942.0)
10-17 01:50:48.829 I/Monkey  ( 2026): :Sending Touch (ACTION_UP): 0:(231.55644,941.473)
10-17 01:50:48.829 D/TaplEvents( 1064): TIS / TouchInteractionService.onInputEvent: MotionEvent { action=ACTION_DOWN, actionButton=0, id[0]=0, x[0]=236.0, y[0]=942.0, toolType[0]=TOOL_TYPE_UNKNOWN, buttonState=0, classification=NONE, metaState=0, flags=0x0, edgeFlags=0x0, pointerCount=1, historySize=0, eventTime=32524892, downTime=32524892, deviceId=-1, source=0x1002, displayId=0, eventId=-999604858 }
10-17 01:50:48.830 D/TaplEvents( 1064): TIS / TouchInteractionService.onInputEvent: MotionEvent { action=ACTION_UP, actionButton=0, id[0]=0, x[0]=231.55644, y[0]=941.473, toolType[0]=TOOL_TYPE_UNKNOWN, buttonState=0, classification=NONE, metaState=0, flags=0x0, edgeFlags=0x0, pointerCount=1, historySize=0, eventTime=32524893, downTime=32524892, deviceId=-1, source=0x1002, displayId=0, eventId=-126501286 }
10-17 01:50:48.880 I/Monkey  ( 2026): :Sending Touch (ACTION_DOWN): 0:(104.0,1282.0)
10-17 01:50:48.881 D/TaplEvents( 1064): TIS / TouchInteractionService.onInputEvent: MotionEvent { action=ACTION_DOWN, actionButton=0, id[0]=0, x[0]=104.0, y[0]=1282.0, toolType[0]=TOOL_TYPE_UNKNOWN, buttonState=0, classification=NONE, metaState=0, flags=0x0, edgeFlags=0x0, pointerCount=1, historySize=0, eventTime=32524944, downTime=32524944, deviceId=-1, source=0x1002, displayId=0, eventId=-72241904 }
10-17 01:50:48.881 I/Monkey  ( 2026): :Sending Touch (ACTION_UP): 0:(105.15994,1296.2034)
10-17 01:50:48.884 D/TaplEvents( 1064): TIS / TouchInteractionService.onInputEvent: MotionEvent { action=ACTION_UP, actionButton=0, id[0]=0, x[0]=105.15994, y[0]=1296.2034, toolType[0]=TOOL_TYPE_UNKNOWN, buttonState=0, classification=NONE, metaState=0, flags=0x0, edgeFlags=0x0, pointerCount=1, historySize=0, eventTime=32524945, downTime=32524944, deviceId=-1, source=0x1002, displayId=0, eventId=-551478116 }
10-17 01:50:48.934 I/Monkey  ( 2026): :Sending Touch (ACTION_DOWN): 0:(927.0,453.0)
10-17 01:50:48.936 D/TaplEvents( 1064): TIS / TouchInteractionService.onInputEvent: MotionEvent { action=ACTION_DOWN, actionButton=0, id[0]=0, x[0]=927.0, y[0]=453.0, toolType[0]=TOOL_TYPE_UNKNOWN, buttonState=0, classification=NONE, metaState=0, flags=0x0, edgeFlags=0x0, pointerCount=1, historySize=0, eventTime=32524998, downTime=32524998, deviceId=-1, source=0x1002, displayId=0, eventId=-166637111 }
10-17 01:50:48.936 I/Monkey  ( 2026): :Sending Touch (ACTION_UP): 0:(918.6177,441.107)
10-17 01:50:48.938 D/TaplEvents( 1064): TIS / TouchInteractionService.onInputEvent: MotionEvent { action=ACTION_UP, actionButton=0, id[0]=0, x[0]=918.6177, y[0]=441.107, toolType[0]=TOOL_TYPE_UNKNOWN, buttonState=0, classification=NONE, metaState=0, flags=0x0, edgeFlags=0x0, pointerCount=1, historySize=0, eventTime=32525000, downTime=32524998, deviceId=-1, source=0x1002, displayId=0, eventId=-646635444 }
10-17 01:50:48.988 I/Monkey  ( 2026): :Sending Touch (ACTION_DOWN): 0:(996.0,993.0)
10-17 01:50:48.990 I/Monkey  ( 2026): :Sending Touch (ACTION_UP): 0:(988.87213,987.97327)
10-17 01:50:48.990 D/TaplEvents( 1064): TIS / TouchInteractionService.onInputEvent: MotionEvent { action=ACTION_DOWN, actionButton=0, id[0]=0, x[0]=996.0, y[0]=993.0, toolType[0]=TOOL_TYPE_UNKNOWN, buttonState=0, classification=NONE, metaState=0, flags=0x0, edgeFlags=0x0, pointerCount=1, historySize=0, eventTime=32525052, downTime=32525052, deviceId=-1, source=0x1002, displayId=0, eventId=-205846208 }
10-17 01:50:48.991 D/TaplEvents( 1064): TIS / TouchInteractionService.onInputEvent: MotionEvent { action=ACTION_UP, actionButton=0, id[0]=0, x[0]=988.87213, y[0]=987.97327, toolType[0]=TOOL_TYPE_UNKNOWN, buttonState=0, classification=NONE, metaState=0, flags=0x0, edgeFlags=0x0, pointerCount=1, historySize=0, eventTime=32525054, downTime=32525052, deviceId=-1, source=0x1002, displayId=0, eventId=-953420539 }
10-17 01:50:49.041 I/Monkey  ( 2026): :Sending Touch (ACTION_DOWN): 0:(317.0,1406.0)
10-17 01:50:49.042 I/Monkey  ( 2026): :Sending Touch (ACTION_UP): 0:(321.0259,1397.6707)
10-17 01:50:49.043 D/TaplEvents( 1064): TIS / TouchInteractionService.onInputEvent: MotionEvent { action=ACTION_DOWN, actionButton=0, id[0]=0, x[0]=317.0, y[0]=1406.0, toolType[0]=TOOL_TYPE_UNKNOWN, buttonState=0, classification=NONE, metaState=0, flags=0x0, edgeFlags=0x0, pointerCount=1, historySize=0, eventTime=32525105, downTime=32525105, deviceId=-1, source=0x1002, displayId=0, eventId=-109809680 }
10-17 01:50:49.043 D/TaplEvents( 1064): TIS / TouchInteractionService.onInputEvent: MotionEvent { action=ACTION_UP, actionButton=0, id[0]=0, x[0]=321.0259, y[0]=1397.6707, toolType[0]=TOOL_TYPE_UNKNOWN, buttonState=0, classification=NONE, metaState=0, flags=0x0, edgeFlags=0x0, pointerCount=1, historySize=0, eventTime=32525106, downTime=32525105, deviceId=-1, source=0x1002, displayId=0, eventId=-1052172987 }
10-17 01:50:49.094 I/Monkey  ( 2026): :Sending Touch (ACTION_DOWN): 0:(535.0,1295.0)
10-17 01:50:49.095 D/TaplEvents( 1064): TIS / TouchInteractionService.onInputEvent: MotionEvent { action=ACTION_DOWN, actionButton=0, id[0]=0, x[0]=535.0, y[0]=1295.0, toolType[0]=TOOL_TYPE_UNKNOWN, buttonState=0, classification=NONE, metaState=0, flags=0x0, edgeFlags=0x0, pointerCount=1, historySize=0, eventTime=32525158, downTime=32525158, deviceId=-1, source=0x1002, displayId=0, eventId=-899720398 }
10-17 01:50:49.096 I/Monkey  ( 2026): :Sending Touch (ACTION_UP): 0:(538.02264,1285.8716)
10-17 01:50:49.096 D/TaplEvents( 1064): TIS / TouchInteractionService.onInputEvent: MotionEvent { action=ACTION_UP, actionButton=0, id[0]=0, x[0]=538.02264, y[0]=1285.8716, toolType[0]=TOOL_TYPE_UNKNOWN, buttonState=0, classification=NONE, metaState=0, flags=0x0, edgeFlags=0x0, pointerCount=1, historySize=0, eventTime=32525159, downTime=32525158, deviceId=-1, source=0x1002, displayId=0, eventId=-247493424 }
10-17 01:50:49.147 I/Monkey  ( 2026): :Sending Touch (ACTION_DOWN): 0:(934.0,1061.0)
10-17 01:50:49.148 D/TaplEvents( 1064): TIS / TouchInteractionService.onInputEvent: MotionEvent { action=ACTION_DOWN, actionButton=0, id[0]=0, x[0]=934.0, y[0]=1061.0, toolType[0]=TOOL_TYPE_UNKNOWN, buttonState=0, classification=NONE, metaState=0, flags=0x0, edgeFlags=0x0, pointerCount=1, historySize=0, eventTime=32525211, downTime=32525211, deviceId=-1, source=0x1002, displayId=0, eventId=-338726507 }
10-17 01:50:49.148 I/Monkey  ( 2026): :Sending Touch (ACTION_UP): 0:(932.9725,1059.3389)
10-17 01:50:49.149 D/TaplEvents( 1064): TIS / TouchInteractionService.onInputEvent: MotionEvent { action=ACTION_UP, actionButton=0, id[0]=0, x[0]=932.9725, y[0]=1059.3389, toolType[0]=TOOL_TYPE_UNKNOWN, buttonState=0, classification=NONE, metaState=0, flags=0x0, edgeFlags=0x0, pointerCount=1, historySize=0, eventTime=32525212, downTime=32525211, deviceId=-1, source=0x1002, displayId=0, eventId=-648452643 }
10-17 01:50:49.200 I/Monkey  ( 2026): :Sending Touch (ACTION_DOWN): 0:(1001.0,1385.0)
10-17 01:50:49.201 D/TaplEvents( 1064): TIS / TouchInteractionService.onInputEvent: MotionEvent { action=ACTION_DOWN, actionButton=0, id[0]=0, x[0]=1001.0, y[0]=1385.0, toolType[0]=TOOL_TYPE_UNKNOWN, buttonState=0, classification=NONE, metaState=0, flags=0x0, edgeFlags=0x0, pointerCount=1, historySize=0, eventTime=32525264, downTime=32525264, deviceId=-1, source=0x1002, displayId=0, eventId=-493029318 }
10-17 01:50:49.201 I/Monkey  ( 2026): :Sending Touch (ACTION_UP): 0:(999.2935,1385.0051)
10-17 01:50:49.202 D/TaplEvents( 1064): TIS / TouchInteractionService.onInputEvent: MotionEvent { action=ACTION_UP, actionButton=0, id[0]=0, x[0]=999.2935, y[0]=1385.0051, toolType[0]=TOOL_TYPE_UNKNOWN, buttonState=0, classification=NONE, metaState=0, flags=0x0, edgeFlags=0x0, pointerCount=1, historySize=0, eventTime=32525265, downTime=32525264, deviceId=-1, source=0x1002, displayId=0, eventId=-481749784 }
10-17 01:50:49.224 W/Parcel  ( 1755): Expecting binder but got null!
10-17 01:50:49.226 D/CoreBackPreview(  507): Window{42b6d6d u0 org.telegram.messenger/org.telegram.messenger.DefaultIcon}: Setting back callback OnBackInvokedCallbackInfo{mCallback=android.window.IOnBackInvokedCallback$Stub$Proxy@f1e7369, mPriority=0}
10-17 01:50:49.243 E/OpenGLRenderer( 1755): Unable to match the desired swap behavior.
10-17 01:50:49.252 I/Monkey  ( 2026): :Sending Trackball (ACTION_MOVE): 0:(4.0,3.0)
10-17 01:50:49.259 I/Monkey  ( 2026): :Sending Trackball (ACTION_MOVE): 0:(4.0,0.0)
10-17 01:50:49.262 I/Monkey  ( 2026): :Sending Touch (ACTION_DOWN): 0:(683.0,908.0)
10-17 01:50:49.263 D/TaplEvents( 1064): TIS / TouchInteractionService.onInputEvent: MotionEvent { action=ACTION_DOWN, actionButton=0, id[0]=0, x[0]=683.0, y[0]=908.0, toolType[0]=TOOL_TYPE_UNKNOWN, buttonState=0, classification=NONE, metaState=0, flags=0x0, edgeFlags=0x0, pointerCount=1, historySize=0, eventTime=32525326, downTime=32525326, deviceId=-1, source=0x1002, displayId=0, eventId=-666339153 }
10-17 01:50:49.263 I/Monkey  ( 2026): :Sending Touch (ACTION_UP): 0:(701.124,913.8817)
10-17 01:50:49.264 D/TaplEvents( 1064): TIS / TouchInteractionService.onInputEvent: MotionEvent { action=ACTION_UP, actionButton=0, id[0]=0, x[0]=701.124, y[0]=913.8817, toolType[0]=TOOL_TYPE_UNKNOWN, buttonState=0, classification=NONE, metaState=0, flags=0x0, edgeFlags=0x0, pointerCount=1, historySize=0, eventTime=32525327, downTime=32525326, deviceId=-1, source=0x1002, displayId=0, eventId=-297224898 }
10-17 01:50:49.273 W/TransactionTracing(  337): Could not find layer handle 0xb40000720f2301d0
10-17 01:50:49.273 W/TransactionTracing(  337): Could not find layer handle 0xb40000720f22e910
10-17 01:50:49.273 W/TransactionTracing(  337): Could not find layer handle 0xb40000720f22e910
10-17 01:50:49.273 W/TransactionTracing(  337): Could not find layer handle 0xb40000720f2301d0
10-17 01:50:49.273 W/VRI[DefaultIcon]( 1755): Dropping event (no window focus):MotionEvent { action=ACTION_MOVE, actionButton=0, id[0]=0, x[0]=-2.0, y[0]=-3.0, toolType[0]=TOOL_TYPE_UNKNOWN, buttonState=0, classification=NONE, metaState=0, flags=0x0, edgeFlags=0x0, pointerCount=1, historySize=7, eventTime=32525319, downTime=-1, deviceId=-1, source=0x10004, displayId=0, eventId=-564473594 }
10-17 01:50:49.274 D/InputDispatcher(  507): Touch mode switch rejected, caller (pid=0, uid=10177) doesn't own the focused window nor none of the previously interacted window
10-17 01:50:49.275 D/InputDispatcher(  507): Touch mode switch rejected, caller (pid=0, uid=10177) doesn't own the focused window nor none of the previously interacted window
10-17 01:50:49.292 D/EGL_emulation(  709): app_time_stats: avg=483870.28ms min=483870.28ms max=483870.28ms count=1
10-17 01:50:49.314 I/Monkey  ( 2026): :Sending Touch (ACTION_DOWN): 0:(1004.0,1097.0)
10-17 01:50:49.315 D/TaplEvents( 1064): TIS / TouchInteractionService.onInputEvent: MotionEvent { action=ACTION_DOWN, actionButton=0, id[0]=0, x[0]=1004.0, y[0]=1097.0, toolType[0]=TOOL_TYPE_UNKNOWN, buttonState=0, classification=NONE, metaState=0, flags=0x0, edgeFlags=0x0, pointerCount=1, historySize=0, eventTime=32525378, downTime=32525378, deviceId=-1, source=0x1002, displayId=0, eventId=-124589458 }
10-17 01:50:49.315 I/Monkey  ( 2026): :Sending Touch (ACTION_UP): 0:(1004.38245,1094.3186)
10-17 01:50:49.316 D/TaplEvents( 1064): TIS / TouchInteractionService.onInputEvent: MotionEvent { action=ACTION_UP, actionButton=0, id[0]=0, x[0]=1004.38245, y[0]=1094.3186, toolType[0]=TOOL_TYPE_UNKNOWN, buttonState=0, classification=NONE, metaState=0, flags=0x0, edgeFlags=0x0, pointerCount=1, historySize=0, eventTime=32525379, downTime=32525378, deviceId=-1, source=0x1002, displayId=0, eventId=-981348759 }
10-17 01:50:49.471 I/Monkey  ( 2026): :Sending Touch (ACTION_DOWN): 0:(987.0,1876.0)
10-17 01:50:49.471 D/TaplEvents( 1064): TIS / TouchInteractionService.onInputEvent: MotionEvent { action=ACTION_DOWN, actionButton=0, id[0]=0, x[0]=987.0, y[0]=1876.0, toolType[0]=TOOL_TYPE_UNKNOWN, buttonState=0, classification=NONE, metaState=0, flags=0x0, edgeFlags=0x0, pointerCount=1, historySize=0, eventTime=32525535, downTime=32525535, deviceId=-1, source=0x1002, displayId=0, eventId=-793291618 }
10-17 01:50:49.471 I/Monkey  ( 2026): :Sending Touch (ACTION_UP): 0:(992.66864,1876.0299)
10-17 01:50:49.476 D/CoreBackPreview(  507): Window{42b6d6d u0 org.telegram.messenger/org.telegram.messenger.DefaultIcon}: Setting back callback null
10-17 01:50:49.476 D/TaplEvents( 1064): TIS / TouchInteractionService.onInputEvent: MotionEvent { action=ACTION_UP, actionButton=0, id[0]=0, x[0]=992.66864, y[0]=1876.0299, toolType[0]=TOOL_TYPE_UNKNOWN, buttonState=0, classification=NONE, metaState=0, flags=0x0, edgeFlags=0x0, pointerCount=1, historySize=0, eventTime=32525535, downTime=32525535, deviceId=-1, source=0x1002, displayId=0, eventId=-1032199608 }
10-17 01:50:49.478 W/InputManager-JNI(  507): Input channel object '42b6d6d org.telegram.messenger/org.telegram.messenger.DefaultIcon (client)' was disposed without first being removed with the input manager!
10-17 01:50:49.481 W/InputEventReceiver( 1755): Attempted to finish an input event but the input event receiver has already been disposed.
10-17 01:50:49.489 W/TransactionTracing(  337): Could not find layer handle 0xb40000720f22ef70
10-17 01:50:49.489 V/WindowManager(  507): Unknown focus tokens, dropping reportFocusChanged
10-17 01:50:49.506 W/TransactionTracing(  337): Could not find layer handle 0xb40000720f22e670
10-17 01:50:49.506 W/TransactionTracing(  337): Could not find layer handle 0xb40000720f22dd70
10-17 01:50:49.506 W/TransactionTracing(  337): Could not find layer handle 0xb40000720f22fb10
10-17 01:50:49.506 W/TransactionTracing(  337): Could not find layer handle 0xb40000720f2255b0
10-17 01:50:49.506 W/TransactionTracing(  337): Could not find layer handle 0xb40000720f22bf10
10-17 01:50:49.506 W/TransactionTracing(  337): Could not find layer handle 0xb40000720f22fb10
10-17 01:50:49.506 W/TransactionTracing(  337): Could not find layer handle 0xb40000720f22dd70
10-17 01:50:49.506 W/TransactionTracing(  337): Could not find layer handle 0xb40000720f22bf10
10-17 01:50:49.507 D/CoreBackPreview(  507): Window{ab126f6 u0 org.telegram.messenger/org.telegram.messenger.DefaultIcon}: Setting back callback OnBackInvokedCallbackInfo{mCallback=android.window.IOnBackInvokedCallback$Stub$Proxy@7b3769b, mPriority=0}
10-17 01:50:49.507 D/CoreBackPreview(  507): Window{ab126f6 u0 org.telegram.messenger/org.telegram.messenger.DefaultIcon}: Setting back callback OnBackInvokedCallbackInfo{mCallback=android.window.IOnBackInvokedCallback$Stub$Proxy@c6eea38, mPriority=0}
10-17 01:50:49.524 D/EGL_emulation( 1755): app_time_stats: avg=13.96ms min=0.95ms max=48.79ms count=61
10-17 01:50:49.526 I/Monkey  ( 2026): :Sending Trackball (ACTION_MOVE): 0:(-3.0,3.0)
10-17 01:50:49.530 I/Monkey  ( 2026): :Switch: #Intent;action=android.intent.action.MAIN;category=android.intent.category.LAUNCHER;launchFlags=0x10200000;component=org.telegram.messenger/.DefaultIcon;end
10-17 01:50:49.531 I/ActivityTaskManager(  507): START u0 {act=android.intent.action.MAIN cat=[android.intent.category.LAUNCHER] flg=0x10200000 cmp=org.telegram.messenger/.DefaultIcon} from uid 0
10-17 01:50:49.531 I/Monkey  ( 2026):     // Allowing start of Intent { act=android.intent.action.MAIN cat=[android.intent.category.LAUNCHER] cmp=org.telegram.messenger/.DefaultIcon } in package org.telegram.messenger
10-17 01:50:49.542 I/PIP_DEBUG( 1755): [Activity] onPause
10-17 01:50:49.544 I/PIP_DEBUG( 1755): [Activity] onResume
10-17 01:50:49.545 W/InputEventSender( 1755): Received 'finished' signal for unknown seq number = 313
10-17 01:50:49.545 W/InputEventSender( 1755): Received 'finished' signal for unknown seq number = 314
10-17 01:50:49.545 W/InputEventSender( 1755): Received 'finished' signal for unknown seq number = 315
10-17 01:50:49.545 W/InputEventSender( 1755): Received 'finished' signal for unknown seq number = 316
10-17 01:50:49.545 W/InputEventSender( 1755): Received 'finished' signal for unknown seq number = 317
10-17 01:50:49.545 W/InputEventSender( 1755): Received 'finished' signal for unknown seq number = 318
10-17 01:50:49.545 W/InputEventSender( 1755): Received 'finished' signal for unknown seq number = 319
