10-17 01:51:10.914 D/CCodec  ( 2218): }
10-17 01:51:10.914 D/CCodec  ( 2218): setup formats output: AMessage(what = 0x00000000) = {
10-17 01:51:10.914 D/CCodec  ( 2218):   int32_t channel-count = 2
10-17 01:51:10.914 D/CCodec  ( 2218):   string mime = "audio/raw"
10-17 01:51:10.914 D/CCodec  ( 2218):   int32_t sample-rate = 48000
10-17 01:51:10.914 D/CCodec  ( 2218):   int32_t encoder-delay = 576
10-17 01:51:10.914 D/CCodec  ( 2218):   int32_t encoder-padding = 576
10-17 01:51:10.914 D/CCodec  ( 2218):   int32_t android._config-pcm-encoding = 2
10-17 01:51:10.914 D/CCodec  ( 2218): }
10-17 01:51:10.914 I/CCodecConfig( 2218): query failed after returning 7 values (BAD_INDEX)
10-17 01:51:10.915 W/Codec2Client( 2218): query -- param skipped: index = 1342179345.
10-17 01:51:10.915 W/Codec2Client( 2218): query -- param skipped: index = 2415921170.
10-17 01:51:10.916 D/CCodecBufferChannel( 2218): [c2.android.mp3.decoder#492] Created input block pool with allocatorID 16 => poolID 24 - OK (0)
10-17 01:51:10.916 I/CCodecBufferChannel( 2218): [c2.android.mp3.decoder#492] Created output block pool with allocatorID 16 => poolID 95 - OK
10-17 01:51:10.916 D/CCodecBufferChannel( 2218): [c2.android.mp3.decoder#492] Configured output block pool ids 95 => OK
10-17 01:51:10.917 D/SimpleC2Component(  408): Using output block pool with poolID 95 => got 95 - 0
10-17 01:51:10.918 D/MediaCodecList( 2218): codecHandlesFormat: no format, so no extra checks
10-17 01:51:10.918 D/CCodec  ( 2218): allocate(c2.android.mp3.decoder)
10-17 01:51:10.918 I/CCodec  ( 2218): setting up 'default' as default (vendor) store
10-17 01:51:10.919 I/CCodec  ( 2218): Created component [c2.android.mp3.decoder]
10-17 01:51:10.919 I/C2SoftMp3Dec(  408): Reconfiguring decoder: 0->48000 Hz, 0->2 channels
10-17 01:51:10.919 D/CCodecConfig( 2218): read media type: audio/mpeg
10-17 01:51:10.921 D/ReflectedParamUpdater( 2218): extent() != 1 for single value type: algo.buffers.max-count.values
10-17 01:51:10.921 D/ReflectedParamUpdater( 2218): extent() != 1 for single value type: output.subscribed-indices.values
10-17 01:51:10.921 D/ReflectedParamUpdater( 2218): extent() != 1 for single value type: input.buffers.allocator-ids.values
10-17 01:51:10.921 D/ReflectedParamUpdater( 2218): extent() != 1 for single value type: output.buffers.allocator-ids.values
10-17 01:51:10.921 D/ReflectedParamUpdater( 2218): extent() != 1 for single value type: algo.buffers.allocator-ids.values
10-17 01:51:10.921 D/ReflectedParamUpdater( 2218): extent() != 1 for single value type: output.buffers.pool-ids.values
10-17 01:51:10.921 D/ReflectedParamUpdater( 2218): extent() != 1 for single value type: algo.buffers.pool-ids.values
10-17 01:51:10.921 I/CCodecConfig( 2218): query failed after returning 7 values (BAD_INDEX)
10-17 01:51:10.921 D/CCodecConfig( 2218): c2 config diff is Dict {
10-17 01:51:10.921 D/CCodecConfig( 2218):   c2::u32 coded.bitrate.value = 64000
10-17 01:51:10.921 D/CCodecConfig( 2218):   c2::u32 input.buffers.max-size.value = 8192
10-17 01:51:10.921 D/CCodecConfig( 2218):   c2::u32 input.delay.value = 0
10-17 01:51:10.921 D/CCodecConfig( 2218):   string input.media-type.value = "audio/mpeg"
10-17 01:51:10.921 D/CCodecConfig( 2218):   string output.media-type.value = "audio/raw"
10-17 01:51:10.921 D/CCodecConfig( 2218):   c2::u32 raw.channel-count.value = 2
10-17 01:51:10.921 D/CCodecConfig( 2218):   c2::u32 raw.sample-rate.value = 44100
10-17 01:51:10.921 D/CCodecConfig( 2218): }
10-17 01:51:10.922 D/MediaCodec( 2218): flushMediametrics
10-17 01:51:10.922 D/CCodec  ( 2218): [c2.android.mp3.decoder] buffers are bound to CCodec for this session
10-17 01:51:10.922 D/CCodecConfig( 2218): no c2 equivalents for durationUs
10-17 01:51:10.922 D/CCodecConfig( 2218): no c2 equivalents for track-id
10-17 01:51:10.922 D/CCodecConfig( 2218): no c2 equivalents for encoder-delay
10-17 01:51:10.922 D/CCodecConfig( 2218): no c2 equivalents for encoder-padding
10-17 01:51:10.922 D/CCodecConfig( 2218): no c2 equivalents for flags
10-17 01:51:10.922 D/CCodecConfig( 2218): c2 config diff is   c2::u32 coded.bitrate.value = 160000
10-17 01:51:10.922 D/CCodecConfig( 2218):   c2::u32 raw.sample-rate.value = 48000
10-17 01:51:10.922 W/Codec2Client( 2218): query -- param skipped: index = 1107298332.
10-17 01:51:10.922 D/CCodec  ( 2218): encoding statistics level = 0
10-17 01:51:10.922 D/CCodec  ( 2218): setup formats input: AMessage(what = 0x00000000) = {
10-17 01:51:10.922 D/CCodec  ( 2218):   int32_t bitrate = 160000
10-17 01:51:10.922 D/CCodec  ( 2218):   int32_t channel-count = 2
10-17 01:51:10.922 D/CCodec  ( 2218):   int32_t max-input-size = 8192
10-17 01:51:10.922 D/CCodec  ( 2218):   string mime = "audio/mpeg"
10-17 01:51:10.922 D/CCodec  ( 2218):   int32_t sample-rate = 48000
10-17 01:51:10.922 D/CCodec  ( 2218): }
10-17 01:51:10.922 D/CCodec  ( 2218): setup formats output: AMessage(what = 0x00000000) = {
10-17 01:51:10.922 D/CCodec  ( 2218):   int32_t channel-count = 2
10-17 01:51:10.922 D/CCodec  ( 2218):   string mime = "audio/raw"
10-17 01:51:10.922 D/CCodec  ( 2218):   int32_t sample-rate = 48000
10-17 01:51:10.922 D/CCodec  ( 2218):   int32_t encoder-delay = 576
10-17 01:51:10.922 D/CCodec  ( 2218):   int32_t encoder-padding = 2112
10-17 01:51:10.922 D/CCodec  ( 2218):   int32_t android._config-pcm-encoding = 2
10-17 01:51:10.922 D/CCodec  ( 2218): }
10-17 01:51:10.922 I/CCodecConfig( 2218): query failed after returning 7 values (BAD_INDEX)
10-17 01:51:10.922 W/Codec2Client( 2218): query -- param skipped: index = 1342179345.
10-17 01:51:10.922 W/Codec2Client( 2218): query -- param skipped: index = 2415921170.
10-17 01:51:10.922 D/CCodecBufferChannel( 2218): [c2.android.mp3.decoder#916] Created input block pool with allocatorID 16 => poolID 25 - OK (0)
10-17 01:51:10.923 I/CCodecBufferChannel( 2218): [c2.android.mp3.decoder#916] Created output block pool with allocatorID 16 => poolID 96 - OK
10-17 01:51:10.923 D/CCodecBufferChannel( 2218): [c2.android.mp3.decoder#916] Configured output block pool ids 96 => OK
10-17 01:51:10.923 D/InputDispatcher(  507): Touch mode switch rejected, caller (pid=0, uid=10177) doesn't own the focused window nor none of the previously interacted window
10-17 01:51:10.924 D/SimpleC2Component(  408): Using output block pool with poolID 96 => got 96 - 0
10-17 01:51:10.925 I/C2SoftMp3Dec(  408): Reconfiguring decoder: 0->48000 Hz, 0->2 channels
10-17 01:51:10.934 D/HostConnection(  709): HostComposition ext ANDROID_EMU_CHECKSUM_HELPER_v1 ANDROID_EMU_native_sync_v2 ANDROID_EMU_native_sync_v3 ANDROID_EMU_native_sync_v4 ANDROID_EMU_dma_v1 ANDROID_EMU_direct_mem ANDROID_EMU_host_composition_v1 ANDROID_EMU_host_composition_v2 ANDROID_EMU_vulkan ANDROID_EMU_deferred_vulkan_commands ANDROID_EMU_vulkan_null_optional_strings ANDROID_EMU_vulkan_create_resources_with_requirements ANDROID_EMU_YUV_Cache ANDROID_EMU_vulkan_ignored_handles ANDROID_EMU_has_shared_slots_host_memory_allocator ANDROID_EMU_vulkan_free_memory_sync ANDROID_EMU_vulkan_shader_float16_int8 ANDROID_EMU_vulkan_async_queue_submit ANDROID_EMU_vulkan_queue_submit_with_commands ANDROID_EMU_sync_buffer_data ANDROID_EMU_vulkan_async_qsri ANDROID_EMU_read_color_buffer_dma ANDROID_EMU_hwc_multi_configs ANDROID_EMU_hwc_color_transform GL_OES_EGL_image_external_essl3 GL_OES_vertex_array_object ANDROID_EMU_host_side_tracing ANDROID_EMU_gles_max_version_3_0 
10-17 01:51:10.934 W/OpenGLRenderer(  709): Failed to choose config with EGL_SWAP_BEHAVIOR_PRESERVED, retrying without...
10-17 01:51:10.935 W/OpenGLRenderer(  709): Failed to initialize 101010-2 format, error = EGL_SUCCESS
10-17 01:51:10.935 D/EGL_emulation(  709): eglCreateContext: 0xb40000719c2fef90: maj 3 min 0 rcv 3
10-17 01:51:10.936 D/EGL_emulation(  709): eglMakeCurrent: 0xb40000719c2fef90: ver 3 0 (tinfo 0x73b5923100) (first time)
10-17 01:51:10.963 D/CCodecBufferChannel( 2218): [c2.android.mp3.decoder#916] MediaCodec discarded an unknown buffer
10-17 01:51:10.963 D/CCodecBufferChannel( 2218): [c2.android.mp3.decoder#916] MediaCodec discarded an unknown buffer
10-17 01:51:10.964 I/hw-BpHwBinder( 2218): onLastStrongRef automatically unlinking death recipients
10-17 01:51:10.964 I/hw-BpHwBinder(  408): onLastStrongRef automatically unlinking death recipients
10-17 01:51:10.965 D/MediaCodec( 2218): flushMediametrics
10-17 01:51:10.970 D/MediaCodecList( 2218): codecHandlesFormat: no format, so no extra checks
10-17 01:51:10.971 D/CCodec  ( 2218): allocate(c2.android.mp3.decoder)
10-17 01:51:10.972 I/CCodec  ( 2218): setting up 'default' as default (vendor) store
10-17 01:51:10.974 I/Monkey  ( 2397): :Sending Touch (ACTION_DOWN): 0:(143.0,729.0)
10-17 01:51:10.975 I/Monkey  ( 2397): :Sending Touch (ACTION_UP): 0:(142.77853,719.5064)
10-17 01:51:10.975 D/TaplEvents( 1064): TIS / TouchInteractionService.onInputEvent: MotionEvent { action=ACTION_DOWN, actionButton=0, id[0]=0, x[0]=143.0, y[0]=729.0, toolType[0]=TOOL_TYPE_UNKNOWN, buttonState=0, classification=NONE, metaState=0, flags=0x0, edgeFlags=0x0, pointerCount=1, historySize=0, eventTime=32547038, downTime=32547038, deviceId=-1, source=0x1002, displayId=0, eventId=-255437282 }
10-17 01:51:10.976 D/TaplEvents( 1064): TIS / TouchInteractionService.onInputEvent: MotionEvent { action=ACTION_UP, actionButton=0, id[0]=0, x[0]=142.77853, y[0]=719.5064, toolType[0]=TOOL_TYPE_UNKNOWN, buttonState=0, classification=NONE, metaState=0, flags=0x0, edgeFlags=0x0, pointerCount=1, historySize=0, eventTime=32547039, downTime=32547038, deviceId=-1, source=0x1002, displayId=0, eventId=-353407556 }
10-17 01:51:10.978 I/CCodec  ( 2218): Created component [c2.android.mp3.decoder]
10-17 01:51:10.979 D/CCodecConfig( 2218): read media type: audio/mpeg
10-17 01:51:10.981 D/ReflectedParamUpdater( 2218): extent() != 1 for single value type: algo.buffers.max-count.values
10-17 01:51:10.982 D/ReflectedParamUpdater( 2218): extent() != 1 for single value type: output.subscribed-indices.values
10-17 01:51:10.982 D/ReflectedParamUpdater( 2218): extent() != 1 for single value type: input.buffers.allocator-ids.values
10-17 01:51:10.982 D/ReflectedParamUpdater( 2218): extent() != 1 for single value type: output.buffers.allocator-ids.values
10-17 01:51:10.982 D/ReflectedParamUpdater( 2218): extent() != 1 for single value type: algo.buffers.allocator-ids.values
10-17 01:51:10.982 D/ReflectedParamUpdater( 2218): extent() != 1 for single value type: output.buffers.pool-ids.values
10-17 01:51:10.982 D/ReflectedParamUpdater( 2218): extent() != 1 for single value type: algo.buffers.pool-ids.values
10-17 01:51:10.982 I/CCodecConfig( 2218): query failed after returning 7 values (BAD_INDEX)
10-17 01:51:10.982 D/CCodecConfig( 2218): c2 config diff is Dict {
10-17 01:51:10.982 D/CCodecConfig( 2218):   c2::u32 coded.bitrate.value = 64000
10-17 01:51:10.982 D/CCodecConfig( 2218):   c2::u32 input.buffers.max-size.value = 8192
10-17 01:51:10.982 D/CCodecConfig( 2218):   c2::u32 input.delay.value = 0
10-17 01:51:10.982 D/CCodecConfig( 2218):   string input.media-type.value = "audio/mpeg"
10-17 01:51:10.982 D/CCodecConfig( 2218):   string output.media-type.value = "audio/raw"
10-17 01:51:10.982 D/CCodecConfig( 2218):   c2::u32 raw.channel-count.value = 2
10-17 01:51:10.982 D/CCodecConfig( 2218):   c2::u32 raw.sample-rate.value = 44100
10-17 01:51:10.982 D/CCodecConfig( 2218): }
10-17 01:51:10.982 D/MediaCodec( 2218): flushMediametrics
10-17 01:51:10.982 D/CCodec  ( 2218): [c2.android.mp3.decoder] buffers are bound to CCodec for this session
10-17 01:51:10.982 D/CCodecConfig( 2218): no c2 equivalents for durationUs
10-17 01:51:10.982 D/CCodecConfig( 2218): no c2 equivalents for track-id
10-17 01:51:10.982 D/CCodecConfig( 2218): no c2 equivalents for encoder-delay
10-17 01:51:10.982 D/CCodecConfig( 2218): no c2 equivalents for encoder-padding
10-17 01:51:10.982 D/CCodecConfig( 2218): no c2 equivalents for flags
10-17 01:51:10.983 D/CCodecConfig( 2218): c2 config diff is   c2::u32 coded.bitrate.value = 160000
10-17 01:51:10.983 D/CCodecConfig( 2218):   c2::u32 raw.sample-rate.value = 48000
10-17 01:51:10.983 W/Codec2Client( 2218): query -- param skipped: index = 1107298332.
10-17 01:51:10.983 D/CCodec  ( 2218): encoding statistics level = 0
10-17 01:51:10.983 D/CCodec  ( 2218): setup formats input: AMessage(what = 0x00000000) = {
10-17 01:51:10.983 D/CCodec  ( 2218):   int32_t bitrate = 160000
10-17 01:51:10.983 D/CCodec  ( 2218):   int32_t channel-count = 2
10-17 01:51:10.983 D/CCodec  ( 2218):   int32_t max-input-size = 8192
10-17 01:51:10.983 D/CCodec  ( 2218):   string mime = "audio/mpeg"
10-17 01:51:10.983 D/CCodec  ( 2218):   int32_t sample-rate = 48000
10-17 01:51:10.983 D/CCodec  ( 2218): }
10-17 01:51:10.983 D/CCodec  ( 2218): setup formats output: AMessage(what = 0x00000000) = {
10-17 01:51:10.983 D/CCodec  ( 2218):   int32_t channel-count = 2
10-17 01:51:10.983 D/CCodec  ( 2218):   string mime = "audio/raw"
10-17 01:51:10.983 D/CCodec  ( 2218):   int32_t sample-rate = 48000
10-17 01:51:10.983 D/CCodec  ( 2218):   int32_t encoder-delay = 576
10-17 01:51:10.983 D/CCodec  ( 2218):   int32_t encoder-padding = 2112
10-17 01:51:10.983 D/CCodec  ( 2218):   int32_t android._config-pcm-encoding = 2
10-17 01:51:10.983 D/CCodec  ( 2218): }
10-17 01:51:10.983 I/CCodecConfig( 2218): query failed after returning 7 values (BAD_INDEX)
10-17 01:51:10.983 W/Codec2Client( 2218): query -- param skipped: index = 1342179345.
10-17 01:51:10.984 W/Codec2Client( 2218): query -- param skipped: index = 2415921170.
10-17 01:51:10.984 D/CCodecBufferChannel( 2218): [c2.android.mp3.decoder#775] Created input block pool with allocatorID 16 => poolID 26 - OK (0)
10-17 01:51:10.984 I/CCodecBufferChannel( 2218): [c2.android.mp3.decoder#775] Created output block pool with allocatorID 16 => poolID 97 - OK
10-17 01:51:10.984 D/CCodecBufferChannel( 2218): [c2.android.mp3.decoder#775] Configured output block pool ids 97 => OK
10-17 01:51:10.985 D/SimpleC2Component(  408): Using output block pool with poolID 97 => got 97 - 0
10-17 01:51:10.987 I/C2SoftMp3Dec(  408): Reconfiguring decoder: 0->48000 Hz, 0->2 channels
10-17 01:51:11.027 I/Monkey  ( 2397): :Sending Touch (ACTION_DOWN): 0:(822.0,116.0)
10-17 01:51:11.027 D/TaplEvents( 1064): TIS / TouchInteractionService.onInputEvent: MotionEvent { action=ACTION_DOWN, actionButton=0, id[0]=0, x[0]=822.0, y[0]=116.0, toolType[0]=TOOL_TYPE_UNKNOWN, buttonState=0, classification=NONE, metaState=0, flags=0x0, edgeFlags=0x0, pointerCount=1, historySize=0, eventTime=32547091, downTime=32547091, deviceId=-1, source=0x1002, displayId=0, eventId=-2112741 }
10-17 01:51:11.028 D/CCodecBufferChannel( 2218): [c2.android.mp3.decoder#775] MediaCodec discarded an unknown buffer
10-17 01:51:11.028 D/CCodecBufferChannel( 2218): [c2.android.mp3.decoder#775] MediaCodec discarded an unknown buffer
10-17 01:51:11.028 D/CCodecBufferChannel( 2218): [c2.android.mp3.decoder#775] MediaCodec discarded an unknown buffer
10-17 01:51:11.028 I/Monkey  ( 2397): :Sending Touch (ACTION_UP): 0:(821.3863,112.89578)
10-17 01:51:11.028 D/TaplEvents( 1064): TIS / TouchInteractionService.onInputEvent: MotionEvent { action=ACTION_UP, actionButton=0, id[0]=0, x[0]=821.3863, y[0]=112.89578, toolType[0]=TOOL_TYPE_UNKNOWN, buttonState=0, classification=NONE, metaState=0, flags=0x0, edgeFlags=0x0, pointerCount=1, historySize=0, eventTime=32547092, downTime=32547091, deviceId=-1, source=0x1002, displayId=0, eventId=-341673227 }
10-17 01:51:11.031 I/hw-BpHwBinder( 2218): onLastStrongRef automatically unlinking death recipients
10-17 01:51:11.031 I/hw-BpHwBinder(  408): onLastStrongRef automatically unlinking death recipients
10-17 01:51:11.032 D/MediaCodec( 2218): flushMediametrics
10-17 01:51:11.061 I/hw-BpHwBinder( 2218): onLastStrongRef automatically unlinking death recipients
10-17 01:51:11.061 I/hw-BpHwBinder(  408): onLastStrongRef automatically unlinking death recipients
10-17 01:51:11.062 I/hw-BpHwBinder(  408): onLastStrongRef automatically unlinking death recipients
10-17 01:51:11.062 V/C2Store (  408): in ~ComponentModule
10-17 01:51:11.062 V/C2Store (  408): unloading dll
10-17 01:51:11.063 D/MediaCodec( 2218): flushMediametrics
10-17 01:51:11.079 I/Monkey  ( 2397): :Sending Touch (ACTION_DOWN): 0:(550.0,1775.0)
10-17 01:51:11.080 D/TaplEvents( 1064): TIS / TouchInteractionService.onInputEvent: MotionEvent { action=ACTION_DOWN, actionButton=0, id[0]=0, x[0]=550.0, y[0]=1775.0, toolType[0]=TOOL_TYPE_UNKNOWN, buttonState=0, classification=NONE, metaState=0, flags=0x0, edgeFlags=0x0, pointerCount=1, historySize=0, eventTime=32547143, downTime=32547143, deviceId=-1, source=0x1002, displayId=0, eventId=-926949 }
10-17 01:51:11.080 I/Monkey  ( 2397): :Sending Touch (ACTION_UP): 0:(555.0458,1769.2303)
10-17 01:51:11.080 D/TaplEvents( 1064): TIS / TouchInteractionService.onInputEvent: MotionEvent { action=ACTION_UP, actionButton=0, id[0]=0, x[0]=555.0458, y[0]=1769.2303, toolType[0]=TOOL_TYPE_UNKNOWN, buttonState=0, classification=NONE, metaState=0, flags=0x0, edgeFlags=0x0, pointerCount=1, historySize=0, eventTime=32547144, downTime=32547143, deviceId=-1, source=0x1002, displayId=0, eventId=-229754218 }
10-17 01:51:11.092 D/EGL_emulation( 2218): app_time_stats: avg=23.22ms min=8.89ms max=152.21ms count=43
10-17 01:51:11.131 D/InputDispatcher(  507): Touch mode switch rejected, caller (pid=0, uid=10177) doesn't own the focused window nor none of the previously interacted window
10-17 01:51:11.183 I/Monkey  ( 2397): :Sending Touch (ACTION_DOWN): 0:(471.0,1789.0)
10-17 01:51:11.183 I/Monkey  ( 2397): :Sending Touch (ACTION_UP): 0:(476.9647,1777.2765)
10-17 01:51:11.183 D/TaplEvents( 1064): TIS / TouchInteractionService.onInputEvent: MotionEvent { action=ACTION_DOWN, actionButton=0, id[0]=0, x[0]=471.0, y[0]=1789.0, toolType[0]=TOOL_TYPE_UNKNOWN, buttonState=0, classification=NONE, metaState=0, flags=0x0, edgeFlags=0x0, pointerCount=1, historySize=0, eventTime=32547247, downTime=32547247, deviceId=-1, source=0x1002, displayId=0, eventId=-492098237 }
10-17 01:51:11.184 D/TaplEvents( 1064): TIS / TouchInteractionService.onInputEvent: MotionEvent { action=ACTION_UP, actionButton=0, id[0]=0, x[0]=476.9647, y[0]=1777.2765, toolType[0]=TOOL_TYPE_UNKNOWN, buttonState=0, classification=NONE, metaState=0, flags=0x0, edgeFlags=0x0, pointerCount=1, historySize=0, eventTime=32547247, downTime=32547247, deviceId=-1, source=0x1002, displayId=0, eventId=-132317455 }
10-17 01:51:11.234 I/Monkey  ( 2397): :Sending Touch (ACTION_DOWN): 0:(604.0,408.0)
10-17 01:51:11.235 D/TaplEvents( 1064): TIS / TouchInteractionService.onInputEvent: MotionEvent { action=ACTION_DOWN, actionButton=0, id[0]=0, x[0]=604.0, y[0]=408.0, toolType[0]=TOOL_TYPE_UNKNOWN, buttonState=0, classification=NONE, metaState=0, flags=0x0, edgeFlags=0x0, pointerCount=1, historySize=0, eventTime=32547298, downTime=32547298, deviceId=-1, source=0x1002, displayId=0, eventId=-254377714 }
10-17 01:51:11.235 I/Monkey  ( 2397): :Sending Touch (ACTION_UP): 0:(610.84827,404.5045)
10-17 01:51:11.235 D/TaplEvents( 1064): TIS / TouchInteractionService.onInputEvent: MotionEvent { action=ACTION_UP, actionButton=0, id[0]=0, x[0]=610.84827, y[0]=404.5045, toolType[0]=TOOL_TYPE_UNKNOWN, buttonState=0, classification=NONE, metaState=0, flags=0x0, edgeFlags=0x0, pointerCount=1, historySize=0, eventTime=32547299, downTime=32547298, deviceId=-1, source=0x1002, displayId=0, eventId=-567027979 }
10-17 01:51:11.286 I/Monkey  ( 2397): :Sending Touch (ACTION_DOWN): 0:(541.0,152.0)
10-17 01:51:11.287 D/TaplEvents( 1064): TIS / TouchInteractionService.onInputEvent: MotionEvent { action=ACTION_DOWN, actionButton=0, id[0]=0, x[0]=541.0, y[0]=152.0, toolType[0]=TOOL_TYPE_UNKNOWN, buttonState=0, classification=NONE, metaState=0, flags=0x0, edgeFlags=0x0, pointerCount=1, historySize=0, eventTime=32547350, downTime=32547350, deviceId=-1, source=0x1002, displayId=0, eventId=-871671027 }
10-17 01:51:11.287 I/Monkey  ( 2397): :Sending Touch (ACTION_UP): 0:(552.85706,158.65521)
10-17 01:51:11.287 D/TaplEvents( 1064): TIS / TouchInteractionService.onInputEvent: MotionEvent { action=ACTION_UP, actionButton=0, id[0]=0, x[0]=552.85706, y[0]=158.65521, toolType[0]=TOOL_TYPE_UNKNOWN, buttonState=0, classification=NONE, metaState=0, flags=0x0, edgeFlags=0x0, pointerCount=1, historySize=0, eventTime=32547351, downTime=32547350, deviceId=-1, source=0x1002, displayId=0, eventId=-738838701 }
10-17 01:51:11.339 D/InputDispatcher(  507): Touch mode switch rejected, caller (pid=0, uid=10177) doesn't own the focused window nor none of the previously interacted window
10-17 01:51:11.390 I/Monkey  ( 2397): :Sending Touch (ACTION_DOWN): 0:(811.0,308.0)
10-17 01:51:11.391 D/TaplEvents( 1064): TIS / TouchInteractionService.onInputEvent: MotionEvent { action=ACTION_DOWN, actionButton=0, id[0]=0, x[0]=811.0, y[0]=308.0, toolType[0]=TOOL_TYPE_UNKNOWN, buttonState=0, classification=NONE, metaState=0, flags=0x0, edgeFlags=0x0, pointerCount=1, historySize=0, eventTime=32547454, downTime=32547454, deviceId=-1, source=0x1002, displayId=0, eventId=-796801835 }
10-17 01:51:11.394 I/Monkey  ( 2397): :Sending Touch (ACTION_UP): 0:(873.9661,338.47574)
10-17 01:51:11.394 D/TaplEvents( 1064): TIS / TouchInteractionService.onInputEvent: MotionEvent { action=ACTION_UP, actionButton=0, id[0]=0, x[0]=873.9661, y[0]=338.47574, toolType[0]=TOOL_TYPE_UNKNOWN, buttonState=0, classification=NONE, metaState=0, flags=0x0, edgeFlags=0x0, pointerCount=1, historySize=0, eventTime=32547457, downTime=32547454, deviceId=-1, source=0x1002, displayId=0, eventId=-36610590 }
10-17 01:51:11.446 D/InputDispatcher(  507): Touch mode switch rejected, caller (pid=0, uid=10177) doesn't own the focused window nor none of the previously interacted window
10-17 01:51:11.497 I/Monkey  ( 2397): :Sending Touch (ACTION_DOWN): 0:(935.0,237.0)
10-17 01:51:11.498 D/TaplEvents( 1064): TIS / TouchInteractionService.onInputEvent: MotionEvent { action=ACTION_DOWN, actionButton=0, id[0]=0, x[0]=935.0, y[0]=237.0, toolType[0]=TOOL_TYPE_UNKNOWN, buttonState=0, classification=NONE, metaState=0, flags=0x0, edgeFlags=0x0, pointerCount=1, historySize=0, eventTime=32547561, downTime=32547561, deviceId=-1, source=0x1002, displayId=0, eventId=-837245544 }
10-17 01:51:11.498 I/Monkey  ( 2397): :Sending Touch (ACTION_UP): 0:(934.56323,248.03049)
10-17 01:51:11.500 D/TaplEvents( 1064): TIS / TouchInteractionService.onInputEvent: MotionEvent { action=ACTION_UP, actionButton=0, id[0]=0, x[0]=934.56323, y[0]=248.03049, toolType[0]=TOOL_TYPE_UNKNOWN, buttonState=0, classification=NONE, metaState=0, flags=0x0, edgeFlags=0x0, pointerCount=1, historySize=0, eventTime=32547562, downTime=32547561, deviceId=-1, source=0x1002, displayId=0, eventId=-142732430 }
10-17 01:51:11.551 I/Monkey  ( 2397): :Sending Touch (ACTION_DOWN): 0:(1038.0,196.0)
10-17 01:51:11.553 I/Monkey  ( 2397): :Sending Touch (ACTION_UP): 0:(1020.3889,193.00017)
10-17 01:51:11.553 D/TaplEvents( 1064): TIS / TouchInteractionService.onInputEvent: MotionEvent { action=ACTION_DOWN, actionButton=0, id[0]=0, x[0]=1038.0, y[0]=196.0, toolType[0]=TOOL_TYPE_UNKNOWN, buttonState=0, classification=NONE, metaState=0, flags=0x0, edgeFlags=0x0, pointerCount=1, historySize=0, eventTime=32547615, downTime=32547615, deviceId=-1, source=0x1002, displayId=0, eventId=-893763314 }
10-17 01:51:11.553 D/TaplEvents( 1064): TIS / TouchInteractionService.onInputEvent: MotionEvent { action=ACTION_UP, actionButton=0, id[0]=0, x[0]=1020.3889, y[0]=193.00017, toolType[0]=TOOL_TYPE_UNKNOWN, buttonState=0, classification=NONE, metaState=0, flags=0x0, edgeFlags=0x0, pointerCount=1, historySize=0, eventTime=32547617, downTime=32547615, deviceId=-1, source=0x1002, displayId=0, eventId=-219688701 }
10-17 01:51:11.553 D/ShellBackPreview(  709): Finishing gesture with event action: 1
10-17 01:51:11.554 D/ShellBackPreview(  709): onGestureFinished() mTriggerBack == false
10-17 01:51:11.554 D/ShellBackPreview(  709): BackAnimationController: finishAnimation()
10-17 01:51:11.555 I/BpBinder(  337): onLastStrongRef automatically unlinking death recipients: <uncached descriptor>
10-17 01:51:11.604 I/Monkey  ( 2397): :Sending Touch (ACTION_DOWN): 0:(623.0,520.0)
10-17 01:51:11.605 I/Monkey  ( 2397): :Sending Touch (ACTION_UP): 0:(626.55023,514.27905)
10-17 01:51:11.605 D/TaplEvents( 1064): TIS / TouchInteractionService.onInputEvent: MotionEvent { action=ACTION_DOWN, actionButton=0, id[0]=0, x[0]=623.0, y[0]=520.0, toolType[0]=TOOL_TYPE_UNKNOWN, buttonState=0, classification=NONE, metaState=0, flags=0x0, edgeFlags=0x0, pointerCount=1, historySize=0, eventTime=32547668, downTime=32547668, deviceId=-1, source=0x1002, displayId=0, eventId=-125773161 }
10-17 01:51:11.607 D/TaplEvents( 1064): TIS / TouchInteractionService.onInputEvent: MotionEvent { action=ACTION_UP, actionButton=0, id[0]=0, x[0]=626.55023, y[0]=514.27905, toolType[0]=TOOL_TYPE_UNKNOWN, buttonState=0, classification=NONE, metaState=0, flags=0x0, edgeFlags=0x0, pointerCount=1, historySize=0, eventTime=32547669, downTime=32547668, deviceId=-1, source=0x1002, displayId=0, eventId=-303684231 }
10-17 01:51:11.714 D/InputDispatcher(  507): Touch mode switch rejected, caller (pid=0, uid=10177) doesn't own the focused window nor none of the previously interacted window
10-17 01:51:11.765 I/Monkey  ( 2397): :Sending Touch (ACTION_DOWN): 0:(64.0,1925.0)
10-17 01:51:11.765 I/Monkey  ( 2397): :Sending Touch (ACTION_UP): 0:(72.75296,1939.5354)
10-17 01:51:11.766 D/TaplEvents( 1064): TIS / TouchInteractionService.onInputEvent: MotionEvent { action=ACTION_DOWN, actionButton=0, id[0]=0, x[0]=64.0, y[0]=1925.0, toolType[0]=TOOL_TYPE_UNKNOWN, buttonState=0, classification=NONE, metaState=0, flags=0x0, edgeFlags=0x0, pointerCount=1, historySize=0, eventTime=32547829, downTime=32547829, deviceId=-1, source=0x1002, displayId=0, eventId=-852676330 }
10-17 01:51:11.766 D/TaplEvents( 1064): TIS / TouchInteractionService.onInputEvent: MotionEvent { action=ACTION_UP, actionButton=0, id[0]=0, x[0]=72.75296, y[0]=1939.5354, toolType[0]=TOOL_TYPE_UNKNOWN, buttonState=0, classification=NONE, metaState=0, flags=0x0, edgeFlags=0x0, pointerCount=1, historySize=0, eventTime=32547829, downTime=32547829, deviceId=-1, source=0x1002, displayId=0, eventId=-578228805 }
10-17 01:51:11.768 D/ShellBackPreview(  709): Finishing gesture with event action: 1
10-17 01:51:11.768 D/ShellBackPreview(  709): onGestureFinished() mTriggerBack == false
10-17 01:51:11.768 D/ShellBackPreview(  709): BackAnimationController: finishAnimation()
10-17 01:51:11.768 I/BpBinder(  337): onLastStrongRef automatically unlinking death recipients: <uncached descriptor>
10-17 01:51:11.810 D/EGL_emulation( 2218): app_time_stats: avg=3.92ms min=1.95ms max=32.20ms count=62
10-17 01:51:11.818 D/InputDispatcher(  507): Touch mode switch rejected, caller (pid=0, uid=10177) doesn't own the focused window nor none of the previously interacted window
10-17 01:51:11.871 I/Monkey  ( 2397): :Sending Touch (ACTION_DOWN): 0:(269.0,1243.0)
10-17 01:51:11.872 I/Monkey  ( 2397): :Sending Touch (ACTION_UP): 0:(280.11633,1250.7521)
10-17 01:51:11.872 D/TaplEvents( 1064): TIS / TouchInteractionService.onInputEvent: MotionEvent { action=ACTION_DOWN, actionButton=0, id[0]=0, x[0]=269.0, y[0]=1243.0, toolType[0]=TOOL_TYPE_UNKNOWN, buttonState=0, classification=NONE, metaState=0, flags=0x0, edgeFlags=0x0, pointerCount=1, historySize=0, eventTime=32547934, downTime=32547934, deviceId=-1, source=0x1002, displayId=0, eventId=-508112559 }
10-17 01:51:11.873 D/TaplEvents( 1064): TIS / TouchInteractionService.onInputEvent: MotionEvent { action=ACTION_UP, actionButton=0, id[0]=0, x[0]=280.11633, y[0]=1250.7521, toolType[0]=TOOL_TYPE_UNKNOWN, buttonState=0, classification=NONE, metaState=0, flags=0x0, edgeFlags=0x0, pointerCount=1, historySize=0, eventTime=32547936, downTime=32547934, deviceId=-1, source=0x1002, displayId=0, eventId=-592194304 }
10-17 01:51:11.923 I/Monkey  ( 2397): :Sending Touch (ACTION_DOWN): 0:(1006.0,1676.0)
10-17 01:51:11.925 I/Monkey  ( 2397): :Sending Touch (ACTION_UP): 0:(1001.0574,1677.4653)
10-17 01:51:11.925 D/TaplEvents( 1064): TIS / TouchInteractionService.onInputEvent: MotionEvent { action=ACTION_DOWN, actionButton=0, id[0]=0, x[0]=1006.0, y[0]=1676.0, toolType[0]=TOOL_TYPE_UNKNOWN, buttonState=0, classification=NONE, metaState=0, flags=0x0, edgeFlags=0x0, pointerCount=1, historySize=0, eventTime=32547987, downTime=32547987, deviceId=-1, source=0x1002, displayId=0, eventId=-66287200 }
10-17 01:51:11.925 D/ShellBackPreview(  709): Finishing gesture with event action: 1
10-17 01:51:11.925 D/ShellBackPreview(  709): onGestureFinished() mTriggerBack == false
10-17 01:51:11.925 D/ShellBackPreview(  709): BackAnimationController: finishAnimation()
10-17 01:51:11.925 D/TaplEvents( 1064): TIS / TouchInteractionService.onInputEvent: MotionEvent { action=ACTION_UP, actionButton=0, id[0]=0, x[0]=1001.0574, y[0]=1677.4653, toolType[0]=TOOL_TYPE_UNKNOWN, buttonState=0, classification=NONE, metaState=0, flags=0x0, edgeFlags=0x0, pointerCount=1, historySize=0, eventTime=32547989, downTime=32547987, deviceId=-1, source=0x1002, displayId=0, eventId=-599657978 }
10-17 01:51:11.926 I/BpBinder(  337): onLastStrongRef automatically unlinking death recipients: <uncached descriptor>
10-17 01:51:11.977 I/Monkey  ( 2397): :Sending Touch (ACTION_DOWN): 0:(717.0,631.0)
10-17 01:51:11.977 I/Monkey  ( 2397): :Sending Touch (ACTION_UP): 0:(717.2924,634.8756)
10-17 01:51:11.978 D/TaplEvents( 1064): TIS / TouchInteractionService.onInputEvent: MotionEvent { action=ACTION_DOWN, actionButton=0, id[0]=0, x[0]=717.0, y[0]=631.0, toolType[0]=TOOL_TYPE_UNKNOWN, buttonState=0, classification=NONE, metaState=0, flags=0x0, edgeFlags=0x0, pointerCount=1, historySize=0, eventTime=32548041, downTime=32548041, deviceId=-1, source=0x1002, displayId=0, eventId=-448821016 }
10-17 01:51:11.979 D/TaplEvents( 1064): TIS / TouchInteractionService.onInputEvent: MotionEvent { action=ACTION_UP, actionButton=0, id[0]=0, x[0]=717.2924, y[0]=634.8756, toolType[0]=TOOL_TYPE_UNKNOWN, buttonState=0, classification=NONE, metaState=0, flags=0x0, edgeFlags=0x0, pointerCount=1, historySize=0, eventTime=32548041, downTime=32548041, deviceId=-1, source=0x1002, displayId=0, eventId=-956453334 }
10-17 01:51:12.030 I/Monkey  ( 2397): :Sending Touch (ACTION_DOWN): 0:(16.0,815.0)
10-17 01:51:12.031 I/Monkey  ( 2397): :Sending Touch (ACTION_UP): 0:(20.22683,804.4908)
10-17 01:51:12.031 D/TaplEvents( 1064): TIS / TouchInteractionService.onInputEvent: MotionEvent { action=ACTION_DOWN, actionButton=0, id[0]=0, x[0]=16.0, y[0]=815.0, toolType[0]=TOOL_TYPE_UNKNOWN, buttonState=0, classification=NONE, metaState=0, flags=0x0, edgeFlags=0x0, pointerCount=1, historySize=0, eventTime=32548094, downTime=32548094, deviceId=-1, source=0x1002, displayId=0, eventId=-554039370 }
10-17 01:51:12.031 D/TaplEvents( 1064): TIS / TouchInteractionService.onInputEvent: MotionEvent { action=ACTION_UP, actionButton=0, id[0]=0, x[0]=20.22683, y[0]=804.4908, toolType[0]=TOOL_TYPE_UNKNOWN, buttonState=0, classification=NONE, metaState=0, flags=0x0, edgeFlags=0x0, pointerCount=1, historySize=0, eventTime=32548095, downTime=32548094, deviceId=-1, source=0x1002, displayId=0, eventId=-972121275 }
10-17 01:51:12.031 D/ShellBackPreview(  709): Finishing gesture with event action: 1
10-17 01:51:12.031 D/ShellBackPreview(  709): onGestureFinished() mTriggerBack == false
10-17 01:51:12.031 D/ShellBackPreview(  709): BackAnimationController: finishAnimation()
10-17 01:51:12.032 I/BpBinder(  337): onLastStrongRef automatically unlinking death recipients: <uncached descriptor>
10-17 01:51:12.082 I/Monkey  ( 2397): :Sending Touch (ACTION_DOWN): 0:(482.0,466.0)
10-17 01:51:12.083 D/TaplEvents( 1064): TIS / TouchInteractionService.onInputEvent: MotionEvent { action=ACTION_DOWN, actionButton=0, id[0]=0, x[0]=482.0, y[0]=466.0, toolType[0]=TOOL_TYPE_UNKNOWN, buttonState=0, classification=NONE, metaState=0, flags=0x0, edgeFlags=0x0, pointerCount=1, historySize=0, eventTime=32548146, downTime=32548146, deviceId=-1, source=0x1002, displayId=0, eventId=-1032382540 }
10-17 01:51:12.084 I/Monkey  ( 2397): :Sending Touch (ACTION_UP): 0:(469.62494,476.2426)
10-17 01:51:12.085 D/TaplEvents( 1064): TIS / TouchInteractionService.onInputEvent: MotionEvent { action=ACTION_UP, actionButton=0, id[0]=0, x[0]=469.62494, y[0]=476.2426, toolType[0]=TOOL_TYPE_UNKNOWN, buttonState=0, classification=NONE, metaState=0, flags=0x0, edgeFlags=0x0, pointerCount=1, historySize=0, eventTime=32548148, downTime=32548146, deviceId=-1, source=0x1002, displayId=0, eventId=-130680709 }
10-17 01:51:12.093 D/EGL_emulation( 2218): app_time_stats: avg=16.69ms min=12.74ms max=20.15ms count=60
10-17 01:51:12.190 D/InputDispatcher(  507): Touch mode switch rejected, caller (pid=0, uid=10177) doesn't own the focused window nor none of the previously interacted window
10-17 01:51:12.243 I/Monkey  ( 2397): :Sending Touch (ACTION_DOWN): 0:(427.0,458.0)
10-17 01:51:12.244 D/TaplEvents( 1064): TIS / TouchInteractionService.onInputEvent: MotionEvent { action=ACTION_DOWN, actionButton=0, id[0]=0, x[0]=427.0, y[0]=458.0, toolType[0]=TOOL_TYPE_UNKNOWN, buttonState=0, classification=NONE, metaState=0, flags=0x0, edgeFlags=0x0, pointerCount=1, historySize=0, eventTime=32548307, downTime=32548306, deviceId=-1, source=0x1002, displayId=0, eventId=-822092062 }
10-17 01:51:12.245 I/Monkey  ( 2397): :Sending Touch (ACTION_UP): 0:(427.1074,448.2612)
10-17 01:51:12.247 I/Monkey  ( 2397):     //[calendar_time:2025-10-17 01:51:12.246  system_uptime:32548310]
10-17 01:51:12.247 I/Monkey  ( 2397):     // Sending event #300
10-17 01:51:12.247 D/TaplEvents( 1064): TIS / TouchInteractionService.onInputEvent: MotionEvent { action=ACTION_UP, actionButton=0, id[0]=0, x[0]=427.1074, y[0]=448.2612, toolType[0]=TOOL_TYPE_UNKNOWN, buttonState=0, classification=NONE, metaState=0, flags=0x0, edgeFlags=0x0, pointerCount=1, historySize=0, eventTime=32548309, downTime=32548306, deviceId=-1, source=0x1002, displayId=0, eventId=-44258516 }
10-17 01:51:12.297 I/Monkey  ( 2397):     //[calendar_time:2025-10-17 01:51:12.297  system_uptime:32548361]
10-17 01:51:12.297 I/Monkey  ( 2397):     // Sending event #300
10-17 01:51:12.297 I/Monkey  ( 2397): :Sending Touch (ACTION_DOWN): 0:(43.0,217.0)
10-17 01:51:12.299 D/TaplEvents( 1064): TIS / TouchInteractionService.onInputEvent: MotionEvent { action=ACTION_DOWN, actionButton=0, id[0]=0, x[0]=43.0, y[0]=217.0, toolType[0]=TOOL_TYPE_UNKNOWN, buttonState=0, classification=NONE, metaState=0, flags=0x0, edgeFlags=0x0, pointerCount=1, historySize=0, eventTime=32548361, downTime=32548361, deviceId=-1, source=0x1002, displayId=0, eventId=-244307465 }
10-17 01:51:12.299 I/Monkey  ( 2397): :Sending Touch (ACTION_UP): 0:(45.2961,238.80135)
10-17 01:51:12.300 D/TaplEvents( 1064): TIS / TouchInteractionService.onInputEvent: MotionEvent { action=ACTION_UP, actionButton=0, id[0]=0, x[0]=45.2961, y[0]=238.80135, toolType[0]=TOOL_TYPE_UNKNOWN, buttonState=0, classification=NONE, metaState=0, flags=0x0, edgeFlags=0x0, pointerCount=1, historySize=0, eventTime=32548363, downTime=32548361, deviceId=-1, source=0x1002, displayId=0, eventId=-147645990 }
10-17 01:51:12.300 D/ShellBackPreview(  709): Finishing gesture with event action: 1
10-17 01:51:12.300 D/ShellBackPreview(  709): onGestureFinished() mTriggerBack == false
10-17 01:51:12.300 D/ShellBackPreview(  709): BackAnimationController: finishAnimation()
10-17 01:51:12.300 I/BpBinder(  337): onLastStrongRef automatically unlinking death recipients: <uncached descriptor>
10-17 01:51:12.312 I/org.webrtc.Logging( 2218): EglRenderer: Releasing.
10-17 01:51:12.312 I/org.webrtc.Logging( 2218): EglRenderer: eglBase detach and release.
10-17 01:51:12.314 I/org.webrtc.Logging( 2218): EglRenderer: Quitting render thread.
10-17 01:51:12.314 I/org.webrtc.Logging( 2218): EglRenderer: Releasing done.
10-17 01:51:12.316 I/org.webrtc.Logging( 2218): EglRenderer: Releasing.
10-17 01:51:12.316 I/org.webrtc.Logging( 2218): EglRenderer: eglBase detach and release.
10-17 01:51:12.318 I/org.webrtc.Logging( 2218): EglRenderer: Quitting render thread.
10-17 01:51:12.319 I/org.webrtc.Logging( 2218): EglRenderer: Releasing done.
10-17 01:51:12.319 I/org.webrtc.Logging( 2218): EglRenderer: Releasing.
10-17 01:51:12.319 I/org.webrtc.Logging( 2218): EglRenderer: eglBase detach and release.
10-17 01:51:12.320 I/org.webrtc.Logging( 2218): EglRenderer: Quitting render thread.
10-17 01:51:12.320 I/org.webrtc.Logging( 2218): EglRenderer: Releasing done.
10-17 01:51:12.331 D/CoreBackPreview(  507): Window{5baa921 u0 org.telegram.messenger/org.telegram.messenger.DefaultIcon}: Setting back callback null
10-17 01:51:12.332 W/InputManager-JNI(  507): Input channel object '5baa921 org.telegram.messenger/org.telegram.messenger.DefaultIcon (client)' was disposed without first being removed with the input manager!
10-17 01:51:12.341 V/WindowManager(  507): Unknown focus tokens, dropping reportFocusChanged
10-17 01:51:12.343 W/TransactionTracing(  337): Could not find layer handle 0xb40000720f22af50
10-17 01:51:12.343 W/TransactionTracing(  337): Could not find layer handle 0xb40000720f22c9f0
10-17 01:51:12.343 W/TransactionTracing(  337): Could not find layer handle 0xb40000720f22cc90
10-17 01:51:12.350 I/Monkey  ( 2397): :Sending Touch (ACTION_DOWN): 0:(854.0,1583.0)
10-17 01:51:12.351 D/TaplEvents( 1064): TIS / TouchInteractionService.onInputEvent: MotionEvent { action=ACTION_DOWN, actionButton=0, id[0]=0, x[0]=854.0, y[0]=1583.0, toolType[0]=TOOL_TYPE_UNKNOWN, buttonState=0, classification=NONE, metaState=0, flags=0x0, edgeFlags=0x0, pointerCount=1, historySize=0, eventTime=32548414, downTime=32548414, deviceId=-1, source=0x1002, displayId=0, eventId=-653440337 }
10-17 01:51:12.351 I/Monkey  ( 2397): :Sending Touch (ACTION_UP): 0:(850.4047,1591.0112)
10-17 01:51:12.352 D/TaplEvents( 1064): TIS / TouchInteractionService.onInputEvent: MotionEvent { action=ACTION_UP, actionButton=0, id[0]=0, x[0]=850.4047, y[0]=1591.0112, toolType[0]=TOOL_TYPE_UNKNOWN, buttonState=0, classification=NONE, metaState=0, flags=0x0, edgeFlags=0x0, pointerCount=1, historySize=0, eventTime=32548415, downTime=32548414, deviceId=-1, source=0x1002, displayId=0, eventId=-824538490 }
10-17 01:51:12.354 I/GoogleInputMethodService( 1511): GoogleInputMethodService.onFinishInput():3227 
10-17 01:51:12.354 I/GoogleInputMethodService( 1511): GoogleInputMethodService.updateDeviceLockedStatus():2087 repeatCheckTimes = 0, unlocked = true
10-17 01:51:12.354 I/GoogleInputMethodService( 1511): GoogleInputMethodService.onStartInput():1877 onStartInput(EditorInfo{inputType=0x0(NULL) imeOptions=0x0 privateImeOptions=null actionName=UNSPECIFIED actionLabel=null actionId=0 initialSelStart=-1 initialSelEnd=-1 initialCapsMode=0x0 hintText=null label=null packageName=org.telegram.messenger fieldId=-1 fieldName=null extras=null}, false)
10-17 01:51:12.354 I/GoogleInputMethodService( 1511): GoogleInputMethodService.shouldHideHeaderOnInitialState():4008 ShouldHideHeaderOnInitialState = false
10-17 01:51:12.355 I/GoogleInputMethodService( 1511): GoogleInputMethodService.updateDeviceLockedStatus():2087 repeatCheckTimes = 2, unlocked = true
10-17 01:51:12.356 I/keystore2(  172): keystore2::watchdog: Watchdog thread idle -> terminating. Have a great day.
10-17 01:51:12.359 D/EGL_emulation(  709): app_time_stats: avg=1455.36ms min=1455.36ms max=1455.36ms count=1
10-17 01:51:12.403 I/Monkey  ( 2397): :Sending Touch (ACTION_DOWN): 0:(1.0,1456.0)
10-17 01:51:12.404 I/Monkey  ( 2397): :Sending Touch (ACTION_UP): 0:(1.0278692,1475.0673)
10-17 01:51:12.404 D/TaplEvents( 1064): TIS / TouchInteractionService.onInputEvent: MotionEvent { action=ACTION_DOWN, actionButton=0, id[0]=0, x[0]=1.0, y[0]=1456.0, toolType[0]=TOOL_TYPE_UNKNOWN, buttonState=0, classification=NONE, metaState=0, flags=0x0, edgeFlags=0x0, pointerCount=1, historySize=0, eventTime=32548467, downTime=32548467, deviceId=-1, source=0x1002, displayId=0, eventId=-160026601 }
10-17 01:51:12.405 D/TaplEvents( 1064): TIS / TouchInteractionService.onInputEvent: MotionEvent { action=ACTION_UP, actionButton=0, id[0]=0, x[0]=1.0278692, y[0]=1475.0673, toolType[0]=TOOL_TYPE_UNKNOWN, buttonState=0, classification=NONE, metaState=0, flags=0x0, edgeFlags=0x0, pointerCount=1, historySize=0, eventTime=32548468, downTime=32548467, deviceId=-1, source=0x1002, displayId=0, eventId=-850445706 }
10-17 01:51:12.405 D/ShellBackPreview(  709): Finishing gesture with event action: 1
10-17 01:51:12.405 D/ShellBackPreview(  709): onGestureFinished() mTriggerBack == false
10-17 01:51:12.405 D/ShellBackPreview(  709): BackAnimationController: finishAnimation()
10-17 01:51:12.405 I/BpBinder(  337): onLastStrongRef automatically unlinking death recipients: <uncached descriptor>
10-17 01:51:12.452 I/egram.messenger( 2218): JIT allocated 69KB for compiled code of android.view.View org.telegram.ui.ChatActivity.createView(android.content.Context)
10-17 01:51:12.453 I/egram.messenger( 2218): Compiler allocated 8205KB to compile android.view.View org.telegram.ui.ChatActivity.createView(android.content.Context)
10-17 01:51:12.460 D/InputDispatcher(  507): Touch mode switch rejected, caller (pid=0, uid=10177) doesn't own the focused window nor none of the previously interacted window
10-17 01:51:12.477 I/GoogleInputMethodService( 1511): GoogleInputMethodService.onFinishInput():3227 
10-17 01:51:12.477 I/GoogleInputMethodService( 1511): GoogleInputMethodService.updateDeviceLockedStatus():2087 repeatCheckTimes = 0, unlocked = true
10-17 01:51:12.477 I/GoogleInputMethodService( 1511): GoogleInputMethodService.onStartInput():1877 onStartInput(EditorInfo{inputType=0x0(NULL) imeOptions=0x0 privateImeOptions=null actionName=UNSPECIFIED actionLabel=null actionId=0 initialSelStart=-1 initialSelEnd=-1 initialCapsMode=0x0 hintText=null label=null packageName=org.telegram.messenger fieldId=-1 fieldName=null extras=null}, false)
10-17 01:51:12.477 I/GoogleInputMethodService( 1511): GoogleInputMethodService.shouldHideHeaderOnInitialState():4008 ShouldHideHeaderOnInitialState = false
10-17 01:51:12.477 I/GoogleInputMethodService( 1511): GoogleInputMethodService.updateDeviceLockedStatus():2087 repeatCheckTimes = 2, unlocked = true
10-17 01:51:12.494 I/egram.messenger( 2218): Method exceeds compiler instruction limit: 18601 in void org.telegram.ui.ChatActivity.didReceivedNotification(int, int, java.lang.Object[])
10-17 01:51:12.511 I/Monkey  ( 2397): :Sending Touch (ACTION_DOWN): 0:(1037.0,1791.0)
10-17 01:51:12.511 D/TaplEvents( 1064): TIS / TouchInteractionService.onInputEvent: MotionEvent { action=ACTION_DOWN, actionButton=0, id[0]=0, x[0]=1037.0, y[0]=1791.0, toolType[0]=TOOL_TYPE_UNKNOWN, buttonState=0, classification=NONE, metaState=0, flags=0x0, edgeFlags=0x0, pointerCount=1, historySize=0, eventTime=32548575, downTime=32548575, deviceId=-1, source=0x1002, displayId=0, eventId=-757535354 }
10-17 01:51:12.512 I/Monkey  ( 2397): :Sending Touch (ACTION_UP): 0:(1043.794,1787.918)
10-17 01:51:12.513 D/TaplEvents( 1064): TIS / TouchInteractionService.onInputEvent: MotionEvent { action=ACTION_UP, actionButton=0, id[0]=0, x[0]=1043.794, y[0]=1787.918, toolType[0]=TOOL_TYPE_UNKNOWN, buttonState=0, classification=NONE, metaState=0, flags=0x0, edgeFlags=0x0, pointerCount=1, historySize=0, eventTime=32548575, downTime=32548575, deviceId=-1, source=0x1002, displayId=0, eventId=-71306769 }
10-17 01:51:12.513 D/ShellBackPreview(  709): Finishing gesture with event action: 1
10-17 01:51:12.513 D/ShellBackPreview(  709): onGestureFinished() mTriggerBack == false
10-17 01:51:12.513 D/ShellBackPreview(  709): BackAnimationController: finishAnimation()
10-17 01:51:12.513 I/BpBinder(  337): onLastStrongRef automatically unlinking death recipients: <uncached descriptor>
10-17 01:51:12.525 I/GoogleInputMethodService( 1511): GoogleInputMethodService.onFinishInput():3227 
10-17 01:51:12.525 I/GoogleInputMethodService( 1511): GoogleInputMethodService.updateDeviceLockedStatus():2087 repeatCheckTimes = 0, unlocked = true
10-17 01:51:12.525 I/GoogleInputMethodService( 1511): GoogleInputMethodService.onStartInput():1877 onStartInput(EditorInfo{inputType=0x0(NULL) imeOptions=0x0 privateImeOptions=null actionName=UNSPECIFIED actionLabel=null actionId=0 initialSelStart=-1 initialSelEnd=-1 initialCapsMode=0x0 hintText=null label=null packageName=org.telegram.messenger fieldId=-1 fieldName=null extras=null}, false)
10-17 01:51:12.525 I/GoogleInputMethodService( 1511): GoogleInputMethodService.shouldHideHeaderOnInitialState():4008 ShouldHideHeaderOnInitialState = false
10-17 01:51:12.526 I/GoogleInputMethodService( 1511): GoogleInputMethodService.updateDeviceLockedStatus():2087 repeatCheckTimes = 2, unlocked = true
10-17 01:51:12.563 I/Monkey  ( 2397): :Sending Touch (ACTION_DOWN): 0:(45.0,925.0)
10-17 01:51:12.564 D/TaplEvents( 1064): TIS / TouchInteractionService.onInputEvent: MotionEvent { action=ACTION_DOWN, actionButton=0, id[0]=0, x[0]=45.0, y[0]=925.0, toolType[0]=TOOL_TYPE_UNKNOWN, buttonState=0, classification=NONE, metaState=0, flags=0x0, edgeFlags=0x0, pointerCount=1, historySize=0, eventTime=32548627, downTime=32548627, deviceId=-1, source=0x1002, displayId=0, eventId=-352128198 }
10-17 01:51:12.565 D/ShellBackPreview(  709): initAnimation mMotionStarted=false
10-17 01:51:12.565 I/InputDispatcher(  507): Channel [Gesture Monitor] edge-swipe (server) is stealing touch from [66bfdbb org.telegram.messenger/org.telegram.messenger.DefaultIcon (server), [Gesture Monitor] swipe-up (server)]
10-17 01:51:12.565 D/TaplEvents( 1064): TIS / TouchInteractionService.onInputEvent: MotionEvent { action=ACTION_CANCEL, actionButton=0, id[0]=0, x[0]=27.86424, y[0]=923.4884, toolType[0]=TOOL_TYPE_UNKNOWN, buttonState=0, classification=NONE, metaState=0, flags=0x0, edgeFlags=0x0, pointerCount=1, historySize=0, eventTime=32548629, downTime=32548627, deviceId=-1, source=0x1002, displayId=0, eventId=2047652478 }
10-17 01:51:12.566 I/BpBinder(  337): onLastStrongRef automatically unlinking death recipients: <uncached descriptor>
10-17 01:51:12.566 D/CoreBackPreview(  507): Focused window found using getFocusedWindowToken
10-17 01:51:12.566 D/CoreBackPreview(  507): startBackNavigation currentTask=Task{39b35a3 #58 type=standard A=10177:org.telegram.messenger}, topRunningActivity=ActivityRecord{3ef2459 u0 org.telegram.messenger/.DefaultIcon} t58}, callbackInfo=OnBackInvokedCallbackInfo{mCallback=android.window.IOnBackInvokedCallback$Stub$Proxy@31fa631, mPriority=0}, currentFocus=Window{66bfdbb u0 org.telegram.messenger/org.telegram.messenger.DefaultIcon}
10-17 01:51:12.567 D/ShellBackPreview(  709): Received backNavigationInfo:BackNavigationInfo{mType=TYPE_CALLBACK (4), mDepartingAnimationTarget=null, mScreenshotSurface=null, mTaskWindowConfiguration= null, mScreenshotBuffer=null, mOnBackNavigationDone=android.os.RemoteCallback@f848f4, mOnBackInvokedCallback=android.window.IOnBackInvokedCallback$Stub$Proxy@a9981d}
10-17 01:51:12.568 I/Monkey  ( 2397): :Sending Touch (ACTION_UP): 0:(0.0,902.7705)
10-17 01:51:12.569 D/ShellBackPreview(  709): Finishing gesture with event action: 1
10-17 01:51:12.569 D/ShellBackPreview(  709): onGestureFinished() mTriggerBack == true
10-17 01:51:12.569 I/BpBinder(  337): onLastStrongRef automatically unlinking death recipients: <uncached descriptor>
10-17 01:51:12.570 I/BpBinder(  337): onLastStrongRef automatically unlinking death recipients: <uncached descriptor>
10-17 01:51:12.570 D/ShellBackPreview(  709): BackAnimationController: finishAnimation()
10-17 01:51:12.571 D/CoreBackPreview(  507): onBackNavigationDone backType=4, task=null, prevActivity=null
10-17 01:51:12.575 I/GoogleInputMethodService( 1511): GoogleInputMethodService.onKeyDown():2444 Received KEYCODE_BACK. isAllViewsInvisible=false
10-17 01:51:12.576 E/OpenGLRenderer(  709): Unable to match the desired swap behavior.
10-17 01:51:12.620 I/Monkey  ( 2397): :Sending Touch (ACTION_DOWN): 0:(867.0,1767.0)
10-17 01:51:12.620 I/Monkey  ( 2397): :Sending Touch (ACTION_UP): 0:(860.044,1768.3251)
10-17 01:51:12.621 D/TaplEvents( 1064): TIS / TouchInteractionService.onInputEvent: MotionEvent { action=ACTION_DOWN, actionButton=0, id[0]=0, x[0]=867.0, y[0]=1767.0, toolType[0]=TOOL_TYPE_UNKNOWN, buttonState=0, classification=NONE, metaState=0, flags=0x0, edgeFlags=0x0, pointerCount=1, historySize=0, eventTime=32548683, downTime=32548683, deviceId=-1, source=0x1002, displayId=0, eventId=-808771491 }
10-17 01:51:12.621 D/TaplEvents( 1064): TIS / TouchInteractionService.onInputEvent: MotionEvent { action=ACTION_UP, actionButton=0, id[0]=0, x[0]=860.044, y[0]=1768.3251, toolType[0]=TOOL_TYPE_UNKNOWN, buttonState=0, classification=NONE, metaState=0, flags=0x0, edgeFlags=0x0, pointerCount=1, historySize=0, eventTime=32548684, downTime=32548683, deviceId=-1, source=0x1002, displayId=0, eventId=-934534454 }
10-17 01:51:12.623 W/org.webrtc.Logging( 2218): WebRtcAudioTrack: Default usage attribute is changed from: 2 to 2
10-17 01:51:12.625 W/TransactionTracing(  337): Could not find layer handle 0xb40000720f22d950
10-17 01:51:12.642 W/AudioManager( 2218): Use of stream types is deprecated for operations other than volume control
10-17 01:51:12.642 W/AudioManager( 2218): See the documentation of requestAudioFocus() for what to use instead with android.media.AudioAttributes to qualify your playback use case
10-17 01:51:12.644 I/MediaFocusControl(  507): requestAudioFocus() from uid/pid 10177/2218 AA=USAGE_VOICE_COMMUNICATION/CONTENT_TYPE_SPEECH clientId=android.media.AudioManager@6b7ab46org.telegram.messenger.voip.VoIPService@c17385b callingPack=org.telegram.messenger req=2 flags=0x0 sdk=34
10-17 01:51:12.644 D/EGL_emulation(  709): app_time_stats: avg=580.46ms min=9.62ms max=1669.48ms count=3
10-17 01:51:12.645 I/AudioService.FadeOutManager(  507): unfadeOutUid() uid:10177
10-17 01:51:12.671 I/Monkey  ( 2397): :Sending Touch (ACTION_DOWN): 0:(488.0,1783.0)
