10-17 01:51:14.836 D/TaplEvents( 1064): TIS / TouchInteractionService.onInputEvent: MotionEvent { action=ACTION_DOWN, actionButton=0, id[0]=0, x[0]=516.0, y[0]=1343.0, toolType[0]=TOOL_TYPE_UNKNOWN, buttonState=0, classification=NONE, metaState=0, flags=0x0, edgeFlags=0x0, pointerCount=1, historySize=0, eventTime=32550899, downTime=32550899, deviceId=-1, source=0x1002, displayId=0, eventId=-228395431 }
10-17 01:51:14.836 I/Monkey  ( 2397): :Sending Touch (ACTION_UP): 0:(508.02106,1337.5386)
10-17 01:51:14.836 D/TaplEvents( 1064): TIS / TouchInteractionService.onInputEvent: MotionEvent { action=ACTION_UP, actionButton=0, id[0]=0, x[0]=508.02106, y[0]=1337.5386, toolType[0]=TOOL_TYPE_UNKNOWN, buttonState=0, classification=NONE, metaState=0, flags=0x0, edgeFlags=0x0, pointerCount=1, historySize=0, eventTime=32550900, downTime=32550899, deviceId=-1, source=0x1002, displayId=0, eventId=-480313768 }
10-17 01:51:14.842 I/GoogleInputMethodService( 1511): GoogleInputMethodService.onFinishInput():3227 
10-17 01:51:14.843 I/GoogleInputMethodService( 1511): GoogleInputMethodService.updateDeviceLockedStatus():2087 repeatCheckTimes = 0, unlocked = true
10-17 01:51:14.843 I/GoogleInputMethodService( 1511): GoogleInputMethodService.onStartInput():1877 onStartInput(EditorInfo{inputType=0x0(NULL) imeOptions=0x0 privateImeOptions=null actionName=UNSPECIFIED actionLabel=null actionId=0 initialSelStart=-1 initialSelEnd=-1 initialCapsMode=0x0 hintText=null label=null packageName=org.telegram.messenger fieldId=-1 fieldName=null extras=null}, false)
10-17 01:51:14.843 I/GoogleInputMethodService( 1511): GoogleInputMethodService.shouldHideHeaderOnInitialState():4008 ShouldHideHeaderOnInitialState = false
10-17 01:51:14.843 I/GoogleInputMethodService( 1511): GoogleInputMethodService.updateDeviceLockedStatus():2087 repeatCheckTimes = 2, unlocked = true
10-17 01:51:14.887 I/Monkey  ( 2397): :Sending Touch (ACTION_DOWN): 0:(566.0,1147.0)
10-17 01:51:14.887 D/TaplEvents( 1064): TIS / TouchInteractionService.onInputEvent: MotionEvent { action=ACTION_DOWN, actionButton=0, id[0]=0, x[0]=566.0, y[0]=1147.0, toolType[0]=TOOL_TYPE_UNKNOWN, buttonState=0, classification=NONE, metaState=0, flags=0x0, edgeFlags=0x0, pointerCount=1, historySize=0, eventTime=32550950, downTime=32550950, deviceId=-1, source=0x1002, displayId=0, eventId=-359950037 }
10-17 01:51:14.887 I/Monkey  ( 2397): :Sending Touch (ACTION_UP): 0:(581.6895,1160.8942)
10-17 01:51:14.888 D/TaplEvents( 1064): TIS / TouchInteractionService.onInputEvent: MotionEvent { action=ACTION_UP, actionButton=0, id[0]=0, x[0]=581.6895, y[0]=1160.8942, toolType[0]=TOOL_TYPE_UNKNOWN, buttonState=0, classification=NONE, metaState=0, flags=0x0, edgeFlags=0x0, pointerCount=1, historySize=0, eventTime=32550951, downTime=32550950, deviceId=-1, source=0x1002, displayId=0, eventId=-64508805 }
10-17 01:51:14.939 I/Monkey  ( 2397): :Sending Touch (ACTION_DOWN): 0:(865.0,1854.0)
10-17 01:51:14.940 D/TaplEvents( 1064): TIS / TouchInteractionService.onInputEvent: MotionEvent { action=ACTION_DOWN, actionButton=0, id[0]=0, x[0]=865.0, y[0]=1854.0, toolType[0]=TOOL_TYPE_UNKNOWN, buttonState=0, classification=NONE, metaState=0, flags=0x0, edgeFlags=0x0, pointerCount=1, historySize=0, eventTime=32551003, downTime=32551003, deviceId=-1, source=0x1002, displayId=0, eventId=-51570513 }
10-17 01:51:14.940 I/Monkey  ( 2397): :Sending Touch (ACTION_UP): 0:(864.6167,1843.8309)
10-17 01:51:14.942 D/TaplEvents( 1064): TIS / TouchInteractionService.onInputEvent: MotionEvent { action=ACTION_UP, actionButton=0, id[0]=0, x[0]=864.6167, y[0]=1843.8309, toolType[0]=TOOL_TYPE_UNKNOWN, buttonState=0, classification=NONE, metaState=0, flags=0x0, edgeFlags=0x0, pointerCount=1, historySize=0, eventTime=32551004, downTime=32551003, deviceId=-1, source=0x1002, displayId=0, eventId=-912594993 }
10-17 01:51:14.992 I/Monkey  ( 2397): :Sending Touch (ACTION_DOWN): 0:(508.0,1067.0)
10-17 01:51:14.993 D/TaplEvents( 1064): TIS / TouchInteractionService.onInputEvent: MotionEvent { action=ACTION_DOWN, actionButton=0, id[0]=0, x[0]=508.0, y[0]=1067.0, toolType[0]=TOOL_TYPE_UNKNOWN, buttonState=0, classification=NONE, metaState=0, flags=0x0, edgeFlags=0x0, pointerCount=1, historySize=0, eventTime=32551056, downTime=32551056, deviceId=-1, source=0x1002, displayId=0, eventId=-1002041690 }
10-17 01:51:14.993 I/Monkey  ( 2397): :Sending Touch (ACTION_UP): 0:(502.13852,1070.812)
10-17 01:51:14.994 D/TaplEvents( 1064): TIS / TouchInteractionService.onInputEvent: MotionEvent { action=ACTION_UP, actionButton=0, id[0]=0, x[0]=502.13852, y[0]=1070.812, toolType[0]=TOOL_TYPE_UNKNOWN, buttonState=0, classification=NONE, metaState=0, flags=0x0, edgeFlags=0x0, pointerCount=1, historySize=0, eventTime=32551057, downTime=32551056, deviceId=-1, source=0x1002, displayId=0, eventId=-949968778 }
10-17 01:51:15.030 D/OpenGLRenderer( 2218): --- Failed to create image decoder with message 'unimplemented'
10-17 01:51:15.044 I/Monkey  ( 2397): :Sending Touch (ACTION_DOWN): 0:(1054.0,492.0)
10-17 01:51:15.045 D/TaplEvents( 1064): TIS / TouchInteractionService.onInputEvent: MotionEvent { action=ACTION_DOWN, actionButton=0, id[0]=0, x[0]=1054.0, y[0]=492.0, toolType[0]=TOOL_TYPE_UNKNOWN, buttonState=0, classification=NONE, metaState=0, flags=0x0, edgeFlags=0x0, pointerCount=1, historySize=0, eventTime=32551108, downTime=32551108, deviceId=-1, source=0x1002, displayId=0, eventId=-493195109 }
10-17 01:51:15.045 I/Monkey  ( 2397): :Sending Touch (ACTION_UP): 0:(1060.9966,502.8099)
10-17 01:51:15.045 D/TaplEvents( 1064): TIS / TouchInteractionService.onInputEvent: MotionEvent { action=ACTION_UP, actionButton=0, id[0]=0, x[0]=1060.9966, y[0]=502.8099, toolType[0]=TOOL_TYPE_UNKNOWN, buttonState=0, classification=NONE, metaState=0, flags=0x0, edgeFlags=0x0, pointerCount=1, historySize=0, eventTime=32551109, downTime=32551108, deviceId=-1, source=0x1002, displayId=0, eventId=-439270037 }
10-17 01:51:15.045 D/ShellBackPreview(  709): Finishing gesture with event action: 1
10-17 01:51:15.045 D/ShellBackPreview(  709): onGestureFinished() mTriggerBack == false
10-17 01:51:15.045 D/ShellBackPreview(  709): BackAnimationController: finishAnimation()
10-17 01:51:15.045 I/BpBinder(  337): onLastStrongRef automatically unlinking death recipients: <uncached descriptor>
10-17 01:51:15.097 I/Monkey  ( 2397): :Sending Touch (ACTION_DOWN): 0:(353.0,1175.0)
10-17 01:51:15.097 D/TaplEvents( 1064): TIS / TouchInteractionService.onInputEvent: MotionEvent { action=ACTION_DOWN, actionButton=0, id[0]=0, x[0]=353.0, y[0]=1175.0, toolType[0]=TOOL_TYPE_UNKNOWN, buttonState=0, classification=NONE, metaState=0, flags=0x0, edgeFlags=0x0, pointerCount=1, historySize=0, eventTime=32551160, downTime=32551160, deviceId=-1, source=0x1002, displayId=0, eventId=-288498539 }
10-17 01:51:15.097 I/Monkey  ( 2397): :Sending Touch (ACTION_UP): 0:(347.57608,1183.1392)
10-17 01:51:15.098 D/TaplEvents( 1064): TIS / TouchInteractionService.onInputEvent: MotionEvent { action=ACTION_UP, actionButton=0, id[0]=0, x[0]=347.57608, y[0]=1183.1392, toolType[0]=TOOL_TYPE_UNKNOWN, buttonState=0, classification=NONE, metaState=0, flags=0x0, edgeFlags=0x0, pointerCount=1, historySize=0, eventTime=32551161, downTime=32551160, deviceId=-1, source=0x1002, displayId=0, eventId=-913461624 }
10-17 01:51:15.143 D/EGL_emulation( 2218): app_time_stats: avg=10.56ms min=1.21ms max=61.44ms count=58
10-17 01:51:15.149 I/Monkey  ( 2397): :Sending Touch (ACTION_DOWN): 0:(50.0,1009.0)
10-17 01:51:15.149 D/TaplEvents( 1064): TIS / TouchInteractionService.onInputEvent: MotionEvent { action=ACTION_DOWN, actionButton=0, id[0]=0, x[0]=50.0, y[0]=1009.0, toolType[0]=TOOL_TYPE_UNKNOWN, buttonState=0, classification=NONE, metaState=0, flags=0x0, edgeFlags=0x0, pointerCount=1, historySize=0, eventTime=32551213, downTime=32551213, deviceId=-1, source=0x1002, displayId=0, eventId=-204623162 }
10-17 01:51:15.150 I/Monkey  ( 2397): :Sending Touch (ACTION_UP): 0:(49.799156,993.57947)
10-17 01:51:15.150 D/TaplEvents( 1064): TIS / TouchInteractionService.onInputEvent: MotionEvent { action=ACTION_UP, actionButton=0, id[0]=0, x[0]=49.799156, y[0]=993.57947, toolType[0]=TOOL_TYPE_UNKNOWN, buttonState=0, classification=NONE, metaState=0, flags=0x0, edgeFlags=0x0, pointerCount=1, historySize=0, eventTime=32551213, downTime=32551213, deviceId=-1, source=0x1002, displayId=0, eventId=-787226350 }
10-17 01:51:15.150 D/ShellBackPreview(  709): Finishing gesture with event action: 1
10-17 01:51:15.150 D/ShellBackPreview(  709): onGestureFinished() mTriggerBack == false
10-17 01:51:15.150 D/ShellBackPreview(  709): BackAnimationController: finishAnimation()
10-17 01:51:15.151 I/BpBinder(  337): onLastStrongRef automatically unlinking death recipients: <uncached descriptor>
10-17 01:51:15.254 I/Monkey  ( 2397): :Sending Touch (ACTION_DOWN): 0:(786.0,1646.0)
10-17 01:51:15.255 D/TaplEvents( 1064): TIS / TouchInteractionService.onInputEvent: MotionEvent { action=ACTION_DOWN, actionButton=0, id[0]=0, x[0]=786.0, y[0]=1646.0, toolType[0]=TOOL_TYPE_UNKNOWN, buttonState=0, classification=NONE, metaState=0, flags=0x0, edgeFlags=0x0, pointerCount=1, historySize=0, eventTime=32551318, downTime=32551318, deviceId=-1, source=0x1002, displayId=0, eventId=-433929101 }
10-17 01:51:15.255 I/Monkey  ( 2397): :Sending Touch (ACTION_UP): 0:(786.9046,1647.1775)
10-17 01:51:15.256 D/TaplEvents( 1064): TIS / TouchInteractionService.onInputEvent: MotionEvent { action=ACTION_UP, actionButton=0, id[0]=0, x[0]=786.9046, y[0]=1647.1775, toolType[0]=TOOL_TYPE_UNKNOWN, buttonState=0, classification=NONE, metaState=0, flags=0x0, edgeFlags=0x0, pointerCount=1, historySize=0, eventTime=32551319, downTime=32551318, deviceId=-1, source=0x1002, displayId=0, eventId=-457767441 }
10-17 01:51:15.309 D/InputDispatcher(  507): Touch mode switch rejected, caller (pid=0, uid=10177) doesn't own the focused window nor none of the previously interacted window
10-17 01:51:15.325 I/GoogleInputMethodService( 1511): GoogleInputMethodService.onFinishInput():3227 
10-17 01:51:15.325 I/GoogleInputMethodService( 1511): GoogleInputMethodService.updateDeviceLockedStatus():2087 repeatCheckTimes = 0, unlocked = true
10-17 01:51:15.325 I/GoogleInputMethodService( 1511): GoogleInputMethodService.onStartInput():1877 onStartInput(EditorInfo{inputType=0x0(NULL) imeOptions=0x0 privateImeOptions=null actionName=UNSPECIFIED actionLabel=null actionId=0 initialSelStart=-1 initialSelEnd=-1 initialCapsMode=0x0 hintText=null label=null packageName=org.telegram.messenger fieldId=-1 fieldName=null extras=null}, false)
10-17 01:51:15.325 I/GoogleInputMethodService( 1511): GoogleInputMethodService.shouldHideHeaderOnInitialState():4008 ShouldHideHeaderOnInitialState = false
10-17 01:51:15.326 I/GoogleInputMethodService( 1511): GoogleInputMethodService.updateDeviceLockedStatus():2087 repeatCheckTimes = 2, unlocked = true
10-17 01:51:15.359 I/Monkey  ( 2397): :Sending Touch (ACTION_DOWN): 0:(243.0,837.0)
10-17 01:51:15.360 I/Monkey  ( 2397): :Sending Touch (ACTION_UP): 0:(249.76158,839.69403)
10-17 01:51:15.360 D/TaplEvents( 1064): TIS / TouchInteractionService.onInputEvent: MotionEvent { action=ACTION_DOWN, actionButton=0, id[0]=0, x[0]=243.0, y[0]=837.0, toolType[0]=TOOL_TYPE_UNKNOWN, buttonState=0, classification=NONE, metaState=0, flags=0x0, edgeFlags=0x0, pointerCount=1, historySize=0, eventTime=32551423, downTime=32551423, deviceId=-1, source=0x1002, displayId=0, eventId=-1024821800 }
10-17 01:51:15.361 D/TaplEvents( 1064): TIS / TouchInteractionService.onInputEvent: MotionEvent { action=ACTION_UP, actionButton=0, id[0]=0, x[0]=249.76158, y[0]=839.69403, toolType[0]=TOOL_TYPE_UNKNOWN, buttonState=0, classification=NONE, metaState=0, flags=0x0, edgeFlags=0x0, pointerCount=1, historySize=0, eventTime=32551424, downTime=32551423, deviceId=-1, source=0x1002, displayId=0, eventId=-821590294 }
10-17 01:51:15.376 I/GoogleInputMethodService( 1511): GoogleInputMethodService.onFinishInput():3227 
10-17 01:51:15.376 I/GoogleInputMethodService( 1511): GoogleInputMethodService.updateDeviceLockedStatus():2087 repeatCheckTimes = 0, unlocked = true
10-17 01:51:15.376 I/GoogleInputMethodService( 1511): GoogleInputMethodService.onStartInput():1877 onStartInput(EditorInfo{inputType=0x0(NULL) imeOptions=0x0 privateImeOptions=null actionName=UNSPECIFIED actionLabel=null actionId=0 initialSelStart=-1 initialSelEnd=-1 initialCapsMode=0x0 hintText=null label=null packageName=org.telegram.messenger fieldId=-1 fieldName=null extras=null}, false)
10-17 01:51:15.376 I/GoogleInputMethodService( 1511): GoogleInputMethodService.shouldHideHeaderOnInitialState():4008 ShouldHideHeaderOnInitialState = false
10-17 01:51:15.376 I/GoogleInputMethodService( 1511): GoogleInputMethodService.updateDeviceLockedStatus():2087 repeatCheckTimes = 2, unlocked = true
10-17 01:51:15.411 I/Monkey  ( 2397): :Sending Touch (ACTION_DOWN): 0:(1059.0,375.0)
10-17 01:51:15.412 D/TaplEvents( 1064): TIS / TouchInteractionService.onInputEvent: MotionEvent { action=ACTION_DOWN, actionButton=0, id[0]=0, x[0]=1059.0, y[0]=375.0, toolType[0]=TOOL_TYPE_UNKNOWN, buttonState=0, classification=NONE, metaState=0, flags=0x0, edgeFlags=0x0, pointerCount=1, historySize=0, eventTime=32551475, downTime=32551475, deviceId=-1, source=0x1002, displayId=0, eventId=-1027768236 }
10-17 01:51:15.413 I/Monkey  ( 2397): :Sending Touch (ACTION_UP): 0:(1047.0111,378.7975)
10-17 01:51:15.413 D/ShellBackPreview(  709): Finishing gesture with event action: 1
10-17 01:51:15.413 D/ShellBackPreview(  709): onGestureFinished() mTriggerBack == false
10-17 01:51:15.413 D/ShellBackPreview(  709): BackAnimationController: finishAnimation()
10-17 01:51:15.413 D/TaplEvents( 1064): TIS / TouchInteractionService.onInputEvent: MotionEvent { action=ACTION_UP, actionButton=0, id[0]=0, x[0]=1047.0111, y[0]=378.7975, toolType[0]=TOOL_TYPE_UNKNOWN, buttonState=0, classification=NONE, metaState=0, flags=0x0, edgeFlags=0x0, pointerCount=1, historySize=0, eventTime=32551476, downTime=32551475, deviceId=-1, source=0x1002, displayId=0, eventId=-751952631 }
10-17 01:51:15.414 I/BpBinder(  337): onLastStrongRef automatically unlinking death recipients: <uncached descriptor>
10-17 01:51:15.460 D/BoundBrokerSvc( 6467): onBind: Intent { act=com.google.android.gms.safetynet.service.START pkg=com.google.android.gms }
10-17 01:51:15.460 D/BoundBrokerSvc( 6467): Loading bound service for intent: Intent { act=com.google.android.gms.safetynet.service.START pkg=com.google.android.gms }
10-17 01:51:15.464 I/Monkey  ( 2397): :Sending Touch (ACTION_DOWN): 0:(495.0,1232.0)
10-17 01:51:15.465 D/TaplEvents( 1064): TIS / TouchInteractionService.onInputEvent: MotionEvent { action=ACTION_DOWN, actionButton=0, id[0]=0, x[0]=495.0, y[0]=1232.0, toolType[0]=TOOL_TYPE_UNKNOWN, buttonState=0, classification=NONE, metaState=0, flags=0x0, edgeFlags=0x0, pointerCount=1, historySize=0, eventTime=32551528, downTime=32551528, deviceId=-1, source=0x1002, displayId=0, eventId=-972963487 }
10-17 01:51:15.467 D/TaplEvents( 1064): TIS / TouchInteractionService.onInputEvent: MotionEvent { action=ACTION_POINTER_DOWN(1), actionButton=0, id[0]=0, x[0]=491.85233, y[0]=1234.7036, toolType[0]=TOOL_TYPE_UNKNOWN, id[1]=1, x[1]=141.0, y[1]=679.0, toolType[1]=TOOL_TYPE_UNKNOWN, buttonState=0, classification=NONE, metaState=0, flags=0x0, edgeFlags=0x0, pointerCount=2, historySize=0, eventTime=32551529, downTime=32551528, deviceId=-1, source=0x1002, displayId=0, eventId=-609532747 }
10-17 01:51:15.470 I/Monkey  ( 2397): :Sending Touch (ACTION_UP): 0:(464.71472,1286.0697)
10-17 01:51:15.470 D/TaplEvents( 1064): TIS / TouchInteractionService.onInputEvent: MotionEvent { action=ACTION_POINTER_UP(1), actionButton=0, id[0]=0, x[0]=465.1729, y[0]=1284.7549, toolType[0]=TOOL_TYPE_UNKNOWN, id[1]=1, x[1]=85.98249, y[1]=708.10913, toolType[1]=TOOL_TYPE_UNKNOWN, buttonState=0, classification=NONE, metaState=0, flags=0x0, edgeFlags=0x0, pointerCount=2, historySize=0, eventTime=32551534, downTime=32551528, deviceId=-1, source=0x1002, displayId=0, eventId=-492287099 }
10-17 01:51:15.471 D/TaplEvents( 1064): TIS / TouchInteractionService.onInputEvent: MotionEvent { action=ACTION_UP, actionButton=0, id[0]=0, x[0]=464.71472, y[0]=1286.0697, toolType[0]=TOOL_TYPE_UNKNOWN, buttonState=0, classification=NONE, metaState=0, flags=0x0, edgeFlags=0x0, pointerCount=1, historySize=0, eventTime=32551534, downTime=32551528, deviceId=-1, source=0x1002, displayId=0, eventId=-547882318 }
10-17 01:51:15.522 I/Monkey  ( 2397): :Sending Touch (ACTION_DOWN): 0:(120.0,688.0)
10-17 01:51:15.522 D/TaplEvents( 1064): TIS / TouchInteractionService.onInputEvent: MotionEvent { action=ACTION_DOWN, actionButton=0, id[0]=0, x[0]=120.0, y[0]=688.0, toolType[0]=TOOL_TYPE_UNKNOWN, buttonState=0, classification=NONE, metaState=0, flags=0x0, edgeFlags=0x0, pointerCount=1, historySize=0, eventTime=32551585, downTime=32551585, deviceId=-1, source=0x1002, displayId=0, eventId=-751416205 }
10-17 01:51:15.523 I/Monkey  ( 2397): :Sending Touch (ACTION_UP): 0:(115.37584,682.5518)
10-17 01:51:15.524 D/TaplEvents( 1064): TIS / TouchInteractionService.onInputEvent: MotionEvent { action=ACTION_UP, actionButton=0, id[0]=0, x[0]=115.37584, y[0]=682.5518, toolType[0]=TOOL_TYPE_UNKNOWN, buttonState=0, classification=NONE, metaState=0, flags=0x0, edgeFlags=0x0, pointerCount=1, historySize=0, eventTime=32551587, downTime=32551585, deviceId=-1, source=0x1002, displayId=0, eventId=-374925391 }
10-17 01:51:15.575 I/Monkey  ( 2397): :Sending Touch (ACTION_DOWN): 0:(884.0,1146.0)
10-17 01:51:15.575 I/Monkey  ( 2397): :Sending Touch (ACTION_UP): 0:(883.59607,1165.1599)
10-17 01:51:15.576 D/TaplEvents( 1064): TIS / TouchInteractionService.onInputEvent: MotionEvent { action=ACTION_DOWN, actionButton=0, id[0]=0, x[0]=884.0, y[0]=1146.0, toolType[0]=TOOL_TYPE_UNKNOWN, buttonState=0, classification=NONE, metaState=0, flags=0x0, edgeFlags=0x0, pointerCount=1, historySize=0, eventTime=32551639, downTime=32551639, deviceId=-1, source=0x1002, displayId=0, eventId=-740883091 }
10-17 01:51:15.577 D/TaplEvents( 1064): TIS / TouchInteractionService.onInputEvent: MotionEvent { action=ACTION_UP, actionButton=0, id[0]=0, x[0]=883.59607, y[0]=1165.1599, toolType[0]=TOOL_TYPE_UNKNOWN, buttonState=0, classification=NONE, metaState=0, flags=0x0, edgeFlags=0x0, pointerCount=1, historySize=0, eventTime=32551639, downTime=32551639, deviceId=-1, source=0x1002, displayId=0, eventId=-590856703 }
10-17 01:51:15.627 I/Monkey  ( 2397): :Sending Touch (ACTION_DOWN): 0:(522.0,191.0)
10-17 01:51:15.628 D/TaplEvents( 1064): TIS / TouchInteractionService.onInputEvent: MotionEvent { action=ACTION_DOWN, actionButton=0, id[0]=0, x[0]=522.0, y[0]=191.0, toolType[0]=TOOL_TYPE_UNKNOWN, buttonState=0, classification=NONE, metaState=0, flags=0x0, edgeFlags=0x0, pointerCount=1, historySize=0, eventTime=32551691, downTime=32551691, deviceId=-1, source=0x1002, displayId=0, eventId=-753516155 }
10-17 01:51:15.629 I/Monkey  ( 2397): :Sending Touch (ACTION_UP): 0:(523.4513,191.44861)
10-17 01:51:15.629 D/TaplEvents( 1064): TIS / TouchInteractionService.onInputEvent: MotionEvent { action=ACTION_UP, actionButton=0, id[0]=0, x[0]=523.4513, y[0]=191.44861, toolType[0]=TOOL_TYPE_UNKNOWN, buttonState=0, classification=NONE, metaState=0, flags=0x0, edgeFlags=0x0, pointerCount=1, historySize=0, eventTime=32551692, downTime=32551691, deviceId=-1, source=0x1002, displayId=0, eventId=-331595421 }
10-17 01:51:15.680 I/Monkey  ( 2397): :Sending Touch (ACTION_DOWN): 0:(864.0,947.0)
10-17 01:51:15.680 D/TaplEvents( 1064): TIS / TouchInteractionService.onInputEvent: MotionEvent { action=ACTION_DOWN, actionButton=0, id[0]=0, x[0]=864.0, y[0]=947.0, toolType[0]=TOOL_TYPE_UNKNOWN, buttonState=0, classification=NONE, metaState=0, flags=0x0, edgeFlags=0x0, pointerCount=1, historySize=0, eventTime=32551744, downTime=32551743, deviceId=-1, source=0x1002, displayId=0, eventId=-482121104 }
10-17 01:51:15.681 I/Monkey  ( 2397): :Sending Touch (ACTION_UP): 0:(852.1478,967.2236)
10-17 01:51:15.681 D/TaplEvents( 1064): TIS / TouchInteractionService.onInputEvent: MotionEvent { action=ACTION_UP, actionButton=0, id[0]=0, x[0]=852.1478, y[0]=967.2236, toolType[0]=TOOL_TYPE_UNKNOWN, buttonState=0, classification=NONE, metaState=0, flags=0x0, edgeFlags=0x0, pointerCount=1, historySize=0, eventTime=32551745, downTime=32551743, deviceId=-1, source=0x1002, displayId=0, eventId=-76186410 }
10-17 01:51:15.705 D/BufferPoolAccessor2.0(  408): bufferpool2 0xb4000072615b5778 : 0(0 size) total buffers - 0(0 size) used buffers - 64/69 (recycle/alloc) - 5/69 (fetch/transfer)
10-17 01:51:15.705 D/BufferPoolAccessor2.0(  408): bufferpool2 0xb4000072615acf08 : 0(0 size) total buffers - 0(0 size) used buffers - 80/87 (recycle/alloc) - 8/87 (fetch/transfer)
10-17 01:51:15.705 D/BufferPoolAccessor2.0(  408): evictor expired: 2, evicted: 2
10-17 01:51:15.705 D/BufferPoolAccessor2.0( 2218): bufferpool2 0xb4000071ec3793c8 : 0(0 size) total buffers - 0(0 size) used buffers - 0/5 (recycle/alloc) - 4/136 (fetch/transfer)
10-17 01:51:15.705 D/BufferPoolAccessor2.0( 2218): bufferpool2 0xb4000071ec37b1d8 : 0(0 size) total buffers - 0(0 size) used buffers - 0/5 (recycle/alloc) - 12/172 (fetch/transfer)
10-17 01:51:15.705 D/BufferPoolAccessor2.0( 2218): evictor expired: 2, evicted: 2
10-17 01:51:15.735 D/InputDispatcher(  507): Touch mode switch rejected, caller (pid=0, uid=10177) doesn't own the focused window nor none of the previously interacted window
10-17 01:51:15.743 I/GoogleInputMethodService( 1511): GoogleInputMethodService.onFinishInput():3227 
10-17 01:51:15.743 I/GoogleInputMethodService( 1511): GoogleInputMethodService.updateDeviceLockedStatus():2087 repeatCheckTimes = 0, unlocked = true
10-17 01:51:15.743 I/GoogleInputMethodService( 1511): GoogleInputMethodService.onStartInput():1877 onStartInput(EditorInfo{inputType=0x0(NULL) imeOptions=0x0 privateImeOptions=null actionName=UNSPECIFIED actionLabel=null actionId=0 initialSelStart=-1 initialSelEnd=-1 initialCapsMode=0x0 hintText=null label=null packageName=org.telegram.messenger fieldId=-1 fieldName=null extras=null}, false)
10-17 01:51:15.743 I/GoogleInputMethodService( 1511): GoogleInputMethodService.shouldHideHeaderOnInitialState():4008 ShouldHideHeaderOnInitialState = false
10-17 01:51:15.744 I/GoogleInputMethodService( 1511): GoogleInputMethodService.updateDeviceLockedStatus():2087 repeatCheckTimes = 2, unlocked = true
10-17 01:51:15.754 W/BestClock(  507): java.time.DateTimeException: Missing NTP fix
10-17 01:51:15.772 I/netd    (  295): tetherGetStats() -> {[]} <0.47ms>
10-17 01:51:15.773 W/BestClock(  507): java.time.DateTimeException: Missing NTP fix
10-17 01:51:15.774 I/netd    (  295): bandwidthSetGlobalAlert(2097152) <0.11ms>
10-17 01:51:15.776 W/BestClock(  507): java.time.DateTimeException: Missing NTP fix
10-17 01:51:15.777 W/BestClock(  507): java.time.DateTimeException: Missing NTP fix
10-17 01:51:15.778 W/BestClock(  507): java.time.DateTimeException: Missing NTP fix
10-17 01:51:15.779 I/netd    (  295): bandwidthRemoveInterfaceQuota(eth0) <1.08ms>
10-17 01:51:15.781 I/netd    (  295): bandwidthSetInterfaceQuota(eth0, 9223372036854775807) <1.02ms>
10-17 01:51:15.791 W/BestClock(  507): java.time.DateTimeException: Missing NTP fix
10-17 01:51:15.796 W/BestClock(  507): java.time.DateTimeException: Missing NTP fix
10-17 01:51:15.796 W/BestClock(  507): java.time.DateTimeException: Missing NTP fix
10-17 01:51:15.815 I/GoogleInputMethodService( 1511): GoogleInputMethodService.onFinishInput():3227 
10-17 01:51:15.815 I/GoogleInputMethodService( 1511): GoogleInputMethodService.updateDeviceLockedStatus():2087 repeatCheckTimes = 0, unlocked = true
10-17 01:51:15.815 I/GoogleInputMethodService( 1511): GoogleInputMethodService.onStartInput():1877 onStartInput(EditorInfo{inputType=0x0(NULL) imeOptions=0x0 privateImeOptions=null actionName=UNSPECIFIED actionLabel=null actionId=0 initialSelStart=-1 initialSelEnd=-1 initialCapsMode=0x0 hintText=null label=null packageName=org.telegram.messenger fieldId=-1 fieldName=null extras=null}, false)
10-17 01:51:15.815 I/GoogleInputMethodService( 1511): GoogleInputMethodService.shouldHideHeaderOnInitialState():4008 ShouldHideHeaderOnInitialState = false
10-17 01:51:15.816 I/GoogleInputMethodService( 1511): GoogleInputMethodService.updateDeviceLockedStatus():2087 repeatCheckTimes = 2, unlocked = true
10-17 01:51:15.847 I/Monkey  ( 2397): :Sending Touch (ACTION_DOWN): 0:(171.0,26.0)
10-17 01:51:15.848 D/TaplEvents( 1064): TIS / TouchInteractionService.onInputEvent: MotionEvent { action=ACTION_DOWN, actionButton=0, id[0]=0, x[0]=171.0, y[0]=26.0, toolType[0]=TOOL_TYPE_UNKNOWN, buttonState=0, classification=NONE, metaState=0, flags=0x0, edgeFlags=0x0, pointerCount=1, historySize=0, eventTime=32551911, downTime=32551911, deviceId=-1, source=0x1002, displayId=0, eventId=-46234111 }
10-17 01:51:15.851 I/Monkey  ( 2397): :Sending Touch (ACTION_UP): 0:(172.02602,0.0)
10-17 01:51:15.851 D/TaplEvents( 1064): TIS / TouchInteractionService.onInputEvent: MotionEvent { action=ACTION_UP, actionButton=0, id[0]=0, x[0]=172.02602, y[0]=0.0, toolType[0]=TOOL_TYPE_UNKNOWN, buttonState=0, classification=NONE, metaState=0, flags=0x0, edgeFlags=0x0, pointerCount=1, historySize=0, eventTime=32551915, downTime=32551911, deviceId=-1, source=0x1002, displayId=0, eventId=-697263586 }
10-17 01:51:15.859 I/GoogleInputMethodService( 1511): GoogleInputMethodService.onFinishInput():3227 
10-17 01:51:15.859 I/GoogleInputMethodService( 1511): GoogleInputMethodService.updateDeviceLockedStatus():2087 repeatCheckTimes = 0, unlocked = true
10-17 01:51:15.859 I/GoogleInputMethodService( 1511): GoogleInputMethodService.onStartInput():1877 onStartInput(EditorInfo{inputType=0x0(NULL) imeOptions=0x0 privateImeOptions=null actionName=UNSPECIFIED actionLabel=null actionId=0 initialSelStart=-1 initialSelEnd=-1 initialCapsMode=0x0 hintText=null label=null packageName=org.telegram.messenger fieldId=-1 fieldName=null extras=null}, false)
10-17 01:51:15.859 I/GoogleInputMethodService( 1511): GoogleInputMethodService.shouldHideHeaderOnInitialState():4008 ShouldHideHeaderOnInitialState = false
10-17 01:51:15.860 I/GoogleInputMethodService( 1511): GoogleInputMethodService.updateDeviceLockedStatus():2087 repeatCheckTimes = 2, unlocked = true
10-17 01:51:15.903 I/Monkey  ( 2397): :Sending Touch (ACTION_DOWN): 0:(231.0,928.0)
10-17 01:51:15.904 D/TaplEvents( 1064): TIS / TouchInteractionService.onInputEvent: MotionEvent { action=ACTION_DOWN, actionButton=0, id[0]=0, x[0]=231.0, y[0]=928.0, toolType[0]=TOOL_TYPE_UNKNOWN, buttonState=0, classification=NONE, metaState=0, flags=0x0, edgeFlags=0x0, pointerCount=1, historySize=0, eventTime=32551967, downTime=32551967, deviceId=-1, source=0x1002, displayId=0, eventId=-158139914 }
10-17 01:51:15.908 I/Monkey  ( 2397): :Sending Touch (ACTION_UP): 0:(214.5268,975.6028)
10-17 01:51:15.909 D/TaplEvents( 1064): TIS / TouchInteractionService.onInputEvent: MotionEvent { action=ACTION_UP, actionButton=0, id[0]=0, x[0]=214.5268, y[0]=975.6028, toolType[0]=TOOL_TYPE_UNKNOWN, buttonState=0, classification=NONE, metaState=0, flags=0x0, edgeFlags=0x0, pointerCount=1, historySize=0, eventTime=32551972, downTime=32551967, deviceId=-1, source=0x1002, displayId=0, eventId=-261158929 }
10-17 01:51:15.960 I/Monkey  ( 2397): :Sending Touch (ACTION_DOWN): 0:(299.0,1034.0)
10-17 01:51:15.961 D/TaplEvents( 1064): TIS / TouchInteractionService.onInputEvent: MotionEvent { action=ACTION_DOWN, actionButton=0, id[0]=0, x[0]=299.0, y[0]=1034.0, toolType[0]=TOOL_TYPE_UNKNOWN, buttonState=0, classification=NONE, metaState=0, flags=0x0, edgeFlags=0x0, pointerCount=1, historySize=0, eventTime=32552023, downTime=32552023, deviceId=-1, source=0x1002, displayId=0, eventId=-564025566 }
10-17 01:51:15.961 I/Monkey  ( 2397):     //[calendar_time:2025-10-17 01:51:15.961  system_uptime:32552025]
10-17 01:51:15.961 I/Monkey  ( 2397):     // Sending event #500
10-17 01:51:15.961 I/Monkey  ( 2397): :Sending Touch (ACTION_UP): 0:(299.75516,1030.717)
10-17 01:51:15.962 D/TaplEvents( 1064): TIS / TouchInteractionService.onInputEvent: MotionEvent { action=ACTION_UP, actionButton=0, id[0]=0, x[0]=299.75516, y[0]=1030.717, toolType[0]=TOOL_TYPE_UNKNOWN, buttonState=0, classification=NONE, metaState=0, flags=0x0, edgeFlags=0x0, pointerCount=1, historySize=0, eventTime=32552025, downTime=32552023, deviceId=-1, source=0x1002, displayId=0, eventId=-903440618 }
10-17 01:51:16.116 I/Monkey  ( 2397): :Sending Touch (ACTION_DOWN): 0:(517.0,255.0)
10-17 01:51:16.118 D/TaplEvents( 1064): TIS / TouchInteractionService.onInputEvent: MotionEvent { action=ACTION_DOWN, actionButton=0, id[0]=0, x[0]=517.0, y[0]=255.0, toolType[0]=TOOL_TYPE_UNKNOWN, buttonState=0, classification=NONE, metaState=0, flags=0x0, edgeFlags=0x0, pointerCount=1, historySize=0, eventTime=32552180, downTime=32552180, deviceId=-1, source=0x1002, displayId=0, eventId=-796236740 }
10-17 01:51:16.119 I/Monkey  ( 2397): :Sending Touch (ACTION_UP): 0:(506.46634,254.51988)
10-17 01:51:16.120 D/TaplEvents( 1064): TIS / TouchInteractionService.onInputEvent: MotionEvent { action=ACTION_UP, actionButton=0, id[0]=0, x[0]=506.46634, y[0]=254.51988, toolType[0]=TOOL_TYPE_UNKNOWN, buttonState=0, classification=NONE, metaState=0, flags=0x0, edgeFlags=0x0, pointerCount=1, historySize=0, eventTime=32552183, downTime=32552180, deviceId=-1, source=0x1002, displayId=0, eventId=-268281534 }
10-17 01:51:16.144 D/EGL_emulation( 2218): app_time_stats: avg=2.22ms min=1.29ms max=6.50ms count=61
10-17 01:51:16.171 I/Monkey  ( 2397): :Sending Touch (ACTION_DOWN): 0:(188.0,87.0)
10-17 01:51:16.172 I/Monkey  ( 2397): :Sending Touch (ACTION_UP): 0:(187.77045,98.352585)
10-17 01:51:16.173 D/TaplEvents( 1064): TIS / TouchInteractionService.onInputEvent: MotionEvent { action=ACTION_DOWN, actionButton=0, id[0]=0, x[0]=188.0, y[0]=87.0, toolType[0]=TOOL_TYPE_UNKNOWN, buttonState=0, classification=NONE, metaState=0, flags=0x0, edgeFlags=0x0, pointerCount=1, historySize=0, eventTime=32552235, downTime=32552235, deviceId=-1, source=0x1002, displayId=0, eventId=-727762617 }
10-17 01:51:16.174 D/TaplEvents( 1064): TIS / TouchInteractionService.onInputEvent: MotionEvent { action=ACTION_UP, actionButton=0, id[0]=0, x[0]=187.77045, y[0]=98.352585, toolType[0]=TOOL_TYPE_UNKNOWN, buttonState=0, classification=NONE, metaState=0, flags=0x0, edgeFlags=0x0, pointerCount=1, historySize=0, eventTime=32552236, downTime=32552235, deviceId=-1, source=0x1002, displayId=0, eventId=-109652449 }
10-17 01:51:16.225 I/Monkey  ( 2397): :Sending Touch (ACTION_DOWN): 0:(880.0,1809.0)
10-17 01:51:16.225 D/TaplEvents( 1064): TIS / TouchInteractionService.onInputEvent: MotionEvent { action=ACTION_DOWN, actionButton=0, id[0]=0, x[0]=880.0, y[0]=1809.0, toolType[0]=TOOL_TYPE_UNKNOWN, buttonState=0, classification=NONE, metaState=0, flags=0x0, edgeFlags=0x0, pointerCount=1, historySize=0, eventTime=32552289, downTime=32552289, deviceId=-1, source=0x1002, displayId=0, eventId=-162353707 }
10-17 01:51:16.226 I/Monkey  ( 2397): :Sending Touch (ACTION_UP): 0:(882.4403,1798.26)
10-17 01:51:16.227 D/TaplEvents( 1064): TIS / TouchInteractionService.onInputEvent: MotionEvent { action=ACTION_UP, actionButton=0, id[0]=0, x[0]=882.4403, y[0]=1798.26, toolType[0]=TOOL_TYPE_UNKNOWN, buttonState=0, classification=NONE, metaState=0, flags=0x0, edgeFlags=0x0, pointerCount=1, historySize=0, eventTime=32552290, downTime=32552289, deviceId=-1, source=0x1002, displayId=0, eventId=-432411153 }
10-17 01:51:16.278 I/Monkey  ( 2397): :Sending Touch (ACTION_DOWN): 0:(1079.0,1890.0)
10-17 01:51:16.278 D/TaplEvents( 1064): TIS / TouchInteractionService.onInputEvent: MotionEvent { action=ACTION_DOWN, actionButton=0, id[0]=0, x[0]=1079.0, y[0]=1890.0, toolType[0]=TOOL_TYPE_UNKNOWN, buttonState=0, classification=NONE, metaState=0, flags=0x0, edgeFlags=0x0, pointerCount=1, historySize=0, eventTime=32552341, downTime=32552341, deviceId=-1, source=0x1002, displayId=0, eventId=-242269195 }
10-17 01:51:16.279 I/Monkey  ( 2397): :Sending Touch (ACTION_UP): 0:(1064.8225,1878.8098)
10-17 01:51:16.280 D/TaplEvents( 1064): TIS / TouchInteractionService.onInputEvent: MotionEvent { action=ACTION_UP, actionButton=0, id[0]=0, x[0]=1064.8225, y[0]=1878.8098, toolType[0]=TOOL_TYPE_UNKNOWN, buttonState=0, classification=NONE, metaState=0, flags=0x0, edgeFlags=0x0, pointerCount=1, historySize=0, eventTime=32552343, downTime=32552341, deviceId=-1, source=0x1002, displayId=0, eventId=-854924266 }
10-17 01:51:16.280 I/BpBinder(  337): onLastStrongRef automatically unlinking death recipients: <uncached descriptor>
10-17 01:51:16.280 D/ShellBackPreview(  709): Finishing gesture with event action: 1
10-17 01:51:16.280 D/ShellBackPreview(  709): onGestureFinished() mTriggerBack == false
10-17 01:51:16.280 D/ShellBackPreview(  709): BackAnimationController: finishAnimation()
10-17 01:51:16.315 D/OpenGLRenderer( 2218): --- Failed to create image decoder with message 'unimplemented'
10-17 01:51:16.330 I/Monkey  ( 2397): :Sending Touch (ACTION_DOWN): 0:(117.0,1320.0)
10-17 01:51:16.331 D/TaplEvents( 1064): TIS / TouchInteractionService.onInputEvent: MotionEvent { action=ACTION_DOWN, actionButton=0, id[0]=0, x[0]=117.0, y[0]=1320.0, toolType[0]=TOOL_TYPE_UNKNOWN, buttonState=0, classification=NONE, metaState=0, flags=0x0, edgeFlags=0x0, pointerCount=1, historySize=0, eventTime=32552394, downTime=32552394, deviceId=-1, source=0x1002, displayId=0, eventId=-263301686 }
10-17 01:51:16.331 I/Monkey  ( 2397): :Sending Touch (ACTION_UP): 0:(120.06041,1328.9194)
10-17 01:51:16.332 D/TaplEvents( 1064): TIS / TouchInteractionService.onInputEvent: MotionEvent { action=ACTION_UP, actionButton=0, id[0]=0, x[0]=120.06041, y[0]=1328.9194, toolType[0]=TOOL_TYPE_UNKNOWN, buttonState=0, classification=NONE, metaState=0, flags=0x0, edgeFlags=0x0, pointerCount=1, historySize=0, eventTime=32552395, downTime=32552394, deviceId=-1, source=0x1002, displayId=0, eventId=-424782144 }
10-17 01:51:16.381 D/OpenGLRenderer( 2218): --- Failed to create image decoder with message 'unimplemented'
10-17 01:51:16.383 I/Monkey  ( 2397): :Sending Touch (ACTION_DOWN): 0:(720.0,1049.0)
10-17 01:51:16.384 I/Monkey  ( 2397): :Sending Touch (ACTION_UP): 0:(722.1555,1057.8914)
10-17 01:51:16.384 D/TaplEvents( 1064): TIS / TouchInteractionService.onInputEvent: MotionEvent { action=ACTION_DOWN, actionButton=0, id[0]=0, x[0]=720.0, y[0]=1049.0, toolType[0]=TOOL_TYPE_UNKNOWN, buttonState=0, classification=NONE, metaState=0, flags=0x0, edgeFlags=0x0, pointerCount=1, historySize=0, eventTime=32552447, downTime=32552447, deviceId=-1, source=0x1002, displayId=0, eventId=-908186876 }
10-17 01:51:16.384 D/TaplEvents( 1064): TIS / TouchInteractionService.onInputEvent: MotionEvent { action=ACTION_UP, actionButton=0, id[0]=0, x[0]=722.1555, y[0]=1057.8914, toolType[0]=TOOL_TYPE_UNKNOWN, buttonState=0, classification=NONE, metaState=0, flags=0x0, edgeFlags=0x0, pointerCount=1, historySize=0, eventTime=32552447, downTime=32552447, deviceId=-1, source=0x1002, displayId=0, eventId=-891924038 }
10-17 01:51:16.424 W/RecyclerView( 2218): An instance of  was started more than once. Each instance of is intended to only be used once. You should create a new instance for each use.
10-17 01:51:16.434 I/Monkey  ( 2397): :Sending Touch (ACTION_DOWN): 0:(859.0,162.0)
10-17 01:51:16.435 D/TaplEvents( 1064): TIS / TouchInteractionService.onInputEvent: MotionEvent { action=ACTION_DOWN, actionButton=0, id[0]=0, x[0]=859.0, y[0]=162.0, toolType[0]=TOOL_TYPE_UNKNOWN, buttonState=0, classification=NONE, metaState=0, flags=0x0, edgeFlags=0x0, pointerCount=1, historySize=0, eventTime=32552498, downTime=32552498, deviceId=-1, source=0x1002, displayId=0, eventId=-30442982 }
10-17 01:51:16.435 I/Monkey  ( 2397): :Sending Touch (ACTION_UP): 0:(847.1053,163.64627)
10-17 01:51:16.436 D/TaplEvents( 1064): TIS / TouchInteractionService.onInputEvent: MotionEvent { action=ACTION_UP, actionButton=0, id[0]=0, x[0]=847.1053, y[0]=163.64627, toolType[0]=TOOL_TYPE_UNKNOWN, buttonState=0, classification=NONE, metaState=0, flags=0x0, edgeFlags=0x0, pointerCount=1, historySize=0, eventTime=32552499, downTime=32552498, deviceId=-1, source=0x1002, displayId=0, eventId=-626931533 }
10-17 01:51:16.486 I/Monkey  ( 2397): :Sending Touch (ACTION_DOWN): 0:(619.0,1932.0)
10-17 01:51:16.487 I/Monkey  ( 2397): :Sending Touch (ACTION_UP): 0:(611.6607,1925.5645)
10-17 01:51:16.487 D/TaplEvents( 1064): TIS / TouchInteractionService.onInputEvent: MotionEvent { action=ACTION_DOWN, actionButton=0, id[0]=0, x[0]=619.0, y[0]=1932.0, toolType[0]=TOOL_TYPE_UNKNOWN, buttonState=0, classification=NONE, metaState=0, flags=0x0, edgeFlags=0x0, pointerCount=1, historySize=0, eventTime=32552550, downTime=32552550, deviceId=-1, source=0x1002, displayId=0, eventId=-383576720 }
10-17 01:51:16.488 D/TaplEvents( 1064): TIS / TouchInteractionService.onInputEvent: MotionEvent { action=ACTION_UP, actionButton=0, id[0]=0, x[0]=611.6607, y[0]=1925.5645, toolType[0]=TOOL_TYPE_UNKNOWN, buttonState=0, classification=NONE, metaState=0, flags=0x0, edgeFlags=0x0, pointerCount=1, historySize=0, eventTime=32552551, downTime=32552550, deviceId=-1, source=0x1002, displayId=0, eventId=-684404709 }
10-17 01:51:16.491 W/RecyclerView( 2218): An instance of  was started more than once. Each instance of is intended to only be used once. You should create a new instance for each use.
10-17 01:51:16.589 I/Monkey  ( 2397): :Sending Touch (ACTION_DOWN): 0:(208.0,1081.0)
10-17 01:51:16.590 I/Monkey  ( 2397): :Sending Touch (ACTION_UP): 0:(199.46364,1080.9161)
10-17 01:51:16.591 D/TaplEvents( 1064): TIS / TouchInteractionService.onInputEvent: MotionEvent { action=ACTION_DOWN, actionButton=0, id[0]=0, x[0]=208.0, y[0]=1081.0, toolType[0]=TOOL_TYPE_UNKNOWN, buttonState=0, classification=NONE, metaState=0, flags=0x0, edgeFlags=0x0, pointerCount=1, historySize=0, eventTime=32552653, downTime=32552653, deviceId=-1, source=0x1002, displayId=0, eventId=-1022637211 }
10-17 01:51:16.591 D/TaplEvents( 1064): TIS / TouchInteractionService.onInputEvent: MotionEvent { action=ACTION_UP, actionButton=0, id[0]=0, x[0]=199.46364, y[0]=1080.9161, toolType[0]=TOOL_TYPE_UNKNOWN, buttonState=0, classification=NONE, metaState=0, flags=0x0, edgeFlags=0x0, pointerCount=1, historySize=0, eventTime=32552654, downTime=32552653, deviceId=-1, source=0x1002, displayId=0, eventId=-266434552 }
10-17 01:51:16.643 D/InputDispatcher(  507): Touch mode switch rejected, caller (pid=0, uid=10177) doesn't own the focused window nor none of the previously interacted window
10-17 01:51:16.659 I/GoogleInputMethodService( 1511): GoogleInputMethodService.onFinishInput():3227 
10-17 01:51:16.659 I/GoogleInputMethodService( 1511): GoogleInputMethodService.updateDeviceLockedStatus():2087 repeatCheckTimes = 0, unlocked = true
10-17 01:51:16.660 I/GoogleInputMethodService( 1511): GoogleInputMethodService.onStartInput():1877 onStartInput(EditorInfo{inputType=0x0(NULL) imeOptions=0x0 privateImeOptions=null actionName=UNSPECIFIED actionLabel=null actionId=0 initialSelStart=-1 initialSelEnd=-1 initialCapsMode=0x0 hintText=null label=null packageName=org.telegram.messenger fieldId=-1 fieldName=null extras=null}, false)
10-17 01:51:16.660 I/GoogleInputMethodService( 1511): GoogleInputMethodService.shouldHideHeaderOnInitialState():4008 ShouldHideHeaderOnInitialState = false
10-17 01:51:16.660 I/GoogleInputMethodService( 1511): GoogleInputMethodService.updateDeviceLockedStatus():2087 repeatCheckTimes = 2, unlocked = true
10-17 01:51:16.694 I/Monkey  ( 2397): :Sending Touch (ACTION_DOWN): 0:(237.0,1340.0)
10-17 01:51:16.694 I/Monkey  ( 2397): :Sending Touch (ACTION_UP): 0:(234.58533,1334.4321)
10-17 01:51:16.695 D/TaplEvents( 1064): TIS / TouchInteractionService.onInputEvent: MotionEvent { action=ACTION_DOWN, actionButton=0, id[0]=0, x[0]=237.0, y[0]=1340.0, toolType[0]=TOOL_TYPE_UNKNOWN, buttonState=0, classification=NONE, metaState=0, flags=0x0, edgeFlags=0x0, pointerCount=1, historySize=0, eventTime=32552758, downTime=32552758, deviceId=-1, source=0x1002, displayId=0, eventId=-337425152 }
10-17 01:51:16.695 D/TaplEvents( 1064): TIS / TouchInteractionService.onInputEvent: MotionEvent { action=ACTION_UP, actionButton=0, id[0]=0, x[0]=234.58533, y[0]=1334.4321, toolType[0]=TOOL_TYPE_UNKNOWN, buttonState=0, classification=NONE, metaState=0, flags=0x0, edgeFlags=0x0, pointerCount=1, historySize=0, eventTime=32552758, downTime=32552758, deviceId=-1, source=0x1002, displayId=0, eventId=-1047932040 }
10-17 01:51:16.706 D/BufferPoolAccessor2.0( 2218): bufferpool2 0xb4000071ec381e88 : 0(0 size) total buffers - 0(0 size) used buffers - 0/5 (recycle/alloc) - 4/42 (fetch/transfer)
10-17 01:51:16.706 D/BufferPoolAccessor2.0( 2218): bufferpool2 0xb4000071ec3284c8 : 0(0 size) total buffers - 0(0 size) used buffers - 0/5 (recycle/alloc) - 4/88 (fetch/transfer)
10-17 01:51:16.706 D/BufferPoolAccessor2.0( 2218): bufferpool2 0xb4000071ec35f828 : 0(0 size) total buffers - 0(0 size) used buffers - 0/5 (recycle/alloc) - 4/36 (fetch/transfer)
10-17 01:51:16.706 D/BufferPoolAccessor2.0( 2218): bufferpool2 0xb4000071ec37fbd8 : 0(0 size) total buffers - 0(0 size) used buffers - 0/5 (recycle/alloc) - 4/32 (fetch/transfer)
10-17 01:51:16.706 D/BufferPoolAccessor2.0( 2218): bufferpool2 0xb4000071ec3759f8 : 0(0 size) total buffers - 0(0 size) used buffers - 0/5 (recycle/alloc) - 4/18 (fetch/transfer)
10-17 01:51:16.706 D/BufferPoolAccessor2.0( 2218): bufferpool2 0xb4000071ec37c8f8 : 0(0 size) total buffers - 0(0 size) used buffers - 0/5 (recycle/alloc) - 4/32 (fetch/transfer)
10-17 01:51:16.706 D/BufferPoolAccessor2.0( 2218): bufferpool2 0xb4000071ec3621c8 : 0(0 size) total buffers - 0(0 size) used buffers - 0/5 (recycle/alloc) - 4/88 (fetch/transfer)
10-17 01:51:16.706 D/BufferPoolAccessor2.0(  408): bufferpool2 0xb4000072615ac128 : 0(0 size) total buffers - 0(0 size) used buffers - 13/17 (recycle/alloc) - 4/17 (fetch/transfer)
10-17 01:51:16.706 D/BufferPoolAccessor2.0(  408): bufferpool2 0xb4000072615a92e8 : 0(0 size) total buffers - 0(0 size) used buffers - 136/146 (recycle/alloc) - 13/146 (fetch/transfer)
10-17 01:51:16.706 D/BufferPoolAccessor2.0(  408): bufferpool2 0xb4000072615aff98 : 0(0 size) total buffers - 0(0 size) used buffers - 41/45 (recycle/alloc) - 4/45 (fetch/transfer)
10-17 01:51:16.706 D/BufferPoolAccessor2.0(  408): bufferpool2 0xb4000072615abed8 : 0(0 size) total buffers - 0(0 size) used buffers - 7/10 (recycle/alloc) - 3/10 (fetch/transfer)
10-17 01:51:16.706 D/BufferPoolAccessor2.0(  408): bufferpool2 0xb4000072615ad158 : 0(0 size) total buffers - 0(0 size) used buffers - 14/17 (recycle/alloc) - 3/17 (fetch/transfer)
10-17 01:51:16.706 D/BufferPoolAccessor2.0(  408): bufferpool2 0xb4000072615a7e18 : 0(0 size) total buffers - 0(0 size) used buffers - 14/19 (recycle/alloc) - 5/19 (fetch/transfer)
10-17 01:51:16.706 D/BufferPoolAccessor2.0(  408): bufferpool2 0xb4000072615b2938 : 0(0 size) total buffers - 0(0 size) used buffers - 19/22 (recycle/alloc) - 3/22 (fetch/transfer)
10-17 01:51:16.706 D/BufferPoolAccessor2.0(  408): bufferpool2 0xb4000072615a9098 : 0(0 size) total buffers - 0(0 size) used buffers - 40/45 (recycle/alloc) - 5/45 (fetch/transfer)
10-17 01:51:16.706 D/BufferPoolAccessor2.0(  408): evictor expired: 8, evicted: 8
10-17 01:51:16.709 D/BufferPoolAccessor2.0( 2218): bufferpool2 0xb4000071ec37e268 : 0(0 size) total buffers - 0(0 size) used buffers - 0/5 (recycle/alloc) - 11/290 (fetch/transfer)
10-17 01:51:16.709 D/BufferPoolAccessor2.0( 2218): evictor expired: 8, evicted: 8
10-17 01:51:16.711 I/GoogleInputMethodService( 1511): GoogleInputMethodService.onFinishInput():3227 
10-17 01:51:16.712 I/GoogleInputMethodService( 1511): GoogleInputMethodService.updateDeviceLockedStatus():2087 repeatCheckTimes = 0, unlocked = true
10-17 01:51:16.712 I/GoogleInputMethodService( 1511): GoogleInputMethodService.onStartInput():1877 onStartInput(EditorInfo{inputType=0x0(NULL) imeOptions=0x0 privateImeOptions=null actionName=UNSPECIFIED actionLabel=null actionId=0 initialSelStart=-1 initialSelEnd=-1 initialCapsMode=0x0 hintText=null label=null packageName=org.telegram.messenger fieldId=-1 fieldName=null extras=null}, false)
10-17 01:51:16.712 I/GoogleInputMethodService( 1511): GoogleInputMethodService.shouldHideHeaderOnInitialState():4008 ShouldHideHeaderOnInitialState = false
10-17 01:51:16.712 I/GoogleInputMethodService( 1511): GoogleInputMethodService.updateDeviceLockedStatus():2087 repeatCheckTimes = 2, unlocked = true
10-17 01:51:16.746 I/Monkey  ( 2397): :Sending Touch (ACTION_DOWN): 0:(39.0,109.0)
10-17 01:51:16.747 D/TaplEvents( 1064): TIS / TouchInteractionService.onInputEvent: MotionEvent { action=ACTION_DOWN, actionButton=0, id[0]=0, x[0]=39.0, y[0]=109.0, toolType[0]=TOOL_TYPE_UNKNOWN, buttonState=0, classification=NONE, metaState=0, flags=0x0, edgeFlags=0x0, pointerCount=1, historySize=0, eventTime=32552810, downTime=32552810, deviceId=-1, source=0x1002, displayId=0, eventId=-544944387 }
10-17 01:51:16.747 I/Monkey  ( 2397): :Sending Touch (ACTION_UP): 0:(46.228195,98.5406)
10-17 01:51:16.748 D/TaplEvents( 1064): TIS / TouchInteractionService.onInputEvent: MotionEvent { action=ACTION_UP, actionButton=0, id[0]=0, x[0]=46.228195, y[0]=98.5406, toolType[0]=TOOL_TYPE_UNKNOWN, buttonState=0, classification=NONE, metaState=0, flags=0x0, edgeFlags=0x0, pointerCount=1, historySize=0, eventTime=32552811, downTime=32552810, deviceId=-1, source=0x1002, displayId=0, eventId=-499633263 }
10-17 01:51:16.748 I/BpBinder(  337): onLastStrongRef automatically unlinking death recipients: <uncached descriptor>
10-17 01:51:16.748 D/ShellBackPreview(  709): Finishing gesture with event action: 1
10-17 01:51:16.748 D/ShellBackPreview(  709): onGestureFinished() mTriggerBack == false
10-17 01:51:16.748 D/ShellBackPreview(  709): BackAnimationController: finishAnimation()
10-17 01:51:16.800 D/InputDispatcher(  507): Touch mode switch rejected, caller (pid=0, uid=10177) doesn't own the focused window nor none of the previously interacted window
10-17 01:51:16.809 I/GoogleInputMethodService( 1511): GoogleInputMethodService.onFinishInput():3227 
10-17 01:51:16.810 I/GoogleInputMethodService( 1511): GoogleInputMethodService.updateDeviceLockedStatus():2087 repeatCheckTimes = 0, unlocked = true
10-17 01:51:16.810 I/GoogleInputMethodService( 1511): GoogleInputMethodService.onStartInput():1877 onStartInput(EditorInfo{inputType=0x0(NULL) imeOptions=0x0 privateImeOptions=null actionName=UNSPECIFIED actionLabel=null actionId=0 initialSelStart=-1 initialSelEnd=-1 initialCapsMode=0x0 hintText=null label=null packageName=org.telegram.messenger fieldId=-1 fieldName=null extras=null}, false)
10-17 01:51:16.810 I/GoogleInputMethodService( 1511): GoogleInputMethodService.shouldHideHeaderOnInitialState():4008 ShouldHideHeaderOnInitialState = false
10-17 01:51:16.810 I/GoogleInputMethodService( 1511): GoogleInputMethodService.updateDeviceLockedStatus():2087 repeatCheckTimes = 2, unlocked = true
10-17 01:51:16.853 I/Monkey  ( 2397): :Sending Touch (ACTION_DOWN): 0:(914.0,1926.0)
10-17 01:51:16.854 I/Monkey  ( 2397): :Sending Touch (ACTION_UP): 0:(911.59143,1939.4395)
10-17 01:51:16.854 D/TaplEvents( 1064): TIS / TouchInteractionService.onInputEvent: MotionEvent { action=ACTION_DOWN, actionButton=0, id[0]=0, x[0]=914.0, y[0]=1926.0, toolType[0]=TOOL_TYPE_UNKNOWN, buttonState=0, classification=NONE, metaState=0, flags=0x0, edgeFlags=0x0, pointerCount=1, historySize=0, eventTime=32552917, downTime=32552917, deviceId=-1, source=0x1002, displayId=0, eventId=-139657138 }
10-17 01:51:16.855 D/TaplEvents( 1064): TIS / TouchInteractionService.onInputEvent: MotionEvent { action=ACTION_UP, actionButton=0, id[0]=0, x[0]=911.59143, y[0]=1939.4395, toolType[0]=TOOL_TYPE_UNKNOWN, buttonState=0, classification=NONE, metaState=0, flags=0x0, edgeFlags=0x0, pointerCount=1, historySize=0, eventTime=32552918, downTime=32552917, deviceId=-1, source=0x1002, displayId=0, eventId=-416528872 }
10-17 01:51:16.860 I/GoogleInputMethodService( 1511): GoogleInputMethodService.onFinishInput():3227 
10-17 01:51:16.860 I/GoogleInputMethodService( 1511): GoogleInputMethodService.updateDeviceLockedStatus():2087 repeatCheckTimes = 0, unlocked = true
10-17 01:51:16.861 I/GoogleInputMethodService( 1511): GoogleInputMethodService.onStartInput():1877 onStartInput(EditorInfo{inputType=0x0(NULL) imeOptions=0x0 privateImeOptions=null actionName=UNSPECIFIED actionLabel=null actionId=0 initialSelStart=-1 initialSelEnd=-1 initialCapsMode=0x0 hintText=null label=null packageName=org.telegram.messenger fieldId=-1 fieldName=null extras=null}, false)
10-17 01:51:16.861 I/GoogleInputMethodService( 1511): GoogleInputMethodService.shouldHideHeaderOnInitialState():4008 ShouldHideHeaderOnInitialState = false
10-17 01:51:16.861 I/GoogleInputMethodService( 1511): GoogleInputMethodService.updateDeviceLockedStatus():2087 repeatCheckTimes = 2, unlocked = true
10-17 01:51:16.909 D/InputDispatcher(  507): Touch mode switch rejected, caller (pid=0, uid=10177) doesn't own the focused window nor none of the previously interacted window
10-17 01:51:16.927 I/GoogleInputMethodService( 1511): GoogleInputMethodService.onFinishInput():3227 
10-17 01:51:16.927 I/GoogleInputMethodService( 1511): GoogleInputMethodService.updateDeviceLockedStatus():2087 repeatCheckTimes = 0, unlocked = true
10-17 01:51:16.928 I/GoogleInputMethodService( 1511): GoogleInputMethodService.onStartInput():1877 onStartInput(EditorInfo{inputType=0x0(NULL) imeOptions=0x0 privateImeOptions=null actionName=UNSPECIFIED actionLabel=null actionId=0 initialSelStart=-1 initialSelEnd=-1 initialCapsMode=0x0 hintText=null label=null packageName=org.telegram.messenger fieldId=-1 fieldName=null extras=null}, false)
10-17 01:51:16.928 I/GoogleInputMethodService( 1511): GoogleInputMethodService.shouldHideHeaderOnInitialState():4008 ShouldHideHeaderOnInitialState = false
