--------- beginning of main
10-17 01:51:01.540 D/AndroidRuntime( 2187): >>>>>> START com.android.internal.os.RuntimeInit uid 0 <<<<<<
10-17 01:51:01.543 I/AndroidRuntime( 2187): Using default boot image
10-17 01:51:01.543 I/AndroidRuntime( 2187): Leaving lock profiling enabled
10-17 01:51:01.544 I/app_process( 2187): Core platform API reporting enabled, enforcing=false
10-17 01:51:01.544 I/app_process( 2187): Using CollectorTypeCC GC.
10-17 01:51:01.579 D/app_process( 2187): Time zone APEX ICU file found: /apex/com.android.tzdata/etc/icu/icu_tzdata.dat
10-17 01:51:01.579 D/app_process( 2187): I18n APEX ICU file found: /apex/com.android.i18n/etc/icu/icudt70l.dat
10-17 01:51:01.592 D/AndroidRuntime( 2187): Calling main entry com.android.commands.monkey.Monkey
10-17 01:51:01.592 W/Monkey  ( 2187): args: [-p, org.telegram.messenger, -c, android.intent.category.LAUNCHER, 1]
10-17 01:51:01.592 W/Monkey  ( 2187):  arg: "-p"
10-17 01:51:01.592 W/Monkey  ( 2187):  arg: "org.telegram.messenger"
10-17 01:51:01.592 W/Monkey  ( 2187):  arg: "-c"
10-17 01:51:01.592 W/Monkey  ( 2187):  arg: "android.intent.category.LAUNCHER"
10-17 01:51:01.592 W/Monkey  ( 2187):  arg: "1"
10-17 01:51:01.592 W/Monkey  ( 2187): data="org.telegram.messenger"
10-17 01:51:01.592 W/Monkey  ( 2187): data="android.intent.category.LAUNCHER"
--------- beginning of system
10-17 01:51:01.597 W/BroadcastQueue(  507): Skipping deliver [background] BroadcastRecord{b567534 u-1 android.net.conn.CONNECTIVITY_CHANGE} to ReceiverList{5bdef5d 2187 (unknown name)/0/u-1 remote:ca23646}: process gone or crashing
10-17 01:51:01.599 I/ActivityTaskManager(  507): START u0 {act=android.intent.action.MAIN cat=[android.intent.category.LAUNCHER] flg=0x10200000 cmp=org.telegram.messenger/.DefaultIcon} from uid 0
10-17 01:51:01.602 D/CompatibilityChangeReporter(  507): Compat change id reported: 135634846; UID 10177; state: DISABLED
10-17 01:51:01.602 D/SplashScreenView(  709): Build android.window.SplashScreenView{82b0d13 V.E...... ......ID 0,0-0,0}
10-17 01:51:01.602 D/SplashScreenView(  709): Icon: view: null drawable: com.android.wm.shell.startingsurface.SplashscreenIconDrawableFactory$AnimatableIconAnimateListener@8028b50 size: 528
10-17 01:51:01.602 D/SplashScreenView(  709): Branding: view: android.view.View{f67e149 G.ED..... ......I. 0,0-0,0 #10204dc android:id/splashscreen_branding_view} drawable: null size w: 0 h: 0
10-17 01:51:01.602 D/CompatibilityChangeReporter(  507): Compat change id reported: 177438394; UID 10177; state: DISABLED
10-17 01:51:01.602 D/CompatibilityChangeReporter(  507): Compat change id reported: 135772972; UID 10177; state: DISABLED
10-17 01:51:01.602 D/CompatibilityChangeReporter(  507): Compat change id reported: 135754954; UID 10177; state: ENABLED
10-17 01:51:01.602 D/CompatibilityChangeReporter(  507): Compat change id reported: 143937733; UID 10177; state: ENABLED
10-17 01:51:01.603 W/Parcel  (  709): Expecting binder but got null!
10-17 01:51:01.603 I/Monkey  ( 2187): Events injected: 1
10-17 01:51:01.602 W/gdbus   (  296): type=1400 audit(0.0:886): avc: denied { sys_nice } for capability=23 scontext=u:r:zygote:s0 tcontext=u:r:zygote:s0 tclass=capability permissive=0
10-17 01:51:01.604 D/MainContentCaptureSession( 1064): Flushing 1 event(s) for act:com.google.android.apps.nexuslauncher/.NexusLauncherActivity [state=2 (ACTIVE), disabled=false], reason=FULL
10-17 01:51:01.605 D/SplashScreenView(  709): SurfaceControlViewHost created on thread 31
10-17 01:51:01.605 W/Parcel  (  709): Expecting binder but got null!
10-17 01:51:01.605 D/CoreBackPreview(  507): Window{464ad15 u0 Splash Screen org.telegram.messenger}: Setting back callback OnBackInvokedCallbackInfo{mCallback=android.window.IOnBackInvokedCallback$Stub$Proxy@48ef3b8, mPriority=0}
10-17 01:51:01.608 D/SplashScreenView(  709): Icon size 528
10-17 01:51:01.611 I/Monkey  ( 2187): ## Network stats: elapsed time=9ms (0ms mobile, 0ms wifi, 9ms not connected)
10-17 01:51:01.611 I/egram.messenger( 2218): Using CollectorTypeCC GC.
10-17 01:51:01.611 E/SurfaceSyncer(  709): Failed to find sync for id=0
10-17 01:51:01.612 E/OpenGLRenderer(  709): Unable to match the desired swap behavior.
10-17 01:51:01.613 I/app_process( 2187): System.exit called, status: 0
10-17 01:51:01.613 I/AndroidRuntime( 2187): VM exiting with result code 0.
10-17 01:51:01.616 D/Zygote  (  296): Forked child process 2218
10-17 01:51:01.616 I/ActivityManager(  507): Start proc 2218:org.telegram.messenger/u0a177 for next-top-activity {org.telegram.messenger/org.telegram.messenger.DefaultIcon}
10-17 01:51:01.617 E/OpenGLRenderer(  709): Unable to match the desired swap behavior.
10-17 01:51:01.642 D/EGL_emulation( 1064): app_time_stats: avg=497.34ms min=492.60ms max=499.72ms count=3
10-17 01:51:01.643 I/adbd    (12863): jdwp connection from 2218
10-17 01:51:01.654 D/CompatibilityChangeReporter( 2218): Compat change id reported: 171979766; UID 10177; state: ENABLED
10-17 01:51:01.661 D/nativeloader( 2218): Configuring classloader-namespace for other apk /system/framework/org.apache.http.legacy.jar. target_sdk_version=34, uses_libraries=ALL, library_path=/data/app/~~8AjFyUAfKIO6dahERB9kdg==/org.telegram.messenger-nB3jldRh9C2J7LIolRsA5A==/lib/arm64:/data/app/~~8AjFyUAfKIO6dahERB9kdg==/org.telegram.messenger-nB3jldRh9C2J7LIolRsA5A==/base.apk!/lib/arm64-v8a, permitted_path=/data:/mnt/expand:/data/user/0/org.telegram.messenger
10-17 01:51:01.666 D/nativeloader( 2218): Configuring classloader-namespace for other apk /data/app/~~8AjFyUAfKIO6dahERB9kdg==/org.telegram.messenger-nB3jldRh9C2J7LIolRsA5A==/base.apk. target_sdk_version=34, uses_libraries=, library_path=/data/app/~~8AjFyUAfKIO6dahERB9kdg==/org.telegram.messenger-nB3jldRh9C2J7LIolRsA5A==/lib/arm64:/data/app/~~8AjFyUAfKIO6dahERB9kdg==/org.telegram.messenger-nB3jldRh9C2J7LIolRsA5A==/base.apk!/lib/arm64-v8a, permitted_path=/data:/mnt/expand:/data/user/0/org.telegram.messenger
10-17 01:51:01.668 W/s.nexuslauncher( 1064): Reducing the number of considered missed Gc histogram windows from 125 to 100
10-17 01:51:01.671 V/GraphicsEnvironment( 2218): ANGLE Developer option for 'org.telegram.messenger' set to: 'default'
10-17 01:51:01.671 V/GraphicsEnvironment( 2218): ANGLE GameManagerService for org.telegram.messenger: false
10-17 01:51:01.671 V/GraphicsEnvironment( 2218): Neither updatable production driver nor prerelease driver is supported.
10-17 01:51:01.673 D/NetworkSecurityConfig( 2218): No Network Security Config specified, using platform default
10-17 01:51:01.674 D/NetworkSecurityConfig( 2218): No Network Security Config specified, using platform default
10-17 01:51:01.675 I/MultiDex( 2218): VM with version 2.1.0 has multidex support
10-17 01:51:01.675 I/MultiDex( 2218): Installing application
10-17 01:51:01.675 I/MultiDex( 2218): VM has multidex support, MultiDex support library is disabled.
10-17 01:51:01.679 D/CompatibilityChangeReporter( 2218): Compat change id reported: 183155436; UID 10177; state: ENABLED
10-17 01:51:01.680 I/FirebaseApp( 2218): Device unlocked: initializing all Firebase APIs for app [DEFAULT]
10-17 01:51:01.682 I/FirebaseInitProvider( 2218): FirebaseApp initialization successful
10-17 01:51:01.683 W/egram.messenger( 2218): Accessing hidden field Ljava/util/Collections$SynchronizedCollection;->mutex:Ljava/lang/Object; (max-target-o, reflection, denied)
10-17 01:51:01.683 W/egram.messenger( 2218): Accessing hidden method Ljava/util/Collections$SynchronizedSet;-><init>(Ljava/util/Set;Ljava/lang/Object;)V (max-target-o, reflection, denied)
10-17 01:51:01.683 W/egram.messenger( 2218): Accessing hidden method Ljava/util/Collections$SynchronizedCollection;-><init>(Ljava/util/Collection;Ljava/lang/Object;)V (max-target-o, reflection, denied)
10-17 01:51:01.684 I/AGConnectProvider( 2218): AGConnectInitializeProvider#onCreate
10-17 01:51:01.684 I/AGConnectInstance( 2218): AGConnectInstance#initialize
10-17 01:51:01.684 I/ServiceRegistrarParser( 2218): getServices
10-17 01:51:01.685 I/ServiceRegistrarParser( 2218): services:0
10-17 01:51:01.691 I/AGC_Instance( 2218): AGC SDK initialize end, default route:DE
10-17 01:51:01.718 D/libEGL  ( 2218): loaded /vendor/lib64/egl/libEGL_emulation.so
10-17 01:51:01.720 D/libEGL  ( 2218): loaded /vendor/lib64/egl/libGLESv1_CM_emulation.so
10-17 01:51:01.721 D/libEGL  ( 2218): loaded /vendor/lib64/egl/libGLESv2_emulation.so
10-17 01:51:01.727 D/CompatibilityChangeReporter(  507): Compat change id reported: 161145287; UID 10177; state: DISABLED
10-17 01:51:01.734 V/ActivityThread( 2218): Recovering failed rename /storage/emulated/0/Android/data/org.telegram.messenger/cache/000000000_999999_temp.f to /storage/emulated/0/Android/data/org.telegram.messenger/files/Telegram/Telegram Images/000000000_999999.f
10-17 01:51:01.738 W/pool-12-thread-( 2218): type=1400 audit(0.0:887): avc: denied { relabelfrom } for name="000000000_999999.f" dev="dm-33" ino=303623 scontext=u:r:untrusted_app:s0:c177,c256,c512,c768 tcontext=u:object_r:media_rw_data_file:s0:c177,c256,c512,c768 tclass=file permissive=0 app=org.telegram.messenger
10-17 01:51:01.742 V/ActivityThread( 2218): Recovering failed rename /storage/emulated/0/Android/data/org.telegram.messenger/cache/000000000_999999_temp.f to /storage/emulated/0/Android/data/org.telegram.messenger/files/Telegram/Telegram Video/000000000_999999.f
10-17 01:51:01.738 W/pool-12-thread-( 2218): type=1400 audit(0.0:888): avc: denied { relabelfrom } for name="000000000_999999.f" dev="dm-33" ino=303623 scontext=u:r:untrusted_app:s0:c177,c256,c512,c768 tcontext=u:object_r:media_rw_data_file:s0:c177,c256,c512,c768 tclass=file permissive=0 app=org.telegram.messenger
10-17 01:51:01.744 V/ActivityThread( 2218): Recovering failed rename /storage/emulated/0/Android/data/org.telegram.messenger/cache/000000000_999999_temp.f to /storage/emulated/0/Android/data/org.telegram.messenger/files/Telegram/Telegram Audio/000000000_999999.f
10-17 01:51:01.742 W/pool-12-thread-( 2218): type=1400 audit(0.0:889): avc: denied { relabelfrom } for name="000000000_999999.f" dev="dm-33" ino=303623 scontext=u:r:untrusted_app:s0:c177,c256,c512,c768 tcontext=u:object_r:media_rw_data_file:s0:c177,c256,c512,c768 tclass=file permissive=0 app=org.telegram.messenger
10-17 01:51:01.746 V/ActivityThread( 2218): Recovering failed rename /storage/emulated/0/Android/data/org.telegram.messenger/cache/000000000_999999_temp.f to /storage/emulated/0/Android/data/org.telegram.messenger/files/Telegram/Telegram Documents/000000000_999999.f
10-17 01:51:01.742 W/pool-12-thread-( 2218): type=1400 audit(0.0:890): avc: denied { relabelfrom } for name="000000000_999999.f" dev="dm-33" ino=303623 scontext=u:r:untrusted_app:s0:c177,c256,c512,c768 tcontext=u:object_r:media_rw_data_file:s0:c177,c256,c512,c768 tclass=file permissive=0 app=org.telegram.messenger
10-17 01:51:01.748 V/ActivityThread( 2218): Recovering failed rename /storage/emulated/0/Android/data/org.telegram.messenger/cache/000000000_999999_temp.f to /storage/emulated/0/Android/data/org.telegram.messenger/files/Telegram/Telegram Files/000000000_999999.f
10-17 01:51:01.746 W/pool-12-thread-( 2218): type=1400 audit(0.0:891): avc: denied { relabelfrom } for name="000000000_999999.f" dev="dm-33" ino=303623 scontext=u:r:untrusted_app:s0:c177,c256,c512,c768 tcontext=u:object_r:media_rw_data_file:s0:c177,c256,c512,c768 tclass=file permissive=0 app=org.telegram.messenger
10-17 01:51:01.750 V/ActivityThread( 2218): Recovering failed rename /storage/emulated/0/Android/data/org.telegram.messenger/cache/000000000_999999_temp.f to /storage/emulated/0/Android/data/org.telegram.messenger/files/Telegram/Telegram Stories/000000000_999999.f
--------- beginning of kernel
10-17 01:51:01.751 W/audit   ( 2299): audit_lost=293 audit_rate_limit=5 audit_backlog_limit=64
10-17 01:51:01.751 E/audit   ( 2299): rate limit exceeded
10-17 01:51:01.751 D/BtGatt.ScanManager(30635): uid 10116 isForeground true scanMode -1
10-17 01:51:01.752 D/ConnectivityService(  507): requestNetwork for uid/pid:10177/2218 activeRequest: null callbackRequest: 587 [NetworkRequest [ REQUEST id=588, [ Capabilities: INTERNET&NOT_RESTRICTED&TRUSTED&NOT_VCN_MANAGED Uid: 10177 RequestorUid: 10177 RequestorPkg: org.telegram.messenger UnderlyingNetworks: Null] ]] callback flags: 0 order: 2147483647
10-17 01:51:01.752 V/ActivityThread( 2218): Recovering failed rename /storage/emulated/0/Android/data/org.telegram.messenger/cache/000000000_999999_temp.f to /storage/emulated/0/Android/media/org.telegram.messenger/Telegram/Telegram Images/000000000_999999.f
10-17 01:51:01.753 D/WifiNetworkFactory(  507): got request NetworkRequest [ REQUEST id=588, [ Capabilities: INTERNET&NOT_RESTRICTED&TRUSTED&NOT_VCN_MANAGED Uid: 10177 RequestorUid: 10177 RequestorPkg: org.telegram.messenger UnderlyingNetworks: Null] ]
10-17 01:51:01.753 D/UntrustedWifiNetworkFactory(  507): got request NetworkRequest [ REQUEST id=588, [ Capabilities: INTERNET&NOT_RESTRICTED&TRUSTED&NOT_VCN_MANAGED Uid: 10177 RequestorUid: 10177 RequestorPkg: org.telegram.messenger UnderlyingNetworks: Null] ]
10-17 01:51:01.753 D/OemPaidWifiNetworkFactory(  507): got request NetworkRequest [ REQUEST id=588, [ Capabilities: INTERNET&NOT_RESTRICTED&TRUSTED&NOT_VCN_MANAGED Uid: 10177 RequestorUid: 10177 RequestorPkg: org.telegram.messenger UnderlyingNetworks: Null] ]
10-17 01:51:01.753 D/ConnectivityService(  507): NetReassign [588 : null → 101] [c 0] [a 0] [i 1]
10-17 01:51:01.753 D/MultiInternetWifiNetworkFactory(  507): got request NetworkRequest [ REQUEST id=588, [ Capabilities: INTERNET&NOT_RESTRICTED&TRUSTED&NOT_VCN_MANAGED Uid: 10177 RequestorUid: 10177 RequestorPkg: org.telegram.messenger UnderlyingNetworks: Null] ]
10-17 01:51:01.754 W/MediaProvider( 1590): isAppCloneUserPair for user 0: false
10-17 01:51:01.762 I/MediaProvider( 1590): Deleted 1 0 0 0 0 0 0 items on external_primary due to org.telegram.messenger
10-17 01:51:01.765 V/ActivityThread( 2218): Recovering failed rename /storage/emulated/0/Android/data/org.telegram.messenger/cache/000000000_999999_temp.f to /storage/emulated/0/Android/media/org.telegram.messenger/Telegram/Telegram Video/000000000_999999.f
10-17 01:51:01.766 W/MediaProvider( 1590): isAppCloneUserPair for user 0: false
10-17 01:51:01.770 I/NetworkScheduler.Stats( 1253): Task com.google.android.gms/com.google.android.gms.ipa.base.IpaGcmTaskService started execution. cause:9 exec_start_elapsed_seconds: 32537 [CONTEXT service_id=218 ]
10-17 01:51:01.773 I/MediaProvider( 1590): Deleted 1 0 0 0 0 0 0 items on external_primary due to org.telegram.messenger
10-17 01:51:01.776 I/NetworkScheduler.Stats( 1253): Task com.google.android.gms/com.google.android.gms.ipa.base.IpaGcmTaskService finished executing. cause:9 result: 1 elapsed_millis: 8 uptime_millis: 8 exec_start_elapsed_seconds: 32537 [CONTEXT service_id=218 ]
10-17 01:51:01.784 I/NetworkScheduler( 1253): ignoring stale queue check message
10-17 01:51:01.797 D/CompatibilityChangeReporter( 2218): Compat change id reported: 147600208; UID 10177; state: ENABLED
10-17 01:51:01.798 D/CompatibilityChangeReporter(  507): Compat change id reported: 157233955; UID 10177; state: ENABLED
10-17 01:51:01.798 W/BroadcastQueue(  507): Exported Denial: sending Intent { act=android.net.conn.CONNECTIVITY_CHANGE flg=0x4200010 (has extras) }, action: android.net.conn.CONNECTIVITY_CHANGE from null (uid=-1) due to receiver ProcessRecord{fbbc81e 2218:org.telegram.messenger/u0a177} (uid 10177) not specifying RECEIVER_EXPORTED
10-17 01:51:01.798 W/BroadcastQueue(  507): Exported Denial: sending Intent { act=android.net.conn.CONNECTIVITY_CHANGE flg=0x4200010 (has extras) }, action: android.net.conn.CONNECTIVITY_CHANGE from null (uid=-1) due to receiver ProcessRecord{fbbc81e 2218:org.telegram.messenger/u0a177} (uid 10177) not specifying RECEIVER_EXPORTED
10-17 01:51:01.799 W/BroadcastQueue(  507): Exported Denial: sending Intent { act=android.net.conn.CONNECTIVITY_CHANGE flg=0x4200010 (has extras) }, action: android.net.conn.CONNECTIVITY_CHANGE from null (uid=-1) due to receiver ProcessRecord{fbbc81e 2218:org.telegram.messenger/u0a177} (uid 10177) not specifying RECEIVER_EXPORTED
10-17 01:51:01.799 W/BroadcastQueue(  507): Exported Denial: sending Intent { act=android.net.conn.CONNECTIVITY_CHANGE flg=0x4200010 (has extras) }, action: android.net.conn.CONNECTIVITY_CHANGE from null (uid=-1) due to receiver ProcessRecord{fbbc81e 2218:org.telegram.messenger/u0a177} (uid 10177) not specifying RECEIVER_EXPORTED
10-17 01:51:01.815 W/egram.messenger( 2218): Accessing hidden field Lcom/android/internal/R$styleable;->View:[I (max-target-q, reflection, denied)
10-17 01:51:01.834 D/CompatibilityChangeReporter( 2218): Compat change id reported: 210923482; UID 10177; state: ENABLED
10-17 01:51:01.848 D/CompatibilityChangeReporter( 2218): Compat change id reported: 149924527; UID 10177; state: ENABLED
10-17 01:51:01.848 D/CompatibilityChangeReporter( 2218): Compat change id reported: 132649864; UID 10177; state: DISABLED
10-17 01:51:01.858 I/PIP_DEBUG( 2218): [Activity] onStart
10-17 01:51:01.860 I/PIP_DEBUG( 2218): [Activity] onResume
10-17 01:51:01.862 D/CompatibilityChangeReporter( 2218): Compat change id reported: 237531167; UID 10177; state: DISABLED
10-17 01:51:01.864 W/Parcel  ( 2218): Expecting binder but got null!
10-17 01:51:01.865 D/CoreBackPreview(  507): Window{66bfdbb u0 org.telegram.messenger/org.telegram.messenger.DefaultIcon}: Setting back callback OnBackInvokedCallbackInfo{mCallback=android.window.IOnBackInvokedCallback$Stub$Proxy@31fa631, mPriority=0}
10-17 01:51:01.882 D/HostConnection( 2218): HostComposition ext ANDROID_EMU_CHECKSUM_HELPER_v1 ANDROID_EMU_native_sync_v2 ANDROID_EMU_native_sync_v3 ANDROID_EMU_native_sync_v4 ANDROID_EMU_dma_v1 ANDROID_EMU_direct_mem ANDROID_EMU_host_composition_v1 ANDROID_EMU_host_composition_v2 ANDROID_EMU_vulkan ANDROID_EMU_deferred_vulkan_commands ANDROID_EMU_vulkan_null_optional_strings ANDROID_EMU_vulkan_create_resources_with_requirements ANDROID_EMU_YUV_Cache ANDROID_EMU_vulkan_ignored_handles ANDROID_EMU_has_shared_slots_host_memory_allocator ANDROID_EMU_vulkan_free_memory_sync ANDROID_EMU_vulkan_shader_float16_int8 ANDROID_EMU_vulkan_async_queue_submit ANDROID_EMU_vulkan_queue_submit_with_commands ANDROID_EMU_sync_buffer_data ANDROID_EMU_vulkan_async_qsri ANDROID_EMU_read_color_buffer_dma ANDROID_EMU_hwc_multi_configs ANDROID_EMU_hwc_color_transform GL_OES_EGL_image_external_essl3 GL_OES_vertex_array_object ANDROID_EMU_host_side_tracing ANDROID_EMU_gles_max_version_3_0 
10-17 01:51:01.883 W/OpenGLRenderer( 2218): Failed to choose config with EGL_SWAP_BEHAVIOR_PRESERVED, retrying without...
10-17 01:51:01.883 W/OpenGLRenderer( 2218): Failed to initialize 101010-2 format, error = EGL_SUCCESS
10-17 01:51:01.884 D/EGL_emulation( 2218): eglCreateContext: 0xb40000719c2c8390: maj 3 min 0 rcv 3
10-17 01:51:01.885 D/EGL_emulation( 2218): eglMakeCurrent: 0xb40000719c2c8390: ver 3 0 (tinfo 0x73b8dac080) (first time)
10-17 01:51:01.890 I/hwservicemanager(  150): getTransport: Cannot find entry android.hardware.graphics.mapper@4.0::IMapper/default in either framework or device VINTF manifest.
10-17 01:51:01.890 I/Gralloc4( 2218): mapper 4.x is not supported
10-17 01:51:01.892 I/hwservicemanager(  150): getTransport: Cannot find entry android.hardware.graphics.allocator@4.0::IAllocator/default in either framework or device VINTF manifest.
10-17 01:51:01.893 I/servicemanager(  149): Could not find android.hardware.graphics.allocator.IAllocator/default in the VINTF manifest.
10-17 01:51:01.893 W/Gralloc4( 2218): allocator 4.x is not supported
10-17 01:51:01.896 D/HostConnection( 2218): HostComposition ext ANDROID_EMU_CHECKSUM_HELPER_v1 ANDROID_EMU_native_sync_v2 ANDROID_EMU_native_sync_v3 ANDROID_EMU_native_sync_v4 ANDROID_EMU_dma_v1 ANDROID_EMU_direct_mem ANDROID_EMU_host_composition_v1 ANDROID_EMU_host_composition_v2 ANDROID_EMU_vulkan ANDROID_EMU_deferred_vulkan_commands ANDROID_EMU_vulkan_null_optional_strings ANDROID_EMU_vulkan_create_resources_with_requirements ANDROID_EMU_YUV_Cache ANDROID_EMU_vulkan_ignored_handles ANDROID_EMU_has_shared_slots_host_memory_allocator ANDROID_EMU_vulkan_free_memory_sync ANDROID_EMU_vulkan_shader_float16_int8 ANDROID_EMU_vulkan_async_queue_submit ANDROID_EMU_vulkan_queue_submit_with_commands ANDROID_EMU_sync_buffer_data ANDROID_EMU_vulkan_async_qsri ANDROID_EMU_read_color_buffer_dma ANDROID_EMU_hwc_multi_configs ANDROID_EMU_hwc_color_transform GL_OES_EGL_image_external_essl3 GL_OES_vertex_array_object ANDROID_EMU_host_side_tracing ANDROID_EMU_gles_max_version_3_0 
10-17 01:51:01.896 E/OpenGLRenderer( 2218): Unable to match the desired swap behavior.
10-17 01:51:01.918 I/ActivityTaskManager(  507): Displayed org.telegram.messenger/.DefaultIcon: +317ms
10-17 01:51:01.942 D/EGL_emulation(  709): app_time_stats: avg=1407.29ms min=907.82ms max=1906.76ms count=2
10-17 01:51:01.983 D/CompatibilityChangeReporter(  507): Compat change id reported: 214016041; UID 10177; state: ENABLED
10-17 01:51:01.988 I/GoogleInputMethodService( 1511): GoogleInputMethodService.onFinishInput():3227 
10-17 01:51:01.989 I/GoogleInputMethodService( 1511): GoogleInputMethodService.updateDeviceLockedStatus():2087 repeatCheckTimes = 0, unlocked = true
10-17 01:51:01.989 I/GoogleInputMethodService( 1511): GoogleInputMethodService.onStartInput():1877 onStartInput(EditorInfo{inputType=0x0(NULL) imeOptions=0x0 privateImeOptions=null actionName=UNSPECIFIED actionLabel=null actionId=0 initialSelStart=-1 initialSelEnd=-1 initialCapsMode=0x0 hintText=null label=null packageName=org.telegram.messenger fieldId=-1 fieldName=null extras=null}, false)
10-17 01:51:01.989 I/GoogleInputMethodService( 1511): GoogleInputMethodService.shouldHideHeaderOnInitialState():4008 ShouldHideHeaderOnInitialState = false
10-17 01:51:01.990 I/GoogleInputMethodService( 1511): GoogleInputMethodService.updateDeviceLockedStatus():2087 repeatCheckTimes = 2, unlocked = true
10-17 01:51:02.033 E/BLASTBufferQueue(  709): [VRI[messenger]#242](f:0,a:1) Applying pending transactions on dtor 1
10-17 01:51:02.035 D/CoreBackPreview(  507): Window{464ad15 u0 Splash Screen org.telegram.messenger EXITING}: Setting back callback null
10-17 01:51:02.035 D/SplashScreenView(  709): Shell removed splash screen. Releasing SurfaceControlViewHost on thread #31
10-17 01:51:02.036 W/WindowManager(  507): Failed looking up window session=Session{3cbc92c 709:u0a10157} callers=com.android.server.wm.WindowManagerService.windowForClientLocked:6050 com.android.server.wm.WindowManagerService.removeWindow:2076 com.android.server.wm.Session.remove:230 
10-17 01:51:02.036 W/InputManager-JNI(  507): Input channel object 'Embedded{} (client)' was disposed without first being removed with the input manager!
10-17 01:51:02.043 W/InputManager-JNI(  507): Input channel object '464ad15 Splash Screen org.telegram.messenger (client)' was disposed without first being removed with the input manager!
10-17 01:51:02.053 W/TransactionTracing(  337): Could not find layer handle 0xb40000720f226e70
10-17 01:51:02.053 W/TransactionTracing(  337): Could not find layer handle 0xb40000720f2290f0
10-17 01:51:02.053 W/TransactionTracing(  337): Could not find layer handle 0xb40000720f22c9f0
10-17 01:51:02.053 W/TransactionTracing(  337): Could not find layer handle 0xb40000720f22b310
10-17 01:51:02.053 W/TransactionTracing(  337): Could not find layer handle 0xb40000720f22c9f0
10-17 01:51:02.053 W/TransactionTracing(  337): Could not find layer handle 0xb40000720f22b310
10-17 01:51:02.053 W/TransactionTracing(  337): Could not find layer handle 0xb40000720f227d70
10-17 01:51:02.053 D/BoundBrokerSvc( 6467): onUnbind: Intent { act=com.google.android.gms.feedback.internal.IFeedbackService dat=chimera-action:/... cmp=com.google.android.gms/.chimera.GmsBoundBrokerService }
10-17 01:51:02.056 W/TransactionTracing(  337): Could not find layer handle 0xb40000720f227ad0
10-17 01:51:02.056 W/TransactionTracing(  337): Could not find layer handle 0xb40000720f22aa10
10-17 01:51:02.056 W/TransactionTracing(  337): Could not find layer handle 0xb40000720f22ad10
10-17 01:51:02.056 W/TransactionTracing(  337): Could not find layer handle 0xb40000720f2271d0
10-17 01:51:02.057 D/OneSearchSuggestProvider( 1064): Shut down the binder channel
10-17 01:51:02.059 I/s.nexuslauncher( 1064): oneway function results for code 2 on binder at 0xb40000712c34ff20 will be dropped but finished with status UNKNOWN_TRANSACTION
10-17 01:51:02.068 D/BoundBrokerSvc( 1253): onUnbind: Intent { act=com.google.android.gms.icing.LIGHTWEIGHT_INDEX_SERVICE dat=chimera-action:/... cmp=com.google.android.gms/.chimera.PersistentApiService }
10-17 01:51:02.068 D/BoundBrokerSvc( 1253): onUnbind: Intent { act=com.google.android.gms.mdns.service.START dat=chimera-action:/... cmp=com.google.android.gms/.chimera.PersistentApiService }
10-17 01:51:02.077 I/egram.messenger( 2218): Compiler allocated 6665KB to compile void org.telegram.ui.Cells.DialogCell.onDraw(android.graphics.Canvas)
10-17 01:51:02.087 W/NotificationHistory(  507): Attempted to remove conversation for locked/gone/disabled user 0
10-17 01:51:02.113 I/egram.messenger( 2218): JIT allocated 62KB for compiled code of void org.telegram.ui.Cells.DialogCell.buildLayout()
10-17 01:51:02.113 I/egram.messenger( 2218): Compiler allocated 9392KB to compile void org.telegram.ui.Cells.DialogCell.buildLayout()
10-17 01:51:02.365 I/FontLog ( 1253): Received query Noto Color Emoji Compat, URI content://com.google.android.gms.fonts [CONTEXT service_id=132 ]
10-17 01:51:02.365 I/FontLog ( 1253): Query [emojicompat-emoji-font] resolved to {Noto Color Emoji Compat, wdth 100.0, wght 400, ital 0.0, bestEffort false} [CONTEXT service_id=132 ]
10-17 01:51:02.366 I/FontLog ( 1253): Fetch {Noto Color Emoji Compat, wdth 100.0, wght 400, ital 0.0, bestEffort false} end status Status{statusCode=SUCCESS, resolution=null} [CONTEXT service_id=132 ]
10-17 01:51:02.369 I/FontLog ( 1253): Pulling font file for id = 135, cache size = 9 [CONTEXT service_id=132 ]
10-17 01:51:02.371 I/FontLog ( 1253): Pulling font file for id = 135, cache size = 9 [CONTEXT service_id=132 ]
10-17 01:51:02.798 E/HMSSDK_HMSPackageManager( 2218): resolveInfoList is null or empty
10-17 01:51:02.798 E/HMSSDK_HMSPackageManager( 2218): PackagePriorityInfo list is null
10-17 01:51:02.800 E/HMSSDK_HMSPackageManager( 2218): <initHmsPackageInfoForMultiService> Failed to find HMS apk
10-17 01:51:02.801 I/HMSSDK_HMSPackageManager( 2218): Enter getHMSPackageNameForMultiService
10-17 01:51:02.801 I/HMSSDK_HMSPackageManager( 2218): enter asyncOnceCheckMDMState
10-17 01:51:02.802 I/HMSSDK_HMSPackageManager( 2218): quit asyncOnceCheckMDMState
10-17 01:51:02.802 E/HMSSDK_HMSPackageManager( 2218): resolveInfoList is null or empty
10-17 01:51:02.803 E/HMSSDK_HMSPackageManager( 2218): PackagePriorityInfo list is null
10-17 01:51:02.805 E/HMSSDK_HMSPackageManager( 2218): <initHmsPackageInfoForMultiService> Failed to find HMS apk
10-17 01:51:02.807 I/HMSSDK_HianalyticsExist( 2218): In isHianalyticsExist, Failed to find class HiAnalyticsConfig.
10-17 01:51:02.807 I/HMSSDK_HianalyticsExist( 2218): hianalytics exist: false
10-17 01:51:02.808 I/HMSSDK_HMSBIInitializer( 2218): Builder->biInitFlag :false
10-17 01:51:02.810 I/HMSSDK_AnalyticsSwitchHolder( 2218): Builder->biSetting :true
10-17 01:51:03.186 W/BroadcastQueue(  507): Exported Denial: sending Intent { act=android.net.conn.CONNECTIVITY_CHANGE flg=0x4200010 (has extras) }, action: android.net.conn.CONNECTIVITY_CHANGE from null (uid=-1) due to receiver ProcessRecord{fbbc81e 2218:org.telegram.messenger/u0a177} (uid 10177) not specifying RECEIVER_EXPORTED
10-17 01:51:03.728 I/logd    (  158): logdr: UID=0 GID=0 PID=2373 b tail=0 logMask=99 pid=0 start=0ns deadline=0ns
10-17 01:51:04.013 D/EGL_emulation( 2218): app_time_stats: avg=159.85ms min=2.41ms max=1670.28ms count=13
10-17 01:51:05.953 D/AndroidRuntime( 2397): >>>>>> START com.android.internal.os.RuntimeInit uid 0 <<<<<<
10-17 01:51:05.956 I/AndroidRuntime( 2397): Using default boot image
10-17 01:51:05.956 I/AndroidRuntime( 2397): Leaving lock profiling enabled
10-17 01:51:05.957 I/app_process( 2397): Core platform API reporting enabled, enforcing=false
10-17 01:51:05.957 I/app_process( 2397): Using CollectorTypeCC GC.
10-17 01:51:05.994 D/app_process( 2397): Time zone APEX ICU file found: /apex/com.android.tzdata/etc/icu/icu_tzdata.dat
10-17 01:51:05.994 D/app_process( 2397): I18n APEX ICU file found: /apex/com.android.i18n/etc/icu/icudt70l.dat
10-17 01:51:06.009 D/AndroidRuntime( 2397): Calling main entry com.android.commands.monkey.Monkey
10-17 01:51:06.010 W/Monkey  ( 2397): args: [-p, org.telegram.messenger, --throttle, 50, --pct-syskeys, 0, --pct-nav, 10, --pct-touch, 70, -v, 800]
10-17 01:51:06.010 W/Monkey  ( 2397):  arg: "-p"
10-17 01:51:06.010 W/Monkey  ( 2397):  arg: "org.telegram.messenger"
10-17 01:51:06.010 W/Monkey  ( 2397):  arg: "--throttle"
10-17 01:51:06.010 W/Monkey  ( 2397):  arg: "50"
10-17 01:51:06.010 W/Monkey  ( 2397):  arg: "--pct-syskeys"
10-17 01:51:06.010 W/Monkey  ( 2397):  arg: "0"
10-17 01:51:06.010 W/Monkey  ( 2397):  arg: "--pct-nav"
10-17 01:51:06.010 W/Monkey  ( 2397):  arg: "10"
10-17 01:51:06.010 W/Monkey  ( 2397):  arg: "--pct-touch"
10-17 01:51:06.010 W/Monkey  ( 2397):  arg: "70"
10-17 01:51:06.010 W/Monkey  ( 2397):  arg: "-v"
10-17 01:51:06.010 W/Monkey  ( 2397):  arg: "800"
10-17 01:51:06.010 W/Monkey  ( 2397): data="org.telegram.messenger"
10-17 01:51:06.010 W/Monkey  ( 2397): arg="--throttle" mCurArgData="null" mNextArg=3 argwas="--throttle" nextarg="50"
10-17 01:51:06.010 W/Monkey  ( 2397): data="50"
10-17 01:51:06.010 W/Monkey  ( 2397): arg="--pct-syskeys" mCurArgData="null" mNextArg=5 argwas="--pct-syskeys" nextarg="0"
10-17 01:51:06.010 W/Monkey  ( 2397): data="0"
10-17 01:51:06.010 W/Monkey  ( 2397): arg="--pct-nav" mCurArgData="null" mNextArg=7 argwas="--pct-nav" nextarg="10"
10-17 01:51:06.010 W/Monkey  ( 2397): data="10"
10-17 01:51:06.010 W/Monkey  ( 2397): arg="--pct-touch" mCurArgData="null" mNextArg=9 argwas="--pct-touch" nextarg="70"
10-17 01:51:06.010 W/Monkey  ( 2397): data="70"
10-17 01:51:06.013 I/Monkey  ( 2397): :Monkey: seed=1760784733294 count=800
10-17 01:51:06.013 I/Monkey  ( 2397): :AllowPackage: org.telegram.messenger
10-17 01:51:06.013 I/Monkey  ( 2397): :IncludeCategory: android.intent.category.LAUNCHER
10-17 01:51:06.013 I/Monkey  ( 2397): :IncludeCategory: android.intent.category.MONKEY
10-17 01:51:06.016 W/BroadcastQueue(  507): Skipping deliver [background] BroadcastRecord{80dd62d u-1 android.net.conn.CONNECTIVITY_CHANGE} to ReceiverList{8f41762 2397 (unknown name)/0/u-1 remote:4905657}: process gone or crashing
10-17 01:51:06.019 I/Monkey  ( 2397): // Event percentages:
10-17 01:51:06.019 I/Monkey  ( 2397): //   0: 70.0%
10-17 01:51:06.019 I/Monkey  ( 2397): //   1: 3.448276%
10-17 01:51:06.019 I/Monkey  ( 2397): //   2: 0.6896552%
10-17 01:51:06.019 I/Monkey  ( 2397): //   3: 5.172414%
10-17 01:51:06.019 I/Monkey  ( 2397): //   4: -0.0%
10-17 01:51:06.019 I/Monkey  ( 2397): //   5: -0.0%
10-17 01:51:06.019 I/Monkey  ( 2397): //   6: 10.0%
10-17 01:51:06.019 I/Monkey  ( 2397): //   7: 5.172414%
10-17 01:51:06.019 I/Monkey  ( 2397): //   8: -0.0%
10-17 01:51:06.019 I/Monkey  ( 2397): //   9: 0.6896552%
10-17 01:51:06.019 I/Monkey  ( 2397): //   10: 0.3448276%
10-17 01:51:06.019 I/Monkey  ( 2397): //   11: 4.4827585%
10-17 01:51:06.020 I/Monkey  ( 2397): :Switch: #Intent;action=android.intent.action.MAIN;category=android.intent.category.LAUNCHER;launchFlags=0x10200000;component=org.telegram.messenger/.DefaultIcon;end
10-17 01:51:06.021 I/ActivityTaskManager(  507): START u0 {act=android.intent.action.MAIN cat=[android.intent.category.LAUNCHER] flg=0x10200000 cmp=org.telegram.messenger/.DefaultIcon} from uid 0
10-17 01:51:06.021 I/Monkey  ( 2397):     // Allowing start of Intent { act=android.intent.action.MAIN cat=[android.intent.category.LAUNCHER] cmp=org.telegram.messenger/.DefaultIcon } in package org.telegram.messenger
10-17 01:51:06.022 D/CompatibilityChangeReporter(  507): Compat change id reported: 265464455; UID 10177; state: DISABLED
10-17 01:51:06.022 D/CompatibilityChangeReporter(  507): Compat change id reported: 265452344; UID 10177; state: DISABLED
10-17 01:51:06.022 D/CompatibilityChangeReporter(  507): Compat change id reported: 266124927; UID 10177; state: DISABLED
10-17 01:51:06.022 D/CompatibilityChangeReporter(  507): Compat change id reported: 265451093; UID 10177; state: DISABLED
10-17 01:51:06.022 D/CompatibilityChangeReporter(  507): Compat change id reported: 265456536; UID 10177; state: DISABLED
10-17 01:51:06.022 D/CompatibilityChangeReporter(  507): Compat change id reported: 255940284; UID 10177; state: DISABLED
10-17 01:51:06.022 D/CompatibilityChangeReporter(  507): Compat change id reported: 236283604; UID 10177; state: DISABLED
10-17 01:51:06.022 D/CompatibilityChangeReporter(  507): Compat change id reported: 263959004; UID 10177; state: DISABLED
10-17 01:51:06.022 D/CompatibilityChangeReporter(  507): Compat change id reported: 264304459; UID 10177; state: DISABLED
10-17 01:51:06.022 D/CompatibilityChangeReporter(  507): Compat change id reported: 264301586; UID 10177; state: DISABLED
10-17 01:51:06.022 D/CompatibilityChangeReporter(  507): Compat change id reported: 254631730; UID 10177; state: DISABLED
10-17 01:51:06.022 D/CompatibilityChangeReporter(  507): Compat change id reported: 273509367; UID 10177; state: DISABLED
10-17 01:51:06.022 D/CompatibilityChangeReporter(  507): Compat change id reported: 263259275; UID 10177; state: DISABLED
10-17 01:51:06.022 D/CompatibilityChangeReporter(  507): Compat change id reported: 194480991; UID 10177; state: ENABLED
10-17 01:51:06.022 D/CompatibilityChangeReporter(  507): Compat change id reported: 174042980; UID 10177; state: DISABLED
10-17 01:51:06.023 I/PIP_DEBUG( 2218): [Activity] onPause
10-17 01:51:06.024 D/CompatibilityChangeReporter(  507): Compat change id reported: 194833441; UID 10177; state: ENABLED
10-17 01:51:06.026 I/PIP_DEBUG( 2218): [Activity] onResume
10-17 01:51:06.048 D/EGL_emulation( 2218): app_time_stats: avg=112.98ms min=13.42ms max=1713.80ms count=18
10-17 01:51:06.076 I/Monkey  ( 2397): :Sending Touch (ACTION_DOWN): 0:(872.0,1224.0)
10-17 01:51:06.077 I/Monkey  ( 2397): :Sending Touch (ACTION_UP): 0:(877.1099,1216.0342)
10-17 01:51:06.077 D/TaplEvents( 1064): TIS / TouchInteractionService.onInputEvent: MotionEvent { action=ACTION_DOWN, actionButton=0, id[0]=0, x[0]=872.0, y[0]=1224.0, toolType[0]=TOOL_TYPE_UNKNOWN, buttonState=0, classification=NONE, metaState=0, flags=0x0, edgeFlags=0x0, pointerCount=1, historySize=0, eventTime=32542140, downTime=32542140, deviceId=-1, source=0x1002, displayId=0, eventId=-644876588 }
10-17 01:51:06.077 D/TaplEvents( 1064): TIS / TouchInteractionService.onInputEvent: MotionEvent { action=ACTION_UP, actionButton=0, id[0]=0, x[0]=877.1099, y[0]=1216.0342, toolType[0]=TOOL_TYPE_UNKNOWN, buttonState=0, classification=NONE, metaState=0, flags=0x0, edgeFlags=0x0, pointerCount=1, historySize=0, eventTime=32542141, downTime=32542140, deviceId=-1, source=0x1002, displayId=0, eventId=-6653243 }
10-17 01:51:06.086 W/egram.messenger( 2218): Accessing hidden field Landroid/widget/PopupWindow;->mOnScrollChangedListener:Landroid/view/ViewTreeObserver$OnScrollChangedListener; (max-target-p, reflection, denied)
10-17 01:51:06.086 D/CompatibilityChangeReporter( 2218): Compat change id reported: 171228096; UID 10177; state: ENABLED
10-17 01:51:06.101 W/egram.messenger( 2218): Accessing hidden field Landroid/view/View;->mScrollY:I (max-target-p, reflection, denied)
10-17 01:51:06.101 W/egram.messenger( 2218): Accessing hidden field Landroid/widget/Editor;->mShowCursor:J (max-target-p, reflection, denied)
10-17 01:51:06.125 D/AudioAnalytics(  403): gc(1700, 2000): log size:1700 item map size:65, item map items:1700
10-17 01:51:06.128 I/Monkey  ( 2397): :Sending Touch (ACTION_DOWN): 0:(589.0,257.0)
10-17 01:51:06.133 D/TaplEvents( 1064): TIS / TouchInteractionService.onInputEvent: MotionEvent { action=ACTION_DOWN, actionButton=0, id[0]=0, x[0]=589.0, y[0]=257.0, toolType[0]=TOOL_TYPE_UNKNOWN, buttonState=0, classification=NONE, metaState=0, flags=0x0, edgeFlags=0x0, pointerCount=1, historySize=0, eventTime=32542192, downTime=32542192, deviceId=-1, source=0x1002, displayId=0, eventId=-1068385798 }
10-17 01:51:06.133 I/Monkey  ( 2397): :Sending Touch (ACTION_UP): 0:(582.5805,257.34607)
10-17 01:51:06.134 D/TaplEvents( 1064): TIS / TouchInteractionService.onInputEvent: MotionEvent { action=ACTION_UP, actionButton=0, id[0]=0, x[0]=582.5805, y[0]=257.34607, toolType[0]=TOOL_TYPE_UNKNOWN, buttonState=0, classification=NONE, metaState=0, flags=0x0, edgeFlags=0x0, pointerCount=1, historySize=0, eventTime=32542197, downTime=32542192, deviceId=-1, source=0x1002, displayId=0, eventId=-725364407 }
10-17 01:51:06.186 I/Monkey  ( 2397): :Sending Touch (ACTION_DOWN): 0:(504.0,1709.0)
10-17 01:51:06.187 D/TaplEvents( 1064): TIS / TouchInteractionService.onInputEvent: MotionEvent { action=ACTION_DOWN, actionButton=0, id[0]=0, x[0]=504.0, y[0]=1709.0, toolType[0]=TOOL_TYPE_UNKNOWN, buttonState=0, classification=NONE, metaState=0, flags=0x0, edgeFlags=0x0, pointerCount=1, historySize=0, eventTime=32542250, downTime=32542250, deviceId=-1, source=0x1002, displayId=0, eventId=-881307929 }
10-17 01:51:06.187 I/Monkey  ( 2397): :Sending Touch (ACTION_UP): 0:(512.31366,1714.7842)
10-17 01:51:06.187 D/TaplEvents( 1064): TIS / TouchInteractionService.onInputEvent: MotionEvent { action=ACTION_UP, actionButton=0, id[0]=0, x[0]=512.31366, y[0]=1714.7842, toolType[0]=TOOL_TYPE_UNKNOWN, buttonState=0, classification=NONE, metaState=0, flags=0x0, edgeFlags=0x0, pointerCount=1, historySize=0, eventTime=32542251, downTime=32542250, deviceId=-1, source=0x1002, displayId=0, eventId=-250316583 }
10-17 01:51:06.238 I/Monkey  ( 2397): :Sending Touch (ACTION_DOWN): 0:(266.0,320.0)
10-17 01:51:06.239 D/TaplEvents( 1064): TIS / TouchInteractionService.onInputEvent: MotionEvent { action=ACTION_DOWN, actionButton=0, id[0]=0, x[0]=266.0, y[0]=320.0, toolType[0]=TOOL_TYPE_UNKNOWN, buttonState=0, classification=NONE, metaState=0, flags=0x0, edgeFlags=0x0, pointerCount=1, historySize=0, eventTime=32542302, downTime=32542302, deviceId=-1, source=0x1002, displayId=0, eventId=-1011439878 }
10-17 01:51:06.241 I/Monkey  ( 2397): :Sending Touch (ACTION_UP): 0:(263.09286,321.11395)
10-17 01:51:06.241 D/TaplEvents( 1064): TIS / TouchInteractionService.onInputEvent: MotionEvent { action=ACTION_UP, actionButton=0, id[0]=0, x[0]=263.09286, y[0]=321.11395, toolType[0]=TOOL_TYPE_UNKNOWN, buttonState=0, classification=NONE, metaState=0, flags=0x0, edgeFlags=0x0, pointerCount=1, historySize=0, eventTime=32542303, downTime=32542302, deviceId=-1, source=0x1002, displayId=0, eventId=-18095109 }
10-17 01:51:06.291 I/Monkey  ( 2397): :Sending Touch (ACTION_DOWN): 0:(356.0,1403.0)
10-17 01:51:06.292 D/TaplEvents( 1064): TIS / TouchInteractionService.onInputEvent: MotionEvent { action=ACTION_DOWN, actionButton=0, id[0]=0, x[0]=356.0, y[0]=1403.0, toolType[0]=TOOL_TYPE_UNKNOWN, buttonState=0, classification=NONE, metaState=0, flags=0x0, edgeFlags=0x0, pointerCount=1, historySize=0, eventTime=32542355, downTime=32542355, deviceId=-1, source=0x1002, displayId=0, eventId=-127230661 }
10-17 01:51:06.292 I/Monkey  ( 2397): :Sending Touch (ACTION_UP): 0:(362.11395,1400.1697)
10-17 01:51:06.293 D/TaplEvents( 1064): TIS / TouchInteractionService.onInputEvent: MotionEvent { action=ACTION_UP, actionButton=0, id[0]=0, x[0]=362.11395, y[0]=1400.1697, toolType[0]=TOOL_TYPE_UNKNOWN, buttonState=0, classification=NONE, metaState=0, flags=0x0, edgeFlags=0x0, pointerCount=1, historySize=0, eventTime=32542356, downTime=32542355, deviceId=-1, source=0x1002, displayId=0, eventId=-590983663 }
10-17 01:51:06.344 I/Monkey  ( 2397): :Sending Touch (ACTION_DOWN): 0:(564.0,2.0)
10-17 01:51:06.344 D/TaplEvents( 1064): TIS / TouchInteractionService.onInputEvent: MotionEvent { action=ACTION_DOWN, actionButton=0, id[0]=0, x[0]=564.0, y[0]=2.0, toolType[0]=TOOL_TYPE_UNKNOWN, buttonState=0, classification=NONE, metaState=0, flags=0x0, edgeFlags=0x0, pointerCount=1, historySize=0, eventTime=32542408, downTime=32542408, deviceId=-1, source=0x1002, displayId=0, eventId=-478007556 }
10-17 01:51:06.345 I/Monkey  ( 2397): :Sending Touch (ACTION_UP): 0:(563.4393,0.0)
10-17 01:51:06.345 D/TaplEvents( 1064): TIS / TouchInteractionService.onInputEvent: MotionEvent { action=ACTION_UP, actionButton=0, id[0]=0, x[0]=563.4393, y[0]=0.0, toolType[0]=TOOL_TYPE_UNKNOWN, buttonState=0, classification=NONE, metaState=0, flags=0x0, edgeFlags=0x0, pointerCount=1, historySize=0, eventTime=32542409, downTime=32542408, deviceId=-1, source=0x1002, displayId=0, eventId=-828970568 }
10-17 01:51:06.396 I/Monkey  ( 2397): :Sending Touch (ACTION_DOWN): 0:(141.0,1065.0)
10-17 01:51:06.397 I/Monkey  ( 2397): :Sending Touch (ACTION_UP): 0:(131.11548,1068.3062)
10-17 01:51:06.397 D/TaplEvents( 1064): TIS / TouchInteractionService.onInputEvent: MotionEvent { action=ACTION_DOWN, actionButton=0, id[0]=0, x[0]=141.0, y[0]=1065.0, toolType[0]=TOOL_TYPE_UNKNOWN, buttonState=0, classification=NONE, metaState=0, flags=0x0, edgeFlags=0x0, pointerCount=1, historySize=0, eventTime=32542460, downTime=32542460, deviceId=-1, source=0x1002, displayId=0, eventId=-7242855 }
10-17 01:51:06.397 D/TaplEvents( 1064): TIS / TouchInteractionService.onInputEvent: MotionEvent { action=ACTION_UP, actionButton=0, id[0]=0, x[0]=131.11548, y[0]=1068.3062, toolType[0]=TOOL_TYPE_UNKNOWN, buttonState=0, classification=NONE, metaState=0, flags=0x0, edgeFlags=0x0, pointerCount=1, historySize=0, eventTime=32542461, downTime=32542460, deviceId=-1, source=0x1002, displayId=0, eventId=-141711525 }
10-17 01:51:06.450 D/InputDispatcher(  507): Touch mode switch rejected, caller (pid=0, uid=10177) doesn't own the focused window nor none of the previously interacted window
10-17 01:51:06.457 I/GoogleInputMethodService( 1511): GoogleInputMethodService.onFinishInput():3227 
10-17 01:51:06.458 I/GoogleInputMethodService( 1511): GoogleInputMethodService.updateDeviceLockedStatus():2087 repeatCheckTimes = 0, unlocked = true
10-17 01:51:06.458 I/GoogleInputMethodService( 1511): GoogleInputMethodService.onStartInput():1877 onStartInput(EditorInfo{inputType=0x0(NULL) imeOptions=0x0 privateImeOptions=null actionName=UNSPECIFIED actionLabel=null actionId=0 initialSelStart=-1 initialSelEnd=-1 initialCapsMode=0x0 hintText=null label=null packageName=org.telegram.messenger fieldId=-1 fieldName=null extras=null}, false)
10-17 01:51:06.458 I/GoogleInputMethodService( 1511): GoogleInputMethodService.shouldHideHeaderOnInitialState():4008 ShouldHideHeaderOnInitialState = false
10-17 01:51:06.459 I/GoogleInputMethodService( 1511): GoogleInputMethodService.updateDeviceLockedStatus():2087 repeatCheckTimes = 2, unlocked = true
10-17 01:51:06.502 I/Monkey  ( 2397): :Sending Touch (ACTION_DOWN): 0:(925.0,1215.0)
10-17 01:51:06.502 D/TaplEvents( 1064): TIS / TouchInteractionService.onInputEvent: MotionEvent { action=ACTION_DOWN, actionButton=0, id[0]=0, x[0]=925.0, y[0]=1215.0, toolType[0]=TOOL_TYPE_UNKNOWN, buttonState=0, classification=NONE, metaState=0, flags=0x0, edgeFlags=0x0, pointerCount=1, historySize=0, eventTime=32542565, downTime=32542565, deviceId=-1, source=0x1002, displayId=0, eventId=-259365143 }
10-17 01:51:06.503 I/Monkey  ( 2397): :Sending Touch (ACTION_UP): 0:(924.35834,1217.74)
10-17 01:51:06.503 D/TaplEvents( 1064): TIS / TouchInteractionService.onInputEvent: MotionEvent { action=ACTION_UP, actionButton=0, id[0]=0, x[0]=924.35834, y[0]=1217.74, toolType[0]=TOOL_TYPE_UNKNOWN, buttonState=0, classification=NONE, metaState=0, flags=0x0, edgeFlags=0x0, pointerCount=1, historySize=0, eventTime=32542567, downTime=32542565, deviceId=-1, source=0x1002, displayId=0, eventId=-704208027 }
10-17 01:51:06.554 I/Monkey  ( 2397): :Sending Touch (ACTION_DOWN): 0:(592.0,1519.0)
10-17 01:51:06.554 D/TaplEvents( 1064): TIS / TouchInteractionService.onInputEvent: MotionEvent { action=ACTION_DOWN, actionButton=0, id[0]=0, x[0]=592.0, y[0]=1519.0, toolType[0]=TOOL_TYPE_UNKNOWN, buttonState=0, classification=NONE, metaState=0, flags=0x0, edgeFlags=0x0, pointerCount=1, historySize=0, eventTime=32542618, downTime=32542618, deviceId=-1, source=0x1002, displayId=0, eventId=-830430706 }
10-17 01:51:06.555 I/Monkey  ( 2397): :Sending Touch (ACTION_UP): 0:(592.45233,1517.8334)
10-17 01:51:06.556 D/TaplEvents( 1064): TIS / TouchInteractionService.onInputEvent: MotionEvent { action=ACTION_UP, actionButton=0, id[0]=0, x[0]=592.45233, y[0]=1517.8334, toolType[0]=TOOL_TYPE_UNKNOWN, buttonState=0, classification=NONE, metaState=0, flags=0x0, edgeFlags=0x0, pointerCount=1, historySize=0, eventTime=32542619, downTime=32542618, deviceId=-1, source=0x1002, displayId=0, eventId=-251274840 }
10-17 01:51:06.610 D/InputDispatcher(  507): Touch mode switch rejected, caller (pid=0, uid=10177) doesn't own the focused window nor none of the previously interacted window
10-17 01:51:06.661 I/Monkey  ( 2397): :Sending Touch (ACTION_DOWN): 0:(186.0,667.0)
10-17 01:51:06.665 D/TaplEvents( 1064): TIS / TouchInteractionService.onInputEvent: MotionEvent { action=ACTION_DOWN, actionButton=0, id[0]=0, x[0]=186.0, y[0]=667.0, toolType[0]=TOOL_TYPE_UNKNOWN, buttonState=0, classification=NONE, metaState=0, flags=0x0, edgeFlags=0x0, pointerCount=1, historySize=0, eventTime=32542725, downTime=32542725, deviceId=-1, source=0x1002, displayId=0, eventId=-199319208 }
10-17 01:51:06.665 I/Monkey  ( 2397): :Sending Touch (ACTION_UP): 0:(181.02701,665.08215)
10-17 01:51:06.670 D/TaplEvents( 1064): TIS / TouchInteractionService.onInputEvent: MotionEvent { action=ACTION_UP, actionButton=0, id[0]=0, x[0]=181.02701, y[0]=665.08215, toolType[0]=TOOL_TYPE_UNKNOWN, buttonState=0, classification=NONE, metaState=0, flags=0x0, edgeFlags=0x0, pointerCount=1, historySize=0, eventTime=32542729, downTime=32542725, deviceId=-1, source=0x1002, displayId=0, eventId=-6342954 }
10-17 01:51:06.721 I/Monkey  ( 2397): :Sending Touch (ACTION_DOWN): 0:(723.0,995.0)
10-17 01:51:06.721 I/Monkey  ( 2397): :Sending Touch (ACTION_UP): 0:(728.1609,991.5506)
10-17 01:51:06.721 D/TaplEvents( 1064): TIS / TouchInteractionService.onInputEvent: MotionEvent { action=ACTION_DOWN, actionButton=0, id[0]=0, x[0]=723.0, y[0]=995.0, toolType[0]=TOOL_TYPE_UNKNOWN, buttonState=0, classification=NONE, metaState=0, flags=0x0, edgeFlags=0x0, pointerCount=1, historySize=0, eventTime=32542784, downTime=32542784, deviceId=-1, source=0x1002, displayId=0, eventId=-828064838 }
10-17 01:51:06.722 D/TaplEvents( 1064): TIS / TouchInteractionService.onInputEvent: MotionEvent { action=ACTION_UP, actionButton=0, id[0]=0, x[0]=728.1609, y[0]=991.5506, toolType[0]=TOOL_TYPE_UNKNOWN, buttonState=0, classification=NONE, metaState=0, flags=0x0, edgeFlags=0x0, pointerCount=1, historySize=0, eventTime=32542785, downTime=32542784, deviceId=-1, source=0x1002, displayId=0, eventId=-455055454 }
10-17 01:51:06.772 I/Monkey  ( 2397): :Sending Touch (ACTION_DOWN): 0:(634.0,853.0)
10-17 01:51:06.773 D/TaplEvents( 1064): TIS / TouchInteractionService.onInputEvent: MotionEvent { action=ACTION_DOWN, actionButton=0, id[0]=0, x[0]=634.0, y[0]=853.0, toolType[0]=TOOL_TYPE_UNKNOWN, buttonState=0, classification=NONE, metaState=0, flags=0x0, edgeFlags=0x0, pointerCount=1, historySize=0, eventTime=32542836, downTime=32542836, deviceId=-1, source=0x1002, displayId=0, eventId=-698011109 }
10-17 01:51:06.773 I/Monkey  ( 2397): :Sending Touch (ACTION_UP): 0:(631.3463,853.92004)
10-17 01:51:06.775 D/TaplEvents( 1064): TIS / TouchInteractionService.onInputEvent: MotionEvent { action=ACTION_UP, actionButton=0, id[0]=0, x[0]=631.3463, y[0]=853.92004, toolType[0]=TOOL_TYPE_UNKNOWN, buttonState=0, classification=NONE, metaState=0, flags=0x0, edgeFlags=0x0, pointerCount=1, historySize=0, eventTime=32542837, downTime=32542836, deviceId=-1, source=0x1002, displayId=0, eventId=-403056527 }
10-17 01:51:06.826 I/Monkey  ( 2397): :Sending Touch (ACTION_DOWN): 0:(501.0,223.0)
10-17 01:51:06.828 D/TaplEvents( 1064): TIS / TouchInteractionService.onInputEvent: MotionEvent { action=ACTION_DOWN, actionButton=0, id[0]=0, x[0]=501.0, y[0]=223.0, toolType[0]=TOOL_TYPE_UNKNOWN, buttonState=0, classification=NONE, metaState=0, flags=0x0, edgeFlags=0x0, pointerCount=1, historySize=0, eventTime=32542890, downTime=32542890, deviceId=-1, source=0x1002, displayId=0, eventId=-771585274 }
10-17 01:51:06.829 I/Monkey  ( 2397): :Sending Touch (ACTION_UP): 0:(509.6093,227.3821)
10-17 01:51:06.829 D/TaplEvents( 1064): TIS / TouchInteractionService.onInputEvent: MotionEvent { action=ACTION_UP, actionButton=0, id[0]=0, x[0]=509.6093, y[0]=227.3821, toolType[0]=TOOL_TYPE_UNKNOWN, buttonState=0, classification=NONE, metaState=0, flags=0x0, edgeFlags=0x0, pointerCount=1, historySize=0, eventTime=32542892, downTime=32542890, deviceId=-1, source=0x1002, displayId=0, eventId=-740857057 }
10-17 01:51:06.880 I/Monkey  ( 2397): :Sending Touch (ACTION_DOWN): 0:(277.0,1797.0)
10-17 01:51:06.881 D/TaplEvents( 1064): TIS / TouchInteractionService.onInputEvent: MotionEvent { action=ACTION_DOWN, actionButton=0, id[0]=0, x[0]=277.0, y[0]=1797.0, toolType[0]=TOOL_TYPE_UNKNOWN, buttonState=0, classification=NONE, metaState=0, flags=0x0, edgeFlags=0x0, pointerCount=1, historySize=0, eventTime=32542944, downTime=32542944, deviceId=-1, source=0x1002, displayId=0, eventId=-912956788 }
10-17 01:51:06.881 I/Monkey  ( 2397): :Sending Touch (ACTION_UP): 0:(273.60132,1802.8662)
