10-17 01:51:18.909 I/bt_stack(30635): [INFO:avrcp_service.cc(423)] virtual void bluetooth::avrcp::AvrcpService::SendMediaUpdate(bool, bool, bool) track_changed=0 :  play_state=0 :  queue=0
10-17 01:51:18.909 D/MediaPlayerList(30635): Removing media player org.telegram.messenger
10-17 01:51:18.909 D/MediaPlayerList(30635): org.telegram.messenger doesn't have a browse service. Recycle player ID.
10-17 01:51:18.909 V/MediaPlayerList(30635): onActiveSessionsChanged: number of controllers: 1
10-17 01:51:18.909 D/MediaPlayerList(30635): onActiveSessionsChanged: controller: com.google.android.googlequicksearchbox
10-17 01:51:18.909 D/MediaPlayerList(30635): Already have a controller for the player: com.google.android.googlequicksearchbox, updating instead
10-17 01:51:18.909 V/MediaPlayerList(30635): onActiveSessionsChanged: number of controllers: 1
10-17 01:51:18.909 D/MediaPlayerList(30635): onActiveSessionsChanged: controller: com.google.android.googlequicksearchbox
10-17 01:51:18.909 D/MediaPlayerList(30635): Already have a controller for the player: com.google.android.googlequicksearchbox, updating instead
10-17 01:51:18.916 I/Monkey  ( 2397): :Sending Touch (ACTION_DOWN): 0:(200.0,1396.0)
10-17 01:51:18.917 D/TaplEvents( 1064): TIS / TouchInteractionService.onInputEvent: MotionEvent { action=ACTION_DOWN, actionButton=0, id[0]=0, x[0]=200.0, y[0]=1396.0, toolType[0]=TOOL_TYPE_UNKNOWN, buttonState=0, classification=NONE, metaState=0, flags=0x0, edgeFlags=0x0, pointerCount=1, historySize=0, eventTime=32554980, downTime=32554980, deviceId=-1, source=0x1002, displayId=0, eventId=-877740775 }
10-17 01:51:18.917 I/Monkey  ( 2397): :Sending Touch (ACTION_UP): 0:(210.05795,1381.5125)
10-17 01:51:18.917 D/TaplEvents( 1064): TIS / TouchInteractionService.onInputEvent: MotionEvent { action=ACTION_UP, actionButton=0, id[0]=0, x[0]=210.05795, y[0]=1381.5125, toolType[0]=TOOL_TYPE_UNKNOWN, buttonState=0, classification=NONE, metaState=0, flags=0x0, edgeFlags=0x0, pointerCount=1, historySize=0, eventTime=32554981, downTime=32554980, deviceId=-1, source=0x1002, displayId=0, eventId=-1033757326 }
10-17 01:51:18.956 W/TransactionTracing(  337): Could not find layer handle 0xb40000720f22f2d0
10-17 01:51:18.957 W/TransactionTracing(  337): Could not find layer handle 0xb40000720f22cdb0
10-17 01:51:18.968 I/Monkey  ( 2397): :Sending Touch (ACTION_DOWN): 0:(991.0,500.0)
10-17 01:51:18.969 I/Monkey  ( 2397): :Sending Touch (ACTION_UP): 0:(1010.5841,496.71848)
10-17 01:51:18.969 D/TaplEvents( 1064): TIS / TouchInteractionService.onInputEvent: MotionEvent { action=ACTION_DOWN, actionButton=0, id[0]=0, x[0]=991.0, y[0]=500.0, toolType[0]=TOOL_TYPE_UNKNOWN, buttonState=0, classification=NONE, metaState=0, flags=0x0, edgeFlags=0x0, pointerCount=1, historySize=0, eventTime=32555031, downTime=32555031, deviceId=-1, source=0x1002, displayId=0, eventId=-193800526 }
10-17 01:51:18.969 D/TaplEvents( 1064): TIS / TouchInteractionService.onInputEvent: MotionEvent { action=ACTION_UP, actionButton=0, id[0]=0, x[0]=1010.5841, y[0]=496.71848, toolType[0]=TOOL_TYPE_UNKNOWN, buttonState=0, classification=NONE, metaState=0, flags=0x0, edgeFlags=0x0, pointerCount=1, historySize=0, eventTime=32555033, downTime=32555031, deviceId=-1, source=0x1002, displayId=0, eventId=-285112942 }
10-17 01:51:19.020 I/Monkey  ( 2397): :Sending Touch (ACTION_DOWN): 0:(372.0,1475.0)
10-17 01:51:19.021 I/Monkey  ( 2397): :Sending Touch (ACTION_UP): 0:(380.39352,1467.9689)
10-17 01:51:19.021 D/TaplEvents( 1064): TIS / TouchInteractionService.onInputEvent: MotionEvent { action=ACTION_DOWN, actionButton=0, id[0]=0, x[0]=372.0, y[0]=1475.0, toolType[0]=TOOL_TYPE_UNKNOWN, buttonState=0, classification=NONE, metaState=0, flags=0x0, edgeFlags=0x0, pointerCount=1, historySize=0, eventTime=32555084, downTime=32555084, deviceId=-1, source=0x1002, displayId=0, eventId=-222521170 }
10-17 01:51:19.021 D/TaplEvents( 1064): TIS / TouchInteractionService.onInputEvent: MotionEvent { action=ACTION_UP, actionButton=0, id[0]=0, x[0]=380.39352, y[0]=1467.9689, toolType[0]=TOOL_TYPE_UNKNOWN, buttonState=0, classification=NONE, metaState=0, flags=0x0, edgeFlags=0x0, pointerCount=1, historySize=0, eventTime=32555085, downTime=32555084, deviceId=-1, source=0x1002, displayId=0, eventId=-27929236 }
10-17 01:51:19.074 W/Parcel  ( 2218): Expecting binder but got null!
10-17 01:51:19.076 I/VoiceInputManagerWrapper( 1511): VoiceInputManagerWrapper.shutdownVoiceInternal():95 shutdownVoiceInternal()
10-17 01:51:19.077 D/CoreBackPreview(  507): Window{4560c0a u0 PopupWindow:8aa1fdf}: Setting back callback OnBackInvokedCallbackInfo{mCallback=android.window.IOnBackInvokedCallback$Stub$Proxy@e803844, mPriority=0}
10-17 01:51:19.094 E/OpenGLRenderer( 2218): Unable to match the desired swap behavior.
10-17 01:51:19.123 I/Monkey  ( 2397): :Sending Touch (ACTION_DOWN): 0:(771.0,1250.0)
10-17 01:51:19.124 D/TaplEvents( 1064): TIS / TouchInteractionService.onInputEvent: MotionEvent { action=ACTION_DOWN, actionButton=0, id[0]=0, x[0]=771.0, y[0]=1250.0, toolType[0]=TOOL_TYPE_UNKNOWN, buttonState=0, classification=NONE, metaState=0, flags=0x0, edgeFlags=0x0, pointerCount=1, historySize=0, eventTime=32555187, downTime=32555187, deviceId=-1, source=0x1002, displayId=0, eventId=-841644234 }
10-17 01:51:19.124 D/TaplEvents( 1064): TIS / TouchInteractionService.onInputEvent: MotionEvent { action=ACTION_POINTER_DOWN(1), actionButton=0, id[0]=0, x[0]=770.2319, y[0]=1248.3363, toolType[0]=TOOL_TYPE_UNKNOWN, id[1]=1, x[1]=783.0, y[1]=1803.0, toolType[1]=TOOL_TYPE_UNKNOWN, buttonState=0, classification=NONE, metaState=0, flags=0x0, edgeFlags=0x0, pointerCount=2, historySize=0, eventTime=32555188, downTime=32555187, deviceId=-1, source=0x1002, displayId=0, eventId=-224510478 }
10-17 01:51:19.127 I/Monkey  ( 2397): :Sending Touch (ACTION_UP): 0:(745.5863,1228.7523)
10-17 01:51:19.127 D/TaplEvents( 1064): TIS / TouchInteractionService.onInputEvent: MotionEvent { action=ACTION_POINTER_UP(1), actionButton=0, id[0]=0, x[0]=749.76636, y[0]=1232.2877, toolType[0]=TOOL_TYPE_UNKNOWN, id[1]=1, x[1]=741.64417, y[1]=1794.8925, toolType[1]=TOOL_TYPE_UNKNOWN, buttonState=0, classification=NONE, metaState=0, flags=0x0, edgeFlags=0x0, pointerCount=2, historySize=0, eventTime=32555191, downTime=32555187, deviceId=-1, source=0x1002, displayId=0, eventId=-223635812 }
10-17 01:51:19.128 D/TaplEvents( 1064): TIS / TouchInteractionService.onInputEvent: MotionEvent { action=ACTION_UP, actionButton=0, id[0]=0, x[0]=745.5863, y[0]=1228.7523, toolType[0]=TOOL_TYPE_UNKNOWN, buttonState=0, classification=NONE, metaState=0, flags=0x0, edgeFlags=0x0, pointerCount=1, historySize=0, eventTime=32555191, downTime=32555187, deviceId=-1, source=0x1002, displayId=0, eventId=-405981060 }
10-17 01:51:19.129 D/CoreBackPreview(  507): Window{4560c0a u0 PopupWindow:8aa1fdf}: Setting back callback null
10-17 01:51:19.130 W/InputManager-JNI(  507): Input channel object '4560c0a PopupWindow:8aa1fdf (client)' was disposed without first being removed with the input manager!
10-17 01:51:19.139 W/TransactionTracing(  337): Could not find layer handle 0xb40000720f226c90
10-17 01:51:19.139 W/TransactionTracing(  337): Could not find layer handle 0xb40000720f22d7d0
10-17 01:51:19.140 V/WindowManager(  507): Unknown focus tokens, dropping reportFocusChanged
10-17 01:51:19.156 W/TransactionTracing(  337): Could not find layer handle 0xb40000720f229510
10-17 01:51:19.156 W/TransactionTracing(  337): Could not find layer handle 0xb40000720f22d6b0
10-17 01:51:19.175 I/GoogleInputMethodService( 1511): GoogleInputMethodService.onFinishInput():3227 
10-17 01:51:19.175 D/EGL_emulation( 2218): app_time_stats: avg=20.10ms min=9.27ms max=116.07ms count=50
10-17 01:51:19.175 I/GoogleInputMethodService( 1511): GoogleInputMethodService.updateDeviceLockedStatus():2087 repeatCheckTimes = 0, unlocked = true
10-17 01:51:19.175 I/GoogleInputMethodService( 1511): GoogleInputMethodService.onStartInput():1877 onStartInput(EditorInfo{inputType=0x0(NULL) imeOptions=0x0 privateImeOptions=null actionName=UNSPECIFIED actionLabel=null actionId=0 initialSelStart=-1 initialSelEnd=-1 initialCapsMode=0x0 hintText=null label=null packageName=org.telegram.messenger fieldId=-1 fieldName=null extras=null}, false)
10-17 01:51:19.175 I/GoogleInputMethodService( 1511): GoogleInputMethodService.shouldHideHeaderOnInitialState():4008 ShouldHideHeaderOnInitialState = false
10-17 01:51:19.175 I/GoogleInputMethodService( 1511): GoogleInputMethodService.updateDeviceLockedStatus():2087 repeatCheckTimes = 2, unlocked = true
10-17 01:51:19.179 D/InputDispatcher(  507): Touch mode switch rejected, caller (pid=0, uid=10177) doesn't own the focused window nor none of the previously interacted window
10-17 01:51:19.190 I/GoogleInputMethodService( 1511): GoogleInputMethodService.onFinishInput():3227 
10-17 01:51:19.191 I/GoogleInputMethodService( 1511): GoogleInputMethodService.updateDeviceLockedStatus():2087 repeatCheckTimes = 0, unlocked = true
10-17 01:51:19.191 I/GoogleInputMethodService( 1511): GoogleInputMethodService.onStartInput():1877 onStartInput(EditorInfo{inputType=0x0(NULL) imeOptions=0x0 privateImeOptions=null actionName=UNSPECIFIED actionLabel=null actionId=0 initialSelStart=-1 initialSelEnd=-1 initialCapsMode=0x0 hintText=null label=null packageName=org.telegram.messenger fieldId=-1 fieldName=null extras=null}, false)
10-17 01:51:19.191 I/GoogleInputMethodService( 1511): GoogleInputMethodService.shouldHideHeaderOnInitialState():4008 ShouldHideHeaderOnInitialState = false
10-17 01:51:19.191 I/GoogleInputMethodService( 1511): GoogleInputMethodService.updateDeviceLockedStatus():2087 repeatCheckTimes = 2, unlocked = true
10-17 01:51:19.240 I/GoogleInputMethodService( 1511): GoogleInputMethodService.onFinishInput():3227 
10-17 01:51:19.241 I/GoogleInputMethodService( 1511): GoogleInputMethodService.updateDeviceLockedStatus():2087 repeatCheckTimes = 0, unlocked = true
10-17 01:51:19.241 I/GoogleInputMethodService( 1511): GoogleInputMethodService.onStartInput():1877 onStartInput(EditorInfo{inputType=0x0(NULL) imeOptions=0x0 privateImeOptions=null actionName=UNSPECIFIED actionLabel=null actionId=0 initialSelStart=-1 initialSelEnd=-1 initialCapsMode=0x0 hintText=null label=null packageName=org.telegram.messenger fieldId=-1 fieldName=null extras=null}, false)
10-17 01:51:19.241 I/GoogleInputMethodService( 1511): GoogleInputMethodService.shouldHideHeaderOnInitialState():4008 ShouldHideHeaderOnInitialState = false
10-17 01:51:19.241 I/GoogleInputMethodService( 1511): GoogleInputMethodService.updateDeviceLockedStatus():2087 repeatCheckTimes = 2, unlocked = true
10-17 01:51:19.257 D/CompatibilityChangeReporter( 2218): Compat change id reported: 150939131; UID 10177; state: ENABLED
10-17 01:51:19.281 I/Monkey  ( 2397): :Sending Touch (ACTION_DOWN): 0:(770.0,1037.0)
10-17 01:51:19.282 I/Monkey  ( 2397): :Sending Touch (ACTION_UP): 0:(765.08417,1040.0603)
10-17 01:51:19.282 D/TaplEvents( 1064): TIS / TouchInteractionService.onInputEvent: MotionEvent { action=ACTION_DOWN, actionButton=0, id[0]=0, x[0]=770.0, y[0]=1037.0, toolType[0]=TOOL_TYPE_UNKNOWN, buttonState=0, classification=NONE, metaState=0, flags=0x0, edgeFlags=0x0, pointerCount=1, historySize=0, eventTime=32555345, downTime=32555345, deviceId=-1, source=0x1002, displayId=0, eventId=-516212751 }
10-17 01:51:19.283 D/TaplEvents( 1064): TIS / TouchInteractionService.onInputEvent: MotionEvent { action=ACTION_UP, actionButton=0, id[0]=0, x[0]=765.08417, y[0]=1040.0603, toolType[0]=TOOL_TYPE_UNKNOWN, buttonState=0, classification=NONE, metaState=0, flags=0x0, edgeFlags=0x0, pointerCount=1, historySize=0, eventTime=32555346, downTime=32555345, deviceId=-1, source=0x1002, displayId=0, eventId=-570939548 }
10-17 01:51:19.291 I/GoogleInputMethodService( 1511): GoogleInputMethodService.onFinishInput():3227 
10-17 01:51:19.291 I/GoogleInputMethodService( 1511): GoogleInputMethodService.updateDeviceLockedStatus():2087 repeatCheckTimes = 0, unlocked = true
10-17 01:51:19.291 I/GoogleInputMethodService( 1511): GoogleInputMethodService.onStartInput():1877 onStartInput(EditorInfo{inputType=0x0(NULL) imeOptions=0x0 privateImeOptions=null actionName=UNSPECIFIED actionLabel=null actionId=0 initialSelStart=-1 initialSelEnd=-1 initialCapsMode=0x0 hintText=null label=null packageName=org.telegram.messenger fieldId=-1 fieldName=null extras=null}, false)
10-17 01:51:19.291 I/GoogleInputMethodService( 1511): GoogleInputMethodService.shouldHideHeaderOnInitialState():4008 ShouldHideHeaderOnInitialState = false
10-17 01:51:19.291 I/GoogleInputMethodService( 1511): GoogleInputMethodService.updateDeviceLockedStatus():2087 repeatCheckTimes = 2, unlocked = true
10-17 01:51:19.334 I/Monkey  ( 2397): :Sending Touch (ACTION_DOWN): 0:(750.0,356.0)
10-17 01:51:19.334 I/Monkey  ( 2397): :Sending Touch (ACTION_UP): 0:(756.0814,359.432)
10-17 01:51:19.335 D/TaplEvents( 1064): TIS / TouchInteractionService.onInputEvent: MotionEvent { action=ACTION_DOWN, actionButton=0, id[0]=0, x[0]=750.0, y[0]=356.0, toolType[0]=TOOL_TYPE_UNKNOWN, buttonState=0, classification=NONE, metaState=0, flags=0x0, edgeFlags=0x0, pointerCount=1, historySize=0, eventTime=32555398, downTime=32555398, deviceId=-1, source=0x1002, displayId=0, eventId=-755120273 }
10-17 01:51:19.335 D/TaplEvents( 1064): TIS / TouchInteractionService.onInputEvent: MotionEvent { action=ACTION_UP, actionButton=0, id[0]=0, x[0]=756.0814, y[0]=359.432, toolType[0]=TOOL_TYPE_UNKNOWN, buttonState=0, classification=NONE, metaState=0, flags=0x0, edgeFlags=0x0, pointerCount=1, historySize=0, eventTime=32555398, downTime=32555398, deviceId=-1, source=0x1002, displayId=0, eventId=-387920093 }
10-17 01:51:19.342 I/GoogleInputMethodService( 1511): GoogleInputMethodService.onFinishInput():3227 
10-17 01:51:19.343 I/GoogleInputMethodService( 1511): GoogleInputMethodService.updateDeviceLockedStatus():2087 repeatCheckTimes = 0, unlocked = true
10-17 01:51:19.343 I/GoogleInputMethodService( 1511): GoogleInputMethodService.onStartInput():1877 onStartInput(EditorInfo{inputType=0x0(NULL) imeOptions=0x0 privateImeOptions=null actionName=UNSPECIFIED actionLabel=null actionId=0 initialSelStart=-1 initialSelEnd=-1 initialCapsMode=0x0 hintText=null label=null packageName=org.telegram.messenger fieldId=-1 fieldName=null extras=null}, false)
10-17 01:51:19.343 I/GoogleInputMethodService( 1511): GoogleInputMethodService.shouldHideHeaderOnInitialState():4008 ShouldHideHeaderOnInitialState = false
10-17 01:51:19.343 I/GoogleInputMethodService( 1511): GoogleInputMethodService.updateDeviceLockedStatus():2087 repeatCheckTimes = 2, unlocked = true
10-17 01:51:19.386 I/Monkey  ( 2397): :Sending Touch (ACTION_DOWN): 0:(260.0,286.0)
10-17 01:51:19.387 I/Monkey  ( 2397): :Sending Touch (ACTION_UP): 0:(258.37173,285.78275)
10-17 01:51:19.387 D/TaplEvents( 1064): TIS / TouchInteractionService.onInputEvent: MotionEvent { action=ACTION_DOWN, actionButton=0, id[0]=0, x[0]=260.0, y[0]=286.0, toolType[0]=TOOL_TYPE_UNKNOWN, buttonState=0, classification=NONE, metaState=0, flags=0x0, edgeFlags=0x0, pointerCount=1, historySize=0, eventTime=32555450, downTime=32555450, deviceId=-1, source=0x1002, displayId=0, eventId=-18145966 }
10-17 01:51:19.388 D/TaplEvents( 1064): TIS / TouchInteractionService.onInputEvent: MotionEvent { action=ACTION_UP, actionButton=0, id[0]=0, x[0]=258.37173, y[0]=285.78275, toolType[0]=TOOL_TYPE_UNKNOWN, buttonState=0, classification=NONE, metaState=0, flags=0x0, edgeFlags=0x0, pointerCount=1, historySize=0, eventTime=32555450, downTime=32555450, deviceId=-1, source=0x1002, displayId=0, eventId=-779168824 }
10-17 01:51:19.406 I/egram.messenger( 2218): Compiler allocated 4105KB to compile void org.telegram.ui.Components.SharedMediaLayout.<init>(android.content.Context, long, org.telegram.ui.Components.SharedMediaLayout$SharedMediaPreloader, int, java.util.ArrayList, org.telegram.tgnet.TLRPC$ChatFull, org.telegram.tgnet.TLRPC$UserFull, int, org.telegram.ui.ActionBar.BaseFragment, org.telegram.ui.Components.SharedMediaLayout$Delegate, int, org.telegram.ui.ActionBar.Theme$ResourcesProvider)
10-17 01:51:19.477 I/GoogleInputMethodService( 1511): GoogleInputMethodService.onFinishInput():3227 
10-17 01:51:19.477 I/GoogleInputMethodService( 1511): GoogleInputMethodService.updateDeviceLockedStatus():2087 repeatCheckTimes = 0, unlocked = true
10-17 01:51:19.477 I/GoogleInputMethodService( 1511): GoogleInputMethodService.onStartInput():1877 onStartInput(EditorInfo{inputType=0x0(NULL) imeOptions=0x0 privateImeOptions=null actionName=UNSPECIFIED actionLabel=null actionId=0 initialSelStart=-1 initialSelEnd=-1 initialCapsMode=0x0 hintText=null label=null packageName=org.telegram.messenger fieldId=-1 fieldName=null extras=null}, false)
10-17 01:51:19.477 I/GoogleInputMethodService( 1511): GoogleInputMethodService.shouldHideHeaderOnInitialState():4008 ShouldHideHeaderOnInitialState = false
10-17 01:51:19.477 I/GoogleInputMethodService( 1511): GoogleInputMethodService.updateDeviceLockedStatus():2087 repeatCheckTimes = 2, unlocked = true
10-17 01:51:19.495 W/Parcel  ( 2218): Expecting binder but got null!
10-17 01:51:19.497 D/CoreBackPreview(  507): Window{b043a74 u0 PopupWindow:5135620}: Setting back callback OnBackInvokedCallbackInfo{mCallback=android.window.IOnBackInvokedCallback$Stub$Proxy@c9635e, mPriority=0}
10-17 01:51:19.514 E/OpenGLRenderer( 2218): Unable to match the desired swap behavior.
10-17 01:51:19.523 W/TransactionTracing(  337): Could not find layer handle 0xb40000720f22dd10
10-17 01:51:19.523 W/TransactionTracing(  337): Could not find layer handle 0xb40000720f231490
10-17 01:51:19.544 I/Monkey  ( 2397): :Sending Touch (ACTION_DOWN): 0:(1018.0,1292.0)
10-17 01:51:19.545 D/TaplEvents( 1064): TIS / TouchInteractionService.onInputEvent: MotionEvent { action=ACTION_DOWN, actionButton=0, id[0]=0, x[0]=1018.0, y[0]=1292.0, toolType[0]=TOOL_TYPE_UNKNOWN, buttonState=0, classification=NONE, metaState=0, flags=0x0, edgeFlags=0x0, pointerCount=1, historySize=0, eventTime=32555608, downTime=32555608, deviceId=-1, source=0x1002, displayId=0, eventId=-886089645 }
10-17 01:51:19.545 I/Monkey  ( 2397): :Sending Touch (ACTION_UP): 0:(1019.5936,1282.5568)
10-17 01:51:19.546 D/TaplEvents( 1064): TIS / TouchInteractionService.onInputEvent: MotionEvent { action=ACTION_UP, actionButton=0, id[0]=0, x[0]=1019.5936, y[0]=1282.5568, toolType[0]=TOOL_TYPE_UNKNOWN, buttonState=0, classification=NONE, metaState=0, flags=0x0, edgeFlags=0x0, pointerCount=1, historySize=0, eventTime=32555609, downTime=32555608, deviceId=-1, source=0x1002, displayId=0, eventId=-827038096 }
10-17 01:51:19.547 I/BpBinder(  337): onLastStrongRef automatically unlinking death recipients: <uncached descriptor>
10-17 01:51:19.547 D/ShellBackPreview(  709): Finishing gesture with event action: 1
10-17 01:51:19.547 D/ShellBackPreview(  709): onGestureFinished() mTriggerBack == false
10-17 01:51:19.547 D/ShellBackPreview(  709): BackAnimationController: finishAnimation()
10-17 01:51:19.557 D/CoreBackPreview(  507): Window{b043a74 u0 PopupWindow:5135620}: Setting back callback null
10-17 01:51:19.557 W/InputManager-JNI(  507): Input channel object 'b043a74 PopupWindow:5135620 (client)' was disposed without first being removed with the input manager!
10-17 01:51:19.576 V/WindowManager(  507): Unknown focus tokens, dropping reportFocusChanged
10-17 01:51:19.589 W/TransactionTracing(  337): Could not find layer handle 0xb40000720f22ac50
10-17 01:51:19.589 W/TransactionTracing(  337): Could not find layer handle 0xb40000720f229510
10-17 01:51:19.591 I/GoogleInputMethodService( 1511): GoogleInputMethodService.onFinishInput():3227 
10-17 01:51:19.591 I/GoogleInputMethodService( 1511): GoogleInputMethodService.updateDeviceLockedStatus():2087 repeatCheckTimes = 0, unlocked = true
10-17 01:51:19.591 I/GoogleInputMethodService( 1511): GoogleInputMethodService.onStartInput():1877 onStartInput(EditorInfo{inputType=0x0(NULL) imeOptions=0x0 privateImeOptions=null actionName=UNSPECIFIED actionLabel=null actionId=0 initialSelStart=-1 initialSelEnd=-1 initialCapsMode=0x0 hintText=null label=null packageName=org.telegram.messenger fieldId=-1 fieldName=null extras=null}, false)
10-17 01:51:19.591 I/GoogleInputMethodService( 1511): GoogleInputMethodService.shouldHideHeaderOnInitialState():4008 ShouldHideHeaderOnInitialState = false
10-17 01:51:19.591 I/GoogleInputMethodService( 1511): GoogleInputMethodService.updateDeviceLockedStatus():2087 repeatCheckTimes = 2, unlocked = true
10-17 01:51:19.597 I/Monkey  ( 2397): :Sending Touch (ACTION_DOWN): 0:(995.0,1066.0)
10-17 01:51:19.598 D/TaplEvents( 1064): TIS / TouchInteractionService.onInputEvent: MotionEvent { action=ACTION_DOWN, actionButton=0, id[0]=0, x[0]=995.0, y[0]=1066.0, toolType[0]=TOOL_TYPE_UNKNOWN, buttonState=0, classification=NONE, metaState=0, flags=0x0, edgeFlags=0x0, pointerCount=1, historySize=0, eventTime=32555661, downTime=32555661, deviceId=-1, source=0x1002, displayId=0, eventId=-317539957 }
10-17 01:51:19.598 I/Monkey  ( 2397): :Sending Touch (ACTION_UP): 0:(995.4163,1064.8807)
10-17 01:51:19.599 D/TaplEvents( 1064): TIS / TouchInteractionService.onInputEvent: MotionEvent { action=ACTION_UP, actionButton=0, id[0]=0, x[0]=995.4163, y[0]=1064.8807, toolType[0]=TOOL_TYPE_UNKNOWN, buttonState=0, classification=NONE, metaState=0, flags=0x0, edgeFlags=0x0, pointerCount=1, historySize=0, eventTime=32555662, downTime=32555661, deviceId=-1, source=0x1002, displayId=0, eventId=-298734940 }
10-17 01:51:19.649 I/Monkey  ( 2397): :Sending Touch (ACTION_DOWN): 0:(987.0,921.0)
10-17 01:51:19.649 D/TaplEvents( 1064): TIS / TouchInteractionService.onInputEvent: MotionEvent { action=ACTION_DOWN, actionButton=0, id[0]=0, x[0]=987.0, y[0]=921.0, toolType[0]=TOOL_TYPE_UNKNOWN, buttonState=0, classification=NONE, metaState=0, flags=0x0, edgeFlags=0x0, pointerCount=1, historySize=0, eventTime=32555713, downTime=32555713, deviceId=-1, source=0x1002, displayId=0, eventId=-70115266 }
10-17 01:51:19.650 I/Monkey  ( 2397): :Sending Touch (ACTION_UP): 0:(978.9902,909.76996)
10-17 01:51:19.650 D/TaplEvents( 1064): TIS / TouchInteractionService.onInputEvent: MotionEvent { action=ACTION_UP, actionButton=0, id[0]=0, x[0]=978.9902, y[0]=909.76996, toolType[0]=TOOL_TYPE_UNKNOWN, buttonState=0, classification=NONE, metaState=0, flags=0x0, edgeFlags=0x0, pointerCount=1, historySize=0, eventTime=32555714, downTime=32555713, deviceId=-1, source=0x1002, displayId=0, eventId=-961697008 }
10-17 01:51:19.701 I/Monkey  ( 2397): :Sending Touch (ACTION_DOWN): 0:(446.0,1541.0)
10-17 01:51:19.701 D/TaplEvents( 1064): TIS / TouchInteractionService.onInputEvent: MotionEvent { action=ACTION_DOWN, actionButton=0, id[0]=0, x[0]=446.0, y[0]=1541.0, toolType[0]=TOOL_TYPE_UNKNOWN, buttonState=0, classification=NONE, metaState=0, flags=0x0, edgeFlags=0x0, pointerCount=1, historySize=0, eventTime=32555765, downTime=32555765, deviceId=-1, source=0x1002, displayId=0, eventId=-264561589 }
10-17 01:51:19.701 I/Monkey  ( 2397): :Sending Touch (ACTION_UP): 0:(449.298,1535.9645)
10-17 01:51:19.702 D/TaplEvents( 1064): TIS / TouchInteractionService.onInputEvent: MotionEvent { action=ACTION_UP, actionButton=0, id[0]=0, x[0]=449.298, y[0]=1535.9645, toolType[0]=TOOL_TYPE_UNKNOWN, buttonState=0, classification=NONE, metaState=0, flags=0x0, edgeFlags=0x0, pointerCount=1, historySize=0, eventTime=32555765, downTime=32555765, deviceId=-1, source=0x1002, displayId=0, eventId=-839762721 }
10-17 01:51:19.725 I/egram.messenger( 2218): Method exceeds compiler instruction limit: 18601 in void org.telegram.ui.ChatActivity.didReceivedNotification(int, int, java.lang.Object[])
10-17 01:51:19.752 I/Monkey  ( 2397): :Sending Touch (ACTION_DOWN): 0:(232.0,714.0)
10-17 01:51:19.753 I/Monkey  ( 2397): :Sending Touch (ACTION_UP): 0:(228.34229,702.97546)
10-17 01:51:19.753 D/TaplEvents( 1064): TIS / TouchInteractionService.onInputEvent: MotionEvent { action=ACTION_DOWN, actionButton=0, id[0]=0, x[0]=232.0, y[0]=714.0, toolType[0]=TOOL_TYPE_UNKNOWN, buttonState=0, classification=NONE, metaState=0, flags=0x0, edgeFlags=0x0, pointerCount=1, historySize=0, eventTime=32555816, downTime=32555816, deviceId=-1, source=0x1002, displayId=0, eventId=-618868073 }
10-17 01:51:19.753 D/TaplEvents( 1064): TIS / TouchInteractionService.onInputEvent: MotionEvent { action=ACTION_UP, actionButton=0, id[0]=0, x[0]=228.34229, y[0]=702.97546, toolType[0]=TOOL_TYPE_UNKNOWN, buttonState=0, classification=NONE, metaState=0, flags=0x0, edgeFlags=0x0, pointerCount=1, historySize=0, eventTime=32555817, downTime=32555816, deviceId=-1, source=0x1002, displayId=0, eventId=-1026066103 }
10-17 01:51:19.807 D/InputDispatcher(  507): Touch mode switch rejected, caller (pid=0, uid=10177) doesn't own the focused window nor none of the previously interacted window
10-17 01:51:19.824 I/GoogleInputMethodService( 1511): GoogleInputMethodService.onFinishInput():3227 
10-17 01:51:19.824 I/GoogleInputMethodService( 1511): GoogleInputMethodService.updateDeviceLockedStatus():2087 repeatCheckTimes = 0, unlocked = true
10-17 01:51:19.824 I/GoogleInputMethodService( 1511): GoogleInputMethodService.onStartInput():1877 onStartInput(EditorInfo{inputType=0x0(NULL) imeOptions=0x0 privateImeOptions=null actionName=UNSPECIFIED actionLabel=null actionId=0 initialSelStart=-1 initialSelEnd=-1 initialCapsMode=0x0 hintText=null label=null packageName=org.telegram.messenger fieldId=-1 fieldName=null extras=null}, false)
10-17 01:51:19.824 I/GoogleInputMethodService( 1511): GoogleInputMethodService.shouldHideHeaderOnInitialState():4008 ShouldHideHeaderOnInitialState = false
10-17 01:51:19.824 I/GoogleInputMethodService( 1511): GoogleInputMethodService.updateDeviceLockedStatus():2087 repeatCheckTimes = 2, unlocked = true
10-17 01:51:19.858 I/Monkey  ( 2397): :Sending Touch (ACTION_DOWN): 0:(859.0,658.0)
10-17 01:51:19.858 I/Monkey  ( 2397): :Sending Touch (ACTION_UP): 0:(859.4041,645.78143)
10-17 01:51:19.859 D/TaplEvents( 1064): TIS / TouchInteractionService.onInputEvent: MotionEvent { action=ACTION_DOWN, actionButton=0, id[0]=0, x[0]=859.0, y[0]=658.0, toolType[0]=TOOL_TYPE_UNKNOWN, buttonState=0, classification=NONE, metaState=0, flags=0x0, edgeFlags=0x0, pointerCount=1, historySize=0, eventTime=32555922, downTime=32555922, deviceId=-1, source=0x1002, displayId=0, eventId=-441725360 }
10-17 01:51:19.859 D/TaplEvents( 1064): TIS / TouchInteractionService.onInputEvent: MotionEvent { action=ACTION_UP, actionButton=0, id[0]=0, x[0]=859.4041, y[0]=645.78143, toolType[0]=TOOL_TYPE_UNKNOWN, buttonState=0, classification=NONE, metaState=0, flags=0x0, edgeFlags=0x0, pointerCount=1, historySize=0, eventTime=32555922, downTime=32555922, deviceId=-1, source=0x1002, displayId=0, eventId=-1011163677 }
10-17 01:51:19.859 I/Monkey  ( 2397):     //[calendar_time:2025-10-17 01:51:19.859  system_uptime:32555923]
10-17 01:51:19.859 I/Monkey  ( 2397):     // Sending event #700
10-17 01:51:19.874 I/GoogleInputMethodService( 1511): GoogleInputMethodService.onFinishInput():3227 
10-17 01:51:19.874 I/GoogleInputMethodService( 1511): GoogleInputMethodService.updateDeviceLockedStatus():2087 repeatCheckTimes = 0, unlocked = true
10-17 01:51:19.874 I/GoogleInputMethodService( 1511): GoogleInputMethodService.onStartInput():1877 onStartInput(EditorInfo{inputType=0x0(NULL) imeOptions=0x0 privateImeOptions=null actionName=UNSPECIFIED actionLabel=null actionId=0 initialSelStart=-1 initialSelEnd=-1 initialCapsMode=0x0 hintText=null label=null packageName=org.telegram.messenger fieldId=-1 fieldName=null extras=null}, false)
10-17 01:51:19.874 I/GoogleInputMethodService( 1511): GoogleInputMethodService.shouldHideHeaderOnInitialState():4008 ShouldHideHeaderOnInitialState = false
10-17 01:51:19.875 I/GoogleInputMethodService( 1511): GoogleInputMethodService.updateDeviceLockedStatus():2087 repeatCheckTimes = 2, unlocked = true
10-17 01:51:19.910 I/Monkey  ( 2397):     //[calendar_time:2025-10-17 01:51:19.910  system_uptime:32555974]
10-17 01:51:19.910 I/Monkey  ( 2397):     // Sending event #700
10-17 01:51:19.910 I/Monkey  ( 2397): :Sending Touch (ACTION_DOWN): 0:(961.0,1158.0)
10-17 01:51:19.910 D/TaplEvents( 1064): TIS / TouchInteractionService.onInputEvent: MotionEvent { action=ACTION_DOWN, actionButton=0, id[0]=0, x[0]=961.0, y[0]=1158.0, toolType[0]=TOOL_TYPE_UNKNOWN, buttonState=0, classification=NONE, metaState=0, flags=0x0, edgeFlags=0x0, pointerCount=1, historySize=0, eventTime=32555974, downTime=32555974, deviceId=-1, source=0x1002, displayId=0, eventId=-671486926 }
10-17 01:51:19.910 I/Monkey  ( 2397): :Sending Touch (ACTION_UP): 0:(977.62366,1159.1785)
10-17 01:51:19.911 D/TaplEvents( 1064): TIS / TouchInteractionService.onInputEvent: MotionEvent { action=ACTION_UP, actionButton=0, id[0]=0, x[0]=977.62366, y[0]=1159.1785, toolType[0]=TOOL_TYPE_UNKNOWN, buttonState=0, classification=NONE, metaState=0, flags=0x0, edgeFlags=0x0, pointerCount=1, historySize=0, eventTime=32555974, downTime=32555974, deviceId=-1, source=0x1002, displayId=0, eventId=-423299346 }
10-17 01:51:19.961 I/Monkey  ( 2397): :Sending Touch (ACTION_DOWN): 0:(829.0,274.0)
10-17 01:51:19.962 I/Monkey  ( 2397): :Sending Touch (ACTION_UP): 0:(836.5047,268.6768)
10-17 01:51:19.962 D/TaplEvents( 1064): TIS / TouchInteractionService.onInputEvent: MotionEvent { action=ACTION_DOWN, actionButton=0, id[0]=0, x[0]=829.0, y[0]=274.0, toolType[0]=TOOL_TYPE_UNKNOWN, buttonState=0, classification=NONE, metaState=0, flags=0x0, edgeFlags=0x0, pointerCount=1, historySize=0, eventTime=32556025, downTime=32556025, deviceId=-1, source=0x1002, displayId=0, eventId=-411932644 }
10-17 01:51:19.963 D/TaplEvents( 1064): TIS / TouchInteractionService.onInputEvent: MotionEvent { action=ACTION_UP, actionButton=0, id[0]=0, x[0]=836.5047, y[0]=268.6768, toolType[0]=TOOL_TYPE_UNKNOWN, buttonState=0, classification=NONE, metaState=0, flags=0x0, edgeFlags=0x0, pointerCount=1, historySize=0, eventTime=32556026, downTime=32556025, deviceId=-1, source=0x1002, displayId=0, eventId=-962473327 }
10-17 01:51:20.014 I/Monkey  ( 2397): :Sending Touch (ACTION_DOWN): 0:(896.0,752.0)
10-17 01:51:20.015 D/TaplEvents( 1064): TIS / TouchInteractionService.onInputEvent: MotionEvent { action=ACTION_DOWN, actionButton=0, id[0]=0, x[0]=896.0, y[0]=752.0, toolType[0]=TOOL_TYPE_UNKNOWN, buttonState=0, classification=NONE, metaState=0, flags=0x0, edgeFlags=0x0, pointerCount=1, historySize=0, eventTime=32556078, downTime=32556077, deviceId=-1, source=0x1002, displayId=0, eventId=-755531472 }
10-17 01:51:20.015 I/Monkey  ( 2397): :Sending Touch (ACTION_UP): 0:(897.0557,752.11456)
10-17 01:51:20.015 D/TaplEvents( 1064): TIS / TouchInteractionService.onInputEvent: MotionEvent { action=ACTION_UP, actionButton=0, id[0]=0, x[0]=897.0557, y[0]=752.11456, toolType[0]=TOOL_TYPE_UNKNOWN, buttonState=0, classification=NONE, metaState=0, flags=0x0, edgeFlags=0x0, pointerCount=1, historySize=0, eventTime=32556079, downTime=32556077, deviceId=-1, source=0x1002, displayId=0, eventId=-258643793 }
10-17 01:51:20.025 I/GoogleInputMethodService( 1511): GoogleInputMethodService.onFinishInput():3227 
10-17 01:51:20.026 I/GoogleInputMethodService( 1511): GoogleInputMethodService.updateDeviceLockedStatus():2087 repeatCheckTimes = 0, unlocked = true
10-17 01:51:20.026 I/GoogleInputMethodService( 1511): GoogleInputMethodService.onStartInput():1877 onStartInput(EditorInfo{inputType=0x0(NULL) imeOptions=0x0 privateImeOptions=null actionName=UNSPECIFIED actionLabel=null actionId=0 initialSelStart=-1 initialSelEnd=-1 initialCapsMode=0x0 hintText=null label=null packageName=org.telegram.messenger fieldId=-1 fieldName=null extras=null}, false)
10-17 01:51:20.026 I/GoogleInputMethodService( 1511): GoogleInputMethodService.shouldHideHeaderOnInitialState():4008 ShouldHideHeaderOnInitialState = false
10-17 01:51:20.026 I/GoogleInputMethodService( 1511): GoogleInputMethodService.updateDeviceLockedStatus():2087 repeatCheckTimes = 2, unlocked = true
10-17 01:51:20.068 D/InputDispatcher(  507): Touch mode switch rejected, caller (pid=0, uid=10177) doesn't own the focused window nor none of the previously interacted window
10-17 01:51:20.069 I/GoogleInputMethodService( 1511): GoogleInputMethodService.onFinishInput():3227 
10-17 01:51:20.069 I/GoogleInputMethodService( 1511): GoogleInputMethodService.updateDeviceLockedStatus():2087 repeatCheckTimes = 0, unlocked = true
10-17 01:51:20.069 I/GoogleInputMethodService( 1511): GoogleInputMethodService.onStartInput():1877 onStartInput(EditorInfo{inputType=0x0(NULL) imeOptions=0x0 privateImeOptions=null actionName=UNSPECIFIED actionLabel=null actionId=0 initialSelStart=-1 initialSelEnd=-1 initialCapsMode=0x0 hintText=null label=null packageName=org.telegram.messenger fieldId=-1 fieldName=null extras=null}, false)
10-17 01:51:20.069 I/GoogleInputMethodService( 1511): GoogleInputMethodService.shouldHideHeaderOnInitialState():4008 ShouldHideHeaderOnInitialState = false
10-17 01:51:20.070 I/GoogleInputMethodService( 1511): GoogleInputMethodService.updateDeviceLockedStatus():2087 repeatCheckTimes = 2, unlocked = true
10-17 01:51:20.095 D/androidtc(  507): Initializing SystemTextClassifier, type = System
10-17 01:51:20.097 E/ClipboardService(  507): Denying clipboard access to com.android.chrome, application is not in focus nor is it a system service for user 0
10-17 01:51:20.097 I/AiAiTextClassifier( 1598): onCreateTextClassificationSession = TextClassificationSessionId {060448f7-1c6f-4e14-87c9-b9a8859355ae}
10-17 01:51:20.098 D/androidtc( 1511): Initializing SystemTextClassifier, type = System
10-17 01:51:20.101 I/AiAiTextClassifier( 1598): Initialize textClassifierLib, privileged changed = [true], TC null = [false]
10-17 01:51:20.102 I/AiAiTranslate( 1598): C2T - not in a conversation
10-17 01:51:20.116 D/androidtc(  709): Initializing SystemTextClassifier, type = System
10-17 01:51:20.117 I/AiAiTextClassifier( 1598): GenerateLinks did not find valid links, returning empty result
10-17 01:51:20.118 I/Monkey  ( 2397): :Sending Touch (ACTION_DOWN): 0:(627.0,303.0)
10-17 01:51:20.119 W/Parcel  (  709): Expecting binder but got null!
10-17 01:51:20.119 D/TaplEvents( 1064): TIS / TouchInteractionService.onInputEvent: MotionEvent { action=ACTION_DOWN, actionButton=0, id[0]=0, x[0]=627.0, y[0]=303.0, toolType[0]=TOOL_TYPE_UNKNOWN, buttonState=0, classification=NONE, metaState=0, flags=0x0, edgeFlags=0x0, pointerCount=1, historySize=0, eventTime=32556182, downTime=32556182, deviceId=-1, source=0x1002, displayId=0, eventId=-31549619 }
10-17 01:51:20.119 I/Monkey  ( 2397): :Sending Touch (ACTION_UP): 0:(620.0431,301.6191)
10-17 01:51:20.120 I/AiAiTextClassifier( 1598): GenerateLinks did not find valid links, returning empty result
10-17 01:51:20.120 I/GoogleInputMethodService( 1511): GoogleInputMethodService.onFinishInput():3227 
10-17 01:51:20.120 I/AiAiTextClassifier( 1598): Initialize textClassifierLib, privileged changed = [true], TC null = [false]
10-17 01:51:20.120 I/GoogleInputMethodService( 1511): GoogleInputMethodService.updateDeviceLockedStatus():2087 repeatCheckTimes = 0, unlocked = true
10-17 01:51:20.120 I/GoogleInputMethodService( 1511): GoogleInputMethodService.onStartInput():1877 onStartInput(EditorInfo{inputType=0x0(NULL) imeOptions=0x0 privateImeOptions=null actionName=UNSPECIFIED actionLabel=null actionId=0 initialSelStart=-1 initialSelEnd=-1 initialCapsMode=0x0 hintText=null label=null packageName=org.telegram.messenger fieldId=-1 fieldName=null extras=null}, false)
10-17 01:51:20.120 I/GoogleInputMethodService( 1511): GoogleInputMethodService.shouldHideHeaderOnInitialState():4008 ShouldHideHeaderOnInitialState = false
10-17 01:51:20.120 I/GoogleInputMethodService( 1511): GoogleInputMethodService.updateDeviceLockedStatus():2087 repeatCheckTimes = 2, unlocked = true
10-17 01:51:20.120 W/AiAiClearcutLogger( 1598): Trying to use Clearcut counters (disabled via policy). [CONTEXT ratelimit_period="1 HOURS [skipped: 15]" ]
10-17 01:51:20.121 D/TaplEvents( 1064): TIS / TouchInteractionService.onInputEvent: MotionEvent { action=ACTION_UP, actionButton=0, id[0]=0, x[0]=620.0431, y[0]=301.6191, toolType[0]=TOOL_TYPE_UNKNOWN, buttonState=0, classification=NONE, metaState=0, flags=0x0, edgeFlags=0x0, pointerCount=1, historySize=0, eventTime=32556183, downTime=32556182, deviceId=-1, source=0x1002, displayId=0, eventId=-252402786 }
10-17 01:51:20.123 I/AiAiTextClassifier( 1598): GenerateLinks did not find valid links, returning empty result
10-17 01:51:20.124 W/BestClock(  507): java.time.DateTimeException: Missing NTP fix
10-17 01:51:20.125 E/ClipboardService(  507): Denying clipboard access to com.android.chrome, application is not in focus nor is it a system service for user 0
10-17 01:51:20.125 D/CoreBackPreview(  507): Window{922e83c u0 ClipboardOverlay}: Setting back callback OnBackInvokedCallbackInfo{mCallback=android.window.IOnBackInvokedCallback$Stub$Proxy@48a6a4b, mPriority=0}
10-17 01:51:20.131 D/CompatibilityChangeReporter(  507): Compat change id reported: 161252188; UID 10116; state: DISABLED
10-17 01:51:20.135 E/OpenGLRenderer(  709): Unable to match the desired swap behavior.
10-17 01:51:20.145 I/netd    (  295): tetherGetStats() -> {[]} <0.33ms>
10-17 01:51:20.145 W/BestClock(  507): java.time.DateTimeException: Missing NTP fix
10-17 01:51:20.145 I/netd    (  295): bandwidthSetGlobalAlert(2097152) <0.06ms>
10-17 01:51:20.172 I/Monkey  ( 2397): :Sending Touch (ACTION_DOWN): 0:(208.0,466.0)
10-17 01:51:20.173 D/TaplEvents( 1064): TIS / TouchInteractionService.onInputEvent: MotionEvent { action=ACTION_DOWN, actionButton=0, id[0]=0, x[0]=208.0, y[0]=466.0, toolType[0]=TOOL_TYPE_UNKNOWN, buttonState=0, classification=NONE, metaState=0, flags=0x0, edgeFlags=0x0, pointerCount=1, historySize=0, eventTime=32556236, downTime=32556236, deviceId=-1, source=0x1002, displayId=0, eventId=-517529984 }
10-17 01:51:20.173 I/Monkey  ( 2397): :Sending Touch (ACTION_UP): 0:(207.87103,468.01447)
10-17 01:51:20.174 D/TaplEvents( 1064): TIS / TouchInteractionService.onInputEvent: MotionEvent { action=ACTION_UP, actionButton=0, id[0]=0, x[0]=207.87103, y[0]=468.01447, toolType[0]=TOOL_TYPE_UNKNOWN, buttonState=0, classification=NONE, metaState=0, flags=0x0, edgeFlags=0x0, pointerCount=1, historySize=0, eventTime=32556237, downTime=32556236, deviceId=-1, source=0x1002, displayId=0, eventId=-633711235 }
10-17 01:51:20.190 D/CoreBackPreview(  507): Window{922e83c u0 ClipboardOverlay}: Setting back callback null
10-17 01:51:20.192 D/EGL_emulation( 2218): app_time_stats: avg=23.75ms min=1.37ms max=83.27ms count=42
10-17 01:51:20.193 W/InputManager-JNI(  507): Input channel object '922e83c ClipboardOverlay (client)' was disposed without first being removed with the input manager!
10-17 01:51:20.197 W/InputManager-JNI(  507): Input channel object '[Gesture Monitor] clipboard overlay (client)' was disposed without first being removed with the input manager!
10-17 01:51:20.206 W/TransactionTracing(  337): Could not find layer handle 0xb40000720f229f90
10-17 01:51:20.206 W/TransactionTracing(  337): Could not find layer handle 0xb40000720f22c510
10-17 01:51:20.206 W/TransactionTracing(  337): Could not find layer handle 0xb40000720f2299f0
10-17 01:51:20.226 D/InputDispatcher(  507): Touch mode switch rejected, caller (pid=0, uid=10177) doesn't own the focused window nor none of the previously interacted window
10-17 01:51:20.227 I/GoogleInputMethodService( 1511): GoogleInputMethodService.onFinishInput():3227 
10-17 01:51:20.227 I/GoogleInputMethodService( 1511): GoogleInputMethodService.updateDeviceLockedStatus():2087 repeatCheckTimes = 0, unlocked = true
10-17 01:51:20.227 I/GoogleInputMethodService( 1511): GoogleInputMethodService.onStartInput():1877 onStartInput(EditorInfo{inputType=0x0(NULL) imeOptions=0x0 privateImeOptions=null actionName=UNSPECIFIED actionLabel=null actionId=0 initialSelStart=-1 initialSelEnd=-1 initialCapsMode=0x0 hintText=null label=null packageName=org.telegram.messenger fieldId=-1 fieldName=null extras=null}, false)
10-17 01:51:20.227 I/GoogleInputMethodService( 1511): GoogleInputMethodService.shouldHideHeaderOnInitialState():4008 ShouldHideHeaderOnInitialState = false
10-17 01:51:20.227 I/GoogleInputMethodService( 1511): GoogleInputMethodService.updateDeviceLockedStatus():2087 repeatCheckTimes = 2, unlocked = true
10-17 01:51:20.277 I/Monkey  ( 2397): :Sending Touch (ACTION_DOWN): 0:(413.0,1648.0)
10-17 01:51:20.278 D/TaplEvents( 1064): TIS / TouchInteractionService.onInputEvent: MotionEvent { action=ACTION_DOWN, actionButton=0, id[0]=0, x[0]=413.0, y[0]=1648.0, toolType[0]=TOOL_TYPE_UNKNOWN, buttonState=0, classification=NONE, metaState=0, flags=0x0, edgeFlags=0x0, pointerCount=1, historySize=0, eventTime=32556341, downTime=32556341, deviceId=-1, source=0x1002, displayId=0, eventId=-832554031 }
10-17 01:51:20.278 I/Monkey  ( 2397): :Sending Touch (ACTION_UP): 0:(413.86948,1637.8928)
10-17 01:51:20.279 D/TaplEvents( 1064): TIS / TouchInteractionService.onInputEvent: MotionEvent { action=ACTION_UP, actionButton=0, id[0]=0, x[0]=413.86948, y[0]=1637.8928, toolType[0]=TOOL_TYPE_UNKNOWN, buttonState=0, classification=NONE, metaState=0, flags=0x0, edgeFlags=0x0, pointerCount=1, historySize=0, eventTime=32556342, downTime=32556341, deviceId=-1, source=0x1002, displayId=0, eventId=-844048792 }
10-17 01:51:20.280 I/GoogleInputMethodService( 1511): GoogleInputMethodService.onFinishInput():3227 
10-17 01:51:20.280 I/GoogleInputMethodService( 1511): GoogleInputMethodService.updateDeviceLockedStatus():2087 repeatCheckTimes = 0, unlocked = true
10-17 01:51:20.280 I/GoogleInputMethodService( 1511): GoogleInputMethodService.onStartInput():1877 onStartInput(EditorInfo{inputType=0x0(NULL) imeOptions=0x0 privateImeOptions=null actionName=UNSPECIFIED actionLabel=null actionId=0 initialSelStart=-1 initialSelEnd=-1 initialCapsMode=0x0 hintText=null label=null packageName=org.telegram.messenger fieldId=-1 fieldName=null extras=null}, false)
10-17 01:51:20.280 I/GoogleInputMethodService( 1511): GoogleInputMethodService.shouldHideHeaderOnInitialState():4008 ShouldHideHeaderOnInitialState = false
10-17 01:51:20.281 I/GoogleInputMethodService( 1511): GoogleInputMethodService.updateDeviceLockedStatus():2087 repeatCheckTimes = 2, unlocked = true
10-17 01:51:20.332 D/InputDispatcher(  507): Touch mode switch rejected, caller (pid=0, uid=10177) doesn't own the focused window nor none of the previously interacted window
10-17 01:51:20.333 I/GoogleInputMethodService( 1511): GoogleInputMethodService.onFinishInput():3227 
10-17 01:51:20.333 I/GoogleInputMethodService( 1511): GoogleInputMethodService.updateDeviceLockedStatus():2087 repeatCheckTimes = 0, unlocked = true
10-17 01:51:20.333 I/GoogleInputMethodService( 1511): GoogleInputMethodService.onStartInput():1877 onStartInput(EditorInfo{inputType=0x0(NULL) imeOptions=0x0 privateImeOptions=null actionName=UNSPECIFIED actionLabel=null actionId=0 initialSelStart=-1 initialSelEnd=-1 initialCapsMode=0x0 hintText=null label=null packageName=org.telegram.messenger fieldId=-1 fieldName=null extras=null}, false)
10-17 01:51:20.333 I/GoogleInputMethodService( 1511): GoogleInputMethodService.shouldHideHeaderOnInitialState():4008 ShouldHideHeaderOnInitialState = false
10-17 01:51:20.333 I/GoogleInputMethodService( 1511): GoogleInputMethodService.updateDeviceLockedStatus():2087 repeatCheckTimes = 2, unlocked = true
10-17 01:51:20.383 I/Monkey  ( 2397): :Sending Touch (ACTION_DOWN): 0:(551.0,133.0)
10-17 01:51:20.384 D/TaplEvents( 1064): TIS / TouchInteractionService.onInputEvent: MotionEvent { action=ACTION_DOWN, actionButton=0, id[0]=0, x[0]=551.0, y[0]=133.0, toolType[0]=TOOL_TYPE_UNKNOWN, buttonState=0, classification=NONE, metaState=0, flags=0x0, edgeFlags=0x0, pointerCount=1, historySize=0, eventTime=32556447, downTime=32556447, deviceId=-1, source=0x1002, displayId=0, eventId=-645469702 }
10-17 01:51:20.384 I/Monkey  ( 2397): :Sending Touch (ACTION_UP): 0:(554.22015,132.41948)
10-17 01:51:20.384 D/TaplEvents( 1064): TIS / TouchInteractionService.onInputEvent: MotionEvent { action=ACTION_UP, actionButton=0, id[0]=0, x[0]=554.22015, y[0]=132.41948, toolType[0]=TOOL_TYPE_UNKNOWN, buttonState=0, classification=NONE, metaState=0, flags=0x0, edgeFlags=0x0, pointerCount=1, historySize=0, eventTime=32556448, downTime=32556447, deviceId=-1, source=0x1002, displayId=0, eventId=-269626911 }
10-17 01:51:20.438 W/Parcel  ( 2218): Expecting binder but got null!
10-17 01:51:20.441 D/CoreBackPreview(  507): Window{ed86c u0 PopupWindow:94206ab}: Setting back callback OnBackInvokedCallbackInfo{mCallback=android.window.IOnBackInvokedCallback$Stub$Proxy@cec5196, mPriority=0}
10-17 01:51:20.446 E/OpenGLRenderer( 2218): Unable to match the desired swap behavior.
10-17 01:51:20.456 W/TransactionTracing(  337): Could not find layer handle 0xb40000720f22e1f0
10-17 01:51:20.456 W/TransactionTracing(  337): Could not find layer handle 0xb40000720f22e850
10-17 01:51:20.487 I/Monkey  ( 2397): :Sending Touch (ACTION_DOWN): 0:(908.0,247.0)
10-17 01:51:20.488 D/TaplEvents( 1064): TIS / TouchInteractionService.onInputEvent: MotionEvent { action=ACTION_DOWN, actionButton=0, id[0]=0, x[0]=908.0, y[0]=247.0, toolType[0]=TOOL_TYPE_UNKNOWN, buttonState=0, classification=NONE, metaState=0, flags=0x0, edgeFlags=0x0, pointerCount=1, historySize=0, eventTime=32556551, downTime=32556551, deviceId=-1, source=0x1002, displayId=0, eventId=-514398692 }
10-17 01:51:20.489 I/Monkey  ( 2397): :Sending Touch (ACTION_UP): 0:(908.11884,242.13046)
10-17 01:51:20.491 D/TaplEvents( 1064): TIS / TouchInteractionService.onInputEvent: MotionEvent { action=ACTION_UP, actionButton=0, id[0]=0, x[0]=908.11884, y[0]=242.13046, toolType[0]=TOOL_TYPE_UNKNOWN, buttonState=0, classification=NONE, metaState=0, flags=0x0, edgeFlags=0x0, pointerCount=1, historySize=0, eventTime=32556553, downTime=32556551, deviceId=-1, source=0x1002, displayId=0, eventId=-831381530 }
10-17 01:51:20.541 I/Monkey  ( 2397): :Sending Touch (ACTION_DOWN): 0:(1052.0,19.0)
10-17 01:51:20.542 D/TaplEvents( 1064): TIS / TouchInteractionService.onInputEvent: MotionEvent { action=ACTION_DOWN, actionButton=0, id[0]=0, x[0]=1052.0, y[0]=19.0, toolType[0]=TOOL_TYPE_UNKNOWN, buttonState=0, classification=NONE, metaState=0, flags=0x0, edgeFlags=0x0, pointerCount=1, historySize=0, eventTime=32556605, downTime=32556605, deviceId=-1, source=0x1002, displayId=0, eventId=-141729442 }
10-17 01:51:20.542 I/Monkey  ( 2397): :Sending Touch (ACTION_UP): 0:(1053.5435,23.744835)
10-17 01:51:20.542 D/TaplEvents( 1064): TIS / TouchInteractionService.onInputEvent: MotionEvent { action=ACTION_UP, actionButton=0, id[0]=0, x[0]=1053.5435, y[0]=23.744835, toolType[0]=TOOL_TYPE_UNKNOWN, buttonState=0, classification=NONE, metaState=0, flags=0x0, edgeFlags=0x0, pointerCount=1, historySize=0, eventTime=32556606, downTime=32556605, deviceId=-1, source=0x1002, displayId=0, eventId=-524864763 }
10-17 01:51:20.544 D/ShellBackPreview(  709): Finishing gesture with event action: 1
10-17 01:51:20.544 D/ShellBackPreview(  709): onGestureFinished() mTriggerBack == false
10-17 01:51:20.544 D/ShellBackPreview(  709): BackAnimationController: finishAnimation()
10-17 01:51:20.544 I/BpBinder(  337): onLastStrongRef automatically unlinking death recipients: <uncached descriptor>
10-17 01:51:20.593 I/Monkey  ( 2397): :Sending Trackball (ACTION_MOVE): 0:(0.0,3.0)
10-17 01:51:20.597 I/Monkey  ( 2397): :Switch: #Intent;action=android.intent.action.MAIN;category=android.intent.category.LAUNCHER;launchFlags=0x10200000;component=org.telegram.messenger/.DefaultIcon;end
10-17 01:51:20.598 I/ActivityTaskManager(  507): START u0 {act=android.intent.action.MAIN cat=[android.intent.category.LAUNCHER] flg=0x10200000 cmp=org.telegram.messenger/.DefaultIcon} from uid 0
10-17 01:51:20.598 I/Monkey  ( 2397):     // Allowing start of Intent { act=android.intent.action.MAIN cat=[android.intent.category.LAUNCHER] cmp=org.telegram.messenger/.DefaultIcon } in package org.telegram.messenger
10-17 01:51:20.599 I/PIP_DEBUG( 2218): [Activity] onPause
10-17 01:51:20.601 I/PIP_DEBUG( 2218): [Activity] onResume
10-17 01:51:20.606 D/InputDispatcher(  507): Touch mode switch rejected, caller (pid=0, uid=10177) doesn't own the focused window nor none of the previously interacted window
10-17 01:51:20.606 D/CoreBackPreview(  507): Window{ed86c u0 PopupWindow:94206ab}: Setting back callback null
10-17 01:51:20.609 W/InputManager-JNI(  507): Input channel object 'ed86c PopupWindow:94206ab (client)' was disposed without first being removed with the input manager!
10-17 01:51:20.625 W/TransactionTracing(  337): Could not find layer handle 0xb40000720f22f150
10-17 01:51:20.625 W/TransactionTracing(  337): Could not find layer handle 0xb40000720f226e70
10-17 01:51:20.625 W/TransactionTracing(  337): Could not find layer handle 0xb40000720f22a8f0
10-17 01:51:20.625 W/TransactionTracing(  337): Could not find layer handle 0xb40000720f225850
10-17 01:51:20.628 I/GoogleInputMethodService( 1511): GoogleInputMethodService.onFinishInput():3227 
10-17 01:51:20.629 I/GoogleInputMethodService( 1511): GoogleInputMethodService.updateDeviceLockedStatus():2087 repeatCheckTimes = 0, unlocked = true
10-17 01:51:20.629 I/GoogleInputMethodService( 1511): GoogleInputMethodService.onStartInput():1877 onStartInput(EditorInfo{inputType=0x0(NULL) imeOptions=0x0 privateImeOptions=null actionName=UNSPECIFIED actionLabel=null actionId=0 initialSelStart=-1 initialSelEnd=-1 initialCapsMode=0x0 hintText=null label=null packageName=org.telegram.messenger fieldId=-1 fieldName=null extras=null}, false)
10-17 01:51:20.629 I/GoogleInputMethodService( 1511): GoogleInputMethodService.shouldHideHeaderOnInitialState():4008 ShouldHideHeaderOnInitialState = false
10-17 01:51:20.630 I/GoogleInputMethodService( 1511): GoogleInputMethodService.updateDeviceLockedStatus():2087 repeatCheckTimes = 2, unlocked = true
