--------- beginning of main
10-17 01:52:10.382 D/AndroidRuntime( 2864): >>>>>> START com.android.internal.os.RuntimeInit uid 0 <<<<<<
10-17 01:52:10.393 I/AndroidRuntime( 2864): Using default boot image
10-17 01:52:10.393 I/AndroidRuntime( 2864): Leaving lock profiling enabled
10-17 01:52:10.397 I/app_process( 2864): Core platform API reporting enabled, enforcing=false
10-17 01:52:10.398 I/app_process( 2864): Using CollectorTypeCC GC.
10-17 01:52:10.500 D/app_process( 2864): Time zone APEX ICU file found: /apex/com.android.tzdata/etc/icu/icu_tzdata.dat
10-17 01:52:10.500 D/app_process( 2864): I18n APEX ICU file found: /apex/com.android.i18n/etc/icu/icudt70l.dat
10-17 01:52:10.554 D/AndroidRuntime( 2864): Calling main entry com.android.commands.monkey.Monkey
10-17 01:52:10.555 W/Monkey  ( 2864): args: [-p, org.telegram.messenger, -c, android.intent.category.LAUNCHER, 1]
10-17 01:52:10.557 W/Monkey  ( 2864):  arg: "-p"
10-17 01:52:10.557 W/Monkey  ( 2864):  arg: "org.telegram.messenger"
10-17 01:52:10.557 W/Monkey  ( 2864):  arg: "-c"
10-17 01:52:10.557 W/Monkey  ( 2864):  arg: "android.intent.category.LAUNCHER"
10-17 01:52:10.557 W/Monkey  ( 2864):  arg: "1"
10-17 01:52:10.557 W/Monkey  ( 2864): data="org.telegram.messenger"
10-17 01:52:10.557 W/Monkey  ( 2864): data="android.intent.category.LAUNCHER"
--------- beginning of system
10-17 01:52:10.575 W/BroadcastQueue(  507): Skipping deliver [background] BroadcastRecord{23bf408 u-1 android.net.conn.CONNECTIVITY_CHANGE} to ReceiverList{e1187a1 2864 (unknown name)/0/u-1 remote:96c1bfa}: process gone or crashing
10-17 01:52:10.584 I/ActivityTaskManager(  507): START u0 {act=android.intent.action.MAIN cat=[android.intent.category.LAUNCHER] flg=0x10200000 cmp=org.telegram.messenger/.DefaultIcon} from uid 0
10-17 01:52:10.603 D/SplashScreenView(  709): Build android.window.SplashScreenView{684be73 V.E...... ......ID 0,0-0,0}
10-17 01:52:10.603 D/SplashScreenView(  709): Icon: view: null drawable: com.android.wm.shell.startingsurface.SplashscreenIconDrawableFactory$AnimatableIconAnimateListener@87e5130 size: 528
10-17 01:52:10.603 D/SplashScreenView(  709): Branding: view: android.view.View{5a561a9 G.ED..... ......I. 0,0-0,0 #10204dc android:id/splashscreen_branding_view} drawable: null size w: 0 h: 0
10-17 01:52:10.611 W/Parcel  (  709): Expecting binder but got null!
10-17 01:52:10.630 D/CoreBackPreview(  507): Window{79fbf23 u0 Splash Screen org.telegram.messenger}: Setting back callback OnBackInvokedCallbackInfo{mCallback=android.window.IOnBackInvokedCallback$Stub$Proxy@78289d9, mPriority=0}
10-17 01:52:10.630 D/SplashScreenView(  709): SurfaceControlViewHost created on thread 31
10-17 01:52:10.634 D/CompatibilityChangeReporter(  507): Compat change id reported: 135634846; UID 10177; state: DISABLED
10-17 01:52:10.635 D/CompatibilityChangeReporter(  507): Compat change id reported: 177438394; UID 10177; state: DISABLED
10-17 01:52:10.635 D/CompatibilityChangeReporter(  507): Compat change id reported: 135772972; UID 10177; state: DISABLED
10-17 01:52:10.635 D/CompatibilityChangeReporter(  507): Compat change id reported: 135754954; UID 10177; state: ENABLED
10-17 01:52:10.636 D/CompatibilityChangeReporter(  507): Compat change id reported: 143937733; UID 10177; state: ENABLED
10-17 01:52:10.641 W/Parcel  (  709): Expecting binder but got null!
10-17 01:52:10.653 D/MainContentCaptureSession( 1064): Flushing 1 event(s) for act:com.google.android.apps.nexuslauncher/.NexusLauncherActivity [state=2 (ACTIVE), disabled=false], reason=FULL
10-17 01:52:10.662 I/Monkey  ( 2864): Events injected: 1
10-17 01:52:10.664 D/SplashScreenView(  709): Icon size 528
10-17 01:52:10.670 W/gdbus   (  296): type=1400 audit(0.0:900): avc: denied { sys_nice } for capability=23 scontext=u:r:zygote:s0 tcontext=u:r:zygote:s0 tclass=capability permissive=0
10-17 01:52:10.715 I/Monkey  ( 2864): ## Network stats: elapsed time=87ms (0ms mobile, 0ms wifi, 87ms not connected)
10-17 01:52:10.727 E/OpenGLRenderer(  709): Unable to match the desired swap behavior.
10-17 01:52:10.732 D/Zygote  (  296): Forked child process 2881
10-17 01:52:10.733 E/SurfaceSyncer(  709): Failed to find sync for id=0
10-17 01:52:10.734 W/ActivityManager(  507): Slow operation: 103ms so far, now at startProcess: returned from zygote!
10-17 01:52:10.734 W/ActivityManager(  507): Slow operation: 103ms so far, now at startProcess: done updating battery stats
10-17 01:52:10.734 W/ActivityManager(  507): Slow operation: 103ms so far, now at startProcess: building log message
10-17 01:52:10.734 I/ActivityManager(  507): Start proc 2881:org.telegram.messenger/u0a177 for next-top-activity {org.telegram.messenger/org.telegram.messenger.DefaultIcon}
10-17 01:52:10.734 W/ActivityManager(  507): Slow operation: 103ms so far, now at startProcess: starting to update pids map
10-17 01:52:10.734 W/ActivityManager(  507): Slow operation: 103ms so far, now at startProcess: done updating pids map
10-17 01:52:10.737 I/egram.messenger( 2881): Using CollectorTypeCC GC.
10-17 01:52:10.739 I/app_process( 2864): System.exit called, status: 0
10-17 01:52:10.739 I/AndroidRuntime( 2864): VM exiting with result code 0.
10-17 01:52:10.760 E/OpenGLRenderer(  709): Unable to match the desired swap behavior.
10-17 01:52:10.809 I/adbd    (12863): jdwp connection from 2881
10-17 01:52:10.881 D/CompatibilityChangeReporter( 2881): Compat change id reported: 171979766; UID 10177; state: ENABLED
10-17 01:52:10.894 D/nativeloader( 2881): Configuring classloader-namespace for other apk /system/framework/org.apache.http.legacy.jar. target_sdk_version=34, uses_libraries=ALL, library_path=/data/app/~~8AjFyUAfKIO6dahERB9kdg==/org.telegram.messenger-nB3jldRh9C2J7LIolRsA5A==/lib/arm64:/data/app/~~8AjFyUAfKIO6dahERB9kdg==/org.telegram.messenger-nB3jldRh9C2J7LIolRsA5A==/base.apk!/lib/arm64-v8a, permitted_path=/data:/mnt/expand:/data/user/0/org.telegram.messenger
10-17 01:52:10.901 D/nativeloader( 2881): Configuring classloader-namespace for other apk /data/app/~~8AjFyUAfKIO6dahERB9kdg==/org.telegram.messenger-nB3jldRh9C2J7LIolRsA5A==/base.apk. target_sdk_version=34, uses_libraries=, library_path=/data/app/~~8AjFyUAfKIO6dahERB9kdg==/org.telegram.messenger-nB3jldRh9C2J7LIolRsA5A==/lib/arm64:/data/app/~~8AjFyUAfKIO6dahERB9kdg==/org.telegram.messenger-nB3jldRh9C2J7LIolRsA5A==/base.apk!/lib/arm64-v8a, permitted_path=/data:/mnt/expand:/data/user/0/org.telegram.messenger
10-17 01:52:10.917 V/GraphicsEnvironment( 2881): ANGLE Developer option for 'org.telegram.messenger' set to: 'default'
10-17 01:52:10.918 V/GraphicsEnvironment( 2881): ANGLE GameManagerService for org.telegram.messenger: false
10-17 01:52:10.918 V/GraphicsEnvironment( 2881): Neither updatable production driver nor prerelease driver is supported.
10-17 01:52:10.921 D/NetworkSecurityConfig( 2881): No Network Security Config specified, using platform default
10-17 01:52:10.921 D/NetworkSecurityConfig( 2881): No Network Security Config specified, using platform default
10-17 01:52:10.926 I/MultiDex( 2881): VM with version 2.1.0 has multidex support
10-17 01:52:10.926 I/MultiDex( 2881): Installing application
10-17 01:52:10.926 I/MultiDex( 2881): VM has multidex support, MultiDex support library is disabled.
10-17 01:52:10.952 D/CompatibilityChangeReporter( 2881): Compat change id reported: 183155436; UID 10177; state: ENABLED
10-17 01:52:10.952 I/FirebaseApp( 2881): Device unlocked: initializing all Firebase APIs for app [DEFAULT]
10-17 01:52:10.960 W/TransactionTracing(  337): Could not find layer handle 0xb40000720f22c930
10-17 01:52:10.975 I/FirebaseInitProvider( 2881): FirebaseApp initialization successful
10-17 01:52:10.999 I/AGConnectProvider( 2881): AGConnectInitializeProvider#onCreate
10-17 01:52:10.999 I/AGConnectInstance( 2881): AGConnectInstance#initialize
10-17 01:52:10.999 I/ServiceRegistrarParser( 2881): getServices
10-17 01:52:11.000 W/egram.messenger( 2881): Accessing hidden field Ljava/util/Collections$SynchronizedCollection;->mutex:Ljava/lang/Object; (max-target-o, reflection, denied)
10-17 01:52:11.001 W/egram.messenger( 2881): Accessing hidden method Ljava/util/Collections$SynchronizedSet;-><init>(Ljava/util/Set;Ljava/lang/Object;)V (max-target-o, reflection, denied)
10-17 01:52:11.001 W/egram.messenger( 2881): Accessing hidden method Ljava/util/Collections$SynchronizedCollection;-><init>(Ljava/util/Collection;Ljava/lang/Object;)V (max-target-o, reflection, denied)
10-17 01:52:11.002 I/ServiceRegistrarParser( 2881): services:0
10-17 01:52:11.027 I/AGC_Instance( 2881): AGC SDK initialize end, default route:DE
10-17 01:52:11.200 D/libEGL  ( 2881): loaded /vendor/lib64/egl/libEGL_emulation.so
10-17 01:52:11.203 D/libEGL  ( 2881): loaded /vendor/lib64/egl/libGLESv1_CM_emulation.so
10-17 01:52:11.209 D/libEGL  ( 2881): loaded /vendor/lib64/egl/libGLESv2_emulation.so
10-17 01:52:11.256 W/TransactionTracing(  337): Could not find layer handle 0xb40000720f22d6b0
10-17 01:52:11.269 D/CompatibilityChangeReporter(  507): Compat change id reported: 161145287; UID 10177; state: DISABLED
10-17 01:52:11.328 V/ActivityThread( 2881): Recovering failed rename /storage/emulated/0/Android/data/org.telegram.messenger/cache/000000000_999999_temp.f to /storage/emulated/0/Android/data/org.telegram.messenger/files/Telegram/Telegram Images/000000000_999999.f
10-17 01:52:11.566 W/pool-12-thread-( 2881): type=1400 audit(0.0:901): avc: denied { relabelfrom } for name="000000000_999999.f" dev="dm-33" ino=303631 scontext=u:r:untrusted_app:s0:c177,c256,c512,c768 tcontext=u:object_r:media_rw_data_file:s0:c177,c256,c512,c768 tclass=file permissive=0 app=org.telegram.messenger
10-17 01:52:11.601 V/ActivityThread( 2881): Recovering failed rename /storage/emulated/0/Android/data/org.telegram.messenger/cache/000000000_999999_temp.f to /storage/emulated/0/Android/data/org.telegram.messenger/files/Telegram/Telegram Video/000000000_999999.f
10-17 01:52:11.598 W/pool-12-thread-( 2881): type=1400 audit(0.0:902): avc: denied { relabelfrom } for name="000000000_999999.f" dev="dm-33" ino=303631 scontext=u:r:untrusted_app:s0:c177,c256,c512,c768 tcontext=u:object_r:media_rw_data_file:s0:c177,c256,c512,c768 tclass=file permissive=0 app=org.telegram.messenger
10-17 01:52:11.607 V/ActivityThread( 2881): Recovering failed rename /storage/emulated/0/Android/data/org.telegram.messenger/cache/000000000_999999_temp.f to /storage/emulated/0/Android/data/org.telegram.messenger/files/Telegram/Telegram Audio/000000000_999999.f
10-17 01:52:11.602 W/pool-12-thread-( 2881): type=1400 audit(0.0:903): avc: denied { relabelfrom } for name="000000000_999999.f" dev="dm-33" ino=303631 scontext=u:r:untrusted_app:s0:c177,c256,c512,c768 tcontext=u:object_r:media_rw_data_file:s0:c177,c256,c512,c768 tclass=file permissive=0 app=org.telegram.messenger
10-17 01:52:11.608 D/ConnectivityService(  507): requestNetwork for uid/pid:10177/2881 activeRequest: null callbackRequest: 591 [NetworkRequest [ REQUEST id=592, [ Capabilities: INTERNET&NOT_RESTRICTED&TRUSTED&NOT_VCN_MANAGED Uid: 10177 RequestorUid: 10177 RequestorPkg: org.telegram.messenger UnderlyingNetworks: Null] ]] callback flags: 0 order: 2147483647
10-17 01:52:11.611 D/ConnectivityService(  507): NetReassign [592 : null → 101] [c 0] [a 1] [i 1]
10-17 01:52:11.611 D/WifiNetworkFactory(  507): got request NetworkRequest [ REQUEST id=592, [ Capabilities: INTERNET&NOT_RESTRICTED&TRUSTED&NOT_VCN_MANAGED Uid: 10177 RequestorUid: 10177 RequestorPkg: org.telegram.messenger UnderlyingNetworks: Null] ]
10-17 01:52:11.611 D/UntrustedWifiNetworkFactory(  507): got request NetworkRequest [ REQUEST id=592, [ Capabilities: INTERNET&NOT_RESTRICTED&TRUSTED&NOT_VCN_MANAGED Uid: 10177 RequestorUid: 10177 RequestorPkg: org.telegram.messenger UnderlyingNetworks: Null] ]
10-17 01:52:11.611 D/OemPaidWifiNetworkFactory(  507): got request NetworkRequest [ REQUEST id=592, [ Capabilities: INTERNET&NOT_RESTRICTED&TRUSTED&NOT_VCN_MANAGED Uid: 10177 RequestorUid: 10177 RequestorPkg: org.telegram.messenger UnderlyingNetworks: Null] ]
10-17 01:52:11.611 D/MultiInternetWifiNetworkFactory(  507): got request NetworkRequest [ REQUEST id=592, [ Capabilities: INTERNET&NOT_RESTRICTED&TRUSTED&NOT_VCN_MANAGED Uid: 10177 RequestorUid: 10177 RequestorPkg: org.telegram.messenger UnderlyingNetworks: Null] ]
10-17 01:52:11.620 V/ActivityThread( 2881): Recovering failed rename /storage/emulated/0/Android/data/org.telegram.messenger/cache/000000000_999999_temp.f to /storage/emulated/0/Android/data/org.telegram.messenger/files/Telegram/Telegram Documents/000000000_999999.f
10-17 01:52:11.638 W/pool-12-thread-( 2881): type=1400 audit(0.0:904): avc: denied { relabelfrom } for name="000000000_999999.f" dev="dm-33" ino=303631 scontext=u:r:untrusted_app:s0:c177,c256,c512,c768 tcontext=u:object_r:media_rw_data_file:s0:c177,c256,c512,c768 tclass=file permissive=0 app=org.telegram.messenger
10-17 01:52:11.660 V/ActivityThread( 2881): Recovering failed rename /storage/emulated/0/Android/data/org.telegram.messenger/cache/000000000_999999_temp.f to /storage/emulated/0/Android/data/org.telegram.messenger/files/Telegram/Telegram Files/000000000_999999.f
--------- beginning of kernel
10-17 01:52:11.663 W/audit   ( 2950): audit_lost=296 audit_rate_limit=5 audit_backlog_limit=64
10-17 01:52:11.663 E/audit   ( 2950): rate limit exceeded
10-17 01:52:11.674 V/ActivityThread( 2881): Recovering failed rename /storage/emulated/0/Android/data/org.telegram.messenger/cache/000000000_999999_temp.f to /storage/emulated/0/Android/data/org.telegram.messenger/files/Telegram/Telegram Stories/000000000_999999.f
10-17 01:52:11.693 V/ActivityThread( 2881): Recovering failed rename /storage/emulated/0/Android/data/org.telegram.messenger/cache/000000000_999999_temp.f to /storage/emulated/0/Android/media/org.telegram.messenger/Telegram/Telegram Images/000000000_999999.f
10-17 01:52:11.696 W/MediaProvider( 1590): isAppCloneUserPair for user 0: false
10-17 01:52:11.711 D/CompatibilityChangeReporter( 2881): Compat change id reported: 147600208; UID 10177; state: ENABLED
10-17 01:52:11.712 D/CompatibilityChangeReporter(  507): Compat change id reported: 157233955; UID 10177; state: ENABLED
10-17 01:52:11.751 W/BroadcastQueue(  507): Exported Denial: sending Intent { act=android.net.conn.CONNECTIVITY_CHANGE flg=0x4200010 (has extras) }, action: android.net.conn.CONNECTIVITY_CHANGE from null (uid=-1) due to receiver ProcessRecord{f6aff9e 2881:org.telegram.messenger/u0a177} (uid 10177) not specifying RECEIVER_EXPORTED
10-17 01:52:11.756 W/BroadcastQueue(  507): Exported Denial: sending Intent { act=android.net.conn.CONNECTIVITY_CHANGE flg=0x4200010 (has extras) }, action: android.net.conn.CONNECTIVITY_CHANGE from null (uid=-1) due to receiver ProcessRecord{f6aff9e 2881:org.telegram.messenger/u0a177} (uid 10177) not specifying RECEIVER_EXPORTED
10-17 01:52:11.757 W/BroadcastQueue(  507): Exported Denial: sending Intent { act=android.net.conn.CONNECTIVITY_CHANGE flg=0x4200010 (has extras) }, action: android.net.conn.CONNECTIVITY_CHANGE from null (uid=-1) due to receiver ProcessRecord{f6aff9e 2881:org.telegram.messenger/u0a177} (uid 10177) not specifying RECEIVER_EXPORTED
10-17 01:52:11.758 W/BroadcastQueue(  507): Exported Denial: sending Intent { act=android.net.conn.CONNECTIVITY_CHANGE flg=0x4200010 (has extras) }, action: android.net.conn.CONNECTIVITY_CHANGE from null (uid=-1) due to receiver ProcessRecord{f6aff9e 2881:org.telegram.messenger/u0a177} (uid 10177) not specifying RECEIVER_EXPORTED
10-17 01:52:11.770 I/MediaProvider( 1590): Deleted 1 0 0 0 0 0 0 items on external_primary due to org.telegram.messenger
10-17 01:52:11.778 V/ActivityThread( 2881): Recovering failed rename /storage/emulated/0/Android/data/org.telegram.messenger/cache/000000000_999999_temp.f to /storage/emulated/0/Android/media/org.telegram.messenger/Telegram/Telegram Video/000000000_999999.f
10-17 01:52:11.780 W/MediaProvider( 1590): isAppCloneUserPair for user 0: false
10-17 01:52:11.790 I/MediaProvider( 1590): Deleted 1 0 0 0 0 0 0 items on external_primary due to org.telegram.messenger
10-17 01:52:11.797 W/egram.messenger( 2881): Accessing hidden field Lcom/android/internal/R$styleable;->View:[I (max-target-q, reflection, denied)
10-17 01:52:11.808 I/NetworkScheduler.Stats( 1253): Task com.google.android.gms/com.google.android.gms.ipa.base.IpaGcmTaskService started execution. cause:9 exec_start_elapsed_seconds: 32607 [CONTEXT service_id=218 ]
10-17 01:52:11.810 D/BoundBrokerSvc( 1253): onBind: Intent { act=com.google.android.gms.scheduler.ACTION_PROXY_SCHEDULE dat=chimera-action:/... cmp=com.google.android.gms/.chimera.PersistentApiService }
10-17 01:52:11.810 D/BoundBrokerSvc( 1253): Loading bound service for intent: Intent { act=com.google.android.gms.scheduler.ACTION_PROXY_SCHEDULE dat=chimera-action:/... cmp=com.google.android.gms/.chimera.PersistentApiService }
10-17 01:52:11.810 I/NetworkScheduler.Stats( 1253): Task com.google.android.gms/com.google.android.gms.ipa.base.IpaGcmTaskService finished executing. cause:9 result: 1 elapsed_millis: 6 uptime_millis: 6 exec_start_elapsed_seconds: 32607 [CONTEXT service_id=218 ]
10-17 01:52:11.829 D/CompatibilityChangeReporter( 2881): Compat change id reported: 210923482; UID 10177; state: ENABLED
10-17 01:52:11.855 D/CompatibilityChangeReporter( 2881): Compat change id reported: 149924527; UID 10177; state: ENABLED
10-17 01:52:11.855 D/CompatibilityChangeReporter( 2881): Compat change id reported: 132649864; UID 10177; state: DISABLED
10-17 01:52:11.865 I/PIP_DEBUG( 2881): [Activity] onStart
10-17 01:52:11.867 I/PIP_DEBUG( 2881): [Activity] onResume
10-17 01:52:11.870 D/CompatibilityChangeReporter( 2881): Compat change id reported: 237531167; UID 10177; state: DISABLED
10-17 01:52:11.872 W/Parcel  ( 2881): Expecting binder but got null!
10-17 01:52:11.873 D/CoreBackPreview(  507): Window{580135 u0 org.telegram.messenger/org.telegram.messenger.DefaultIcon}: Setting back callback OnBackInvokedCallbackInfo{mCallback=android.window.IOnBackInvokedCallback$Stub$Proxy@638773b, mPriority=0}
10-17 01:52:11.889 D/HostConnection( 2881): HostComposition ext ANDROID_EMU_CHECKSUM_HELPER_v1 ANDROID_EMU_native_sync_v2 ANDROID_EMU_native_sync_v3 ANDROID_EMU_native_sync_v4 ANDROID_EMU_dma_v1 ANDROID_EMU_direct_mem ANDROID_EMU_host_composition_v1 ANDROID_EMU_host_composition_v2 ANDROID_EMU_vulkan ANDROID_EMU_deferred_vulkan_commands ANDROID_EMU_vulkan_null_optional_strings ANDROID_EMU_vulkan_create_resources_with_requirements ANDROID_EMU_YUV_Cache ANDROID_EMU_vulkan_ignored_handles ANDROID_EMU_has_shared_slots_host_memory_allocator ANDROID_EMU_vulkan_free_memory_sync ANDROID_EMU_vulkan_shader_float16_int8 ANDROID_EMU_vulkan_async_queue_submit ANDROID_EMU_vulkan_queue_submit_with_commands ANDROID_EMU_sync_buffer_data ANDROID_EMU_vulkan_async_qsri ANDROID_EMU_read_color_buffer_dma ANDROID_EMU_hwc_multi_configs ANDROID_EMU_hwc_color_transform GL_OES_EGL_image_external_essl3 GL_OES_vertex_array_object ANDROID_EMU_host_side_tracing ANDROID_EMU_gles_max_version_3_0 
10-17 01:52:11.890 W/OpenGLRenderer( 2881): Failed to choose config with EGL_SWAP_BEHAVIOR_PRESERVED, retrying without...
10-17 01:52:11.890 W/OpenGLRenderer( 2881): Failed to initialize 101010-2 format, error = EGL_SUCCESS
10-17 01:52:11.891 D/EGL_emulation( 2881): eglCreateContext: 0xb40000719c2cce90: maj 3 min 0 rcv 3
10-17 01:52:11.892 D/EGL_emulation( 2881): eglMakeCurrent: 0xb40000719c2cce90: ver 3 0 (tinfo 0x73b8dac080) (first time)
10-17 01:52:11.896 I/hwservicemanager(  150): getTransport: Cannot find entry android.hardware.graphics.mapper@4.0::IMapper/default in either framework or device VINTF manifest.
10-17 01:52:11.896 I/Gralloc4( 2881): mapper 4.x is not supported
10-17 01:52:11.898 I/hwservicemanager(  150): getTransport: Cannot find entry android.hardware.graphics.allocator@4.0::IAllocator/default in either framework or device VINTF manifest.
10-17 01:52:11.898 I/servicemanager(  149): Could not find android.hardware.graphics.allocator.IAllocator/default in the VINTF manifest.
10-17 01:52:11.898 W/Gralloc4( 2881): allocator 4.x is not supported
10-17 01:52:11.901 D/HostConnection( 2881): HostComposition ext ANDROID_EMU_CHECKSUM_HELPER_v1 ANDROID_EMU_native_sync_v2 ANDROID_EMU_native_sync_v3 ANDROID_EMU_native_sync_v4 ANDROID_EMU_dma_v1 ANDROID_EMU_direct_mem ANDROID_EMU_host_composition_v1 ANDROID_EMU_host_composition_v2 ANDROID_EMU_vulkan ANDROID_EMU_deferred_vulkan_commands ANDROID_EMU_vulkan_null_optional_strings ANDROID_EMU_vulkan_create_resources_with_requirements ANDROID_EMU_YUV_Cache ANDROID_EMU_vulkan_ignored_handles ANDROID_EMU_has_shared_slots_host_memory_allocator ANDROID_EMU_vulkan_free_memory_sync ANDROID_EMU_vulkan_shader_float16_int8 ANDROID_EMU_vulkan_async_queue_submit ANDROID_EMU_vulkan_queue_submit_with_commands ANDROID_EMU_sync_buffer_data ANDROID_EMU_vulkan_async_qsri ANDROID_EMU_read_color_buffer_dma ANDROID_EMU_hwc_multi_configs ANDROID_EMU_hwc_color_transform GL_OES_EGL_image_external_essl3 GL_OES_vertex_array_object ANDROID_EMU_host_side_tracing ANDROID_EMU_gles_max_version_3_0 
10-17 01:52:11.901 E/OpenGLRenderer( 2881): Unable to match the desired swap behavior.
10-17 01:52:11.921 I/ActivityTaskManager(  507): Displayed org.telegram.messenger/.DefaultIcon: +1s336ms
10-17 01:52:11.927 D/SplashScreenView(  709): Shell removed splash screen. Releasing SurfaceControlViewHost on thread #31
10-17 01:52:11.927 D/CoreBackPreview(  507): Window{79fbf23 u0 Splash Screen org.telegram.messenger EXITING}: Setting back callback null
10-17 01:52:11.929 W/WindowManager(  507): Failed looking up window session=Session{3cbc92c 709:u0a10157} callers=com.android.server.wm.WindowManagerService.windowForClientLocked:6050 com.android.server.wm.WindowManagerService.removeWindow:2076 com.android.server.wm.Session.remove:230 
10-17 01:52:11.929 W/InputManager-JNI(  507): Input channel object 'Embedded{} (client)' was disposed without first being removed with the input manager!
10-17 01:52:11.930 W/InputManager-JNI(  507): Input channel object '79fbf23 Splash Screen org.telegram.messenger (client)' was disposed without first being removed with the input manager!
10-17 01:52:11.932 D/OneSearchSuggestProvider( 1064): Shut down the binder channel
10-17 01:52:11.933 I/s.nexuslauncher( 1064): oneway function results for code 2 on binder at 0xb40000712c34b000 will be dropped but finished with status UNKNOWN_TRANSACTION
10-17 01:52:11.941 W/TransactionTracing(  337): Could not find layer handle 0xb40000720f226e10
10-17 01:52:11.941 W/TransactionTracing(  337): Could not find layer handle 0xb40000720f22fc90
10-17 01:52:11.941 W/TransactionTracing(  337): Could not find layer handle 0xb40000720f228970
10-17 01:52:11.942 W/TransactionTracing(  337): Could not find layer handle 0xb40000720f22fc90
10-17 01:52:11.942 W/TransactionTracing(  337): Could not find layer handle 0xb40000720f228970
10-17 01:52:11.957 W/TransactionTracing(  337): Could not find layer handle 0xb40000720f225910
10-17 01:52:11.962 I/egram.messenger( 2881): JIT allocated 62KB for compiled code of void org.telegram.ui.Cells.DialogCell.buildLayout()
10-17 01:52:11.962 I/egram.messenger( 2881): Compiler allocated 9399KB to compile void org.telegram.ui.Cells.DialogCell.buildLayout()
10-17 01:52:11.999 I/egram.messenger( 2881): Compiler allocated 6665KB to compile void org.telegram.ui.Cells.DialogCell.onDraw(android.graphics.Canvas)
10-17 01:52:12.075 W/NotificationHistory(  507): Attempted to remove conversation for locked/gone/disabled user 0
10-17 01:52:12.373 I/FontLog ( 1253): Received query Noto Color Emoji Compat, URI content://com.google.android.gms.fonts [CONTEXT service_id=132 ]
10-17 01:52:12.373 I/FontLog ( 1253): Query [emojicompat-emoji-font] resolved to {Noto Color Emoji Compat, wdth 100.0, wght 400, ital 0.0, bestEffort false} [CONTEXT service_id=132 ]
10-17 01:52:12.375 I/FontLog ( 1253): Fetch {Noto Color Emoji Compat, wdth 100.0, wght 400, ital 0.0, bestEffort false} end status Status{statusCode=SUCCESS, resolution=null} [CONTEXT service_id=132 ]
10-17 01:52:12.378 I/FontLog ( 1253): Pulling font file for id = 137, cache size = 5 [CONTEXT service_id=132 ]
10-17 01:52:12.381 I/FontLog ( 1253): Pulling font file for id = 137, cache size = 5 [CONTEXT service_id=132 ]
10-17 01:52:12.502 W/BroadcastQueue(  507): Exported Denial: sending Intent { act=android.net.conn.CONNECTIVITY_CHANGE flg=0x4200010 (has extras) }, action: android.net.conn.CONNECTIVITY_CHANGE from null (uid=-1) due to receiver ProcessRecord{f6aff9e 2881:org.telegram.messenger/u0a177} (uid 10177) not specifying RECEIVER_EXPORTED
10-17 01:52:12.698 E/HMSSDK_HMSPackageManager( 2881): resolveInfoList is null or empty
10-17 01:52:12.699 E/HMSSDK_HMSPackageManager( 2881): PackagePriorityInfo list is null
10-17 01:52:12.699 E/HMSSDK_HMSPackageManager( 2881): <initHmsPackageInfoForMultiService> Failed to find HMS apk
10-17 01:52:12.700 I/HMSSDK_HMSPackageManager( 2881): Enter getHMSPackageNameForMultiService
10-17 01:52:12.701 I/HMSSDK_HMSPackageManager( 2881): enter asyncOnceCheckMDMState
10-17 01:52:12.701 E/HMSSDK_HMSPackageManager( 2881): resolveInfoList is null or empty
10-17 01:52:12.702 E/HMSSDK_HMSPackageManager( 2881): PackagePriorityInfo list is null
10-17 01:52:12.702 E/HMSSDK_HMSPackageManager( 2881): <initHmsPackageInfoForMultiService> Failed to find HMS apk
10-17 01:52:12.702 I/HMSSDK_HMSPackageManager( 2881): quit asyncOnceCheckMDMState
10-17 01:52:12.703 I/HMSSDK_HianalyticsExist( 2881): In isHianalyticsExist, Failed to find class HiAnalyticsConfig.
10-17 01:52:12.703 I/HMSSDK_HianalyticsExist( 2881): hianalytics exist: false
10-17 01:52:12.704 I/HMSSDK_HMSBIInitializer( 2881): Builder->biInitFlag :false
10-17 01:52:12.705 I/HMSSDK_AnalyticsSwitchHolder( 2881): Builder->biSetting :true
10-17 01:52:12.865 I/logd    (  158): logdr: UID=0 GID=0 PID=3014 b tail=0 logMask=99 pid=0 start=0ns deadline=0ns
10-17 01:52:13.950 D/EGL_emulation( 2881): app_time_stats: avg=95.22ms min=0.73ms max=1605.25ms count=19
10-17 01:52:15.059 D/AndroidRuntime( 3038): >>>>>> START com.android.internal.os.RuntimeInit uid 0 <<<<<<
10-17 01:52:15.061 I/AndroidRuntime( 3038): Using default boot image
10-17 01:52:15.061 I/AndroidRuntime( 3038): Leaving lock profiling enabled
10-17 01:52:15.063 I/app_process( 3038): Core platform API reporting enabled, enforcing=false
10-17 01:52:15.063 I/app_process( 3038): Using CollectorTypeCC GC.
10-17 01:52:15.092 D/app_process( 3038): Time zone APEX ICU file found: /apex/com.android.tzdata/etc/icu/icu_tzdata.dat
10-17 01:52:15.092 D/app_process( 3038): I18n APEX ICU file found: /apex/com.android.i18n/etc/icu/icudt70l.dat
10-17 01:52:15.104 D/AndroidRuntime( 3038): Calling main entry com.android.commands.monkey.Monkey
10-17 01:52:15.105 W/Monkey  ( 3038): args: [-p, org.telegram.messenger, --throttle, 50, --pct-syskeys, 0, --pct-nav, 10, --pct-touch, 70, -v, 800]
10-17 01:52:15.105 W/Monkey  ( 3038):  arg: "-p"
10-17 01:52:15.105 W/Monkey  ( 3038):  arg: "org.telegram.messenger"
10-17 01:52:15.105 W/Monkey  ( 3038):  arg: "--throttle"
10-17 01:52:15.105 W/Monkey  ( 3038):  arg: "50"
10-17 01:52:15.105 W/Monkey  ( 3038):  arg: "--pct-syskeys"
10-17 01:52:15.105 W/Monkey  ( 3038):  arg: "0"
10-17 01:52:15.105 W/Monkey  ( 3038):  arg: "--pct-nav"
10-17 01:52:15.105 W/Monkey  ( 3038):  arg: "10"
10-17 01:52:15.105 W/Monkey  ( 3038):  arg: "--pct-touch"
10-17 01:52:15.105 W/Monkey  ( 3038):  arg: "70"
10-17 01:52:15.105 W/Monkey  ( 3038):  arg: "-v"
10-17 01:52:15.105 W/Monkey  ( 3038):  arg: "800"
10-17 01:52:15.105 W/Monkey  ( 3038): data="org.telegram.messenger"
10-17 01:52:15.105 W/Monkey  ( 3038): arg="--throttle" mCurArgData="null" mNextArg=3 argwas="--throttle" nextarg="50"
10-17 01:52:15.105 W/Monkey  ( 3038): data="50"
10-17 01:52:15.105 W/Monkey  ( 3038): arg="--pct-syskeys" mCurArgData="null" mNextArg=5 argwas="--pct-syskeys" nextarg="0"
10-17 01:52:15.105 W/Monkey  ( 3038): data="0"
10-17 01:52:15.106 W/Monkey  ( 3038): arg="--pct-nav" mCurArgData="null" mNextArg=7 argwas="--pct-nav" nextarg="10"
10-17 01:52:15.106 W/Monkey  ( 3038): data="10"
10-17 01:52:15.106 W/Monkey  ( 3038): arg="--pct-touch" mCurArgData="null" mNextArg=9 argwas="--pct-touch" nextarg="70"
10-17 01:52:15.106 W/Monkey  ( 3038): data="70"
10-17 01:52:15.108 I/Monkey  ( 3038): :Monkey: seed=1760681121619 count=800
10-17 01:52:15.109 I/Monkey  ( 3038): :AllowPackage: org.telegram.messenger
10-17 01:52:15.109 I/Monkey  ( 3038): :IncludeCategory: android.intent.category.LAUNCHER
10-17 01:52:15.109 I/Monkey  ( 3038): :IncludeCategory: android.intent.category.MONKEY
10-17 01:52:15.111 W/BroadcastQueue(  507): Skipping deliver [background] BroadcastRecord{6403ad u-1 android.net.conn.CONNECTIVITY_CHANGE} to ReceiverList{88276e2 3038 (unknown name)/0/u-1 remote:1867d7}: process gone or crashing
10-17 01:52:15.113 I/Monkey  ( 3038): // Event percentages:
10-17 01:52:15.113 I/Monkey  ( 3038): //   0: 70.0%
10-17 01:52:15.113 I/Monkey  ( 3038): //   1: 3.448276%
10-17 01:52:15.113 I/Monkey  ( 3038): //   2: 0.6896552%
10-17 01:52:15.113 I/Monkey  ( 3038): //   3: 5.172414%
10-17 01:52:15.113 I/Monkey  ( 3038): //   4: -0.0%
10-17 01:52:15.113 I/Monkey  ( 3038): //   5: -0.0%
10-17 01:52:15.113 I/Monkey  ( 3038): //   6: 10.0%
10-17 01:52:15.114 I/Monkey  ( 3038): //   7: 5.172414%
10-17 01:52:15.114 I/Monkey  ( 3038): //   8: -0.0%
10-17 01:52:15.114 I/Monkey  ( 3038): //   9: 0.6896552%
10-17 01:52:15.114 I/Monkey  ( 3038): //   10: 0.3448276%
10-17 01:52:15.114 I/Monkey  ( 3038): //   11: 4.4827585%
10-17 01:52:15.114 I/Monkey  ( 3038): :Switch: #Intent;action=android.intent.action.MAIN;category=android.intent.category.LAUNCHER;launchFlags=0x10200000;component=org.telegram.messenger/.DefaultIcon;end
10-17 01:52:15.115 I/ActivityTaskManager(  507): START u0 {act=android.intent.action.MAIN cat=[android.intent.category.LAUNCHER] flg=0x10200000 cmp=org.telegram.messenger/.DefaultIcon} from uid 0
10-17 01:52:15.115 I/Monkey  ( 3038):     // Allowing start of Intent { act=android.intent.action.MAIN cat=[android.intent.category.LAUNCHER] cmp=org.telegram.messenger/.DefaultIcon } in package org.telegram.messenger
10-17 01:52:15.115 D/CompatibilityChangeReporter(  507): Compat change id reported: 265464455; UID 10177; state: DISABLED
10-17 01:52:15.115 D/CompatibilityChangeReporter(  507): Compat change id reported: 265452344; UID 10177; state: DISABLED
10-17 01:52:15.115 D/CompatibilityChangeReporter(  507): Compat change id reported: 266124927; UID 10177; state: DISABLED
10-17 01:52:15.115 D/CompatibilityChangeReporter(  507): Compat change id reported: 265451093; UID 10177; state: DISABLED
10-17 01:52:15.115 D/CompatibilityChangeReporter(  507): Compat change id reported: 265456536; UID 10177; state: DISABLED
10-17 01:52:15.115 D/CompatibilityChangeReporter(  507): Compat change id reported: 255940284; UID 10177; state: DISABLED
10-17 01:52:15.115 D/CompatibilityChangeReporter(  507): Compat change id reported: 236283604; UID 10177; state: DISABLED
10-17 01:52:15.115 D/CompatibilityChangeReporter(  507): Compat change id reported: 263959004; UID 10177; state: DISABLED
10-17 01:52:15.115 D/CompatibilityChangeReporter(  507): Compat change id reported: 264304459; UID 10177; state: DISABLED
10-17 01:52:15.115 D/CompatibilityChangeReporter(  507): Compat change id reported: 264301586; UID 10177; state: DISABLED
10-17 01:52:15.115 D/CompatibilityChangeReporter(  507): Compat change id reported: 254631730; UID 10177; state: DISABLED
10-17 01:52:15.115 D/CompatibilityChangeReporter(  507): Compat change id reported: 273509367; UID 10177; state: DISABLED
10-17 01:52:15.115 D/CompatibilityChangeReporter(  507): Compat change id reported: 263259275; UID 10177; state: DISABLED
10-17 01:52:15.115 D/CompatibilityChangeReporter(  507): Compat change id reported: 194480991; UID 10177; state: ENABLED
10-17 01:52:15.116 D/CompatibilityChangeReporter(  507): Compat change id reported: 174042980; UID 10177; state: DISABLED
10-17 01:52:15.117 D/CompatibilityChangeReporter(  507): Compat change id reported: 194833441; UID 10177; state: ENABLED
10-17 01:52:15.117 I/PIP_DEBUG( 2881): [Activity] onPause
10-17 01:52:15.118 I/PIP_DEBUG( 2881): [Activity] onResume
10-17 01:52:15.127 D/EGL_emulation( 2881): app_time_stats: avg=69.08ms min=11.64ms max=796.38ms count=17
10-17 01:52:15.169 I/Monkey  ( 3038): :Sending Touch (ACTION_DOWN): 0:(934.0,959.0)
10-17 01:52:15.170 D/TaplEvents( 1064): TIS / TouchInteractionService.onInputEvent: MotionEvent { action=ACTION_DOWN, actionButton=0, id[0]=0, x[0]=934.0, y[0]=959.0, toolType[0]=TOOL_TYPE_UNKNOWN, buttonState=0, classification=NONE, metaState=0, flags=0x0, edgeFlags=0x0, pointerCount=1, historySize=0, eventTime=32611233, downTime=32611233, deviceId=-1, source=0x1002, displayId=0, eventId=-52574242 }
10-17 01:52:15.170 I/Monkey  ( 3038): :Sending Touch (ACTION_UP): 0:(951.4868,959.8343)
10-17 01:52:15.171 D/TaplEvents( 1064): TIS / TouchInteractionService.onInputEvent: MotionEvent { action=ACTION_UP, actionButton=0, id[0]=0, x[0]=951.4868, y[0]=959.8343, toolType[0]=TOOL_TYPE_UNKNOWN, buttonState=0, classification=NONE, metaState=0, flags=0x0, edgeFlags=0x0, pointerCount=1, historySize=0, eventTime=32611234, downTime=32611233, deviceId=-1, source=0x1002, displayId=0, eventId=-486528139 }
10-17 01:52:15.181 W/egram.messenger( 2881): Accessing hidden field Landroid/widget/PopupWindow;->mOnScrollChangedListener:Landroid/view/ViewTreeObserver$OnScrollChangedListener; (max-target-p, reflection, denied)
10-17 01:52:15.182 D/CompatibilityChangeReporter( 2881): Compat change id reported: 171228096; UID 10177; state: ENABLED
10-17 01:52:15.197 W/egram.messenger( 2881): Accessing hidden field Landroid/view/View;->mScrollY:I (max-target-p, reflection, denied)
10-17 01:52:15.198 W/egram.messenger( 2881): Accessing hidden field Landroid/widget/Editor;->mShowCursor:J (max-target-p, reflection, denied)
10-17 01:52:15.220 W/AndroidSpellCheckerService( 1511): AndroidSpellCheckerService.initialize():82 initialize...
10-17 01:52:15.220 I/ShortcutsDataManager( 1511): ShortcutsDataManager.onContentChanged():70 onContentChanged()
10-17 01:52:15.220 I/ContactsDataManager( 1511): ContactsDataManager.onContentChanged():156 onContentChanged()
10-17 01:52:15.220 W/AndroidSpellCheckerService( 1511): AndroidSpellCheckerService.initialize():94 initialize...done
10-17 01:52:15.221 I/Monkey  ( 3038): :Sending Touch (ACTION_DOWN): 0:(883.0,1954.0)
10-17 01:52:15.221 D/TaplEvents( 1064): TIS / TouchInteractionService.onInputEvent: MotionEvent { action=ACTION_DOWN, actionButton=0, id[0]=0, x[0]=883.0, y[0]=1954.0, toolType[0]=TOOL_TYPE_UNKNOWN, buttonState=0, classification=NONE, metaState=0, flags=0x0, edgeFlags=0x0, pointerCount=1, historySize=0, eventTime=32611285, downTime=32611285, deviceId=-1, source=0x1002, displayId=0, eventId=-1064681846 }
10-17 01:52:15.221 I/Monkey  ( 3038): :Sending Touch (ACTION_UP): 0:(871.8907,1951.562)
10-17 01:52:15.221 D/TaplEvents( 1064): TIS / TouchInteractionService.onInputEvent: MotionEvent { action=ACTION_UP, actionButton=0, id[0]=0, x[0]=871.8907, y[0]=1951.562, toolType[0]=TOOL_TYPE_UNKNOWN, buttonState=0, classification=NONE, metaState=0, flags=0x0, edgeFlags=0x0, pointerCount=1, historySize=0, eventTime=32611285, downTime=32611285, deviceId=-1, source=0x1002, displayId=0, eventId=-716519433 }
10-17 01:52:15.246 I/egram.messenger( 2881): Method exceeds compiler instruction limit: 31816 in void org.telegram.ui.Cells.ChatMessageCell.setMessageContent(org.telegram.messenger.MessageObject, org.telegram.messenger.MessageObject$GroupedMessages, boolean, boolean, boolean)
10-17 01:52:15.272 I/Monkey  ( 3038): :Sending Trackball (ACTION_MOVE): 0:(0.0,-5.0)
10-17 01:52:15.272 W/InputDispatcher(  507): Waiting because no window has focus but ActivityRecord{39dfcdd u0 org.telegram.messenger/.DefaultIcon} t60} may eventually add a window when it finishes starting up. Will wait for 5000ms
10-17 01:52:15.365 I/egram.messenger( 2881): Compiler allocated 5486KB to compile void org.telegram.ui.Cells.ChatMessageCell.drawContent(android.graphics.Canvas, boolean)
10-17 01:52:15.402 I/egram.messenger( 2881): JIT allocated 67KB for compiled code of void org.telegram.ui.Cells.ChatMessageCell.drawOverlays(android.graphics.Canvas)
10-17 01:52:15.402 I/egram.messenger( 2881): Compiler allocated 9668KB to compile void org.telegram.ui.Cells.ChatMessageCell.drawOverlays(android.graphics.Canvas)
10-17 01:52:15.447 I/egram.messenger( 2881): JIT allocated 68KB for compiled code of void org.telegram.messenger.MessageObject.updateMessageText(java.util.AbstractMap, java.util.AbstractMap, androidx.collection.LongSparseArray, androidx.collection.LongSparseArray)
10-17 01:52:15.447 I/egram.messenger( 2881): Compiler allocated 5686KB to compile void org.telegram.messenger.MessageObject.updateMessageText(java.util.AbstractMap, java.util.AbstractMap, androidx.collection.LongSparseArray, androidx.collection.LongSparseArray)
10-17 01:52:15.506 D/BoundBrokerSvc( 6467): onBind: Intent { act=com.google.android.gms.safetynet.service.START pkg=com.google.android.gms }
10-17 01:52:15.506 D/BoundBrokerSvc( 6467): Loading bound service for intent: Intent { act=com.google.android.gms.safetynet.service.START pkg=com.google.android.gms }
10-17 01:52:16.249 D/EGL_emulation( 2881): app_time_stats: avg=31.91ms min=1.34ms max=417.51ms count=27
10-17 01:52:16.332 W/BestClock(  507): java.time.DateTimeException: Missing NTP fix
10-17 01:52:16.370 I/netd    (  295): tetherGetStats() -> {[]} <1.11ms>
10-17 01:52:16.371 W/BestClock(  507): java.time.DateTimeException: Missing NTP fix
10-17 01:52:16.373 I/netd    (  295): bandwidthSetGlobalAlert(2097152) <0.30ms>
10-17 01:52:17.250 D/EGL_emulation( 2881): app_time_stats: avg=62.53ms min=13.94ms max=413.46ms count=16
10-17 01:52:18.265 D/EGL_emulation( 2881): app_time_stats: avg=144.96ms min=9.52ms max=421.02ms count=7
10-17 01:52:19.266 D/EGL_emulation( 2881): app_time_stats: avg=250.10ms min=81.43ms max=418.46ms count=4
10-17 01:52:20.279 E/InputDispatcher(  507): Dropping MOTION event because there is no focused window
10-17 01:52:20.282 W/InputManager(  507): Input event injection from pid 3038 failed.
10-17 01:52:20.282 I/WindowManager(  507): ANR in ActivityRecord{39dfcdd u0 org.telegram.messenger/.DefaultIcon} t60}.  Reason: Application does not have a focused window
10-17 01:52:20.289 I/Monkey  ( 3038):     // Injection Failed
10-17 01:52:20.302 D/CompatibilityChangeReporter(  507): Compat change id reported: 184838306; UID 10177; state: DISABLED
10-17 01:52:20.302 D/CompatibilityChangeReporter(  507): Compat change id reported: 185004937; UID 10177; state: DISABLED
10-17 01:52:20.304 W/InputDispatcher(  507): Waiting because no window has focus but ActivityRecord{39dfcdd u0 org.telegram.messenger/.DefaultIcon} t60} may eventually add a window when it finishes starting up. Will wait for 5000ms
10-17 01:52:20.315 I/ActivityManager(  507): dumpStackTraces pids={876=true, 926=true, 1064=true, 1253=true, 1347=true, 1429=true, 1466=true, 1491=true, 1590=true, 1598=true, 1619=true, 1635=true, 1723=true, 6467=true, 14350=true, 22683=true, 22799=true, 27589=true, 28972=true, 30635=true, 30722=true, 30804=true, 30842=true, 31174=true, 31203=true, 32176=true, 32218=true, 32260=true, 32349=true} nativepids=[157, 172, 294, 295, 334, 337, 369, 398, 402, 403, 404, 408]
10-17 01:52:20.341 D/EGL_emulation( 2881): app_time_stats: avg=215.10ms min=77.09ms max=416.81ms count=5
10-17 01:52:20.545 I/ActivityManager(  507): Skipping next CPU consuming process, not a java proc: 57
10-17 01:52:20.545 I/ActivityManager(  507): Skipping next CPU consuming process, not a java proc: 507
10-17 01:52:20.545 I/ActivityManager(  507): Skipping next CPU consuming process, not a java proc: 320
10-17 01:52:20.545 I/ActivityManager(  507): Skipping next CPU consuming process, not a java proc: 337
10-17 01:52:20.545 I/ActivityManager(  507): Dumping to /data/anr/anr_2025-10-17-01-52-20-545
10-17 01:52:20.545 I/ActivityManager(  507): Collecting stacks for pid 2881
10-17 01:52:20.546 I/system_server(  507): libdebuggerd_client: started dumping process 2881
10-17 01:52:20.547 I/tombstoned(  198): registered intercept for pid 2881 and type kDebuggerdJavaBacktrace
10-17 01:52:20.547 I/egram.messenger( 2881): Thread[6,tid=2891,WaitingInMainSignalCatcherLoop,Thread*=0xb40000727c29cb20,peer=0x15c001c0,"Signal Catcher"]: reacting to signal 3
10-17 01:52:20.547 I/egram.messenger( 2881): 
10-17 01:52:20.598 I/tombstoned(  198): received crash request for pid 2881
10-17 01:52:20.598 I/tombstoned(  198): found intercept fd 512 for pid 2881 and type kDebuggerdJavaBacktrace
10-17 01:52:20.599 I/egram.messenger( 2881): Wrote stack traces to tombstoned
10-17 01:52:20.599 W/tombstoned(  198): skipping tombstone file creation due to intercept
10-17 01:52:20.599 I/system_server(  507): libdebuggerd_client: done dumping process 2881
10-17 01:52:20.601 I/ActivityManager(  507): Collecting stacks for pid 507
10-17 01:52:20.602 I/system_server(  507): libdebuggerd_client: started dumping process 507
10-17 01:52:20.602 I/tombstoned(  198): registered intercept for pid 507 and type kDebuggerdJavaBacktrace
10-17 01:52:20.602 I/system_server(  507): Thread[2,tid=513,WaitingInMainSignalCatcherLoop,Thread*=0xb40000727c2a1e90,peer=0x13700158,"Signal Catcher"]: reacting to signal 3
10-17 01:52:20.602 I/system_server(  507): 
10-17 01:52:20.661 I/HidlSensorManager(  507): hidl_ssvc_poll: spurious wake up, back to work
10-17 01:52:20.697 I/tombstoned(  198): received crash request for pid 507
10-17 01:52:20.697 I/tombstoned(  198): found intercept fd 512 for pid 507 and type kDebuggerdJavaBacktrace
10-17 01:52:20.697 I/system_server(  507): Wrote stack traces to tombstoned
10-17 01:52:20.697 W/tombstoned(  198): skipping tombstone file creation due to intercept
10-17 01:52:20.698 I/system_server(  507): libdebuggerd_client: done dumping process 507
10-17 01:52:20.699 I/ActivityManager(  507): Collecting stacks for pid 1511
10-17 01:52:20.700 I/system_server(  507): libdebuggerd_client: started dumping process 1511
10-17 01:52:20.700 I/tombstoned(  198): registered intercept for pid 1511 and type kDebuggerdJavaBacktrace
10-17 01:52:20.700 I/putmethod.latin( 1511): Thread[5,tid=1516,WaitingInMainSignalCatcherLoop,Thread*=0xb40000727c2a8dd0,peer=0x12d401c0,"Signal Catcher"]: reacting to signal 3
10-17 01:52:20.700 I/putmethod.latin( 1511): 
10-17 01:52:20.744 I/tombstoned(  198): received crash request for pid 1511
10-17 01:52:20.744 I/tombstoned(  198): found intercept fd 512 for pid 1511 and type kDebuggerdJavaBacktrace
10-17 01:52:20.744 I/putmethod.latin( 1511): Wrote stack traces to tombstoned
10-17 01:52:20.744 W/tombstoned(  198): skipping tombstone file creation due to intercept
10-17 01:52:20.745 I/system_server(  507): libdebuggerd_client: done dumping process 1511
10-17 01:52:20.746 I/ActivityManager(  507): Collecting stacks for pid 1663
10-17 01:52:20.747 I/system_server(  507): libdebuggerd_client: started dumping process 1663
10-17 01:52:20.747 I/tombstoned(  198): registered intercept for pid 1663 and type kDebuggerdJavaBacktrace
10-17 01:52:20.747 I/or.multidisplay( 1663): Thread[6,tid=1670,WaitingInMainSignalCatcherLoop,Thread*=0xb40000727c29af50,peer=0x12f801c0,"Signal Catcher"]: reacting to signal 3
10-17 01:52:20.747 I/or.multidisplay( 1663): 
10-17 01:52:20.757 I/tombstoned(  198): received crash request for pid 1663
10-17 01:52:20.757 I/tombstoned(  198): found intercept fd 512 for pid 1663 and type kDebuggerdJavaBacktrace
10-17 01:52:20.757 W/tombstoned(  198): skipping tombstone file creation due to intercept
10-17 01:52:20.757 I/or.multidisplay( 1663): Wrote stack traces to tombstoned
10-17 01:52:20.757 I/system_server(  507): libdebuggerd_client: done dumping process 1663
10-17 01:52:20.760 I/ActivityManager(  507): Collecting stacks for pid 868
10-17 01:52:20.760 I/system_server(  507): libdebuggerd_client: started dumping process 868
10-17 01:52:20.760 I/tombstoned(  198): registered intercept for pid 868 and type kDebuggerdJavaBacktrace
10-17 01:52:20.761 I/com.android.se(  868): Thread[2,tid=877,WaitingInMainSignalCatcherLoop,Thread*=0xb40000727c2a1e90,peer=0x12fc01c0,"Signal Catcher"]: reacting to signal 3
10-17 01:52:20.761 I/com.android.se(  868): 
10-17 01:52:20.770 I/tombstoned(  198): received crash request for pid 868
10-17 01:52:20.770 I/tombstoned(  198): found intercept fd 512 for pid 868 and type kDebuggerdJavaBacktrace
10-17 01:52:20.770 I/com.android.se(  868): Wrote stack traces to tombstoned
10-17 01:52:20.770 W/tombstoned(  198): skipping tombstone file creation due to intercept
10-17 01:52:20.770 I/system_server(  507): libdebuggerd_client: done dumping process 868
10-17 01:52:20.771 I/ActivityManager(  507): Collecting stacks for pid 882
10-17 01:52:20.772 I/system_server(  507): libdebuggerd_client: started dumping process 882
10-17 01:52:20.772 I/tombstoned(  198): registered intercept for pid 882 and type kDebuggerdJavaBacktrace
10-17 01:52:20.772 I/m.android.phone(  882): Thread[2,tid=889,WaitingInMainSignalCatcherLoop,Thread*=0xb40000727c2a1e90,peer=0x152801c0,"Signal Catcher"]: reacting to signal 3
10-17 01:52:20.772 I/m.android.phone(  882): 
10-17 01:52:20.790 I/tombstoned(  198): received crash request for pid 882
10-17 01:52:20.790 I/tombstoned(  198): found intercept fd 512 for pid 882 and type kDebuggerdJavaBacktrace
10-17 01:52:20.790 I/m.android.phone(  882): Wrote stack traces to tombstoned
10-17 01:52:20.790 W/tombstoned(  198): skipping tombstone file creation due to intercept
10-17 01:52:20.791 I/system_server(  507): libdebuggerd_client: done dumping process 882
10-17 01:52:20.792 I/ActivityManager(  507): Collecting stacks for pid 819
10-17 01:52:20.792 I/system_server(  507): libdebuggerd_client: started dumping process 819
10-17 01:52:20.793 I/tombstoned(  198): registered intercept for pid 819 and type kDebuggerdJavaBacktrace
10-17 01:52:20.793 I/rkstack.process(  819): Thread[6,tid=828,WaitingInMainSignalCatcherLoop,Thread*=0xb40000727c29cb20,peer=0x135c01c0,"Signal Catcher"]: reacting to signal 3
10-17 01:52:20.793 I/rkstack.process(  819): 
10-17 01:52:20.803 I/tombstoned(  198): received crash request for pid 819
10-17 01:52:20.803 I/tombstoned(  198): found intercept fd 512 for pid 819 and type kDebuggerdJavaBacktrace
10-17 01:52:20.803 I/rkstack.process(  819): Wrote stack traces to tombstoned
10-17 01:52:20.804 I/system_server(  507): libdebuggerd_client: done dumping process 819
10-17 01:52:20.804 W/tombstoned(  198): skipping tombstone file creation due to intercept
10-17 01:52:20.806 I/ActivityManager(  507): Collecting stacks for pid 709
10-17 01:52:20.807 I/system_server(  507): libdebuggerd_client: started dumping process 709
10-17 01:52:20.807 I/tombstoned(  198): registered intercept for pid 709 and type kDebuggerdJavaBacktrace
10-17 01:52:20.807 I/ndroid.systemui(  709): Thread[4,tid=716,WaitingInMainSignalCatcherLoop,Thread*=0xb40000727c2a1e90,peer=0x16a001c0,"Signal Catcher"]: reacting to signal 3
10-17 01:52:20.807 I/ndroid.systemui(  709): 
10-17 01:52:20.853 I/tombstoned(  198): received crash request for pid 709
10-17 01:52:20.853 I/tombstoned(  198): found intercept fd 512 for pid 709 and type kDebuggerdJavaBacktrace
10-17 01:52:20.853 I/ndroid.systemui(  709): Wrote stack traces to tombstoned
10-17 01:52:20.853 W/tombstoned(  198): skipping tombstone file creation due to intercept
10-17 01:52:20.853 I/system_server(  507): libdebuggerd_client: done dumping process 709
10-17 01:52:20.855 I/ActivityManager(  507): Collecting stacks for native pid 157
10-17 01:52:20.855 I/system_server(  507): libdebuggerd_client: started dumping process 157
10-17 01:52:20.856 I/tombstoned(  198): registered intercept for pid 157 and type kDebuggerdNativeBacktrace
10-17 01:52:20.856 I/libc    (  157): Requested dump for pid 157 (binder:157_2)
10-17 01:52:20.861 I/crash_dump64( 3065): obtaining output fd from tombstoned, type: kDebuggerdNativeBacktrace
10-17 01:52:20.861 I/tombstoned(  198): received crash request for pid 157
10-17 01:52:20.861 I/tombstoned(  198): found intercept fd 512 for pid 157 and type kDebuggerdNativeBacktrace
10-17 01:52:20.861 I/crash_dump64( 3065): performing dump of process 157 (target tid = 157)
10-17 01:52:20.864 I/system_server(  507): libdebuggerd_client: done dumping process 157
10-17 01:52:20.864 W/tombstoned(  198): skipping tombstone file creation due to intercept
10-17 01:52:20.866 I/ActivityManager(  507): Collecting stacks for native pid 172
10-17 01:52:20.866 I/system_server(  507): libdebuggerd_client: started dumping process 172
10-17 01:52:20.866 I/tombstoned(  198): registered intercept for pid 172 and type kDebuggerdNativeBacktrace
10-17 01:52:20.866 I/libc    (  172): Requested dump for pid 172 (binder:172_2)
10-17 01:52:20.865 I/init    (    1): Untracked pid 3065 exited with status 0
10-17 01:52:20.865 I/init    (    1): Untracked pid 3065 did not have an associated service entry and will not be reaped
10-17 01:52:20.865 I/init    (    1): Untracked pid 3067 exited with status 0
10-17 01:52:20.865 I/init    (    1): Untracked pid 3067 did not have an associated service entry and will not be reaped
10-17 01:52:20.871 I/crash_dump64( 3070): obtaining output fd from tombstoned, type: kDebuggerdNativeBacktrace
10-17 01:52:20.871 I/tombstoned(  198): received crash request for pid 172
10-17 01:52:20.871 I/tombstoned(  198): found intercept fd 512 for pid 172 and type kDebuggerdNativeBacktrace
10-17 01:52:20.871 I/crash_dump64( 3070): performing dump of process 172 (target tid = 172)
10-17 01:52:20.875 I/system_server(  507): libdebuggerd_client: done dumping process 172
10-17 01:52:20.875 W/tombstoned(  198): skipping tombstone file creation due to intercept
10-17 01:52:20.876 I/init    (    1): Untracked pid 3070 exited with status 0
