10-17 01:52:20.876 I/init    (    1): Untracked pid 3070 did not have an associated service entry and will not be reaped
10-17 01:52:20.876 I/init    (    1): Untracked pid 3072 exited with status 0
10-17 01:52:20.876 I/init    (    1): Untracked pid 3072 did not have an associated service entry and will not be reaped
10-17 01:52:20.876 I/ActivityManager(  507): Collecting stacks for native pid 294
10-17 01:52:20.876 I/system_server(  507): libdebuggerd_client: started dumping process 294
10-17 01:52:20.876 I/tombstoned(  198): registered intercept for pid 294 and type kDebuggerdNativeBacktrace
10-17 01:52:20.877 I/libc    (  294): Requested dump for pid 294 (binder:294_2)
10-17 01:52:20.881 I/crash_dump64( 3075): obtaining output fd from tombstoned, type: kDebuggerdNativeBacktrace
10-17 01:52:20.882 I/tombstoned(  198): received crash request for pid 294
10-17 01:52:20.882 I/tombstoned(  198): found intercept fd 512 for pid 294 and type kDebuggerdNativeBacktrace
10-17 01:52:20.882 I/crash_dump64( 3075): performing dump of process 294 (target tid = 294)
10-17 01:52:20.885 I/system_server(  507): libdebuggerd_client: done dumping process 294
10-17 01:52:20.885 W/tombstoned(  198): skipping tombstone file creation due to intercept
10-17 01:52:20.886 I/ActivityManager(  507): Collecting stacks for native pid 295
10-17 01:52:20.886 I/init    (    1): Untracked pid 3075 exited with status 0
10-17 01:52:20.886 I/init    (    1): Untracked pid 3075 did not have an associated service entry and will not be reaped
10-17 01:52:20.887 I/init    (    1): Untracked pid 3077 exited with status 0
10-17 01:52:20.887 I/init    (    1): Untracked pid 3077 did not have an associated service entry and will not be reaped
10-17 01:52:20.887 I/system_server(  507): libdebuggerd_client: started dumping process 295
10-17 01:52:20.887 I/tombstoned(  198): registered intercept for pid 295 and type kDebuggerdNativeBacktrace
10-17 01:52:20.887 I/libc    (  295): Requested dump for pid 295 (binder:295_3)
10-17 01:52:20.892 I/crash_dump64( 3080): obtaining output fd from tombstoned, type: kDebuggerdNativeBacktrace
10-17 01:52:20.892 I/tombstoned(  198): received crash request for pid 295
10-17 01:52:20.892 I/tombstoned(  198): found intercept fd 512 for pid 295 and type kDebuggerdNativeBacktrace
10-17 01:52:20.892 I/crash_dump64( 3080): performing dump of process 295 (target tid = 295)
10-17 01:52:20.899 I/system_server(  507): libdebuggerd_client: done dumping process 295
10-17 01:52:20.899 W/tombstoned(  198): skipping tombstone file creation due to intercept
10-17 01:52:20.900 I/ActivityManager(  507): Collecting stacks for native pid 334
10-17 01:52:20.900 I/system_server(  507): libdebuggerd_client: started dumping process 334
10-17 01:52:20.900 I/tombstoned(  198): registered intercept for pid 334 and type kDebuggerdNativeBacktrace
10-17 01:52:20.900 I/libc    (  334): Requested dump for pid 334 (audioserver)
10-17 01:52:20.901 I/init    (    1): Untracked pid 3080 exited with status 0
10-17 01:52:20.901 I/init    (    1): Untracked pid 3080 did not have an associated service entry and will not be reaped
10-17 01:52:20.901 I/init    (    1): Untracked pid 3082 exited with status 0
10-17 01:52:20.901 I/init    (    1): Untracked pid 3082 did not have an associated service entry and will not be reaped
10-17 01:52:20.908 I/crash_dump64( 3085): obtaining output fd from tombstoned, type: kDebuggerdNativeBacktrace
10-17 01:52:20.908 I/tombstoned(  198): received crash request for pid 334
10-17 01:52:20.908 I/tombstoned(  198): found intercept fd 512 for pid 334 and type kDebuggerdNativeBacktrace
10-17 01:52:20.908 I/crash_dump64( 3085): performing dump of process 334 (target tid = 334)
10-17 01:52:20.916 W/tombstoned(  198): skipping tombstone file creation due to intercept
10-17 01:52:20.916 I/system_server(  507): libdebuggerd_client: done dumping process 334
10-17 01:52:20.918 I/init    (    1): Untracked pid 3085 exited with status 0
10-17 01:52:20.918 I/init    (    1): Untracked pid 3085 did not have an associated service entry and will not be reaped
10-17 01:52:20.918 I/ActivityManager(  507): Collecting stacks for native pid 337
10-17 01:52:20.918 I/system_server(  507): libdebuggerd_client: started dumping process 337
10-17 01:52:20.918 I/tombstoned(  198): registered intercept for pid 337 and type kDebuggerdNativeBacktrace
10-17 01:52:20.919 I/libc    (  337): Requested dump for pid 337 (surfaceflinger)
10-17 01:52:20.918 I/init    (    1): Untracked pid 3087 exited with status 0
10-17 01:52:20.918 I/init    (    1): Untracked pid 3087 did not have an associated service entry and will not be reaped
10-17 01:52:20.927 I/crash_dump64( 3090): obtaining output fd from tombstoned, type: kDebuggerdNativeBacktrace
10-17 01:52:20.928 I/tombstoned(  198): received crash request for pid 337
10-17 01:52:20.928 I/tombstoned(  198): found intercept fd 512 for pid 337 and type kDebuggerdNativeBacktrace
10-17 01:52:20.928 I/crash_dump64( 3090): performing dump of process 337 (target tid = 337)
10-17 01:52:20.938 W/tombstoned(  198): skipping tombstone file creation due to intercept
10-17 01:52:20.938 I/system_server(  507): libdebuggerd_client: done dumping process 337
10-17 01:52:20.939 I/init    (    1): Untracked pid 3090 exited with status 0
10-17 01:52:20.940 I/ActivityManager(  507): Collecting stacks for native pid 369
10-17 01:52:20.939 I/init    (    1): Untracked pid 3090 did not have an associated service entry and will not be reaped
10-17 01:52:20.939 I/init    (    1): Untracked pid 3092 exited with status 0
10-17 01:52:20.939 I/init    (    1): Untracked pid 3092 did not have an associated service entry and will not be reaped
10-17 01:52:20.940 I/system_server(  507): libdebuggerd_client: started dumping process 369
10-17 01:52:20.940 I/tombstoned(  198): registered intercept for pid 369 and type kDebuggerdNativeBacktrace
10-17 01:52:20.940 I/libc    (  369): Requested dump for pid 369 (drmserver)
10-17 01:52:20.944 I/crash_dump64( 3095): obtaining output fd from tombstoned, type: kDebuggerdNativeBacktrace
10-17 01:52:20.945 I/tombstoned(  198): received crash request for pid 369
10-17 01:52:20.945 I/tombstoned(  198): found intercept fd 512 for pid 369 and type kDebuggerdNativeBacktrace
10-17 01:52:20.945 I/crash_dump64( 3095): performing dump of process 369 (target tid = 369)
10-17 01:52:20.947 I/system_server(  507): libdebuggerd_client: done dumping process 369
10-17 01:52:20.947 W/tombstoned(  198): skipping tombstone file creation due to intercept
10-17 01:52:20.948 I/init    (    1): Untracked pid 3097 exited with status 0
10-17 01:52:20.948 I/init    (    1): Untracked pid 3097 did not have an associated service entry and will not be reaped
10-17 01:52:20.948 I/init    (    1): Untracked pid 3095 exited with status 0
10-17 01:52:20.948 I/init    (    1): Untracked pid 3095 did not have an associated service entry and will not be reaped
10-17 01:52:20.949 I/ActivityManager(  507): Collecting stacks for native pid 398
10-17 01:52:20.949 I/system_server(  507): libdebuggerd_client: started dumping process 398
10-17 01:52:20.949 I/tombstoned(  198): registered intercept for pid 398 and type kDebuggerdNativeBacktrace
10-17 01:52:20.949 I/libc    (  398): Requested dump for pid 398 (cameraserver)
10-17 01:52:20.955 I/crash_dump64( 3100): obtaining output fd from tombstoned, type: kDebuggerdNativeBacktrace
10-17 01:52:20.955 I/tombstoned(  198): received crash request for pid 398
10-17 01:52:20.955 I/tombstoned(  198): found intercept fd 512 for pid 398 and type kDebuggerdNativeBacktrace
10-17 01:52:20.955 I/crash_dump64( 3100): performing dump of process 398 (target tid = 398)
10-17 01:52:20.958 W/tombstoned(  198): skipping tombstone file creation due to intercept
10-17 01:52:20.958 I/system_server(  507): libdebuggerd_client: done dumping process 398
10-17 01:52:20.959 I/ActivityManager(  507): Collecting stacks for native pid 402
10-17 01:52:20.960 I/init    (    1): Untracked pid 3100 exited with status 0
10-17 01:52:20.960 I/init    (    1): Untracked pid 3100 did not have an associated service entry and will not be reaped
10-17 01:52:20.960 I/init    (    1): Untracked pid 3102 exited with status 0
10-17 01:52:20.960 I/init    (    1): Untracked pid 3102 did not have an associated service entry and will not be reaped
10-17 01:52:20.960 I/system_server(  507): libdebuggerd_client: started dumping process 402
10-17 01:52:20.960 I/tombstoned(  198): registered intercept for pid 402 and type kDebuggerdNativeBacktrace
10-17 01:52:20.960 I/tombstoned(  198): received crash request for pid 402
10-17 01:52:20.960 I/tombstoned(  198): found intercept fd 512 for pid 402 and type kDebuggerdNativeBacktrace
10-17 01:52:20.970 I/system_server(  507): libdebuggerd_client: done dumping process 402
10-17 01:52:20.970 W/tombstoned(  198): skipping tombstone file creation due to intercept
10-17 01:52:20.972 I/ActivityManager(  507): Collecting stacks for native pid 403
10-17 01:52:20.972 I/system_server(  507): libdebuggerd_client: started dumping process 403
10-17 01:52:20.972 I/tombstoned(  198): registered intercept for pid 403 and type kDebuggerdNativeBacktrace
10-17 01:52:20.972 I/libc    (  403): Requested dump for pid 403 (mediametrics)
10-17 01:52:20.977 I/crash_dump64( 3105): obtaining output fd from tombstoned, type: kDebuggerdNativeBacktrace
10-17 01:52:20.977 I/tombstoned(  198): received crash request for pid 403
10-17 01:52:20.977 I/tombstoned(  198): found intercept fd 512 for pid 403 and type kDebuggerdNativeBacktrace
10-17 01:52:20.977 I/crash_dump64( 3105): performing dump of process 403 (target tid = 403)
10-17 01:52:20.980 I/system_server(  507): libdebuggerd_client: done dumping process 403
10-17 01:52:20.980 W/tombstoned(  198): skipping tombstone file creation due to intercept
10-17 01:52:20.981 I/ActivityManager(  507): Collecting stacks for native pid 404
10-17 01:52:20.981 I/system_server(  507): libdebuggerd_client: started dumping process 404
10-17 01:52:20.981 I/tombstoned(  198): registered intercept for pid 404 and type kDebuggerdNativeBacktrace
10-17 01:52:20.981 I/libc    (  404): Requested dump for pid 404 (mediaserver)
10-17 01:52:20.981 I/init    (    1): Untracked pid 3105 exited with status 0
10-17 01:52:20.981 I/init    (    1): Untracked pid 3105 did not have an associated service entry and will not be reaped
10-17 01:52:20.981 I/init    (    1): Untracked pid 3107 exited with status 0
10-17 01:52:20.981 I/init    (    1): Untracked pid 3107 did not have an associated service entry and will not be reaped
10-17 01:52:20.988 I/crash_dump64( 3110): obtaining output fd from tombstoned, type: kDebuggerdNativeBacktrace
10-17 01:52:20.988 I/tombstoned(  198): received crash request for pid 404
10-17 01:52:20.988 I/tombstoned(  198): found intercept fd 512 for pid 404 and type kDebuggerdNativeBacktrace
10-17 01:52:20.988 I/crash_dump64( 3110): performing dump of process 404 (target tid = 404)
10-17 01:52:20.992 W/tombstoned(  198): skipping tombstone file creation due to intercept
10-17 01:52:20.992 I/system_server(  507): libdebuggerd_client: done dumping process 404
10-17 01:52:20.993 I/ActivityManager(  507): Collecting stacks for native pid 408
10-17 01:52:20.993 I/system_server(  507): libdebuggerd_client: started dumping process 408
10-17 01:52:20.993 I/tombstoned(  198): registered intercept for pid 408 and type kDebuggerdNativeBacktrace
10-17 01:52:20.994 I/tombstoned(  198): received crash request for pid 408
10-17 01:52:20.994 I/tombstoned(  198): found intercept fd 512 for pid 408 and type kDebuggerdNativeBacktrace
10-17 01:52:20.993 I/init    (    1): Untracked pid 3110 exited with status 0
10-17 01:52:20.993 I/init    (    1): Untracked pid 3110 did not have an associated service entry and will not be reaped
10-17 01:52:20.994 I/init    (    1): Untracked pid 3112 exited with status 0
10-17 01:52:20.994 I/init    (    1): Untracked pid 3112 did not have an associated service entry and will not be reaped
10-17 01:52:21.022 I/system_server(  507): libdebuggerd_client: done dumping process 408
10-17 01:52:21.022 W/tombstoned(  198): skipping tombstone file creation due to intercept
10-17 01:52:21.024 I/ActivityManager(  507): Done dumping
10-17 01:52:21.024 E/ActivityManager(  507): ANR in org.telegram.messenger (org.telegram.messenger/.DefaultIcon)
10-17 01:52:21.024 E/ActivityManager(  507): PID: 2881
10-17 01:52:21.024 E/ActivityManager(  507): Reason: Input dispatching timed out (Application does not have a focused window)
10-17 01:52:21.024 E/ActivityManager(  507): Parent: org.telegram.messenger/.DefaultIcon
10-17 01:52:21.024 E/ActivityManager(  507): ErrorId: 2c6573d1-0b47-46ec-9ee1-f243bc82b0df
10-17 01:52:21.024 E/ActivityManager(  507): Frozen: false
10-17 01:52:21.024 E/ActivityManager(  507): Load: 1.01 / 0.64 / 0.69
10-17 01:52:21.024 E/ActivityManager(  507): ----- Output from /proc/pressure/memory -----
10-17 01:52:21.024 E/ActivityManager(  507): some avg10=0.60 avg60=0.43 avg300=0.16 total=49499410
10-17 01:52:21.024 E/ActivityManager(  507): full avg10=0.05 avg60=0.10 avg300=0.04 total=36554190
10-17 01:52:21.024 E/ActivityManager(  507): ----- End output from /proc/pressure/memory -----
10-17 01:52:21.024 E/ActivityManager(  507): 
10-17 01:52:21.024 E/ActivityManager(  507): CPU usage from 14138ms to 0ms ago (2025-10-17 01:52:06.166 to 2025-10-17 01:52:20.304):
10-17 01:52:21.024 E/ActivityManager(  507):   15% 507/system_server: 5.5% user + 9.6% kernel / faults: 4721 minor 260 major
10-17 01:52:21.024 E/ActivityManager(  507):   11% 48/kcompactd0: 0% user + 11% kernel
10-17 01:52:21.024 E/ActivityManager(  507):   5% 312/android.hardware.graphics.composer@2.4-service: 0.3% user + 4.7% kernel / faults: 19 minor
10-17 01:52:21.024 E/ActivityManager(  507):   4.7% 337/surfaceflinger: 1.5% user + 3.1% kernel / faults: 301 minor 3 major
10-17 01:52:21.024 E/ActivityManager(  507):   1.5% 320/android.hardware.sensors@2.1-service.multihal: 0.4% user + 1.1% kernel / faults: 3 minor
10-17 01:52:21.024 E/ActivityManager(  507):   1.2% 2703/kworker/0:2-events: 0% user + 1.2% kernel
10-17 01:52:21.024 E/ActivityManager(  507):   1% 12863/adbd: 0.2% user + 0.8% kernel / faults: 6730 minor
10-17 01:52:21.024 E/ActivityManager(  507):   0.9% 709/com.android.systemui: 0.4% user + 0.5% kernel / faults: 1516 minor 4 major
10-17 01:52:21.024 E/ActivityManager(  507):   0.3% 18596/frida-server: 0.3% user + 0% kernel / faults: 164 minor
10-17 01:52:21.024 E/ActivityManager(  507):   0.3% 298/android.hardware.audio.service: 0% user + 0.2% kernel / faults: 17 minor
10-17 01:52:21.024 E/ActivityManager(  507):   0.3% 334/audioserver: 0.1% user + 0.1% kernel / faults: 120 minor 1 major
10-17 01:52:21.024 E/ActivityManager(  507):   0.7% 14350/com.google.android.googlequicksearchbox:search: 0.2% user + 0.4% kernel / faults: 469 minor 6 major
10-17 01:52:21.024 E/ActivityManager(  507):   0.4% 146/logd: 0.2% user + 0.2% kernel / faults: 453 minor 1 major
10-17 01:52:21.024 E/ActivityManager(  507):   0.4% 1253/com.google.android.gms.persistent: 0.2% user + 0.2% kernel / faults: 728 minor 3 major
10-17 01:52:21.024 E/ActivityManager(  507):   0.1% 443/kworker/0:2H-kblockd: 0% user + 0.1% kernel
10-17 01:52:21.024 E/ActivityManager(  507):   0.1% 873/kworker/0:1-virtio_vsock: 0% user + 0.1% kernel
10-17 01:52:21.024 E/ActivityManager(  507):   0.2% 14/rcu_preempt: 0% user + 0.2% kernel
10-17 01:52:21.024 E/ActivityManager(  507):   0.2% 294/statsd: 0.2% user + 0% kernel / faults: 17 minor
10-17 01:52:21.024 E/ActivityManager(  507):   0.1% 882/com.android.phone: 0% user + 0% kernel / faults: 208 minor 1 major
10-17 01:52:21.024 E/ActivityManager(  507):   0.2% 1064/com.google.android.apps.nexuslauncher: 0% user + 0.2% kernel / faults: 856 minor 1 major
10-17 01:52:21.024 E/ActivityManager(  507):   0.1% 1590/com.google.android.providers.media.module: 0% user + 0% kernel / faults: 450 minor 10 major
10-17 01:52:21.024 E/ActivityManager(  507):   0.2% 1598/com.google.android.as: 0.1% user + 0.1% kernel / faults: 191 minor
10-17 01:52:21.024 E/ActivityManager(  507):   0% 296/zygote64: 0% user + 0% kernel / faults: 245 minor
10-17 01:52:21.024 E/ActivityManager(  507):   0% 13/ksoftirqd/0: 0% user + 0% kernel
10-17 01:52:21.024 E/ActivityManager(  507):   0.1% 142/sugov:1: 0% user + 0.1% kernel
10-17 01:52:21.024 E/ActivityManager(  507):   0.1% 143/sugov:2: 0% user + 0.1% kernel
10-17 01:52:21.024 E/ActivityManager(  507):   0% 193/jbd2/dm-33-8: 0% user + 0% kernel
10-17 01:52:21.024 E/ActivityManager(  507):   0.1% 311/android.hardware.graphics.allocator@3.0-service: 0% user + 0.1% kernel / faults: 5 minor
10-17 01:52:21.024 E/ActivityManager(  507):   0.1% 394/logcat: 0% user + 0.1% kernel
10-17 01:52:21.024 E/ActivityManager(  507):   0.1% 819/com.android.networkstack.process: 0.1% user + 0% kernel / faults: 1204 minor 17 major
10-17 01:52:21.024 E/ActivityManager(  507):   0.1% 1406/logcat: 0% user + 0% kernel / faults: 2 minor
10-17 01:52:21.024 E/ActivityManager(  507):   0.1% 1916/kworker/u8:0-phy1: 0% user + 0.1% kernel
10-17 01:52:21.024 E/ActivityManager(  507):   0.1% 6467/com.google.android.gms: 0% user + 0% kernel / faults: 309 minor 1 major
10-17 01:52:21.024 E/ActivityManager(  507):   0% 23/migration/1: 0% user + 0% kernel
10-17 01:52:21.024 E/ActivityManager(  507):   0% 31/ksoftirqd/2: 0% user + 0% kernel
10-17 01:52:21.024 E/ActivityManager(  507):   0% 37/ksoftirqd/3: 0% user + 0% kernel
10-17 01:52:21.024 E/ActivityManager(  507):   0% 70/kworker/1:2-rcu_gp: 0% user + 0% kernel
10-17 01:52:21.024 E/ActivityManager(  507):   0% 141/sugov:0: 0% user + 0% kernel
10-17 01:52:21.024 E/ActivityManager(  507):   0% 144/sugov:3: 0% user + 0% kernel
10-17 01:52:21.024 E/ActivityManager(  507):   0% 148/lmkd: 0% user + 0% kernel
10-17 01:52:21.024 E/ActivityManager(  507):   0% 149/servicemanager: 0% user + 0% kernel / faults: 5 minor
10-17 01:52:21.024 E/ActivityManager(  507):   0% 326/android.hardware.power-service.example: 0% user + 0% kernel
10-17 01:52:21.024 E/ActivityManager(  507):   0% 355/kworker/3:2-mm_percpu_wq: 0% user + 0% kernel
10-17 01:52:21.024 E/ActivityManager(  507):   0% 398/cameraserver: 0% user + 0% kernel / faults: 123 minor 17 major
10-17 01:52:21.024 E/ActivityManager(  507):   0% 406/wificond: 0% user + 0% kernel / faults: 61 minor
10-17 01:52:21.024 E/ActivityManager(  507):   0% 1231/kworker/u9:4-fscrypt_read_queue: 0% user + 0% kernel
10-17 01:52:21.024 E/ActivityManager(  507):   0% 26362/kworker/2:2-mm_percpu_wq: 0% user + 0% kernel
10-17 01:52:21.024 E/ActivityManager(  507):   0% 27589/android.process.acore: 0% user + 0% kernel / faults: 806 minor 5 major
10-17 01:52:21.024 E/ActivityManager(  507):   0% 28972/com.whatsapp: 0% user + 0% kernel / faults: 27 minor
10-17 01:52:21.024 E/ActivityManager(  507):   0% 30635/com.google.android.bluetooth: 0% user + 0% kernel / faults: 104 minor
10-17 01:52:21.024 E/ActivityManager(  507):   0% 30842/com.google.android.youtube: 0% user + 0% kernel / faults: 170 minor 35 major
10-17 01:52:21.024 E/ActivityManager(  507):   0% 31203/com.android.chrome: 0% user + 0% kernel / faults: 132 minor 2 major
10-17 01:52:21.024 E/ActivityManager(  507):  +0% 2881/org.telegram.messenger: 0% user + 0% kernel
10-17 01:52:21.024 E/ActivityManager(  507):  +0% 3014/logcat: 0% user + 0% kernel
10-17 01:52:21.024 E/ActivityManager(  507):  +0% 3038/com.android.commands.monkey: 0% user + 0% kernel
10-17 01:52:21.024 E/ActivityManager(  507): 19% TOTAL: 5.7% user + 9.7% kernel + 1% iowait + 2.2% irq + 0.5% softirq
10-17 01:52:21.024 E/ActivityManager(  507): CPU usage from 11ms to 236ms later (2025-10-17 01:52:20.315 to 2025-10-17 01:52:20.540):
10-17 01:52:21.024 E/ActivityManager(  507):   31% 57/kswapd0: 0% user + 31% kernel
10-17 01:52:21.024 E/ActivityManager(  507):   9.1% 507/system_server: 0% user + 9.1% kernel / faults: 579 minor
10-17 01:52:21.024 E/ActivityManager(  507):     9.1% 3062/AnrConsumer: 4.5% user + 4.5% kernel
10-17 01:52:21.024 E/ActivityManager(  507):   4.5% 320/android.hardware.sensors@2.1-service.multihal: 0% user + 4.5% kernel / faults: 48 minor
10-17 01:52:21.024 E/ActivityManager(  507):     4.5% 351/sensors@2.1-ser: 0% user + 4.5% kernel
10-17 01:52:21.024 E/ActivityManager(  507):   4.5% 337/surfaceflinger: 0% user + 4.5% kernel / faults: 130 minor
10-17 01:52:21.024 E/ActivityManager(  507): 11% TOTAL: 1.1% user + 10% kernel
10-17 01:52:21.025 W/Monkey  ( 3038): // NOT RESPONDING: org.telegram.messenger (pid 2881)
10-17 01:52:21.025 W/Monkey  ( 3038): ANR in org.telegram.messenger (org.telegram.messenger/.DefaultIcon)
10-17 01:52:21.025 W/Monkey  ( 3038): PID: 2881
10-17 01:52:21.025 W/Monkey  ( 3038): Reason: Input dispatching timed out (Application does not have a focused window)
10-17 01:52:21.025 W/Monkey  ( 3038): Parent: org.telegram.messenger/.DefaultIcon
10-17 01:52:21.025 W/Monkey  ( 3038): ErrorId: 2c6573d1-0b47-46ec-9ee1-f243bc82b0df
10-17 01:52:21.025 W/Monkey  ( 3038): Frozen: false
10-17 01:52:21.025 W/Monkey  ( 3038): Load: 1.01 / 0.64 / 0.69
10-17 01:52:21.025 W/Monkey  ( 3038): ----- Output from /proc/pressure/memory -----
10-17 01:52:21.025 W/Monkey  ( 3038): some avg10=0.60 avg60=0.43 avg300=0.16 total=49499410
10-17 01:52:21.025 W/Monkey  ( 3038): full avg10=0.05 avg60=0.10 avg300=0.04 total=36554190
10-17 01:52:21.025 W/Monkey  ( 3038): ----- End output from /proc/pressure/memory -----
10-17 01:52:21.025 W/Monkey  ( 3038): 
10-17 01:52:21.025 W/Monkey  ( 3038): CPU usage from 14138ms to 0ms ago (2025-10-17 01:52:06.166 to 2025-10-17 01:52:20.304):
10-17 01:52:21.025 W/Monkey  ( 3038):   15% 507/system_server: 5.5% user + 9.6% kernel / faults: 4721 minor 260 major
10-17 01:52:21.025 W/Monkey  ( 3038):   11% 48/kcompactd0: 0% user + 11% kernel
10-17 01:52:21.025 W/Monkey  ( 3038):   5% 312/android.hardware.graphics.composer@2.4-service: 0.3% user + 4.7% kernel / faults: 19 minor
10-17 01:52:21.025 W/Monkey  ( 3038):   4.7% 337/surfaceflinger: 1.5% user + 3.1% kernel / faults: 301 minor 3 major
10-17 01:52:21.025 W/Monkey  ( 3038):   1.5% 320/android.hardware.sensors@2.1-service.multihal: 0.4% user + 1.1% kernel / faults: 3 minor
10-17 01:52:21.025 W/Monkey  ( 3038):   1.2% 2703/kworker/0:2-events: 0% user + 1.2% kernel
10-17 01:52:21.025 W/Monkey  ( 3038):   1% 12863/adbd: 0.2% user + 0.8% kernel / faults: 6730 minor
10-17 01:52:21.025 W/Monkey  ( 3038):   0.9% 709/com.android.systemui: 0.4% user + 0.5% kernel / faults: 1516 minor 4 major
10-17 01:52:21.025 W/Monkey  ( 3038):   0.3% 18596/frida-server: 0.3% user + 0% kernel / faults: 164 minor
10-17 01:52:21.025 W/Monkey  ( 3038):   0.3% 298/android.hardware.audio.service: 0% user + 0.2% kernel / faults: 17 minor
10-17 01:52:21.025 W/Monkey  ( 3038):   0.3% 334/audioserver: 0.1% user + 0.1% kernel / faults: 120 minor 1 major
10-17 01:52:21.025 W/Monkey  ( 3038):   0.7% 14350/com.google.android.googlequicksearchbox:search: 0.2% user + 0.4% kernel / faults: 469 minor 6 major
10-17 01:52:21.025 W/Monkey  ( 3038):   0.4% 146/logd: 0.2% user + 0.2% kernel / faults: 453 minor 1 major
10-17 01:52:21.025 W/Monkey  ( 3038):   0.4% 1253/com.google.android.gms.persistent: 0.2% user + 0.2% kernel / faults: 728 minor 3 major
10-17 01:52:21.025 W/Monkey  ( 3038):   0.1% 443/kworker/0:2H-kblockd: 0% user + 0.1% kernel
10-17 01:52:21.025 W/Monkey  ( 3038):   0.1% 873/kworker/0:1-virtio_vsock: 0% user + 0.1% kernel
10-17 01:52:21.025 W/Monkey  ( 3038):   0.2% 14/rcu_preempt: 0% user + 0.2% kernel
10-17 01:52:21.025 W/Monkey  ( 3038):   0.2% 294/statsd: 0.2% user + 0% kernel / faults: 17 minor
10-17 01:52:21.025 W/Monkey  ( 3038):   0.1% 882/com.android.phone: 0% user + 0% kernel / faults: 208 minor 1 major
10-17 01:52:21.025 W/Monkey  ( 3038):   0.2% 1064/com.google.android.apps.nexuslauncher: 0% user + 0.2% kernel / faults: 856 minor 1 major
10-17 01:52:21.025 W/Monkey  ( 3038):   0.1% 1590/com.google.android.providers.media.module: 0% user + 0% kernel / faults: 450 minor 10 major
10-17 01:52:21.025 W/Monkey  ( 3038):   0.2% 1598/com.google.android.as: 0.1% user + 0.1% kernel / faults: 191 minor
10-17 01:52:21.025 W/Monkey  ( 3038):   0% 296/zygote64: 0% user + 0% kernel / faults: 245 minor
10-17 01:52:21.025 W/Monkey  ( 3038):   0% 13/ksoftirqd/0: 0% user + 0% kernel
10-17 01:52:21.025 W/Monkey  ( 3038):   0.1% 142/sugov:1: 0% user + 0.1% kernel
10-17 01:52:21.025 W/Monkey  ( 3038):   0.1% 143/sugov:2: 0% user + 0.1% kernel
10-17 01:52:21.025 W/Monkey  ( 3038):   0% 193/jbd2/dm-33-8: 0% user + 0% kernel
10-17 01:52:21.025 W/Monkey  ( 3038):   0.1% 311/android.hardware.graphics.allocator@3.0-service: 0% user + 0.1% kernel / faults: 5 minor
10-17 01:52:21.025 W/Monkey  ( 3038):   0.1% 394/logcat: 0% user + 0.1% kernel
10-17 01:52:21.025 W/Monkey  ( 3038):   0.1% 819/com.android.networkstack.process: 0.1% user + 0% kernel / faults: 1204 minor 17 major
10-17 01:52:21.025 W/Monkey  ( 3038):   0.1% 1406/logcat: 0% user + 0% kernel / faults: 2 minor
10-17 01:52:21.025 W/Monkey  ( 3038):   0.1% 1916/kworker/u8:0-phy1: 0% user + 0.1% kernel
10-17 01:52:21.025 W/Monkey  ( 3038):   0.1% 6467/com.google.android.gms: 0% user + 0% kernel / faults: 309 minor 1 major
10-17 01:52:21.025 W/Monkey  ( 3038):   0% 23/migration/1: 0% user + 0% kernel
10-17 01:52:21.025 W/Monkey  ( 3038):   0% 31/ksoftirqd/2: 0% user + 0% kernel
10-17 01:52:21.025 W/Monkey  ( 3038):   0% 37/ksoftirqd/3: 0% user + 0% kernel
10-17 01:52:21.025 W/Monkey  ( 3038):   0% 70/kworker/1:2-rcu_gp: 0% user + 0% kernel
10-17 01:52:21.025 W/Monkey  ( 3038):   0% 141/sugov:0: 0% user + 0% kernel
10-17 01:52:21.025 W/Monkey  ( 3038):   0% 144/sugov:3: 0% user + 0% kernel
10-17 01:52:21.025 W/Monkey  ( 3038):   0% 148/lmkd: 0% user + 0% kernel
10-17 01:52:21.025 W/Monkey  ( 3038):   0% 149/servicemanager: 0% user + 0% kernel / faults: 5 minor
10-17 01:52:21.025 W/Monkey  ( 3038):   0% 326/android.hardware.power-service.example: 0% user + 0% kernel
10-17 01:52:21.025 W/Monkey  ( 3038):   0% 355/kworker/3:2-mm_percpu_wq: 0% user + 0% kernel
10-17 01:52:21.025 W/Monkey  ( 3038):   0% 398/cameraserver: 0% user + 0% kernel / faults: 123 minor 17 major
10-17 01:52:21.025 W/Monkey  ( 3038):   0% 406/wificond: 0% user + 0% kernel / faults: 61 minor
10-17 01:52:21.025 W/Monkey  ( 3038):   0% 1231/kworker/u9:4-fscrypt_read_queue: 0% user + 0% kernel
10-17 01:52:21.025 W/Monkey  ( 3038):   0% 26362/kworker/2:2-mm_percpu_wq: 0% user + 0% kernel
10-17 01:52:21.025 W/Monkey  ( 3038):   0% 27589/android.process.acore: 0% user + 0% kernel / faults: 806 minor 5 major
10-17 01:52:21.025 W/Monkey  ( 3038):   0% 28972/com.whatsapp: 0% user + 0% kernel / faults: 27 minor
10-17 01:52:21.025 W/Monkey  ( 3038):   0% 30635/com.google.android.bluetooth: 0% user + 0% kernel / faults: 104 minor
10-17 01:52:21.025 W/Monkey  ( 3038):   0% 30842/com.google.android.youtube: 0% user + 0% kernel / faults: 170 minor 35 major
10-17 01:52:21.025 W/Monkey  ( 3038):   0% 31203/com.android.chrome: 0% user + 0% kernel / faults: 132 minor 2 major
10-17 01:52:21.025 W/Monkey  ( 3038):  +0% 2881/org.telegram.messenger: 0% user + 0% kernel
10-17 01:52:21.025 W/Monkey  ( 3038):  +0% 3014/logcat: 0% user + 0% kernel
10-17 01:52:21.025 W/Monkey  ( 3038):  +0% 3038/com.android.commands.monkey: 0% user + 0% kernel
10-17 01:52:21.025 W/Monkey  ( 3038): 19% TOTAL: 5.7% user + 9.7% kernel + 1% iowait + 2.2% irq + 0.5% softirq
10-17 01:52:21.025 W/Monkey  ( 3038): CPU usage from 11ms to 236ms later (2025-10-17 01:52:20.315 to 2025-10-17 01:52:20.540):
10-17 01:52:21.025 W/Monkey  ( 3038):   31% 57/kswapd0: 0% user + 31% kernel
10-17 01:52:21.025 W/Monkey  ( 3038):   9.1% 507/system_server: 0% user + 9.1% kernel / faults: 579 minor
10-17 01:52:21.025 W/Monkey  ( 3038):     9.1% 3062/AnrConsumer: 4.5% user + 4.5% kernel
10-17 01:52:21.025 W/Monkey  ( 3038):   4.5% 320/android.hardware.sensors@2.1-service.multihal: 0% user + 4.5% kernel / faults: 48 minor
10-17 01:52:21.025 W/Monkey  ( 3038):     4.5% 351/sensors@2.1-ser: 0% user + 4.5% kernel
10-17 01:52:21.025 W/Monkey  ( 3038):   4.5% 337/surfaceflinger: 0% user + 4.5% kernel / faults: 130 minor
10-17 01:52:21.025 W/Monkey  ( 3038): 11% TOTAL: 1.1% user + 10% kernel
10-17 01:52:21.025 D/ActivityManager(  507): Completed ANR of org.telegram.messenger in 721ms, latency 1ms
10-17 01:52:21.027 I/DropBoxManagerService(  507): add tag=data_app_anr isTagEnabled=true flags=0x6
10-17 01:52:21.029 W/BroadcastQueue(  507): Background execution not allowed: receiving Intent { act=android.intent.action.DROPBOX_ENTRY_ADDED flg=0x10 (has extras) } to com.google.android.gms/.stats.service.DropBoxEntryAddedReceiver
10-17 01:52:21.029 W/BroadcastQueue(  507): Background execution not allowed: receiving Intent { act=android.intent.action.DROPBOX_ENTRY_ADDED flg=0x10 (has extras) } to com.google.android.gms/.chimera.GmsIntentOperationService$PersistentTrustedReceiver
10-17 01:52:21.342 D/EGL_emulation( 2881): app_time_stats: avg=250.07ms min=80.95ms max=419.95ms count=4
10-17 01:52:22.348 D/EGL_emulation( 2881): app_time_stats: avg=251.45ms min=83.35ms max=421.13ms count=4
10-17 01:52:22.365 I/keystore2(  172): keystore2::watchdog: Watchdog thread idle -> terminating. Have a great day.
10-17 01:52:23.777 D/EGL_emulation( 2881): app_time_stats: avg=285.82ms min=67.58ms max=433.59ms count=5
10-17 01:52:24.843 D/EGL_emulation( 2881): app_time_stats: avg=213.08ms min=65.88ms max=433.46ms count=5
10-17 01:52:25.305 E/InputDispatcher(  507): Dropping MOTION event because there is no focused window
10-17 01:52:25.307 W/InputManager(  507): Input event injection from pid 3038 failed.
10-17 01:52:25.307 I/WindowManager(  507): ANR in ActivityRecord{39dfcdd u0 org.telegram.messenger/.DefaultIcon} t60}.  Reason: Application does not have a focused window
10-17 01:52:25.307 I/Monkey  ( 3038):     // Injection Failed
10-17 01:52:25.308 W/Monkey  ( 3038): procrank:
10-17 01:52:25.332 I/ActivityManager(  507): Skipping duplicate ANR: com.android.server.am.ProcessErrorStateRecord@1aad1fa Input dispatching timed out (Application does not have a focused window)
10-17 01:52:25.332 D/ActivityManager(  507): Completed ANR of org.telegram.messenger in 5ms, latency 1ms
10-17 01:52:25.861 D/EGL_emulation( 2881): app_time_stats: avg=254.44ms min=81.38ms max=433.49ms count=4
10-17 01:52:26.857 D/BoundBrokerSvc( 1253): onUnbind: Intent { act=com.google.android.gms.scheduler.ACTION_PROXY_SCHEDULE dat=chimera-action:/... cmp=com.google.android.gms/.chimera.PersistentApiService }
10-17 01:52:26.878 D/EGL_emulation( 2881): app_time_stats: avg=254.17ms min=78.36ms max=421.65ms count=4
10-17 01:52:28.278 D/EGL_emulation( 2881): app_time_stats: avg=279.94ms min=82.20ms max=418.45ms count=5
10-17 01:52:28.284 W/Monkey  ( 3038):   PID       Vss      Rss      Pss      Uss     Swap    PSwap    USwap    ZSwap  cmdline
10-17 01:52:28.284 W/Monkey  ( 3038):  2881  16633680K  307000K  210228K  191896K   21628K     574K       0K     140K  org.telegram.messenger
10-17 01:52:28.284 W/Monkey  ( 3038):   507  19918620K  243384K  163478K  151664K   83208K   64957K   64464K   15890K  system_server
10-17 01:52:28.284 W/Monkey  ( 3038):  1511  15819584K  167448K  102033K   95656K   54344K   32210K   31604K    7879K  com.google.android.inputmethod.latin
10-17 01:52:28.284 W/Monkey  ( 3038):   709  16580252K  151648K   83908K   76048K   63344K   42846K   42280K   10481K  com.android.systemui
10-17 01:52:28.284 W/Monkey  ( 3038):  3038  13495124K  111632K   52956K   41640K       0K       0K       0K       0K  com.android.commands.monkey
10-17 01:52:28.284 W/Monkey  ( 3038):  1253  15661956K  110680K   52118K   42752K   42172K   18883K   18232K    4619K  com.google.android.gms.persistent
10-17 01:52:28.284 W/Monkey  ( 3038): 14350  33413636K  109560K   48318K   41740K   56560K   33835K   33212K    8277K  com.google.android.googlequicksearchbox:search
10-17 01:52:28.284 W/Monkey  ( 3038):  6467  15765140K  106988K   47319K   38448K   30572K    6761K    6092K    1653K  com.google.android.gms
10-17 01:52:28.284 W/Monkey  ( 3038):  1064  15145184K   86248K   32399K   28364K   57380K   33753K   33064K    8257K  com.google.android.apps.nexuslauncher
10-17 01:52:28.284 W/Monkey  ( 3038):  1598  15884672K   76364K   29301K   26376K   64924K   40462K   39760K    9898K  com.google.android.as
10-17 01:52:28.284 W/Monkey  ( 3038):   876  15214616K  103128K   25690K   15860K   34120K   10498K    9844K    2568K  com.google.android.apps.messaging
10-17 01:52:28.284 W/Monkey  ( 3038): 31203  31994456K   72504K   19499K   16912K   42372K   18003K   17316K    4404K  com.android.chrome
10-17 01:52:28.284 W/Monkey  ( 3038):   882  15152336K   68896K   19145K   16212K   27436K    4729K    4084K    1156K  com.android.phone
10-17 01:52:28.284 W/Monkey  ( 3038):  1590  15021252K   52892K   14133K   12404K   30264K    4589K    3824K    1122K  com.google.android.providers.media.module
10-17 01:52:28.284 W/Monkey  ( 3038): 31174  15228684K   75876K   13493K    8056K   40924K   16753K   16080K    4098K  com.google.android.gms.unstable
10-17 01:52:28.284 W/Monkey  ( 3038): 30842  20743920K   66988K   13311K   11084K   49716K   25814K   25152K    6314K  com.google.android.youtube
10-17 01:52:28.284 W/Monkey  ( 3038):   819  14751932K   55108K   11381K    9248K   27564K    3600K    2912K     880K  com.android.networkstack.process
10-17 01:52:28.284 W/Monkey  ( 3038):   337  11364640K   14100K    9839K    9548K   10496K   10496K   10496K    2567K  /system/bin/surfaceflinger
10-17 01:52:28.284 W/Monkey  ( 3038): 28972  16053728K   69492K    9748K    6520K   61568K   38690K   38064K    9464K  com.whatsapp
10-17 01:52:28.284 W/Monkey  ( 3038): 27589  14661232K   59640K    8925K    6864K   27980K    2701K    1968K     660K  android.process.acore
10-17 01:52:28.284 W/Monkey  ( 3038): 30635  15339836K   59588K    7993K    5932K   32432K    7977K    7276K    1951K  com.google.android.bluetooth
10-17 01:52:28.284 W/Monkey  ( 3038):  1347  14614272K   64108K    7828K    4652K   27096K     787K       0K     192K  com.google.process.gapps
10-17 01:52:28.284 W/Monkey  ( 3038):  1466  14796952K   43672K    7687K    6416K   35492K    9401K    8612K    2299K  com.google.android.ims
10-17 01:52:28.284 W/Monkey  ( 3038): 12863  11055800K    9072K    7557K    7532K    3132K    3132K    3132K     766K  /apex/com.android.adbd/bin/adbd
10-17 01:52:28.284 W/Monkey  ( 3038): 30804  16731980K   63688K    7439K    4640K   46904K   23256K   22604K    5689K  com.google.android.apps.youtube.music
10-17 01:52:28.284 W/Monkey  ( 3038):  1429  14556512K   61452K    6469K    3984K   27260K     797K       0K     194K  com.google.android.partnersetup
10-17 01:52:28.284 W/Monkey  ( 3038):   334  11598728K   11316K    6393K    5856K    3280K    3280K    3280K     802K  /system/bin/audioserver
10-17 01:52:28.284 W/Monkey  ( 3038):  1491  14563108K   57168K    5770K    3656K   27404K     812K       0K     198K  com.google.android.configupdater
10-17 01:52:28.284 W/Monkey  ( 3038):  1663  14555392K   40552K    5752K    4328K   28376K    2400K    1580K     587K  com.android.emulator.multidisplay
10-17 01:52:28.284 W/Monkey  ( 3038):   868  14556788K   39156K    5526K    4164K   28856K    2669K    1840K     652K  com.android.se
10-17 01:52:28.284 W/Monkey  ( 3038):  1723  14771072K   35924K    5401K    3964K   30780K    3096K    2064K     757K  com.google.process.gservices
10-17 01:52:28.284 W/Monkey  ( 3038):   408  11556460K    8468K    5190K    4924K    6944K    6944K    6944K    1698K  media.swcodec
10-17 01:52:28.284 W/Monkey  ( 3038):  1635  14876416K   34828K    5066K    1948K   36384K    8869K    7840K    2169K  com.google.android.apps.messaging:rcs
10-17 01:52:28.284 W/Monkey  ( 3038): 18596  10907488K    6536K    4593K    4564K    2768K    2768K    2768K     677K  /data/local/tmp/frida-server
10-17 01:52:28.284 W/Monkey  ( 3038):  3121  10814152K    6992K    4438K    4332K       0K       0K       0K       0K  procrank
10-17 01:52:28.284 W/Monkey  ( 3038): 32349  15476456K   60412K    4343K     648K   32304K    6018K    5224K    1472K  com.google.android.googlequicksearchbox:train
10-17 01:52:28.284 W/Monkey  ( 3038):   403  11107172K    6236K    3899K    3828K    2748K    2748K    2748K     672K  media.metrics
10-17 01:52:28.284 W/Monkey  ( 3038):  1619  15836348K   37856K    3861K    1532K   45800K   19361K   18548K    4736K  com.google.android.googlequicksearchbox:interactor
10-17 01:52:28.284 W/Monkey  ( 3038): 32176  14826040K   57300K    3544K    1372K   32724K    7057K    6308K    1726K  com.google.android.settings.intelligence
10-17 01:52:28.284 W/Monkey  ( 3038):   402  11318500K    7876K    3360K    2864K    3544K    3544K    3544K     866K  media.extractor
10-17 01:52:28.284 W/Monkey  ( 3038):   296  15052300K   33428K    3126K    1144K   35468K    6521K    4752K    1595K  zygote64
10-17 01:52:28.284 W/Monkey  ( 3038): 30722  14691404K   50108K    3122K    1576K   30928K    4705K    3920K    1151K  com.google.android.permissioncontroller
10-17 01:52:28.284 W/Monkey  ( 3038): 32260  14642024K   55640K    2774K     680K   31416K    5327K    4556K    1303K  com.android.settings
10-17 01:52:28.284 W/Monkey  ( 3038):   146  11084364K    5464K    2528K    2392K    1552K    1552K    1552K     379K  /system/bin/logd
10-17 01:52:28.284 W/Monkey  ( 3038): 32218  14581592K   51744K    2327K     532K   30804K    4169K    3356K    1019K  com.google.android.apps.wallpaper
10-17 01:52:28.284 W/Monkey  ( 3038):   295  11254556K    4716K    1922K    1784K    1576K    1576K    1576K     385K  /system/bin/netd
10-17 01:52:28.284 W/Monkey  ( 3038):   312  11265836K    4224K    1912K    1784K   13292K   13292K   13292K    3251K  /vendor/bin/hw/android.hardware.graphics.composer@2.4-service
10-17 01:52:28.284 W/Monkey  ( 3038):   316  11106008K    4612K    1779K    1636K    6832K    6832K    6832K    1671K  /vendor/bin/hw/android.hardware.media.c2@1.0-service-goldfish
10-17 01:52:28.284 W/Monkey  ( 3038):   404  11370532K    7296K    1708K    1104K    4520K    4520K    4520K    1105K  /system/bin/mediaserver
10-17 01:52:28.284 W/Monkey  ( 3038):   298  11147864K    3976K    1697K    1612K    1920K    1920K    1920K     469K  /vendor/bin/hw/android.hardware.audio.service
10-17 01:52:28.284 W/Monkey  ( 3038):   398  11650868K    6600K    1680K    1352K    8384K    8384K    8384K    2050K  /system/bin/cameraserver
10-17 01:52:28.284 W/Monkey  ( 3038): 22799  14585528K   43376K    1639K     376K   31552K    5110K    4308K    1250K  com.google.android.cellbroadcastreceiver
10-17 01:52:28.284 W/Monkey  ( 3038): 22683  14519776K   40720K    1474K     320K   30904K    4006K    3156K     980K  com.android.carrierconfig
10-17 01:52:28.284 W/Monkey  ( 3038):   172  11035216K    5432K    1190K    1000K    2596K    2596K    2596K     635K  /system/bin/keystore2
10-17 01:52:28.284 W/Monkey  ( 3038):   148  10869660K    3828K    1034K     868K       0K       0K       0K       0K  /system/bin/lmkd
10-17 01:52:28.284 W/Monkey  ( 3038):   926  14572992K   26676K     995K     336K   33628K    5568K    4476K    1362K  com.google.android.ext.services
10-17 01:52:28.284 W/Monkey  ( 3038):   294  10955612K    3104K     973K     948K    1184K    1184K    1184K     289K  /apex/com.android.os.statsd/bin/statsd
10-17 01:52:28.284 W/Monkey  ( 3038):   405  10974788K    3008K     922K     872K     848K     848K     848K     207K  /system/bin/storaged
10-17 01:52:28.284 W/Monkey  ( 3038):   150  10933708K    4060K     913K     564K     772K     772K     772K     188K  /system/bin/hwservicemanager
10-17 01:52:28.284 W/Monkey  ( 3038):     1  10857280K    2608K     906K     744K    2544K    2544K    2544K     622K  /system/bin/init
10-17 01:52:28.284 W/Monkey  ( 3038):   149  10784904K    3716K     899K     660K     616K     616K     616K     150K  /system/bin/servicemanager
10-17 01:52:28.284 W/Monkey  ( 3038):   311  10947480K    2896K     857K     776K    4716K    4716K    4716K    1153K  /vendor/bin/hw/android.hardware.graphics.allocator@3.0-service
10-17 01:52:28.284 W/Monkey  ( 3038):  3014  10820964K    3412K     770K     624K       0K       0K       0K       0K  logcat
10-17 01:52:28.284 W/Monkey  ( 3038):  1406  10800484K    3452K     764K     628K       0K       0K       0K       0K  logcat
10-17 01:52:28.284 W/Monkey  ( 3038):   703  10903528K    2676K     680K     624K    1000K    1000K    1000K     244K  /vendor/bin/hw/wpa_supplicant
10-17 01:52:28.284 W/Monkey  ( 3038):   171  11097356K    3452K     644K     488K     748K     748K     748K     182K  /system/bin/hw/android.system.suspend@1.0-service
10-17 01:52:28.284 W/Monkey  ( 3038):   320  10904880K    2648K     636K     596K     772K     772K     772K     188K  /vendor/bin/hw/android.hardware.sensors@2.1-service.multihal
10-17 01:52:28.284 W/Monkey  ( 3038):   406  10881224K    2524K     635K     616K     836K     836K     836K     204K  /system/bin/wificond
10-17 01:52:28.284 W/Monkey  ( 3038): 23644  11125984K    3512K     601K     532K    1832K    1832K    1832K     448K  /vendor/bin/hw/libgoldfish-rild
10-17 01:52:28.284 W/Monkey  ( 3038):   807  14885200K   22124K     551K       4K   33172K    4108K    2336K    1005K  webview_zygote
10-17 01:52:28.284 W/Monkey  ( 3038):   323  10982872K    2040K     546K     500K    1028K    1028K    1028K     251K  /vendor/bin/hw/android.hardware.wifi@1.0-service
10-17 01:52:28.284 W/Monkey  ( 3038):   371  10869832K    1780K     530K     512K     672K     672K     672K     164K  /system/bin/traced
10-17 01:52:28.284 W/Monkey  ( 3038):   157  11023528K    3376K     526K     376K    1424K    1424K    1424K     348K  /system/bin/vold
10-17 01:52:28.285 W/Monkey  ( 3038):    91  10937476K    2072K     508K     348K    1528K    1528K    1528K     373K  /system/bin/ueventd
10-17 01:52:28.285 W/Monkey  ( 3038): 25056  10883100K    2736K     489K     360K     624K     624K     624K     152K  /system/bin/prng_seeder
10-17 01:52:28.285 W/Monkey  ( 3038):   341  10785752K    1724K     449K     344K     604K     604K     604K     147K  /system/bin/ip6tables-restore
10-17 01:52:28.285 W/Monkey  ( 3038):   340  10789848K    1668K     437K     332K     572K     572K     572K     139K  /system/bin/iptables-restore
10-17 01:52:28.285 W/Monkey  ( 3038):   313  10823732K    1956K     433K     396K     576K     576K     576K     140K  /vendor/bin/hw/android.hardware.health@2.1-service
10-17 01:52:28.285 W/Monkey  ( 3038):   198  10798016K    2444K     416K     276K     308K     308K     308K      75K  /system/bin/tombstoned
10-17 01:52:28.285 W/Monkey  ( 3038):   303  11209152K    3808K     410K     132K    3584K    3584K    3584K     876K  /vendor/bin/hw/android.hardware.camera.provider@2.7-service-google
10-17 01:52:28.285 W/Monkey  ( 3038):   328  10852036K    2256K     395K     372K     464K     464K     464K     113K  /vendor/bin/hw/android.hardware.vibrator-service.example
10-17 01:52:28.285 W/Monkey  ( 3038):   319  10923532K    1784K     292K     252K     568K     568K     568K     138K  /vendor/bin/hw/android.hardware.power.stats@1.0-service.mock
10-17 01:52:28.285 W/Monkey  ( 3038):   426  10830808K    1668K     237K     224K     652K     652K     652K     159K  /system/bin/mdnsd
10-17 01:52:28.285 W/Monkey  ( 3038):   336  10926696K    2152K     218K     188K    1324K    1324K    1324K     323K  /system/bin/gpuservice
10-17 01:52:28.285 W/Monkey  ( 3038):   326  10790532K    1984K     186K     168K     600K     600K     600K     146K  /vendor/bin/hw/android.hardware.power-service.example
10-17 01:52:28.285 W/Monkey  ( 3038):   394  10823144K    2004K     185K     152K     640K     640K     640K     156K  /system/bin/logcat
10-17 01:52:28.285 W/Monkey  ( 3038):   156  10794524K    2220K     163K      40K     540K     540K     540K     132K  /vendor/bin/qemu-props
10-17 01:52:28.285 W/Monkey  ( 3038):   369  11048984K    3036K     142K     108K    1444K    1444K    1444K     353K  /system/bin/drmserver
10-17 01:52:28.285 W/Monkey  ( 3038):   173  10810780K    2208K     136K       4K     708K     708K     708K     173K  /vendor/bin/hw/android.hardware.atrace@1.0-service
10-17 01:52:28.285 W/Monkey  ( 3038):   174  10903100K    2768K     135K       4K    1204K    1204K    1204K     294K  /vendor/bin/hw/android.hardware.security.keymint-service
10-17 01:52:28.285 W/Monkey  ( 3038): 18600  10810412K    2460K     113K      64K     484K     484K     484K     118K  logcat
10-17 01:52:28.285 W/Monkey  ( 3038):   370  10868296K    1320K      78K      60K     660K     660K     660K     161K  /system/bin/traced_probes
10-17 01:52:28.285 W/Monkey  ( 3038):   285  10827056K    1296K      54K      44K     528K     528K     528K     129K  /vendor/bin/dhcpclient
10-17 01:52:28.285 W/Monkey  ( 3038):   755  10805924K    1508K      51K      32K     992K     992K     992K     242K  /vendor/bin/hw/android.hardware.gnss@2.0-service.ranchu
10-17 01:52:28.285 W/Monkey  ( 3038):   301  11130816K    2628K      51K       4K   11008K   11008K   11008K    2692K  /vendor/bin/hw/android.hardware.camera.provider@2.4-service_64
10-17 01:52:28.285 W/Monkey  ( 3038):   415  10834772K    1432K      50K      36K     796K     796K     796K     194K  /vendor/bin/hw/android.hardware.biometrics.fingerprint@2.1-service
10-17 01:52:28.285 W/Monkey  ( 3038):   322  10842640K    1424K      33K      12K     776K     776K     776K     189K  /vendor/bin/hw/android.hardware.usb@1.0-service
10-17 01:52:28.285 W/Monkey  ( 3038):   401  10872900K    2060K      28K       4K    1852K    1852K    1852K     453K  /system/bin/installd
10-17 01:52:28.285 W/Monkey  ( 3038):   300  10803880K    1460K      27K       8K     928K     928K     928K     227K  /vendor/bin/hw/android.hardware.bluetooth@1.1-service.btlinux
10-17 01:52:28.285 W/Monkey  ( 3038):   409  10879352K    1900K      27K       8K     908K     908K     908K     222K  /system/bin/gatekeeperd
10-17 01:52:28.285 W/Monkey  ( 3038):   318  11002312K    1844K      24K       4K    1492K    1492K    1492K     364K  /vendor/bin/hw/android.hardware.neuralnetworks@1.3-service-sample-limited
10-17 01:52:28.285 W/Monkey  ( 3038):   317  10942832K    1804K      23K       4K    1396K    1396K    1396K     341K  /vendor/bin/hw/android.hardware.neuralnetworks@1.3-service-sample-all
10-17 01:52:28.285 W/Monkey  ( 3038):   400  10953128K    1860K      22K       4K     952K     952K     952K     232K  /system/bin/incidentd
10-17 01:52:28.285 W/Monkey  ( 3038):   335  10989728K    1832K      22K       4K    1172K    1172K    1172K     286K  /system/bin/credstore
10-17 01:52:28.285 W/Monkey  ( 3038):   307  10896188K    1792K      21K       4K    1384K    1384K    1384K     338K  /vendor/bin/hw/android.hardware.drm-service.widevine
10-17 01:52:28.285 W/Monkey  ( 3038):   306  10946200K    1784K      21K       4K     868K     868K     868K     212K  /vendor/bin/hw/android.hardware.drm-service.clearkey
10-17 01:52:28.285 W/Monkey  ( 3038):   327  10782324K    1768K      21K       4K     728K     728K     728K     178K  /vendor/bin/hw/android.hardware.rebootescrow-service.default
10-17 01:52:28.285 W/Monkey  ( 3038):   325  10870376K    1760K      21K       4K     732K     732K     732K     179K  /vendor/bin/hw/android.hardware.lights-service.example
10-17 01:52:28.285 W/Monkey  ( 3038):   324  10818568K    1752K      20K       4K     836K     836K     836K     204K  /vendor/bin/hw/android.hardware.identity-service.example
10-17 01:52:28.285 W/Monkey  ( 3038):   297  10801940K    1652K      19K       4K     696K     696K     696K     170K  /system/bin/hw/android.hidl.allocator@1.0-service
10-17 01:52:28.285 W/Monkey  ( 3038):    89  10886044K    1308K      19K       4K    1412K    1412K    1412K     345K  /system/bin/init
10-17 01:52:28.285 W/Monkey  ( 3038):   309  10926900K    1376K      17K       4K    1136K    1136K    1136K     277K  /vendor/bin/hw/android.hardware.drm@1.4-service.clearkey
10-17 01:52:28.285 W/Monkey  ( 3038):   411  10808864K    1368K      17K       4K     752K     752K     752K     183K  /vendor/bin/hw/android.hardware.biometrics.face@1.0-service.example
10-17 01:52:28.285 W/Monkey  ( 3038):   305  10784352K    1360K      17K       4K     760K     760K     760K     185K  /vendor/bin/hw/android.hardware.contexthub@1.1-service.mock
10-17 01:52:28.285 W/Monkey  ( 3038):   310  10838716K    1368K      17K       4K     824K     824K     824K     201K  /vendor/bin/hw/android.hardware.gatekeeper@1.0-service.software
10-17 01:52:28.285 W/Monkey  ( 3038):   308  10874300K    1364K      17K       4K    1036K    1036K    1036K     253K  /vendor/bin/hw/android.hardware.drm@1.0-service
10-17 01:52:28.285 W/Monkey  ( 3038):   304  10897552K    1360K      17K       4K     940K     940K     940K     229K  /vendor/bin/hw/android.hardware.cas@1.2-service
10-17 01:52:28.285 W/Monkey  ( 3038):   299  10806680K    1356K      17K       4K     732K     732K     732K     179K  /vendor/bin/hw/android.hardware.authsecret@1.0-service
10-17 01:52:28.285 W/Monkey  ( 3038):   321  10790500K    1340K      17K       4K     760K     760K     760K     185K  /vendor/bin/hw/android.hardware.thermal@2.0-service.mock
10-17 01:52:28.285 W/Monkey  ( 3038):   395  10847636K    1288K      15K       4K     576K     576K     576K     140K  /vendor/bin/bt_vhci_forwarder
10-17 01:52:28.285 W/Monkey  ( 3038):                            ------   ------   ------   ------   ------   ------  ------
10-17 01:52:28.285 W/Monkey  ( 3038):                           1128778K  961040K  1652392K  678322K  647340K  165936K  TOTAL
10-17 01:52:28.285 W/Monkey  ( 3038): 
10-17 01:52:28.285 W/Monkey  ( 3038): ZRAM: 173140K physical used for 707768K in swap (1509136K total swap)
10-17 01:52:28.285 W/Monkey  ( 3038):  RAM: 2012188K total, 180144K free, 8660K buffers, 548256K cached, 29708K shmem, 202716K slab
