10-17 01:51:44.915 I/init    (    1): Untracked pid 2774 exited with status 0
10-17 01:51:44.915 I/init    (    1): Untracked pid 2774 did not have an associated service entry and will not be reaped
10-17 01:51:44.921 I/crash_dump64( 2778): obtaining output fd from tombstoned, type: kDebuggerdNativeBacktrace
10-17 01:51:44.921 I/tombstoned(  198): received crash request for pid 295
10-17 01:51:44.921 I/tombstoned(  198): found intercept fd 512 for pid 295 and type kDebuggerdNativeBacktrace
10-17 01:51:44.921 I/crash_dump64( 2778): performing dump of process 295 (target tid = 295)
10-17 01:51:44.932 I/system_server(  507): libdebuggerd_client: done dumping process 295
10-17 01:51:44.932 W/tombstoned(  198): skipping tombstone file creation due to intercept
10-17 01:51:44.933 I/ActivityManager(  507): Collecting stacks for native pid 334
10-17 01:51:44.933 I/system_server(  507): libdebuggerd_client: started dumping process 334
10-17 01:51:44.933 I/tombstoned(  198): registered intercept for pid 334 and type kDebuggerdNativeBacktrace
10-17 01:51:44.934 I/libc    (  334): Requested dump for pid 334 (audioserver)
10-17 01:51:44.933 I/init    (    1): Untracked pid 2778 exited with status 0
10-17 01:51:44.933 I/init    (    1): Untracked pid 2778 did not have an associated service entry and will not be reaped
10-17 01:51:44.933 I/init    (    1): Untracked pid 2780 exited with status 0
10-17 01:51:44.933 I/init    (    1): Untracked pid 2780 did not have an associated service entry and will not be reaped
10-17 01:51:44.941 I/crash_dump64( 2784): obtaining output fd from tombstoned, type: kDebuggerdNativeBacktrace
10-17 01:51:44.941 I/tombstoned(  198): received crash request for pid 334
10-17 01:51:44.941 I/tombstoned(  198): found intercept fd 512 for pid 334 and type kDebuggerdNativeBacktrace
10-17 01:51:44.941 I/crash_dump64( 2784): performing dump of process 334 (target tid = 334)
10-17 01:51:44.947 I/system_server(  507): libdebuggerd_client: done dumping process 334
10-17 01:51:44.947 W/tombstoned(  198): skipping tombstone file creation due to intercept
10-17 01:51:44.949 I/init    (    1): Untracked pid 2784 exited with status 0
10-17 01:51:44.949 I/init    (    1): Untracked pid 2784 did not have an associated service entry and will not be reaped
10-17 01:51:44.949 I/init    (    1): Untracked pid 2786 exited with status 0
10-17 01:51:44.949 I/init    (    1): Untracked pid 2786 did not have an associated service entry and will not be reaped
10-17 01:51:44.949 I/ActivityManager(  507): Collecting stacks for native pid 337
10-17 01:51:44.949 I/system_server(  507): libdebuggerd_client: started dumping process 337
10-17 01:51:44.949 I/tombstoned(  198): registered intercept for pid 337 and type kDebuggerdNativeBacktrace
10-17 01:51:44.949 I/libc    (  337): Requested dump for pid 337 (surfaceflinger)
10-17 01:51:44.958 I/crash_dump64( 2789): obtaining output fd from tombstoned, type: kDebuggerdNativeBacktrace
10-17 01:51:44.959 I/tombstoned(  198): received crash request for pid 337
10-17 01:51:44.959 I/tombstoned(  198): found intercept fd 512 for pid 337 and type kDebuggerdNativeBacktrace
10-17 01:51:44.959 I/crash_dump64( 2789): performing dump of process 337 (target tid = 337)
10-17 01:51:44.973 I/system_server(  507): libdebuggerd_client: done dumping process 337
10-17 01:51:44.973 W/tombstoned(  198): skipping tombstone file creation due to intercept
10-17 01:51:44.974 I/ActivityManager(  507): Collecting stacks for native pid 369
10-17 01:51:44.974 I/init    (    1): Untracked pid 2789 exited with status 0
10-17 01:51:44.974 I/init    (    1): Untracked pid 2789 did not have an associated service entry and will not be reaped
10-17 01:51:44.974 I/init    (    1): Untracked pid 2791 exited with status 0
10-17 01:51:44.974 I/init    (    1): Untracked pid 2791 did not have an associated service entry and will not be reaped
10-17 01:51:44.974 I/system_server(  507): libdebuggerd_client: started dumping process 369
10-17 01:51:44.974 I/tombstoned(  198): registered intercept for pid 369 and type kDebuggerdNativeBacktrace
10-17 01:51:44.974 I/libc    (  369): Requested dump for pid 369 (drmserver)
10-17 01:51:44.979 I/crash_dump64( 2794): obtaining output fd from tombstoned, type: kDebuggerdNativeBacktrace
10-17 01:51:44.979 I/tombstoned(  198): received crash request for pid 369
10-17 01:51:44.979 I/tombstoned(  198): found intercept fd 512 for pid 369 and type kDebuggerdNativeBacktrace
10-17 01:51:44.979 I/crash_dump64( 2794): performing dump of process 369 (target tid = 369)
10-17 01:51:44.981 I/system_server(  507): libdebuggerd_client: done dumping process 369
10-17 01:51:44.981 W/tombstoned(  198): skipping tombstone file creation due to intercept
10-17 01:51:44.982 I/ActivityManager(  507): Collecting stacks for native pid 398
10-17 01:51:44.982 I/system_server(  507): libdebuggerd_client: started dumping process 398
10-17 01:51:44.982 I/tombstoned(  198): registered intercept for pid 398 and type kDebuggerdNativeBacktrace
10-17 01:51:44.983 I/libc    (  398): Requested dump for pid 398 (cameraserver)
10-17 01:51:44.982 I/init    (    1): Untracked pid 2794 exited with status 0
10-17 01:51:44.982 I/init    (    1): Untracked pid 2794 did not have an associated service entry and will not be reaped
10-17 01:51:44.983 I/init    (    1): Untracked pid 2796 exited with status 0
10-17 01:51:44.983 I/init    (    1): Untracked pid 2796 did not have an associated service entry and will not be reaped
10-17 01:51:44.989 I/crash_dump64( 2799): obtaining output fd from tombstoned, type: kDebuggerdNativeBacktrace
10-17 01:51:44.989 I/tombstoned(  198): received crash request for pid 398
10-17 01:51:44.989 I/tombstoned(  198): found intercept fd 512 for pid 398 and type kDebuggerdNativeBacktrace
10-17 01:51:44.989 I/crash_dump64( 2799): performing dump of process 398 (target tid = 398)
10-17 01:51:44.992 I/system_server(  507): libdebuggerd_client: done dumping process 398
10-17 01:51:44.992 W/tombstoned(  198): skipping tombstone file creation due to intercept
10-17 01:51:44.993 I/ActivityManager(  507): Collecting stacks for native pid 402
10-17 01:51:44.993 I/system_server(  507): libdebuggerd_client: started dumping process 402
10-17 01:51:44.993 I/tombstoned(  198): registered intercept for pid 402 and type kDebuggerdNativeBacktrace
10-17 01:51:44.993 I/init    (    1): Untracked pid 2799 exited with status 0
10-17 01:51:44.993 I/init    (    1): Untracked pid 2799 did not have an associated service entry and will not be reaped
10-17 01:51:44.994 I/init    (    1): Untracked pid 2801 exited with status 0
10-17 01:51:44.994 I/init    (    1): Untracked pid 2801 did not have an associated service entry and will not be reaped
10-17 01:51:44.994 I/tombstoned(  198): received crash request for pid 402
10-17 01:51:44.994 I/tombstoned(  198): found intercept fd 512 for pid 402 and type kDebuggerdNativeBacktrace
10-17 01:51:45.006 I/system_server(  507): libdebuggerd_client: done dumping process 402
10-17 01:51:45.006 W/tombstoned(  198): skipping tombstone file creation due to intercept
10-17 01:51:45.007 I/ActivityManager(  507): Collecting stacks for native pid 403
10-17 01:51:45.007 I/system_server(  507): libdebuggerd_client: started dumping process 403
10-17 01:51:45.008 I/tombstoned(  198): registered intercept for pid 403 and type kDebuggerdNativeBacktrace
10-17 01:51:45.008 I/libc    (  403): Requested dump for pid 403 (mediametrics)
10-17 01:51:45.012 I/crash_dump64( 2804): obtaining output fd from tombstoned, type: kDebuggerdNativeBacktrace
10-17 01:51:45.012 I/tombstoned(  198): received crash request for pid 403
10-17 01:51:45.012 I/tombstoned(  198): found intercept fd 512 for pid 403 and type kDebuggerdNativeBacktrace
10-17 01:51:45.013 I/crash_dump64( 2804): performing dump of process 403 (target tid = 403)
10-17 01:51:45.016 I/system_server(  507): libdebuggerd_client: done dumping process 403
10-17 01:51:45.016 W/tombstoned(  198): skipping tombstone file creation due to intercept
10-17 01:51:45.017 I/init    (    1): Untracked pid 2804 exited with status 0
10-17 01:51:45.017 I/init    (    1): Untracked pid 2804 did not have an associated service entry and will not be reaped
10-17 01:51:45.017 I/ActivityManager(  507): Collecting stacks for native pid 404
10-17 01:51:45.018 I/system_server(  507): libdebuggerd_client: started dumping process 404
10-17 01:51:45.018 I/tombstoned(  198): registered intercept for pid 404 and type kDebuggerdNativeBacktrace
10-17 01:51:45.018 I/libc    (  404): Requested dump for pid 404 (mediaserver)
10-17 01:51:45.019 I/init    (    1): Untracked pid 2806 exited with status 0
10-17 01:51:45.019 I/init    (    1): Untracked pid 2806 did not have an associated service entry and will not be reaped
10-17 01:51:45.025 I/crash_dump64( 2809): obtaining output fd from tombstoned, type: kDebuggerdNativeBacktrace
10-17 01:51:45.025 I/tombstoned(  198): received crash request for pid 404
10-17 01:51:45.025 I/tombstoned(  198): found intercept fd 512 for pid 404 and type kDebuggerdNativeBacktrace
10-17 01:51:45.025 I/crash_dump64( 2809): performing dump of process 404 (target tid = 404)
10-17 01:51:45.030 I/system_server(  507): libdebuggerd_client: done dumping process 404
10-17 01:51:45.030 W/tombstoned(  198): skipping tombstone file creation due to intercept
10-17 01:51:45.031 I/ActivityManager(  507): Collecting stacks for native pid 408
10-17 01:51:45.031 I/system_server(  507): libdebuggerd_client: started dumping process 408
10-17 01:51:45.031 I/tombstoned(  198): registered intercept for pid 408 and type kDebuggerdNativeBacktrace
10-17 01:51:45.031 I/init    (    1): Untracked pid 2809 exited with status 0
10-17 01:51:45.031 I/init    (    1): Untracked pid 2809 did not have an associated service entry and will not be reaped
10-17 01:51:45.032 I/init    (    1): Untracked pid 2811 exited with status 0
10-17 01:51:45.032 I/init    (    1): Untracked pid 2811 did not have an associated service entry and will not be reaped
10-17 01:51:45.032 I/tombstoned(  198): received crash request for pid 408
10-17 01:51:45.032 I/tombstoned(  198): found intercept fd 512 for pid 408 and type kDebuggerdNativeBacktrace
10-17 01:51:45.063 I/system_server(  507): libdebuggerd_client: done dumping process 408
10-17 01:51:45.063 W/tombstoned(  198): skipping tombstone file creation due to intercept
10-17 01:51:45.065 I/ActivityManager(  507): Done dumping
10-17 01:51:45.066 E/ActivityManager(  507): ANR in org.telegram.messenger (org.telegram.messenger/.DefaultIcon)
10-17 01:51:45.066 E/ActivityManager(  507): PID: 2554
10-17 01:51:45.066 E/ActivityManager(  507): Reason: Input dispatching timed out (Application does not have a focused window)
10-17 01:51:45.066 E/ActivityManager(  507): Parent: org.telegram.messenger/.DefaultIcon
10-17 01:51:45.066 E/ActivityManager(  507): ErrorId: 51f0cb22-6b0e-49bd-b053-5a91f4fec9fa
10-17 01:51:45.066 E/ActivityManager(  507): Frozen: false
10-17 01:51:45.066 E/ActivityManager(  507): Load: 0.92 / 0.57 / 0.67
10-17 01:51:45.066 E/ActivityManager(  507): ----- Output from /proc/pressure/memory -----
10-17 01:51:45.066 E/ActivityManager(  507): some avg10=0.26 avg60=0.26 avg300=0.11 total=49233186
10-17 01:51:45.066 E/ActivityManager(  507): full avg10=0.12 avg60=0.14 avg300=0.04 total=36497225
10-17 01:51:45.066 E/ActivityManager(  507): ----- End output from /proc/pressure/memory -----
10-17 01:51:45.066 E/ActivityManager(  507): 
10-17 01:51:45.066 E/ActivityManager(  507): CPU usage from 166840ms to 0ms ago (2025-10-17 01:48:57.403 to 2025-10-17 01:51:44.243):
10-17 01:51:45.066 E/ActivityManager(  507):   3.7% 312/android.hardware.graphics.composer@2.4-service: 0.2% user + 3.4% kernel / faults: 388 minor 3 major
10-17 01:51:45.066 E/ActivityManager(  507):   2.9% 337/surfaceflinger: 1% user + 1.8% kernel / faults: 3451 minor 19 major
10-17 01:51:45.066 E/ActivityManager(  507):   2.9% 507/system_server: 1.6% user + 1.2% kernel / faults: 61661 minor 1333 major
10-17 01:51:45.066 E/ActivityManager(  507):   1.2% 320/android.hardware.sensors@2.1-service.multihal: 0.4% user + 0.7% kernel / faults: 498 minor 2 major
10-17 01:51:45.066 E/ActivityManager(  507):   1.2% 1064/com.google.android.apps.nexuslauncher: 0.4% user + 0.7% kernel / faults: 14564 minor 249 major
10-17 01:51:45.066 E/ActivityManager(  507):   1.1% 12863/adbd: 0.3% user + 0.8% kernel / faults: 27367 minor 11 major
10-17 01:51:45.066 E/ActivityManager(  507):   1% 1905/kworker/0:0-events: 0% user + 1% kernel
10-17 01:51:45.066 E/ActivityManager(  507):   0.2% 1511/com.google.android.inputmethod.latin: 0.1% user + 0.1% kernel / faults: 48014 minor 1892 major
10-17 01:51:45.066 E/ActivityManager(  507):   0.6% 334/audioserver: 0.2% user + 0.4% kernel / faults: 2016 minor 199 major
10-17 01:51:45.066 E/ActivityManager(  507):   0.2% 298/android.hardware.audio.service: 0% user + 0.2% kernel / faults: 453 minor 26 major
10-17 01:51:45.066 E/ActivityManager(  507):   0.2% 18596/frida-server: 0.2% user + 0% kernel / faults: 1954 minor 11 major
10-17 01:51:45.066 E/ActivityManager(  507):   0.5% 709/com.android.systemui: 0.3% user + 0.2% kernel / faults: 33832 minor 4780 major
10-17 01:51:45.066 E/ActivityManager(  507):   0.3% 146/logd: 0% user + 0.3% kernel / faults: 968 minor 34 major
10-17 01:51:45.066 E/ActivityManager(  507):   0.3% 394/logcat: 0% user + 0.3% kernel / faults: 81 minor
10-17 01:51:45.066 E/ActivityManager(  507):   0.1% 57/kswapd0: 0% user + 0.1% kernel
10-17 01:51:45.066 E/ActivityManager(  507):   0% 873/kworker/0:1-virtio_vsock: 0% user + 0% kernel
10-17 01:51:45.066 E/ActivityManager(  507):   0.1% 142/sugov:1: 0% user + 0.1% kernel
10-17 01:51:45.066 E/ActivityManager(  507):   0.1% 144/sugov:3: 0% user + 0.1% kernel
10-17 01:51:45.066 E/ActivityManager(  507):   0.1% 6467/com.google.android.gms: 0% user + 0% kernel / faults: 12139 minor 273 major
10-17 01:51:45.066 E/ActivityManager(  507):   0.1% 14/rcu_preempt: 0% user + 0.1% kernel
10-17 01:51:45.066 E/ActivityManager(  507):   0.1% 1253/com.google.android.gms.persistent: 0% user + 0% kernel / faults: 16707 minor 89 major
10-17 01:51:45.066 E/ActivityManager(  507):   0.1% 13/ksoftirqd/0: 0% user + 0.1% kernel
10-17 01:51:45.066 E/ActivityManager(  507):   0% 14350/com.google.android.googlequicksearchbox:search: 0% user + 0% kernel / faults: 17255 minor 1717 major
10-17 01:51:45.066 E/ActivityManager(  507):   0% 26362/kworker/2:2-mm_percpu_wq: 0% user + 0% kernel
10-17 01:51:45.066 E/ActivityManager(  507):   0.1% 70/kworker/1:2-rcu_gp: 0% user + 0.1% kernel
10-17 01:51:45.066 E/ActivityManager(  507):   0.1% 141/sugov:0: 0% user + 0.1% kernel
10-17 01:51:45.066 E/ActivityManager(  507):   0.1% 143/sugov:2: 0% user + 0.1% kernel
10-17 01:51:45.066 E/ActivityManager(  507):   0% 355/kworker/3:2-mm_percpu_wq: 0% user + 0% kernel
10-17 01:51:45.066 E/ActivityManager(  507):   0% 1048/kworker/u8:2-ext4-rsv-conversion: 0% user + 0% kernel
10-17 01:51:45.066 E/ActivityManager(  507):   0% 1406/logcat: 0% user + 0% kernel / faults: 89 minor
10-17 01:51:45.066 E/ActivityManager(  507):   0% 294/statsd: 0% user + 0% kernel / faults: 382 minor 17 major
10-17 01:51:45.066 E/ActivityManager(  507):   0% 311/android.hardware.graphics.allocator@3.0-service: 0% user + 0% kernel / faults: 205 minor 123 major
10-17 01:51:45.066 E/ActivityManager(  507):   0% 193/jbd2/dm-33-8: 0% user + 0% kernel
10-17 01:51:45.066 E/ActivityManager(  507):   0% 1598/com.google.android.as: 0% user + 0% kernel / faults: 10638 minor 1816 major
10-17 01:51:45.066 E/ActivityManager(  507):   0% 28972/com.whatsapp: 0% user + 0% kernel / faults: 565 minor
10-17 01:51:45.066 E/ActivityManager(  507):   0% 408/media.swcodec: 0% user + 0% kernel / faults: 1189 minor 470 major
10-17 01:51:45.066 E/ActivityManager(  507):   0% 30842/com.google.android.youtube: 0% user + 0% kernel / faults: 795 minor 73 major
10-17 01:51:45.066 E/ActivityManager(  507):   0% 882/com.android.phone: 0% user + 0% kernel / faults: 2510 minor 6 major
10-17 01:51:45.066 E/ActivityManager(  507):   0% 1590/com.google.android.providers.media.module: 0% user + 0% kernel / faults: 9362 minor 741 major
10-17 01:51:45.066 E/ActivityManager(  507):   0% 443/kworker/0:2H-kblockd: 0% user + 0% kernel
10-17 01:51:45.066 E/ActivityManager(  507):   0% 31/ksoftirqd/2: 0% user + 0% kernel
10-17 01:51:45.066 E/ActivityManager(  507):   0% 149/servicemanager: 0% user + 0% kernel / faults: 278 minor 1 major
10-17 01:51:45.066 E/ActivityManager(  507):   0% 285/dhcpclient: 0% user + 0% kernel / faults: 16 minor
10-17 01:51:45.066 E/ActivityManager(  507):   0% 326/android.hardware.power-service.example: 0% user + 0% kernel / faults: 101 minor
10-17 01:51:45.066 E/ActivityManager(  507):   0% 819/com.android.networkstack.process: 0% user + 0% kernel / faults: 1673 minor
10-17 01:51:45.066 E/ActivityManager(  507):   0% 27589/android.process.acore: 0% user + 0% kernel / faults: 4109 minor 133 major
10-17 01:51:45.066 E/ActivityManager(  507):   0% 37/ksoftirqd/3: 0% user + 0% kernel
10-17 01:51:45.066 E/ActivityManager(  507):   0% 148/lmkd: 0% user + 0% kernel
10-17 01:51:45.066 E/ActivityManager(  507):   0% 295/netd: 0% user + 0% kernel / faults: 480 minor 9 major
10-17 01:51:45.066 E/ActivityManager(  507):   0% 403/media.metrics: 0% user + 0% kernel / faults: 1135 minor 381 major
10-17 01:51:45.066 E/ActivityManager(  507):   0% 31203/com.android.chrome: 0% user + 0% kernel / faults: 1640 minor 20 major
10-17 01:51:45.066 E/ActivityManager(  507):   0% 25/ksoftirqd/1: 0% user + 0% kernel
10-17 01:51:45.066 E/ActivityManager(  507):   0% 93/kworker/3:1H-kverityd: 0% user + 0% kernel
10-17 01:51:45.066 E/ActivityManager(  507):   0% 134/kworker/2:1H-kblockd: 0% user + 0% kernel
10-17 01:51:45.066 E/ActivityManager(  507):   0% 323/android.hardware.wifi@1.0-service: 0% user + 0% kernel / faults: 287 minor
10-17 01:51:45.066 E/ActivityManager(  507):   0% 430/kworker/1:2H-kblockd: 0% user + 0% kernel
10-17 01:51:45.066 E/ActivityManager(  507):   0% 152/psimon: 0% user + 0% kernel
10-17 01:51:45.066 E/ActivityManager(  507):   0% 171/android.system.suspend@1.0-service: 0% user + 0% kernel / faults: 172 minor 8 major
10-17 01:51:45.066 E/ActivityManager(  507):   0% 398/cameraserver: 0% user + 0% kernel / faults: 175 minor 8 major
10-17 01:51:45.066 E/ActivityManager(  507):   0% 402/media.extractor: 0% user + 0% kernel / faults: 655 minor 321 major
10-17 01:51:45.066 E/ActivityManager(  507):   0% 406/wificond: 0% user + 0% kernel / faults: 137 minor
10-17 01:51:45.066 E/ActivityManager(  507):   0% 30635/com.google.android.bluetooth: 0% user + 0% kernel / faults: 2706 minor 209 major
10-17 01:51:45.066 E/ActivityManager(  507):   0% 30804/com.google.android.apps.youtube.music: 0% user + 0% kernel / faults: 1332 minor 313 major
10-17 01:51:45.066 E/ActivityManager(  507):   0% 30882/kworker/u9:2-blk_crypto_wq: 0% user + 0% kernel
10-17 01:51:45.066 E/ActivityManager(  507):   0% 48/kcompactd0: 0% user + 0% kernel
10-17 01:51:45.066 E/ActivityManager(  507):   0% 150/hwservicemanager: 0% user + 0% kernel / faults: 310 minor 6 major
10-17 01:51:45.066 E/ActivityManager(  507):   0% 157/vold: 0% user + 0% kernel / faults: 185 minor
10-17 01:51:45.066 E/ActivityManager(  507):   0% 296/zygote64: 0% user + 0% kernel / faults: 670 minor
10-17 01:51:45.066 E/ActivityManager(  507):   0% 340/iptables-restore: 0% user + 0% kernel / faults: 491 minor
10-17 01:51:45.066 E/ActivityManager(  507):   0% 341/ip6tables-restore: 0% user + 0% kernel / faults: 509 minor
10-17 01:51:45.066 E/ActivityManager(  507):   0% 755/android.hardware.gnss@2.0-service.ranchu: 0% user + 0% kernel / faults: 14 minor
10-17 01:51:45.066 E/ActivityManager(  507):   0% 1231/kworker/u9:4-fscrypt_read_queue: 0% user + 0% kernel
10-17 01:51:45.066 E/ActivityManager(  507):   0% 30360/kworker/u8:3-loop29: 0% user + 0% kernel
10-17 01:51:45.066 E/ActivityManager(  507):  +0% 1916/kworker/u8:0-phy1: 0% user + 0% kernel
10-17 01:51:45.066 E/ActivityManager(  507):  +0% 1984/kworker/u9:0-fscrypt_read_queue: 0% user + 0% kernel
10-17 01:51:45.066 E/ActivityManager(  507):  +0% 2512/kworker/u8:1: 0% user + 0% kernel
10-17 01:51:45.066 E/ActivityManager(  507):  +0% 2554/org.telegram.messenger: 0% user + 0% kernel
10-17 01:51:45.066 E/ActivityManager(  507):  +0% 2661/kworker/2:0H: 0% user + 0% kernel
10-17 01:51:45.066 E/ActivityManager(  507):  +0% 2703/kworker/0:2-events: 0% user + 0% kernel
10-17 01:51:45.066 E/ActivityManager(  507):  +0% 2706/logcat: 0% user + 0% kernel
10-17 01:51:45.066 E/ActivityManager(  507):  +0% 2730/com.android.commands.monkey: 0% user + 0% kernel
10-17 01:51:45.066 E/ActivityManager(  507): 11% TOTAL: 4.6% user + 4.7% kernel + 0.3% iowait + 1.6% irq + 0.1% softirq
10-17 01:51:45.066 E/ActivityManager(  507): CPU usage from 19ms to 239ms later (2025-10-17 01:51:44.262 to 2025-10-17 01:51:44.482):
10-17 01:51:45.066 E/ActivityManager(  507):   9.2% 507/system_server: 0% user + 9.2% kernel / faults: 419 minor 2 major
10-17 01:51:45.066 E/ActivityManager(  507):     4.6% 2758/AnrConsumer: 0% user + 4.6% kernel
10-17 01:51:45.066 E/ActivityManager(  507):   4.6% 323/android.hardware.wifi@1.0-service: 0% user + 4.6% kernel
10-17 01:51:45.066 E/ActivityManager(  507): 4.4% TOTAL: 1.1% user + 2.2% kernel + 1.1% irq
10-17 01:51:45.067 I/DropBoxManagerService(  507): add tag=data_app_anr isTagEnabled=true flags=0x6
10-17 01:51:45.069 W/Monkey  ( 2730): // NOT RESPONDING: org.telegram.messenger (pid 2554)
10-17 01:51:45.069 W/Monkey  ( 2730): ANR in org.telegram.messenger (org.telegram.messenger/.DefaultIcon)
10-17 01:51:45.069 W/Monkey  ( 2730): PID: 2554
10-17 01:51:45.069 W/Monkey  ( 2730): Reason: Input dispatching timed out (Application does not have a focused window)
10-17 01:51:45.069 W/Monkey  ( 2730): Parent: org.telegram.messenger/.DefaultIcon
10-17 01:51:45.069 W/Monkey  ( 2730): ErrorId: 51f0cb22-6b0e-49bd-b053-5a91f4fec9fa
10-17 01:51:45.069 W/Monkey  ( 2730): Frozen: false
10-17 01:51:45.069 W/Monkey  ( 2730): Load: 0.92 / 0.57 / 0.67
10-17 01:51:45.069 W/Monkey  ( 2730): ----- Output from /proc/pressure/memory -----
10-17 01:51:45.069 W/Monkey  ( 2730): some avg10=0.26 avg60=0.26 avg300=0.11 total=49233186
10-17 01:51:45.069 W/Monkey  ( 2730): full avg10=0.12 avg60=0.14 avg300=0.04 total=36497225
10-17 01:51:45.069 W/Monkey  ( 2730): ----- End output from /proc/pressure/memory -----
10-17 01:51:45.069 W/Monkey  ( 2730): 
10-17 01:51:45.069 W/Monkey  ( 2730): CPU usage from 166840ms to 0ms ago (2025-10-17 01:48:57.403 to 2025-10-17 01:51:44.243):
10-17 01:51:45.069 W/Monkey  ( 2730):   3.7% 312/android.hardware.graphics.composer@2.4-service: 0.2% user + 3.4% kernel / faults: 388 minor 3 major
10-17 01:51:45.069 W/Monkey  ( 2730):   2.9% 337/surfaceflinger: 1% user + 1.8% kernel / faults: 3451 minor 19 major
10-17 01:51:45.069 W/Monkey  ( 2730):   2.9% 507/system_server: 1.6% user + 1.2% kernel / faults: 61661 minor 1333 major
10-17 01:51:45.069 W/Monkey  ( 2730):   1.2% 320/android.hardware.sensors@2.1-service.multihal: 0.4% user + 0.7% kernel / faults: 498 minor 2 major
10-17 01:51:45.069 W/Monkey  ( 2730):   1.2% 1064/com.google.android.apps.nexuslauncher: 0.4% user + 0.7% kernel / faults: 14564 minor 249 major
10-17 01:51:45.069 W/Monkey  ( 2730):   1.1% 12863/adbd: 0.3% user + 0.8% kernel / faults: 27367 minor 11 major
10-17 01:51:45.069 W/Monkey  ( 2730):   1% 1905/kworker/0:0-events: 0% user + 1% kernel
10-17 01:51:45.069 W/Monkey  ( 2730):   0.2% 1511/com.google.android.inputmethod.latin: 0.1% user + 0.1% kernel / faults: 48014 minor 1892 major
10-17 01:51:45.069 W/Monkey  ( 2730):   0.6% 334/audioserver: 0.2% user + 0.4% kernel / faults: 2016 minor 199 major
10-17 01:51:45.069 W/Monkey  ( 2730):   0.2% 298/android.hardware.audio.service: 0% user + 0.2% kernel / faults: 453 minor 26 major
10-17 01:51:45.069 W/Monkey  ( 2730):   0.2% 18596/frida-server: 0.2% user + 0% kernel / faults: 1954 minor 11 major
10-17 01:51:45.069 W/Monkey  ( 2730):   0.5% 709/com.android.systemui: 0.3% user + 0.2% kernel / faults: 33832 minor 4780 major
10-17 01:51:45.069 W/Monkey  ( 2730):   0.3% 146/logd: 0% user + 0.3% kernel / faults: 968 minor 34 major
10-17 01:51:45.069 W/Monkey  ( 2730):   0.3% 394/logcat: 0% user + 0.3% kernel / faults: 81 minor
10-17 01:51:45.069 W/Monkey  ( 2730):   0.1% 57/kswapd0: 0% user + 0.1% kernel
10-17 01:51:45.069 W/Monkey  ( 2730):   0% 873/kworker/0:1-virtio_vsock: 0% user + 0% kernel
10-17 01:51:45.069 W/Monkey  ( 2730):   0.1% 142/sugov:1: 0% user + 0.1% kernel
10-17 01:51:45.069 W/Monkey  ( 2730):   0.1% 144/sugov:3: 0% user + 0.1% kernel
10-17 01:51:45.069 W/Monkey  ( 2730):   0.1% 6467/com.google.android.gms: 0% user + 0% kernel / faults: 12139 minor 273 major
10-17 01:51:45.069 W/Monkey  ( 2730):   0.1% 14/rcu_preempt: 0% user + 0.1% kernel
10-17 01:51:45.069 W/Monkey  ( 2730):   0.1% 1253/com.google.android.gms.persistent: 0% user + 0% kernel / faults: 16707 minor 89 major
10-17 01:51:45.069 W/Monkey  ( 2730):   0.1% 13/ksoftirqd/0: 0% user + 0.1% kernel
10-17 01:51:45.069 W/Monkey  ( 2730):   0% 14350/com.google.android.googlequicksearchbox:search: 0% user + 0% kernel / faults: 17255 minor 1717 major
10-17 01:51:45.069 W/Monkey  ( 2730):   0% 26362/kworker/2:2-mm_percpu_wq: 0% user + 0% kernel
10-17 01:51:45.069 W/Monkey  ( 2730):   0.1% 70/kworker/1:2-rcu_gp: 0% user + 0.1% kernel
10-17 01:51:45.069 W/Monkey  ( 2730):   0.1% 141/sugov:0: 0% user + 0.1% kernel
10-17 01:51:45.069 W/Monkey  ( 2730):   0.1% 143/sugov:2: 0% user + 0.1% kernel
10-17 01:51:45.069 W/Monkey  ( 2730):   0% 355/kworker/3:2-mm_percpu_wq: 0% user + 0% kernel
10-17 01:51:45.069 W/Monkey  ( 2730):   0% 1048/kworker/u8:2-ext4-rsv-conversion: 0% user + 0% kernel
10-17 01:51:45.069 W/Monkey  ( 2730):   0% 1406/logcat: 0% user + 0% kernel / faults: 89 minor
10-17 01:51:45.069 W/Monkey  ( 2730):   0% 294/statsd: 0% user + 0% kernel / faults: 382 minor 17 major
10-17 01:51:45.069 W/Monkey  ( 2730):   0% 311/android.hardware.graphics.allocator@3.0-service: 0% user + 0% kernel / faults: 205 minor 123 major
10-17 01:51:45.069 W/Monkey  ( 2730):   0% 193/jbd2/dm-33-8: 0% user + 0% kernel
10-17 01:51:45.069 W/Monkey  ( 2730):   0% 1598/com.google.android.as: 0% user + 0% kernel / faults: 10638 minor 1816 major
10-17 01:51:45.069 W/Monkey  ( 2730):   0% 28972/com.whatsapp: 0% user + 0% kernel / faults: 565 minor
10-17 01:51:45.069 W/Monkey  ( 2730):   0% 408/media.swcodec: 0% user + 0% kernel / faults: 1189 minor 470 major
10-17 01:51:45.069 W/Monkey  ( 2730):   0% 30842/com.google.android.youtube: 0% user + 0% kernel / faults: 795 minor 73 major
10-17 01:51:45.069 W/Monkey  ( 2730):   0% 882/com.android.phone: 0% user + 0% kernel / faults: 2510 minor 6 major
10-17 01:51:45.069 W/Monkey  ( 2730):   0% 1590/com.google.android.providers.media.module: 0% user + 0% kernel / faults: 9362 minor 741 major
10-17 01:51:45.069 W/Monkey  ( 2730):   0% 443/kworker/0:2H-kblockd: 0% user + 0% kernel
10-17 01:51:45.069 W/Monkey  ( 2730):   0% 31/ksoftirqd/2: 0% user + 0% kernel
10-17 01:51:45.069 W/Monkey  ( 2730):   0% 149/servicemanager: 0% user + 0% kernel / faults: 278 minor 1 major
10-17 01:51:45.069 W/Monkey  ( 2730):   0% 285/dhcpclient: 0% user + 0% kernel / faults: 16 minor
10-17 01:51:45.069 W/Monkey  ( 2730):   0% 326/android.hardware.power-service.example: 0% user + 0% kernel / faults: 101 minor
10-17 01:51:45.069 W/Monkey  ( 2730):   0% 819/com.android.networkstack.process: 0% user + 0% kernel / faults: 1673 minor
10-17 01:51:45.069 W/Monkey  ( 2730):   0% 27589/android.process.acore: 0% user + 0% kernel / faults: 4109 minor 133 major
10-17 01:51:45.069 W/Monkey  ( 2730):   0% 37/ksoftirqd/3: 0% user + 0% kernel
10-17 01:51:45.069 W/Monkey  ( 2730):   0% 148/lmkd: 0% user + 0% kernel
10-17 01:51:45.069 W/Monkey  ( 2730):   0% 295/netd: 0% user + 0% kernel / faults: 480 minor 9 major
10-17 01:51:45.069 W/Monkey  ( 2730):   0% 403/media.metrics: 0% user + 0% kernel / faults: 1135 minor 381 major
10-17 01:51:45.069 W/Monkey  ( 2730):   0% 31203/com.android.chrome: 0% user + 0% kernel / faults: 1640 minor 20 major
10-17 01:51:45.069 W/Monkey  ( 2730):   0% 25/ksoftirqd/1: 0% user + 0% kernel
10-17 01:51:45.069 W/Monkey  ( 2730):   0% 93/kworker/3:1H-kverityd: 0% user + 0% kernel
10-17 01:51:45.069 W/Monkey  ( 2730):   0% 134/kworker/2:1H-kblockd: 0% user + 0% kernel
10-17 01:51:45.069 W/Monkey  ( 2730):   0% 323/android.hardware.wifi@1.0-service: 0% user + 0% kernel / faults: 287 minor
10-17 01:51:45.069 W/Monkey  ( 2730):   0% 430/kworker/1:2H-kblockd: 0% user + 0% kernel
10-17 01:51:45.069 W/Monkey  ( 2730):   0% 152/psimon: 0% user + 0% kernel
10-17 01:51:45.069 W/Monkey  ( 2730):   0% 171/android.system.suspend@1.0-service: 0% user + 0% kernel / faults: 172 minor 8 major
10-17 01:51:45.069 W/Monkey  ( 2730):   0% 398/cameraserver: 0% user + 0% kernel / faults: 175 minor 8 major
10-17 01:51:45.069 W/Monkey  ( 2730):   0% 402/media.extractor: 0% user + 0% kernel / faults: 655 minor 321 major
10-17 01:51:45.069 W/Monkey  ( 2730):   0% 406/wificond: 0% user + 0% kernel / faults: 137 minor
10-17 01:51:45.069 W/Monkey  ( 2730):   0% 30635/com.google.android.bluetooth: 0% user + 0% kernel / faults: 2706 minor 209 major
10-17 01:51:45.069 W/Monkey  ( 2730):   0% 30804/com.google.android.apps.youtube.music: 0% user + 0% kernel / faults: 1332 minor 313 major
10-17 01:51:45.069 W/Monkey  ( 2730):   0% 30882/kworker/u9:2-blk_crypto_wq: 0% user + 0% kernel
10-17 01:51:45.069 W/Monkey  ( 2730):   0% 48/kcompactd0: 0% user + 0% kernel
10-17 01:51:45.069 W/Monkey  ( 2730):   0% 150/hwservicemanager: 0% user + 0% kernel / faults: 310 minor 6 major
10-17 01:51:45.069 W/Monkey  ( 2730):   0% 157/vold: 0% user + 0% kernel / faults: 185 minor
10-17 01:51:45.069 W/Monkey  ( 2730):   0% 296/zygote64: 0% user + 0% kernel / faults: 670 minor
10-17 01:51:45.069 W/Monkey  ( 2730):   0% 340/iptables-restore: 0% user + 0% kernel / faults: 491 minor
10-17 01:51:45.069 W/Monkey  ( 2730):   0% 341/ip6tables-restore: 0% user + 0% kernel / faults: 509 minor
10-17 01:51:45.069 W/Monkey  ( 2730):   0% 755/android.hardware.gnss@2.0-service.ranchu: 0% user + 0% kernel / faults: 14 minor
10-17 01:51:45.069 W/Monkey  ( 2730):   0% 1231/kworker/u9:4-fscrypt_read_queue: 0% user + 0% kernel
10-17 01:51:45.069 W/Monkey  ( 2730):   0% 30360/kworker/u8:3-loop29: 0% user + 0% kernel
10-17 01:51:45.069 W/Monkey  ( 2730):  +0% 1916/kworker/u8:0-phy1: 0% user + 0% kernel
10-17 01:51:45.069 W/Monkey  ( 2730):  +0% 1984/kworker/u9:0-fscrypt_read_queue: 0% user + 0% kernel
10-17 01:51:45.069 W/Monkey  ( 2730):  +0% 2512/kworker/u8:1: 0% user + 0% kernel
10-17 01:51:45.069 W/Monkey  ( 2730):  +0% 2554/org.telegram.messenger: 0% user + 0% kernel
10-17 01:51:45.069 W/Monkey  ( 2730):  +0% 2661/kworker/2:0H: 0% user + 0% kernel
10-17 01:51:45.069 W/Monkey  ( 2730):  +0% 2703/kworker/0:2-events: 0% user + 0% kernel
10-17 01:51:45.069 W/Monkey  ( 2730):  +0% 2706/logcat: 0% user + 0% kernel
10-17 01:51:45.069 W/Monkey  ( 2730):  +0% 2730/com.android.commands.monkey: 0% user + 0% kernel
10-17 01:51:45.069 W/Monkey  ( 2730): 11% TOTAL: 4.6% user + 4.7% kernel + 0.3% iowait + 1.6% irq + 0.1% softirq
10-17 01:51:45.069 W/Monkey  ( 2730): CPU usage from 19ms to 239ms later (2025-10-17 01:51:44.262 to 2025-10-17 01:51:44.482):
10-17 01:51:45.069 W/Monkey  ( 2730):   9.2% 507/system_server: 0% user + 9.2% kernel / faults: 419 minor 2 major
10-17 01:51:45.069 W/Monkey  ( 2730):     4.6% 2758/AnrConsumer: 0% user + 4.6% kernel
10-17 01:51:45.069 W/Monkey  ( 2730):   4.6% 323/android.hardware.wifi@1.0-service: 0% user + 4.6% kernel
10-17 01:51:45.069 W/Monkey  ( 2730): 4.4% TOTAL: 1.1% user + 2.2% kernel + 1.1% irq
10-17 01:51:45.069 D/ActivityManager(  507): Completed ANR of org.telegram.messenger in 829ms, latency 1ms
10-17 01:51:45.072 W/BroadcastQueue(  507): Background execution not allowed: receiving Intent { act=android.intent.action.DROPBOX_ENTRY_ADDED flg=0x10 (has extras) } to com.google.android.gms/.stats.service.DropBoxEntryAddedReceiver
10-17 01:51:45.072 W/BroadcastQueue(  507): Background execution not allowed: receiving Intent { act=android.intent.action.DROPBOX_ENTRY_ADDED flg=0x10 (has extras) } to com.google.android.gms/.chimera.GmsIntentOperationService$PersistentTrustedReceiver
10-17 01:51:45.208 W/BestClock(  507): java.time.DateTimeException: Missing NTP fix
10-17 01:51:45.225 I/netd    (  295): tetherGetStats() -> {[]} <0.45ms>
10-17 01:51:45.226 W/BestClock(  507): java.time.DateTimeException: Missing NTP fix
10-17 01:51:45.226 I/netd    (  295): bandwidthSetGlobalAlert(2097152) <0.10ms>
10-17 01:51:45.227 W/BestClock(  507): java.time.DateTimeException: Missing NTP fix
10-17 01:51:45.227 W/BestClock(  507): java.time.DateTimeException: Missing NTP fix
10-17 01:51:45.227 W/BestClock(  507): java.time.DateTimeException: Missing NTP fix
10-17 01:51:45.229 I/netd    (  295): bandwidthRemoveInterfaceQuota(eth0) <0.57ms>
10-17 01:51:45.230 I/netd    (  295): bandwidthSetInterfaceQuota(eth0, 9223372036854775807) <0.74ms>
10-17 01:51:45.230 W/BestClock(  507): java.time.DateTimeException: Missing NTP fix
10-17 01:51:45.231 W/BestClock(  507): java.time.DateTimeException: Missing NTP fix
10-17 01:51:45.231 W/BestClock(  507): java.time.DateTimeException: Missing NTP fix
10-17 01:51:45.243 I/ChimeraConfigurator( 6467): Starting update, reason: 4 urgentFeatures: vision.ocr:-1, vision.face:-1
10-17 01:51:45.251 I/ChimeraConfigurator( 6467): Detected pending changes for urgent request: [vision.ocr, vision.face]. Pending module sets: container:2318189190400+mlkit.ocr.common+vision.face,tflite_dynamite:2439308015100400+tflite_dynamite,vision_ocr:2316024025100000+vision.ocr
10-17 01:51:45.254 I/GmsDebugLogger( 6467): [73] 1801
10-17 01:51:45.256 W/ZappDownloader( 6467): No successful module downloads for requested features [vision.ocr, vision.face].
10-17 01:51:45.256 I/GmsDebugLogger( 6467): [30] [VisionOcrDynamite.integ:231602402100000],[VisionFace.optional:231818100400],[MlkitOcrCommon.optional:231818100400],[TfliteDynamiteDynamite.integ:243930801100400]
10-17 01:51:45.258 W/ChimeraConfigService( 6467): Retry attempt was throttled. [CONTEXT service_id=264 ]
10-17 01:51:45.258 I/GmsDebugLogger( 6467): [83] 1 [vision.face, vision.ocr]
10-17 01:51:45.259 W/Vision  ( 6467): Request for optional module download of face failed. Request again.
10-17 01:51:45.261 W/Vision  ( 6467): Would have logged:
10-17 01:51:45.261 W/Vision  ( 6467): # dsae@2c762090
10-17 01:51:45.261 W/Vision  ( 6467): Request for optional module download of ocr failed. Request again.
10-17 01:51:45.261 W/Vision  ( 6467): Would have logged:
10-17 01:51:45.261 W/Vision  ( 6467): # dsae@37884fe7
10-17 01:51:45.261 I/Vision  ( 6467): Schedule retrying download face,ocr at 32581325 with backoff 320 seconds
10-17 01:51:45.489 D/BoundBrokerSvc( 6467): onBind: Intent { act=com.google.android.gms.safetynet.service.START pkg=com.google.android.gms }
10-17 01:51:45.489 D/BoundBrokerSvc( 6467): Loading bound service for intent: Intent { act=com.google.android.gms.safetynet.service.START pkg=com.google.android.gms }
10-17 01:51:45.928 D/EGL_emulation( 2554): app_time_stats: avg=279.79ms min=0.88ms max=4714.10ms count=17
10-17 01:51:49.247 E/InputDispatcher(  507): Dropping MOTION event because there is no focused window
10-17 01:51:49.247 W/InputManager(  507): Input event injection from pid 2730 failed.
10-17 01:51:49.248 I/Monkey  ( 2730):     // Injection Failed
10-17 01:51:49.248 W/Monkey  ( 2730): procrank:
10-17 01:51:49.248 I/WindowManager(  507): ANR in ActivityRecord{7dba8ee u0 org.telegram.messenger/.DefaultIcon} t59}.  Reason: Application does not have a focused window
10-17 01:51:49.283 I/ActivityManager(  507): Skipping duplicate ANR: com.android.server.am.ProcessErrorStateRecord@78011b6 Input dispatching timed out (Application does not have a focused window)
10-17 01:51:49.283 D/ActivityManager(  507): Completed ANR of org.telegram.messenger in 6ms, latency 1ms
10-17 01:51:51.995 D/EGL_emulation( 2554): app_time_stats: avg=3017.72ms min=3.67ms max=6031.77ms count=2
10-17 01:51:52.762 W/Monkey  ( 2730):   PID       Vss      Rss      Pss      Uss     Swap    PSwap    USwap    ZSwap  cmdline
10-17 01:51:52.762 W/Monkey  ( 2730):  2554  16700892K  313280K  217706K  200056K   21704K     574K       0K     145K  org.telegram.messenger
10-17 01:51:52.762 W/Monkey  ( 2730):   507  19937300K  252004K  171543K  158928K   83892K   65629K   65136K   16562K  system_server
10-17 01:51:52.762 W/Monkey  ( 2730):  1511  15819616K  169260K  102973K   95660K   54364K   32230K   31624K    8133K  com.google.android.inputmethod.latin
10-17 01:51:52.762 W/Monkey  ( 2730):   709  16577104K  147316K   79951K   72220K   63080K   42594K   42028K   10749K  com.android.systemui
10-17 01:51:52.762 W/Monkey  ( 2730):  2730  13909816K  111044K   53314K   42220K       0K       0K       0K       0K  com.android.commands.monkey
10-17 01:51:52.762 W/Monkey  ( 2730):  1253  15661956K  111316K   52247K   42596K   40792K   17515K   16864K    4420K  com.google.android.gms.persistent
10-17 01:51:52.762 W/Monkey  ( 2730): 14350  33413636K  109936K   48376K   41544K   56548K   33827K   33204K    8536K  com.google.android.googlequicksearchbox:search
10-17 01:51:52.762 W/Monkey  ( 2730):  6467  15765140K  107864K   47565K   38352K   30544K    6740K    6072K    1701K  com.google.android.gms
10-17 01:51:52.762 W/Monkey  ( 2730):   876  15214616K  113084K   35663K   25956K   24256K     657K       4K     165K  com.google.android.apps.messaging
10-17 01:51:52.762 W/Monkey  ( 2730):  1064  15138760K   86596K   32757K   28704K   56616K   32997K   32308K    8327K  com.google.android.apps.nexuslauncher
10-17 01:51:52.762 W/Monkey  ( 2730):  1598  15884672K   76988K   29952K   27012K   64812K   40350K   39648K   10182K  com.google.android.as
10-17 01:51:52.763 W/Monkey  ( 2730):   882  15152336K   70356K   20604K   17644K   27016K    4340K    3696K    1095K  com.android.phone
10-17 01:51:52.763 W/Monkey  ( 2730): 31203  31994456K   71004K   17989K   15392K   42592K   18223K   17536K    4598K  com.android.chrome
10-17 01:51:52.763 W/Monkey  ( 2730):  1590  15021252K   52824K   14070K   12344K   30272K    4597K    3832K    1160K  com.google.android.providers.media.module
10-17 01:51:52.763 W/Monkey  ( 2730): 31174  15228684K   76636K   13819K    8192K   40784K   16617K   15944K    4193K  com.google.android.gms.unstable
10-17 01:51:52.763 W/Monkey  ( 2730): 28972  16053728K   73488K   13749K   10516K   61292K   38422K   37796K    9696K  com.whatsapp
10-17 01:51:52.763 W/Monkey  ( 2730):   819  14751932K   56744K   13173K   11100K   27804K    3788K    3096K     956K  com.android.networkstack.process
10-17 01:51:52.763 W/Monkey  ( 2730):  1466  14796952K   45952K    9968K    8696K   33204K    7113K    6324K    1795K  com.google.android.ims
10-17 01:51:52.763 W/Monkey  ( 2730):   337  11364640K   14116K    9857K    9564K   10444K   10444K   10444K    2635K  /system/bin/surfaceflinger
10-17 01:51:52.763 W/Monkey  ( 2730): 27589  14643796K   59944K    9215K    7144K   27968K    2692K    1960K     679K  android.process.acore
10-17 01:51:52.763 W/Monkey  ( 2730): 30842  20743920K   62656K    8980K    6752K   49668K   25766K   25104K    6502K  com.google.android.youtube
10-17 01:51:52.763 W/Monkey  ( 2730): 12863  11055800K   10108K    8593K    8568K    3124K    3124K    3124K     788K  /apex/com.android.adbd/bin/adbd
10-17 01:51:52.763 W/Monkey  ( 2730): 30635  15339836K   59684K    8090K    6024K   32336K    7888K    7188K    1990K  com.google.android.bluetooth
10-17 01:51:52.763 W/Monkey  ( 2730):  1347  14614272K   64108K    7848K    4696K   27088K     787K       0K     198K  com.google.process.gapps
10-17 01:51:52.763 W/Monkey  ( 2730): 30804  16731980K   63448K    7124K    4304K   46472K   22824K   22172K    5760K  com.google.android.apps.youtube.music
10-17 01:51:52.763 W/Monkey  ( 2730):  1429  14556512K   61452K    6464K    3976K   27256K     796K       0K     200K  com.google.android.partnersetup
10-17 01:51:52.763 W/Monkey  ( 2730):   334  11598728K   11312K    6386K    5852K    3284K    3284K    3284K     828K  /system/bin/audioserver
10-17 01:51:52.763 W/Monkey  ( 2730):  1491  14563108K   57164K    5765K    3648K   27400K     811K       0K     204K  com.google.android.configupdater
10-17 01:51:52.763 W/Monkey  ( 2730):  1663  14555392K   40556K    5763K    4332K   28380K    2400K    1580K     605K  com.android.emulator.multidisplay
10-17 01:51:52.763 W/Monkey  ( 2730):   868  14556788K   39156K    5532K    4164K   28860K    2672K    1844K     674K  com.android.se
10-17 01:51:52.763 W/Monkey  ( 2730):  1723  14771072K   35932K    5402K    3960K   30720K    3040K    2008K     767K  com.google.process.gservices
10-17 01:51:52.763 W/Monkey  ( 2730):  1635  14876416K   34720K    5232K    2388K   35652K    8138K    7108K    2053K  com.google.android.apps.messaging:rcs
10-17 01:51:52.763 W/Monkey  ( 2730):   408  11556460K    8468K    5213K    4932K    6944K    6944K    6944K    1752K  media.swcodec
10-17 01:51:52.763 W/Monkey  ( 2730): 18596  10907488K    6536K    4593K    4564K    2768K    2768K    2768K     698K  /data/local/tmp/frida-server
10-17 01:51:52.763 W/Monkey  ( 2730): 32349  15476456K   60936K    4549K     640K   32304K    6022K    5228K    1519K  com.google.android.googlequicksearchbox:train
10-17 01:51:52.763 W/Monkey  ( 2730):  2823  10818160K    6836K    4411K    4320K       0K       0K       0K       0K  procrank
10-17 01:51:52.763 W/Monkey  ( 2730):  1619  15836348K   38204K    3997K    1560K   45768K   19329K   18516K    4878K  com.google.android.googlequicksearchbox:interactor
10-17 01:51:52.763 W/Monkey  ( 2730):   403  11107172K    6248K    3910K    3840K    2736K    2736K    2736K     690K  media.metrics
10-17 01:51:52.763 W/Monkey  ( 2730):   402  11318500K    7876K    3384K    2856K    3544K    3544K    3544K     894K  media.extractor
10-17 01:51:52.763 W/Monkey  ( 2730): 32176  14826040K   56904K    3145K     972K   32724K    7061K    6312K    1781K  com.google.android.settings.intelligence
10-17 01:51:52.763 W/Monkey  ( 2730):   296  15052300K   33436K    3126K    1140K   35460K    6515K    4744K    1644K  zygote64
10-17 01:51:52.763 W/Monkey  ( 2730): 30722  14691404K   49872K    2880K    1332K   30924K    4709K    3924K    1188K  com.google.android.permissioncontroller
10-17 01:51:52.763 W/Monkey  ( 2730): 32260  14642024K   55492K    2624K     528K   31560K    5475K    4704K    1381K  com.android.settings
10-17 01:51:52.763 W/Monkey  ( 2730):   146  11084276K    5424K    2488K    2352K    1600K    1600K    1600K     403K  /system/bin/logd
10-17 01:51:52.763 W/Monkey  ( 2730): 32218  14581592K   51628K    2255K     464K   30860K    4224K    3412K    1066K  com.google.android.apps.wallpaper
10-17 01:51:52.763 W/Monkey  ( 2730):   295  11254556K    5016K    2224K    2084K    1572K    1572K    1572K     396K  /system/bin/netd
10-17 01:51:52.763 W/Monkey  ( 2730):   312  11265260K    4252K    1940K    1812K   13264K   13264K   13264K    3347K  /vendor/bin/hw/android.hardware.graphics.composer@2.4-service
10-17 01:51:52.763 W/Monkey  ( 2730):   316  11106008K    4612K    1779K    1636K    6832K    6832K    6832K    1724K  /vendor/bin/hw/android.hardware.media.c2@1.0-service-goldfish
10-17 01:51:52.763 W/Monkey  ( 2730):   404  11370532K    7292K    1720K    1108K    4524K    4524K    4524K    1141K  /system/bin/mediaserver
10-17 01:51:52.763 W/Monkey  ( 2730):   398  11650868K    6624K    1712K    1380K    8360K    8360K    8360K    2109K  /system/bin/cameraserver
10-17 01:51:52.763 W/Monkey  ( 2730):   298  11147864K    3976K    1697K    1612K    1920K    1920K    1920K     484K  /vendor/bin/hw/android.hardware.audio.service
10-17 01:51:52.763 W/Monkey  ( 2730): 22799  14585528K   43376K    1636K     372K   31548K    5109K    4308K    1289K  com.google.android.cellbroadcastreceiver
10-17 01:51:52.763 W/Monkey  ( 2730): 22683  14519776K   40716K    1467K     312K   30904K    4010K    3160K    1011K  com.android.carrierconfig
10-17 01:51:52.763 W/Monkey  ( 2730):   172  11035216K    5312K    1070K     880K    2752K    2752K    2752K     694K  /system/bin/keystore2
10-17 01:51:52.763 W/Monkey  ( 2730):   148  10869660K    3828K    1034K     868K       0K       0K       0K       0K  /system/bin/lmkd
10-17 01:51:52.763 W/Monkey  ( 2730):   926  14572992K   26672K     991K     332K   33628K    5569K    4476K    1405K  com.google.android.ext.services
10-17 01:51:52.764 W/Monkey  ( 2730):   294  10955612K    3116K     985K     960K    1184K    1184K    1184K     298K  /apex/com.android.os.statsd/bin/statsd
10-17 01:51:52.764 W/Monkey  ( 2730):   150  10933708K    4076K     924K     564K     772K     772K     772K     194K  /system/bin/hwservicemanager
10-17 01:51:52.764 W/Monkey  ( 2730):   405  10974788K    3008K     922K     872K     848K     848K     848K     214K  /system/bin/storaged
10-17 01:51:52.764 W/Monkey  ( 2730):     1  10857280K    2612K     910K     748K    2540K    2540K    2540K     641K  /system/bin/init
10-17 01:51:52.764 W/Monkey  ( 2730):   149  10784904K    3732K     906K     660K     616K     616K     616K     155K  /system/bin/servicemanager
10-17 01:51:52.764 W/Monkey  ( 2730):   311  10947480K    2896K     857K     776K    4716K    4716K    4716K    1190K  /vendor/bin/hw/android.hardware.graphics.allocator@3.0-service
10-17 01:51:52.764 W/Monkey  ( 2730):  2706  10866020K    3336K     779K     652K       0K       0K       0K       0K  logcat
10-17 01:51:52.764 W/Monkey  ( 2730):  1406  10800484K    3452K     777K     644K       0K       0K       0K       0K  logcat
10-17 01:51:52.764 W/Monkey  ( 2730):   703  10903528K    2688K     692K     636K    1000K    1000K    1000K     252K  /vendor/bin/hw/wpa_supplicant
10-17 01:51:52.764 W/Monkey  ( 2730):   171  11097356K    3464K     656K     500K     748K     748K     748K     188K  /system/bin/hw/android.system.suspend@1.0-service
10-17 01:51:52.764 W/Monkey  ( 2730):   320  10904880K    2648K     636K     596K     772K     772K     772K     194K  /vendor/bin/hw/android.hardware.sensors@2.1-service.multihal
10-17 01:51:52.764 W/Monkey  ( 2730):   406  10881224K    2524K     635K     616K     836K     836K     836K     210K  /system/bin/wificond
10-17 01:51:52.764 W/Monkey  ( 2730): 23644  11125984K    3516K     605K     536K    1832K    1832K    1832K     462K  /vendor/bin/hw/libgoldfish-rild
10-17 01:51:52.764 W/Monkey  ( 2730):   807  14885200K   22124K     551K       4K   33172K    4109K    2336K    1037K  webview_zygote
10-17 01:51:52.764 W/Monkey  ( 2730):   323  10982872K    2036K     542K     496K    1032K    1032K    1032K     260K  /vendor/bin/hw/android.hardware.wifi@1.0-service
10-17 01:51:52.764 W/Monkey  ( 2730):   371  10869832K    1780K     530K     512K     672K     672K     672K     169K  /system/bin/traced
10-17 01:51:52.764 W/Monkey  ( 2730):   157  11023528K    3364K     514K     364K    1436K    1436K    1436K     362K  /system/bin/vold
10-17 01:51:52.765 W/Monkey  ( 2730):    91  10937476K    2072K     508K     348K    1528K    1528K    1528K     385K  /system/bin/ueventd
10-17 01:51:52.765 W/Monkey  ( 2730): 25056  10883100K    2736K     489K     360K     624K     624K     624K     157K  /system/bin/prng_seeder
10-17 01:51:52.765 W/Monkey  ( 2730):   341  10785752K    1724K     449K     344K     604K     604K     604K     152K  /system/bin/ip6tables-restore
10-17 01:51:52.765 W/Monkey  ( 2730):   313  10823732K    1960K     437K     400K     576K     576K     576K     145K  /vendor/bin/hw/android.hardware.health@2.1-service
10-17 01:51:52.765 W/Monkey  ( 2730):   340  10789848K    1668K     437K     332K     572K     572K     572K     144K  /system/bin/iptables-restore
10-17 01:51:52.765 W/Monkey  ( 2730):   328  10852036K    2296K     435K     412K     464K     464K     464K     117K  /vendor/bin/hw/android.hardware.vibrator-service.example
10-17 01:51:52.765 W/Monkey  ( 2730):   198  10798016K    2444K     416K     276K     308K     308K     308K      77K  /system/bin/tombstoned
10-17 01:51:52.765 W/Monkey  ( 2730):   303  11209152K    3808K     410K     132K    3584K    3584K    3584K     904K  /vendor/bin/hw/android.hardware.camera.provider@2.7-service-google
10-17 01:51:52.765 W/Monkey  ( 2730):   319  10923532K    1784K     292K     252K     568K     568K     568K     143K  /vendor/bin/hw/android.hardware.power.stats@1.0-service.mock
10-17 01:51:52.765 W/Monkey  ( 2730):   426  10830808K    1672K     241K     228K     648K     648K     648K     163K  /system/bin/mdnsd
10-17 01:51:52.765 W/Monkey  ( 2730):   336  10926696K    2152K     218K     188K    1324K    1324K    1324K     334K  /system/bin/gpuservice
10-17 01:51:52.765 W/Monkey  ( 2730):   326  10790532K    1984K     186K     168K     600K     600K     600K     151K  /vendor/bin/hw/android.hardware.power-service.example
10-17 01:51:52.765 W/Monkey  ( 2730):   394  10823144K    1992K     173K     140K     652K     652K     652K     164K  /system/bin/logcat
10-17 01:51:52.765 W/Monkey  ( 2730):   156  10794524K    2220K     163K      40K     540K     540K     540K     136K  /vendor/bin/qemu-props
10-17 01:51:52.765 W/Monkey  ( 2730):   369  11048984K    3036K     142K     108K    1444K    1444K    1444K     364K  /system/bin/drmserver
10-17 01:51:52.765 W/Monkey  ( 2730):   173  10810780K    2208K     136K       4K     708K     708K     708K     178K  /vendor/bin/hw/android.hardware.atrace@1.0-service
10-17 01:51:52.765 W/Monkey  ( 2730):   174  10903100K    2768K     135K       4K    1204K    1204K    1204K     303K  /vendor/bin/hw/android.hardware.security.keymint-service
10-17 01:51:52.765 W/Monkey  ( 2730): 18600  10810412K    2460K     113K      64K     484K     484K     484K     122K  logcat
