--------- beginning of main
10-17 01:51:33.084 D/AndroidRuntime( 2659): >>>>>> START com.android.internal.os.RuntimeInit uid 0 <<<<<<
10-17 01:51:33.098 I/AndroidRuntime( 2659): Using default boot image
10-17 01:51:33.098 I/AndroidRuntime( 2659): Leaving lock profiling enabled
10-17 01:51:33.105 I/app_process( 2659): Core platform API reporting enabled, enforcing=false
10-17 01:51:33.106 I/app_process( 2659): Using CollectorTypeCC GC.
10-17 01:51:33.309 D/app_process( 2659): Time zone APEX ICU file found: /apex/com.android.tzdata/etc/icu/icu_tzdata.dat
10-17 01:51:33.309 D/app_process( 2659): I18n APEX ICU file found: /apex/com.android.i18n/etc/icu/icudt70l.dat
10-17 01:51:33.404 D/AndroidRuntime( 2659): Calling main entry com.android.commands.monkey.Monkey
10-17 01:51:33.406 W/Monkey  ( 2659): args: [-p, org.telegram.messenger, -c, android.intent.category.LAUNCHER, 1]
10-17 01:51:33.407 W/Monkey  ( 2659):  arg: "-p"
10-17 01:51:33.407 W/Monkey  ( 2659):  arg: "org.telegram.messenger"
10-17 01:51:33.407 W/Monkey  ( 2659):  arg: "-c"
10-17 01:51:33.407 W/Monkey  ( 2659):  arg: "android.intent.category.LAUNCHER"
10-17 01:51:33.407 W/Monkey  ( 2659):  arg: "1"
10-17 01:51:33.407 W/Monkey  ( 2659): data="org.telegram.messenger"
10-17 01:51:33.407 W/Monkey  ( 2659): data="android.intent.category.LAUNCHER"
--------- beginning of system
10-17 01:51:33.453 W/BroadcastQueue(  507): Skipping deliver [background] BroadcastRecord{9f906d u-1 android.net.conn.CONNECTIVITY_CHANGE} to ReceiverList{33fe4a2 2659 (unknown name)/0/u-1 remote:c7e7697}: process gone or crashing
10-17 01:51:33.469 I/ActivityTaskManager(  507): START u0 {act=android.intent.action.MAIN cat=[android.intent.category.LAUNCHER] flg=0x10200000 cmp=org.telegram.messenger/.DefaultIcon} from uid 0
10-17 01:51:33.471 D/CompatibilityChangeReporter(  507): Compat change id reported: 265464455; UID 10177; state: DISABLED
10-17 01:51:33.471 D/CompatibilityChangeReporter(  507): Compat change id reported: 265452344; UID 10177; state: DISABLED
10-17 01:51:33.471 D/CompatibilityChangeReporter(  507): Compat change id reported: 266124927; UID 10177; state: DISABLED
10-17 01:51:33.471 D/CompatibilityChangeReporter(  507): Compat change id reported: 265451093; UID 10177; state: DISABLED
10-17 01:51:33.471 D/CompatibilityChangeReporter(  507): Compat change id reported: 265456536; UID 10177; state: DISABLED
10-17 01:51:33.471 D/CompatibilityChangeReporter(  507): Compat change id reported: 255940284; UID 10177; state: DISABLED
10-17 01:51:33.471 D/CompatibilityChangeReporter(  507): Compat change id reported: 236283604; UID 10177; state: DISABLED
10-17 01:51:33.471 D/CompatibilityChangeReporter(  507): Compat change id reported: 263959004; UID 10177; state: DISABLED
10-17 01:51:33.471 D/CompatibilityChangeReporter(  507): Compat change id reported: 264304459; UID 10177; state: DISABLED
10-17 01:51:33.471 D/CompatibilityChangeReporter(  507): Compat change id reported: 264301586; UID 10177; state: DISABLED
10-17 01:51:33.471 D/CompatibilityChangeReporter(  507): Compat change id reported: 254631730; UID 10177; state: DISABLED
10-17 01:51:33.472 D/CompatibilityChangeReporter(  507): Compat change id reported: 273509367; UID 10177; state: DISABLED
10-17 01:51:33.472 D/CompatibilityChangeReporter(  507): Compat change id reported: 263259275; UID 10177; state: DISABLED
10-17 01:51:33.473 D/CompatibilityChangeReporter(  507): Compat change id reported: 194480991; UID 10177; state: ENABLED
10-17 01:51:33.473 D/CompatibilityChangeReporter(  507): Compat change id reported: 174042980; UID 10177; state: DISABLED
10-17 01:51:33.482 D/CompatibilityChangeReporter(  507): Compat change id reported: 184838306; UID 10177; state: DISABLED
10-17 01:51:33.482 D/CompatibilityChangeReporter(  507): Compat change id reported: 185004937; UID 10177; state: DISABLED
10-17 01:51:33.482 D/CompatibilityChangeReporter(  507): Compat change id reported: 181136395; UID 10177; state: DISABLED
10-17 01:51:33.482 D/CompatibilityChangeReporter(  507): Compat change id reported: 174042936; UID 10177; state: DISABLED
10-17 01:51:33.484 D/CompatibilityChangeReporter(  507): Compat change id reported: 197654537; UID 10177; state: ENABLED
10-17 01:51:33.486 D/CompatibilityChangeReporter(  507): Compat change id reported: 205907456; UID 10177; state: ENABLED
10-17 01:51:33.493 D/CompatibilityChangeReporter(  507): Compat change id reported: 194833441; UID 10177; state: ENABLED
10-17 01:51:33.501 I/Monkey  ( 2659): Events injected: 1
10-17 01:51:33.511 W/Parcel  (  709): Expecting binder but got null!
10-17 01:51:33.513 D/SplashScreenView(  709): Build android.window.SplashScreenView{c881a1a V.E...... ......ID 0,0-0,0}
10-17 01:51:33.513 D/SplashScreenView(  709): Icon: view: null drawable: com.android.wm.shell.startingsurface.SplashscreenIconDrawableFactory$AnimatableIconAnimateListener@803394b size: 528
10-17 01:51:33.513 D/SplashScreenView(  709): Branding: view: android.view.View{fd66f28 G.ED..... ......I. 0,0-0,0 #10204dc android:id/splashscreen_branding_view} drawable: null size w: 0 h: 0
10-17 01:51:33.517 D/CompatibilityChangeReporter(  507): Compat change id reported: 168419799; UID 10177; state: DISABLED
10-17 01:51:33.517 D/CompatibilityChangeReporter(  507): Compat change id reported: 273564678; UID 10177; state: DISABLED
10-17 01:51:33.532 D/MainContentCaptureSession( 1064): Flushing 1 event(s) for act:com.google.android.apps.nexuslauncher/.NexusLauncherActivity [state=2 (ACTIVE), disabled=false], reason=FULL
10-17 01:51:33.535 D/libEGL  ( 2554): loaded /vendor/lib64/egl/libEGL_emulation.so
10-17 01:51:33.537 D/CoreBackPreview(  507): Window{102d9a1 u0 Splash Screen org.telegram.messenger}: Setting back callback OnBackInvokedCallbackInfo{mCallback=android.window.IOnBackInvokedCallback$Stub$Proxy@ed43387, mPriority=0}
10-17 01:51:33.538 D/SplashScreenView(  709): SurfaceControlViewHost created on thread 31
10-17 01:51:33.539 D/libEGL  ( 2554): loaded /vendor/lib64/egl/libGLESv1_CM_emulation.so
10-17 01:51:33.542 W/TransactionTracing(  337): Could not find layer handle 0xb40000720f22fff0
10-17 01:51:33.542 W/TransactionTracing(  337): Could not find layer handle 0xb40000720f22e190
10-17 01:51:33.557 I/Monkey  ( 2659): ## Network stats: elapsed time=87ms (0ms mobile, 0ms wifi, 87ms not connected)
10-17 01:51:33.562 I/app_process( 2659): System.exit called, status: 0
10-17 01:51:33.564 I/AndroidRuntime( 2659): VM exiting with result code 0.
10-17 01:51:33.575 D/BtGatt.ScanManager(30635): uid 10116 isForeground true scanMode -1
10-17 01:51:33.579 W/Parcel  (  709): Expecting binder but got null!
10-17 01:51:33.580 D/libEGL  ( 2554): loaded /vendor/lib64/egl/libGLESv2_emulation.so
10-17 01:51:33.586 D/SplashScreenView(  709): Icon size 528
10-17 01:51:33.611 E/OpenGLRenderer(  709): Unable to match the desired swap behavior.
10-17 01:51:33.616 E/SurfaceSyncer(  709): Failed to find sync for id=0
10-17 01:51:33.651 E/OpenGLRenderer(  709): Unable to match the desired swap behavior.
10-17 01:51:33.727 W/TransactionTracing(  337): Could not find layer handle 0xb40000720f22ef70
10-17 01:51:33.727 W/TransactionTracing(  337): Could not find layer handle 0xb40000720f2271d0
10-17 01:51:33.727 W/TransactionTracing(  337): Could not find layer handle 0xb40000720f22ef70
10-17 01:51:33.727 W/TransactionTracing(  337): Could not find layer handle 0xb40000720f22ef70
10-17 01:51:33.727 W/TransactionTracing(  337): Could not find layer handle 0xb40000720f2271d0
10-17 01:51:33.727 W/TransactionTracing(  337): Could not find layer handle 0xb40000720f2271d0
10-17 01:51:33.727 W/TransactionTracing(  337): Could not find layer handle 0xb40000720f2271d0
10-17 01:51:33.727 W/TransactionTracing(  337): Could not find layer handle 0xb40000720f22ef70
10-17 01:51:33.851 W/TransactionTracing(  337): Could not find layer handle 0xb40000720f22c810
10-17 01:51:33.856 W/egram.messenger( 2554): Accessing hidden field Lcom/android/internal/R$styleable;->View:[I (max-target-q, reflection, denied)
10-17 01:51:33.966 D/CompatibilityChangeReporter( 2554): Compat change id reported: 210923482; UID 10177; state: ENABLED
10-17 01:51:34.087 D/CompatibilityChangeReporter( 2554): Compat change id reported: 149924527; UID 10177; state: ENABLED
10-17 01:51:34.087 D/CompatibilityChangeReporter( 2554): Compat change id reported: 132649864; UID 10177; state: DISABLED
10-17 01:51:34.141 W/TransactionTracing(  337): Could not find layer handle 0xb40000720f22a2f0
10-17 01:51:34.179 I/PIP_DEBUG( 2554): [Activity] onStart
10-17 01:51:34.191 I/PIP_DEBUG( 2554): [Activity] onResume
10-17 01:51:34.201 D/CompatibilityChangeReporter( 2554): Compat change id reported: 237531167; UID 10177; state: DISABLED
10-17 01:51:34.211 W/Parcel  ( 2554): Expecting binder but got null!
10-17 01:51:34.223 D/CoreBackPreview(  507): Window{e5ecefe u0 org.telegram.messenger/org.telegram.messenger.DefaultIcon}: Setting back callback OnBackInvokedCallbackInfo{mCallback=android.window.IOnBackInvokedCallback$Stub$Proxy@9ffc8ac, mPriority=0}
10-17 01:51:34.307 W/BatteryExternalStatsWorker(  507): error reading Bluetooth stats: 11
10-17 01:51:34.319 D/HostConnection( 2554): HostComposition ext ANDROID_EMU_CHECKSUM_HELPER_v1 ANDROID_EMU_native_sync_v2 ANDROID_EMU_native_sync_v3 ANDROID_EMU_native_sync_v4 ANDROID_EMU_dma_v1 ANDROID_EMU_direct_mem ANDROID_EMU_host_composition_v1 ANDROID_EMU_host_composition_v2 ANDROID_EMU_vulkan ANDROID_EMU_deferred_vulkan_commands ANDROID_EMU_vulkan_null_optional_strings ANDROID_EMU_vulkan_create_resources_with_requirements ANDROID_EMU_YUV_Cache ANDROID_EMU_vulkan_ignored_handles ANDROID_EMU_has_shared_slots_host_memory_allocator ANDROID_EMU_vulkan_free_memory_sync ANDROID_EMU_vulkan_shader_float16_int8 ANDROID_EMU_vulkan_async_queue_submit ANDROID_EMU_vulkan_queue_submit_with_commands ANDROID_EMU_sync_buffer_data ANDROID_EMU_vulkan_async_qsri ANDROID_EMU_read_color_buffer_dma ANDROID_EMU_hwc_multi_configs ANDROID_EMU_hwc_color_transform GL_OES_EGL_image_external_essl3 GL_OES_vertex_array_object ANDROID_EMU_host_side_tracing ANDROID_EMU_gles_max_version_3_0 
10-17 01:51:34.323 W/OpenGLRenderer( 2554): Failed to choose config with EGL_SWAP_BEHAVIOR_PRESERVED, retrying without...
10-17 01:51:34.324 W/OpenGLRenderer( 2554): Failed to initialize 101010-2 format, error = EGL_SUCCESS
10-17 01:51:34.326 D/EGL_emulation( 2554): eglCreateContext: 0xb40000719c2cd3d0: maj 3 min 0 rcv 3
10-17 01:51:34.330 D/EGL_emulation( 2554): eglMakeCurrent: 0xb40000719c2cd3d0: ver 3 0 (tinfo 0x73c179f080) (first time)
10-17 01:51:34.356 I/hwservicemanager(  150): getTransport: Cannot find entry android.hardware.graphics.mapper@4.0::IMapper/default in either framework or device VINTF manifest.
10-17 01:51:34.356 I/Gralloc4( 2554): mapper 4.x is not supported
10-17 01:51:34.363 I/hwservicemanager(  150): getTransport: Cannot find entry android.hardware.graphics.allocator@4.0::IAllocator/default in either framework or device VINTF manifest.
10-17 01:51:34.367 I/servicemanager(  149): Could not find android.hardware.graphics.allocator.IAllocator/default in the VINTF manifest.
10-17 01:51:34.369 W/Gralloc4( 2554): allocator 4.x is not supported
10-17 01:51:34.383 D/HostConnection( 2554): HostComposition ext ANDROID_EMU_CHECKSUM_HELPER_v1 ANDROID_EMU_native_sync_v2 ANDROID_EMU_native_sync_v3 ANDROID_EMU_native_sync_v4 ANDROID_EMU_dma_v1 ANDROID_EMU_direct_mem ANDROID_EMU_host_composition_v1 ANDROID_EMU_host_composition_v2 ANDROID_EMU_vulkan ANDROID_EMU_deferred_vulkan_commands ANDROID_EMU_vulkan_null_optional_strings ANDROID_EMU_vulkan_create_resources_with_requirements ANDROID_EMU_YUV_Cache ANDROID_EMU_vulkan_ignored_handles ANDROID_EMU_has_shared_slots_host_memory_allocator ANDROID_EMU_vulkan_free_memory_sync ANDROID_EMU_vulkan_shader_float16_int8 ANDROID_EMU_vulkan_async_queue_submit ANDROID_EMU_vulkan_queue_submit_with_commands ANDROID_EMU_sync_buffer_data ANDROID_EMU_vulkan_async_qsri ANDROID_EMU_read_color_buffer_dma ANDROID_EMU_hwc_multi_configs ANDROID_EMU_hwc_color_transform GL_OES_EGL_image_external_essl3 GL_OES_vertex_array_object ANDROID_EMU_host_side_tracing ANDROID_EMU_gles_max_version_3_0 
10-17 01:51:34.385 E/OpenGLRenderer( 2554): Unable to match the desired swap behavior.
10-17 01:51:34.501 I/ActivityTaskManager(  507): Displayed org.telegram.messenger/.DefaultIcon: +1s22ms
10-17 01:51:34.527 W/TransactionTracing(  337): Could not find layer handle 0xb40000720f22ce10
10-17 01:51:34.527 W/TransactionTracing(  337): Could not find layer handle 0xb40000720f22f450
10-17 01:51:34.527 W/TransactionTracing(  337): Could not find layer handle 0xb40000720f22ce10
10-17 01:51:34.527 W/TransactionTracing(  337): Could not find layer handle 0xb40000720f22f450
10-17 01:51:34.543 D/SplashScreenView(  709): Shell removed splash screen. Releasing SurfaceControlViewHost on thread #31
10-17 01:51:34.551 D/CoreBackPreview(  507): Window{102d9a1 u0 Splash Screen org.telegram.messenger}: Setting back callback null
10-17 01:51:34.553 W/WindowManager(  507): Failed looking up window session=Session{3cbc92c 709:u0a10157} callers=com.android.server.wm.WindowManagerService.windowForClientLocked:6050 com.android.server.wm.WindowManagerService.removeWindow:2076 com.android.server.wm.Session.remove:230 
10-17 01:51:34.553 W/InputManager-JNI(  507): Input channel object 'Embedded{} (client)' was disposed without first being removed with the input manager!
10-17 01:51:34.557 W/InputManager-JNI(  507): Input channel object '102d9a1 Splash Screen org.telegram.messenger (client)' was disposed without first being removed with the input manager!
10-17 01:51:34.569 W/TransactionTracing(  337): Could not find layer handle 0xb40000720f229f30
10-17 01:51:34.606 D/OneSearchSuggestProvider( 1064): Shut down the binder channel
10-17 01:51:34.610 I/s.nexuslauncher( 1064): oneway function results for code 2 on binder at 0xb40000712c35a720 will be dropped but finished with status UNKNOWN_TRANSACTION
10-17 01:51:34.678 W/TransactionTracing(  337): Could not find layer handle 0xb40000720f22d770
10-17 01:51:34.826 I/egram.messenger( 2554): NativeAlloc concurrent copying GC freed 304814(21MB) AllocSpace objects, 83(2072KB) LOS objects, 49% free, 16MB/32MB, paused 2.616ms,36us total 393.591ms
10-17 01:51:34.879 I/FontLog ( 1253): Received query Noto Color Emoji Compat, URI content://com.google.android.gms.fonts [CONTEXT service_id=132 ]
10-17 01:51:34.879 I/FontLog ( 1253): Query [emojicompat-emoji-font] resolved to {Noto Color Emoji Compat, wdth 100.0, wght 400, ital 0.0, bestEffort false} [CONTEXT service_id=132 ]
10-17 01:51:34.887 I/FontLog ( 1253): Fetch {Noto Color Emoji Compat, wdth 100.0, wght 400, ital 0.0, bestEffort false} end status Status{statusCode=SUCCESS, resolution=null} [CONTEXT service_id=132 ]
10-17 01:51:34.908 I/FontLog ( 1253): Pulling font file for id = 136, cache size = 9 [CONTEXT service_id=132 ]
10-17 01:51:34.916 I/FontLog ( 1253): Pulling font file for id = 136, cache size = 9 [CONTEXT service_id=132 ]
10-17 01:51:34.935 I/egram.messenger( 2554): JIT allocated 62KB for compiled code of void org.telegram.ui.Cells.DialogCell.buildLayout()
10-17 01:51:34.935 I/egram.messenger( 2554): Compiler allocated 9399KB to compile void org.telegram.ui.Cells.DialogCell.buildLayout()
10-17 01:51:34.981 W/NotificationHistory(  507): Attempted to remove conversation for locked/gone/disabled user 0
10-17 01:51:35.077 I/egram.messenger( 2554): Compiler allocated 6665KB to compile void org.telegram.ui.Cells.DialogCell.onDraw(android.graphics.Canvas)
10-17 01:51:35.167 W/BroadcastQueue(  507): Exported Denial: sending Intent { act=android.net.conn.CONNECTIVITY_CHANGE flg=0x4200010 (has extras) }, action: android.net.conn.CONNECTIVITY_CHANGE from null (uid=-1) due to receiver ProcessRecord{4cc85cd 2554:org.telegram.messenger/u0a177} (uid 10177) not specifying RECEIVER_EXPORTED
--------- beginning of kernel
10-17 01:51:35.712 I/logd    (  158): logdr: UID=0 GID=0 PID=2706 b tail=0 logMask=99 pid=0 start=0ns deadline=0ns
10-17 01:51:36.394 D/EGL_emulation( 2554): app_time_stats: avg=93.04ms min=5.86ms max=1045.56ms count=19
10-17 01:51:38.071 D/AndroidRuntime( 2730): >>>>>> START com.android.internal.os.RuntimeInit uid 0 <<<<<<
10-17 01:51:38.083 I/AndroidRuntime( 2730): Using default boot image
10-17 01:51:38.083 I/AndroidRuntime( 2730): Leaving lock profiling enabled
10-17 01:51:38.089 I/app_process( 2730): Core platform API reporting enabled, enforcing=false
10-17 01:51:38.089 I/app_process( 2730): Using CollectorTypeCC GC.
10-17 01:51:38.248 D/app_process( 2730): Time zone APEX ICU file found: /apex/com.android.tzdata/etc/icu/icu_tzdata.dat
10-17 01:51:38.248 D/app_process( 2730): I18n APEX ICU file found: /apex/com.android.i18n/etc/icu/icudt70l.dat
10-17 01:51:38.319 D/AndroidRuntime( 2730): Calling main entry com.android.commands.monkey.Monkey
10-17 01:51:38.322 W/Monkey  ( 2730): args: [-p, org.telegram.messenger, --throttle, 50, --pct-syskeys, 0, --pct-nav, 10, --pct-touch, 70, -v, 800]
10-17 01:51:38.323 W/Monkey  ( 2730):  arg: "-p"
10-17 01:51:38.323 W/Monkey  ( 2730):  arg: "org.telegram.messenger"
10-17 01:51:38.323 W/Monkey  ( 2730):  arg: "--throttle"
10-17 01:51:38.323 W/Monkey  ( 2730):  arg: "50"
10-17 01:51:38.323 W/Monkey  ( 2730):  arg: "--pct-syskeys"
10-17 01:51:38.323 W/Monkey  ( 2730):  arg: "0"
10-17 01:51:38.323 W/Monkey  ( 2730):  arg: "--pct-nav"
10-17 01:51:38.323 W/Monkey  ( 2730):  arg: "10"
10-17 01:51:38.323 W/Monkey  ( 2730):  arg: "--pct-touch"
10-17 01:51:38.323 W/Monkey  ( 2730):  arg: "70"
10-17 01:51:38.323 W/Monkey  ( 2730):  arg: "-v"
10-17 01:51:38.323 W/Monkey  ( 2730):  arg: "800"
10-17 01:51:38.323 W/Monkey  ( 2730): data="org.telegram.messenger"
10-17 01:51:38.323 W/Monkey  ( 2730): arg="--throttle" mCurArgData="null" mNextArg=3 argwas="--throttle" nextarg="50"
10-17 01:51:38.323 W/Monkey  ( 2730): data="50"
10-17 01:51:38.323 W/Monkey  ( 2730): arg="--pct-syskeys" mCurArgData="null" mNextArg=5 argwas="--pct-syskeys" nextarg="0"
10-17 01:51:38.323 W/Monkey  ( 2730): data="0"
10-17 01:51:38.323 W/Monkey  ( 2730): arg="--pct-nav" mCurArgData="null" mNextArg=7 argwas="--pct-nav" nextarg="10"
10-17 01:51:38.323 W/Monkey  ( 2730): data="10"
10-17 01:51:38.323 W/Monkey  ( 2730): arg="--pct-touch" mCurArgData="null" mNextArg=9 argwas="--pct-touch" nextarg="70"
10-17 01:51:38.323 W/Monkey  ( 2730): data="70"
10-17 01:51:38.338 I/Monkey  ( 2730): :Monkey: seed=1760774235464 count=800
10-17 01:51:38.338 I/Monkey  ( 2730): :AllowPackage: org.telegram.messenger
10-17 01:51:38.338 I/Monkey  ( 2730): :IncludeCategory: android.intent.category.LAUNCHER
10-17 01:51:38.339 I/Monkey  ( 2730): :IncludeCategory: android.intent.category.MONKEY
10-17 01:51:38.347 W/BroadcastQueue(  507): Skipping deliver [background] BroadcastRecord{148dac2 u-1 android.net.conn.CONNECTIVITY_CHANGE} to ReceiverList{2b870d3 2730 (unknown name)/0/u-1 remote:c1df1a4}: process gone or crashing
10-17 01:51:38.361 I/Monkey  ( 2730): // Event percentages:
10-17 01:51:38.362 I/Monkey  ( 2730): //   0: 70.0%
10-17 01:51:38.362 I/Monkey  ( 2730): //   1: 3.448276%
10-17 01:51:38.362 I/Monkey  ( 2730): //   2: 0.6896552%
10-17 01:51:38.362 I/Monkey  ( 2730): //   3: 5.172414%
10-17 01:51:38.363 I/Monkey  ( 2730): //   4: -0.0%
10-17 01:51:38.365 I/Monkey  ( 2730): //   5: -0.0%
10-17 01:51:38.365 I/Monkey  ( 2730): //   6: 10.0%
10-17 01:51:38.365 I/Monkey  ( 2730): //   7: 5.172414%
10-17 01:51:38.365 I/Monkey  ( 2730): //   8: -0.0%
10-17 01:51:38.366 I/Monkey  ( 2730): //   9: 0.6896552%
10-17 01:51:38.368 I/Monkey  ( 2730): //   10: 0.3448276%
10-17 01:51:38.368 I/Monkey  ( 2730): //   11: 4.4827585%
10-17 01:51:38.368 I/Monkey  ( 2730): :Switch: #Intent;action=android.intent.action.MAIN;category=android.intent.category.LAUNCHER;launchFlags=0x10200000;component=org.telegram.messenger/.DefaultIcon;end
10-17 01:51:38.375 I/ActivityTaskManager(  507): START u0 {act=android.intent.action.MAIN cat=[android.intent.category.LAUNCHER] flg=0x10200000 cmp=org.telegram.messenger/.DefaultIcon} from uid 0
10-17 01:51:38.375 I/Monkey  ( 2730):     // Allowing start of Intent { act=android.intent.action.MAIN cat=[android.intent.category.LAUNCHER] cmp=org.telegram.messenger/.DefaultIcon } in package org.telegram.messenger
10-17 01:51:38.381 I/PIP_DEBUG( 2554): [Activity] onPause
10-17 01:51:38.389 I/PIP_DEBUG( 2554): [Activity] onResume
10-17 01:51:38.445 I/Monkey  ( 2730): :Sending Touch (ACTION_DOWN): 0:(663.0,694.0)
10-17 01:51:38.449 D/TaplEvents( 1064): TIS / TouchInteractionService.onInputEvent: MotionEvent { action=ACTION_CANCEL, actionButton=0, id[0]=0, x[0]=945.0, y[0]=2137.0, toolType[0]=TOOL_TYPE_UNKNOWN, buttonState=0, classification=NONE, metaState=0, flags=0x0, edgeFlags=0x0, pointerCount=1, historySize=0, eventTime=32574512, downTime=32558343, deviceId=-1, source=0x1002, displayId=0, eventId=1857914285 }
10-17 01:51:38.449 D/TaplEvents( 1064): TIS / TouchInteractionService.onInputEvent: MotionEvent { action=ACTION_DOWN, actionButton=0, id[0]=0, x[0]=663.0, y[0]=694.0, toolType[0]=TOOL_TYPE_UNKNOWN, buttonState=0, classification=NONE, metaState=0, flags=0x0, edgeFlags=0x0, pointerCount=1, historySize=0, eventTime=32574508, downTime=32574505, deviceId=-1, source=0x1002, displayId=0, eventId=-968885598 }
10-17 01:51:38.450 D/EGL_emulation( 2554): app_time_stats: avg=119.30ms min=7.02ms max=1369.61ms count=17
10-17 01:51:38.453 I/Monkey  ( 2730): :Sending Touch (ACTION_UP): 0:(667.05145,690.91003)
10-17 01:51:38.454 D/TaplEvents( 1064): TIS / TouchInteractionService.onInputEvent: MotionEvent { action=ACTION_UP, actionButton=0, id[0]=0, x[0]=667.05145, y[0]=690.91003, toolType[0]=TOOL_TYPE_UNKNOWN, buttonState=0, classification=NONE, metaState=0, flags=0x0, edgeFlags=0x0, pointerCount=1, historySize=0, eventTime=32574514, downTime=32574505, deviceId=-1, source=0x1002, displayId=0, eventId=-452514181 }
10-17 01:51:38.470 D/AudioAnalytics(  403): gc(1700, 2000): log size:1700 item map size:57, item map items:1700
10-17 01:51:38.510 I/Monkey  ( 2730): :Sending Touch (ACTION_DOWN): 0:(919.0,1346.0)
10-17 01:51:38.513 I/Monkey  ( 2730): :Sending Touch (ACTION_UP): 0:(900.5135,1337.5193)
10-17 01:51:38.513 D/TaplEvents( 1064): TIS / TouchInteractionService.onInputEvent: MotionEvent { action=ACTION_DOWN, actionButton=0, id[0]=0, x[0]=919.0, y[0]=1346.0, toolType[0]=TOOL_TYPE_UNKNOWN, buttonState=0, classification=NONE, metaState=0, flags=0x0, edgeFlags=0x0, pointerCount=1, historySize=0, eventTime=32574573, downTime=32574573, deviceId=-1, source=0x1002, displayId=0, eventId=-124903303 }
10-17 01:51:38.517 D/TaplEvents( 1064): TIS / TouchInteractionService.onInputEvent: MotionEvent { action=ACTION_UP, actionButton=0, id[0]=0, x[0]=900.5135, y[0]=1337.5193, toolType[0]=TOOL_TYPE_UNKNOWN, buttonState=0, classification=NONE, metaState=0, flags=0x0, edgeFlags=0x0, pointerCount=1, historySize=0, eventTime=32574577, downTime=32574573, deviceId=-1, source=0x1002, displayId=0, eventId=-588226392 }
10-17 01:51:38.553 W/egram.messenger( 2554): Accessing hidden field Landroid/view/View;->mScrollY:I (max-target-p, reflection, denied)
10-17 01:51:38.553 W/egram.messenger( 2554): Accessing hidden field Landroid/widget/Editor;->mShowCursor:J (max-target-p, reflection, denied)
10-17 01:51:38.567 I/Monkey  ( 2730): :Sending Touch (ACTION_DOWN): 0:(728.0,539.0)
10-17 01:51:38.567 D/TaplEvents( 1064): TIS / TouchInteractionService.onInputEvent: MotionEvent { action=ACTION_DOWN, actionButton=0, id[0]=0, x[0]=728.0, y[0]=539.0, toolType[0]=TOOL_TYPE_UNKNOWN, buttonState=0, classification=NONE, metaState=0, flags=0x0, edgeFlags=0x0, pointerCount=1, historySize=0, eventTime=32574631, downTime=32574631, deviceId=-1, source=0x1002, displayId=0, eventId=-322502741 }
10-17 01:51:38.567 I/Monkey  ( 2730): :Sending Touch (ACTION_UP): 0:(728.6925,540.2124)
10-17 01:51:38.571 D/TaplEvents( 1064): TIS / TouchInteractionService.onInputEvent: MotionEvent { action=ACTION_UP, actionButton=0, id[0]=0, x[0]=728.6925, y[0]=540.2124, toolType[0]=TOOL_TYPE_UNKNOWN, buttonState=0, classification=NONE, metaState=0, flags=0x0, edgeFlags=0x0, pointerCount=1, historySize=0, eventTime=32574631, downTime=32574631, deviceId=-1, source=0x1002, displayId=0, eventId=-1072229168 }
10-17 01:51:38.621 I/Monkey  ( 2730): :Sending Touch (ACTION_DOWN): 0:(932.0,1855.0)
10-17 01:51:38.622 D/TaplEvents( 1064): TIS / TouchInteractionService.onInputEvent: MotionEvent { action=ACTION_DOWN, actionButton=0, id[0]=0, x[0]=932.0, y[0]=1855.0, toolType[0]=TOOL_TYPE_UNKNOWN, buttonState=0, classification=NONE, metaState=0, flags=0x0, edgeFlags=0x0, pointerCount=1, historySize=0, eventTime=32574685, downTime=32574685, deviceId=-1, source=0x1002, displayId=0, eventId=-657852423 }
10-17 01:51:38.622 I/Monkey  ( 2730): :Sending Touch (ACTION_UP): 0:(937.9217,1849.6453)
10-17 01:51:38.623 D/TaplEvents( 1064): TIS / TouchInteractionService.onInputEvent: MotionEvent { action=ACTION_UP, actionButton=0, id[0]=0, x[0]=937.9217, y[0]=1849.6453, toolType[0]=TOOL_TYPE_UNKNOWN, buttonState=0, classification=NONE, metaState=0, flags=0x0, edgeFlags=0x0, pointerCount=1, historySize=0, eventTime=32574686, downTime=32574685, deviceId=-1, source=0x1002, displayId=0, eventId=-12941019 }
10-17 01:51:38.673 I/Monkey  ( 2730): :Sending Touch (ACTION_DOWN): 0:(172.0,1266.0)
10-17 01:51:38.673 D/TaplEvents( 1064): TIS / TouchInteractionService.onInputEvent: MotionEvent { action=ACTION_DOWN, actionButton=0, id[0]=0, x[0]=172.0, y[0]=1266.0, toolType[0]=TOOL_TYPE_UNKNOWN, buttonState=0, classification=NONE, metaState=0, flags=0x0, edgeFlags=0x0, pointerCount=1, historySize=0, eventTime=32574737, downTime=32574737, deviceId=-1, source=0x1002, displayId=0, eventId=-711115794 }
10-17 01:51:38.673 I/Monkey  ( 2730): :Sending Touch (ACTION_UP): 0:(170.91112,1259.8164)
10-17 01:51:38.674 D/TaplEvents( 1064): TIS / TouchInteractionService.onInputEvent: MotionEvent { action=ACTION_UP, actionButton=0, id[0]=0, x[0]=170.91112, y[0]=1259.8164, toolType[0]=TOOL_TYPE_UNKNOWN, buttonState=0, classification=NONE, metaState=0, flags=0x0, edgeFlags=0x0, pointerCount=1, historySize=0, eventTime=32574737, downTime=32574737, deviceId=-1, source=0x1002, displayId=0, eventId=-552568507 }
10-17 01:51:38.725 I/Monkey  ( 2730): :Sending Touch (ACTION_DOWN): 0:(560.0,136.0)
10-17 01:51:38.725 D/TaplEvents( 1064): TIS / TouchInteractionService.onInputEvent: MotionEvent { action=ACTION_DOWN, actionButton=0, id[0]=0, x[0]=560.0, y[0]=136.0, toolType[0]=TOOL_TYPE_UNKNOWN, buttonState=0, classification=NONE, metaState=0, flags=0x0, edgeFlags=0x0, pointerCount=1, historySize=0, eventTime=32574789, downTime=32574789, deviceId=-1, source=0x1002, displayId=0, eventId=-6285604 }
10-17 01:51:38.725 I/Monkey  ( 2730): :Sending Touch (ACTION_UP): 0:(556.5152,151.82564)
10-17 01:51:38.726 D/TaplEvents( 1064): TIS / TouchInteractionService.onInputEvent: MotionEvent { action=ACTION_UP, actionButton=0, id[0]=0, x[0]=556.5152, y[0]=151.82564, toolType[0]=TOOL_TYPE_UNKNOWN, buttonState=0, classification=NONE, metaState=0, flags=0x0, edgeFlags=0x0, pointerCount=1, historySize=0, eventTime=32574789, downTime=32574789, deviceId=-1, source=0x1002, displayId=0, eventId=-987947878 }
10-17 01:51:38.777 I/Monkey  ( 2730): :Sending Touch (ACTION_DOWN): 0:(164.0,211.0)
10-17 01:51:38.777 D/TaplEvents( 1064): TIS / TouchInteractionService.onInputEvent: MotionEvent { action=ACTION_DOWN, actionButton=0, id[0]=0, x[0]=164.0, y[0]=211.0, toolType[0]=TOOL_TYPE_UNKNOWN, buttonState=0, classification=NONE, metaState=0, flags=0x0, edgeFlags=0x0, pointerCount=1, historySize=0, eventTime=32574841, downTime=32574840, deviceId=-1, source=0x1002, displayId=0, eventId=-719428099 }
10-17 01:51:38.777 I/Monkey  ( 2730): :Sending Touch (ACTION_UP): 0:(172.69273,225.19513)
10-17 01:51:38.778 D/TaplEvents( 1064): TIS / TouchInteractionService.onInputEvent: MotionEvent { action=ACTION_UP, actionButton=0, id[0]=0, x[0]=172.69273, y[0]=225.19513, toolType[0]=TOOL_TYPE_UNKNOWN, buttonState=0, classification=NONE, metaState=0, flags=0x0, edgeFlags=0x0, pointerCount=1, historySize=0, eventTime=32574841, downTime=32574840, deviceId=-1, source=0x1002, displayId=0, eventId=-410373965 }
10-17 01:51:38.783 D/CompatibilityChangeReporter( 2554): Compat change id reported: 171228096; UID 10177; state: ENABLED
10-17 01:51:38.828 I/Monkey  ( 2730): :Sending Touch (ACTION_DOWN): 0:(129.0,1918.0)
10-17 01:51:38.829 D/TaplEvents( 1064): TIS / TouchInteractionService.onInputEvent: MotionEvent { action=ACTION_DOWN, actionButton=0, id[0]=0, x[0]=129.0, y[0]=1918.0, toolType[0]=TOOL_TYPE_UNKNOWN, buttonState=0, classification=NONE, metaState=0, flags=0x0, edgeFlags=0x0, pointerCount=1, historySize=0, eventTime=32574892, downTime=32574892, deviceId=-1, source=0x1002, displayId=0, eventId=-1063490177 }
10-17 01:51:38.829 I/Monkey  ( 2730): :Sending Touch (ACTION_UP): 0:(118.90729,1915.595)
10-17 01:51:38.829 D/TaplEvents( 1064): TIS / TouchInteractionService.onInputEvent: MotionEvent { action=ACTION_UP, actionButton=0, id[0]=0, x[0]=118.90729, y[0]=1915.595, toolType[0]=TOOL_TYPE_UNKNOWN, buttonState=0, classification=NONE, metaState=0, flags=0x0, edgeFlags=0x0, pointerCount=1, historySize=0, eventTime=32574893, downTime=32574892, deviceId=-1, source=0x1002, displayId=0, eventId=-239191119 }
10-17 01:51:38.881 I/Monkey  ( 2730): :Sending Touch (ACTION_DOWN): 0:(567.0,850.0)
10-17 01:51:38.881 D/TaplEvents( 1064): TIS / TouchInteractionService.onInputEvent: MotionEvent { action=ACTION_DOWN, actionButton=0, id[0]=0, x[0]=567.0, y[0]=850.0, toolType[0]=TOOL_TYPE_UNKNOWN, buttonState=0, classification=NONE, metaState=0, flags=0x0, edgeFlags=0x0, pointerCount=1, historySize=0, eventTime=32574945, downTime=32574945, deviceId=-1, source=0x1002, displayId=0, eventId=-393855359 }
10-17 01:51:38.882 I/Monkey  ( 2730): :Sending Touch (ACTION_UP): 0:(555.9879,859.8762)
10-17 01:51:38.882 D/TaplEvents( 1064): TIS / TouchInteractionService.onInputEvent: MotionEvent { action=ACTION_UP, actionButton=0, id[0]=0, x[0]=555.9879, y[0]=859.8762, toolType[0]=TOOL_TYPE_UNKNOWN, buttonState=0, classification=NONE, metaState=0, flags=0x0, edgeFlags=0x0, pointerCount=1, historySize=0, eventTime=32574945, downTime=32574945, deviceId=-1, source=0x1002, displayId=0, eventId=-936949331 }
10-17 01:51:38.933 I/Monkey  ( 2730): :Sending Touch (ACTION_DOWN): 0:(612.0,259.0)
10-17 01:51:38.934 D/TaplEvents( 1064): TIS / TouchInteractionService.onInputEvent: MotionEvent { action=ACTION_DOWN, actionButton=0, id[0]=0, x[0]=612.0, y[0]=259.0, toolType[0]=TOOL_TYPE_UNKNOWN, buttonState=0, classification=NONE, metaState=0, flags=0x0, edgeFlags=0x0, pointerCount=1, historySize=0, eventTime=32574997, downTime=32574997, deviceId=-1, source=0x1002, displayId=0, eventId=-295960875 }
10-17 01:51:38.934 I/Monkey  ( 2730): :Sending Touch (ACTION_UP): 0:(608.21185,259.07913)
10-17 01:51:38.935 D/TaplEvents( 1064): TIS / TouchInteractionService.onInputEvent: MotionEvent { action=ACTION_UP, actionButton=0, id[0]=0, x[0]=608.21185, y[0]=259.07913, toolType[0]=TOOL_TYPE_UNKNOWN, buttonState=0, classification=NONE, metaState=0, flags=0x0, edgeFlags=0x0, pointerCount=1, historySize=0, eventTime=32574998, downTime=32574997, deviceId=-1, source=0x1002, displayId=0, eventId=-682961562 }
10-17 01:51:38.986 I/Monkey  ( 2730): :Sending Touch (ACTION_DOWN): 0:(77.0,463.0)
10-17 01:51:38.987 D/TaplEvents( 1064): TIS / TouchInteractionService.onInputEvent: MotionEvent { action=ACTION_DOWN, actionButton=0, id[0]=0, x[0]=77.0, y[0]=463.0, toolType[0]=TOOL_TYPE_UNKNOWN, buttonState=0, classification=NONE, metaState=0, flags=0x0, edgeFlags=0x0, pointerCount=1, historySize=0, eventTime=32575050, downTime=32575050, deviceId=-1, source=0x1002, displayId=0, eventId=-643926513 }
10-17 01:51:38.988 I/Monkey  ( 2730): :Sending Touch (ACTION_UP): 0:(85.51805,464.75476)
10-17 01:51:38.988 D/TaplEvents( 1064): TIS / TouchInteractionService.onInputEvent: MotionEvent { action=ACTION_UP, actionButton=0, id[0]=0, x[0]=85.51805, y[0]=464.75476, toolType[0]=TOOL_TYPE_UNKNOWN, buttonState=0, classification=NONE, metaState=0, flags=0x0, edgeFlags=0x0, pointerCount=1, historySize=0, eventTime=32575052, downTime=32575050, deviceId=-1, source=0x1002, displayId=0, eventId=-43872262 }
10-17 01:51:39.038 I/Monkey  ( 2730): :Sending Touch (ACTION_DOWN): 0:(360.0,1168.0)
10-17 01:51:39.039 I/Monkey  ( 2730): :Sending Touch (ACTION_UP): 0:(370.01944,1177.2458)
10-17 01:51:39.039 D/TaplEvents( 1064): TIS / TouchInteractionService.onInputEvent: MotionEvent { action=ACTION_DOWN, actionButton=0, id[0]=0, x[0]=360.0, y[0]=1168.0, toolType[0]=TOOL_TYPE_UNKNOWN, buttonState=0, classification=NONE, metaState=0, flags=0x0, edgeFlags=0x0, pointerCount=1, historySize=0, eventTime=32575102, downTime=32575102, deviceId=-1, source=0x1002, displayId=0, eventId=-1042230717 }
10-17 01:51:39.039 D/TaplEvents( 1064): TIS / TouchInteractionService.onInputEvent: MotionEvent { action=ACTION_UP, actionButton=0, id[0]=0, x[0]=370.01944, y[0]=1177.2458, toolType[0]=TOOL_TYPE_UNKNOWN, buttonState=0, classification=NONE, metaState=0, flags=0x0, edgeFlags=0x0, pointerCount=1, historySize=0, eventTime=32575103, downTime=32575102, deviceId=-1, source=0x1002, displayId=0, eventId=-767973033 }
10-17 01:51:39.081 D/AudioFlinger(  334): mixer(0xb400007fa691d9a0) throttle end: throttle time(33)
10-17 01:51:39.089 I/Monkey  ( 2730): :Sending Touch (ACTION_DOWN): 0:(391.0,204.0)
10-17 01:51:39.090 D/TaplEvents( 1064): TIS / TouchInteractionService.onInputEvent: MotionEvent { action=ACTION_DOWN, actionButton=0, id[0]=0, x[0]=391.0, y[0]=204.0, toolType[0]=TOOL_TYPE_UNKNOWN, buttonState=0, classification=NONE, metaState=0, flags=0x0, edgeFlags=0x0, pointerCount=1, historySize=0, eventTime=32575153, downTime=32575153, deviceId=-1, source=0x1002, displayId=0, eventId=-797113427 }
10-17 01:51:39.090 I/Monkey  ( 2730): :Sending Touch (ACTION_UP): 0:(384.67566,209.98055)
10-17 01:51:39.091 D/TaplEvents( 1064): TIS / TouchInteractionService.onInputEvent: MotionEvent { action=ACTION_UP, actionButton=0, id[0]=0, x[0]=384.67566, y[0]=209.98055, toolType[0]=TOOL_TYPE_UNKNOWN, buttonState=0, classification=NONE, metaState=0, flags=0x0, edgeFlags=0x0, pointerCount=1, historySize=0, eventTime=32575154, downTime=32575153, deviceId=-1, source=0x1002, displayId=0, eventId=-826574992 }
10-17 01:51:39.141 I/Monkey  ( 2730): :Sending Touch (ACTION_DOWN): 0:(149.0,1368.0)
10-17 01:51:39.141 D/TaplEvents( 1064): TIS / TouchInteractionService.onInputEvent: MotionEvent { action=ACTION_DOWN, actionButton=0, id[0]=0, x[0]=149.0, y[0]=1368.0, toolType[0]=TOOL_TYPE_UNKNOWN, buttonState=0, classification=NONE, metaState=0, flags=0x0, edgeFlags=0x0, pointerCount=1, historySize=0, eventTime=32575205, downTime=32575205, deviceId=-1, source=0x1002, displayId=0, eventId=-546281859 }
10-17 01:51:39.141 I/Monkey  ( 2730): :Sending Touch (ACTION_UP): 0:(149.00955,1372.5525)
10-17 01:51:39.142 D/TaplEvents( 1064): TIS / TouchInteractionService.onInputEvent: MotionEvent { action=ACTION_UP, actionButton=0, id[0]=0, x[0]=149.00955, y[0]=1372.5525, toolType[0]=TOOL_TYPE_UNKNOWN, buttonState=0, classification=NONE, metaState=0, flags=0x0, edgeFlags=0x0, pointerCount=1, historySize=0, eventTime=32575205, downTime=32575205, deviceId=-1, source=0x1002, displayId=0, eventId=-629637797 }
10-17 01:51:39.155 I/egram.messenger( 2554): JIT allocated 67KB for compiled code of void org.telegram.ui.Cells.ChatMessageCell.drawOverlays(android.graphics.Canvas)
10-17 01:51:39.155 I/egram.messenger( 2554): Compiler allocated 9668KB to compile void org.telegram.ui.Cells.ChatMessageCell.drawOverlays(android.graphics.Canvas)
10-17 01:51:39.192 I/Monkey  ( 2730): :Sending Trackball (ACTION_MOVE): 0:(4.0,-1.0)
10-17 01:51:39.192 W/InputDispatcher(  507): Waiting because no window has focus but ActivityRecord{7dba8ee u0 org.telegram.messenger/.DefaultIcon} t59} may eventually add a window when it finishes starting up. Will wait for 5000ms
10-17 01:51:39.550 W/BestClock(  507): java.time.DateTimeException: Missing NTP fix
10-17 01:51:39.570 I/netd    (  295): tetherGetStats() -> {[]} <1.01ms>
10-17 01:51:39.571 W/BestClock(  507): java.time.DateTimeException: Missing NTP fix
10-17 01:51:39.573 I/netd    (  295): bandwidthSetGlobalAlert(2097152) <0.30ms>
10-17 01:51:40.947 D/EGL_emulation( 2554): app_time_stats: avg=49.69ms min=0.92ms max=1605.06ms count=44
10-17 01:51:44.062 D/BoundBrokerSvc( 1253): onUnbind: Intent { act=com.google.android.gms.scheduler.ACTION_PROXY_SCHEDULE dat=chimera-action:/... cmp=com.google.android.gms/.chimera.PersistentApiService }
10-17 01:51:44.197 E/InputDispatcher(  507): Dropping MOTION event because there is no focused window
10-17 01:51:44.207 W/InputManager(  507): Input event injection from pid 2730 failed.
10-17 01:51:44.208 I/WindowManager(  507): ANR in ActivityRecord{7dba8ee u0 org.telegram.messenger/.DefaultIcon} t59}.  Reason: Application does not have a focused window
10-17 01:51:44.209 I/Monkey  ( 2730):     // Injection Failed
10-17 01:51:44.240 W/InputDispatcher(  507): Waiting because no window has focus but ActivityRecord{7dba8ee u0 org.telegram.messenger/.DefaultIcon} t59} may eventually add a window when it finishes starting up. Will wait for 5000ms
10-17 01:51:44.262 I/ActivityManager(  507): dumpStackTraces pids={876=true, 926=true, 1064=true, 1253=true, 1347=true, 1429=true, 1466=true, 1491=true, 1590=true, 1598=true, 1619=true, 1635=true, 1723=true, 6467=true, 14350=true, 22683=true, 22799=true, 27589=true, 28972=true, 30635=true, 30722=true, 30804=true, 30842=true, 31174=true, 31203=true, 32176=true, 32218=true, 32260=true, 32349=true} nativepids=[157, 172, 294, 295, 334, 337, 369, 398, 402, 403, 404, 408]
10-17 01:51:44.487 I/ActivityManager(  507): Skipping next CPU consuming process, not a java proc: 507
10-17 01:51:44.487 I/ActivityManager(  507): Skipping next CPU consuming process, not a java proc: 323
10-17 01:51:44.493 I/ActivityManager(  507): Dumping to /data/anr/anr_2025-10-17-01-51-44-490
10-17 01:51:44.495 I/ActivityManager(  507): Collecting stacks for pid 2554
10-17 01:51:44.498 I/system_server(  507): libdebuggerd_client: started dumping process 2554
10-17 01:51:44.500 I/egram.messenger( 2554): Thread[7,tid=2564,WaitingInMainSignalCatcherLoop,Thread*=0xb40000727c29e6f0,peer=0x15800078,"Signal Catcher"]: reacting to signal 3
10-17 01:51:44.500 I/egram.messenger( 2554): 
10-17 01:51:44.500 I/tombstoned(  198): registered intercept for pid 2554 and type kDebuggerdJavaBacktrace
10-17 01:51:44.568 I/tombstoned(  198): received crash request for pid 2554
10-17 01:51:44.568 I/tombstoned(  198): found intercept fd 512 for pid 2554 and type kDebuggerdJavaBacktrace
10-17 01:51:44.569 I/egram.messenger( 2554): Wrote stack traces to tombstoned
10-17 01:51:44.569 W/tombstoned(  198): skipping tombstone file creation due to intercept
10-17 01:51:44.569 I/system_server(  507): libdebuggerd_client: done dumping process 2554
10-17 01:51:44.570 I/ActivityManager(  507): Collecting stacks for pid 507
10-17 01:51:44.571 I/system_server(  507): libdebuggerd_client: started dumping process 507
10-17 01:51:44.571 I/tombstoned(  198): registered intercept for pid 507 and type kDebuggerdJavaBacktrace
10-17 01:51:44.572 I/system_server(  507): Thread[2,tid=513,WaitingInMainSignalCatcherLoop,Thread*=0xb40000727c2a1e90,peer=0x13700158,"Signal Catcher"]: reacting to signal 3
10-17 01:51:44.572 I/system_server(  507): 
10-17 01:51:44.647 I/HidlSensorManager(  507): hidl_ssvc_poll: spurious wake up, back to work
10-17 01:51:44.659 I/keystore2(  172): keystore2::watchdog: Watchdog thread idle -> terminating. Have a great day.
10-17 01:51:44.684 I/tombstoned(  198): received crash request for pid 507
10-17 01:51:44.684 I/tombstoned(  198): found intercept fd 512 for pid 507 and type kDebuggerdJavaBacktrace
10-17 01:51:44.684 I/system_server(  507): Wrote stack traces to tombstoned
10-17 01:51:44.684 W/tombstoned(  198): skipping tombstone file creation due to intercept
10-17 01:51:44.685 I/system_server(  507): libdebuggerd_client: done dumping process 507
10-17 01:51:44.686 I/ActivityManager(  507): Collecting stacks for pid 1511
10-17 01:51:44.686 I/system_server(  507): libdebuggerd_client: started dumping process 1511
10-17 01:51:44.687 I/tombstoned(  198): registered intercept for pid 1511 and type kDebuggerdJavaBacktrace
10-17 01:51:44.687 I/putmethod.latin( 1511): Thread[5,tid=1516,WaitingInMainSignalCatcherLoop,Thread*=0xb40000727c2a8dd0,peer=0x12d401c0,"Signal Catcher"]: reacting to signal 3
10-17 01:51:44.687 I/putmethod.latin( 1511): 
10-17 01:51:44.746 I/tombstoned(  198): received crash request for pid 1511
10-17 01:51:44.746 I/tombstoned(  198): found intercept fd 512 for pid 1511 and type kDebuggerdJavaBacktrace
10-17 01:51:44.746 I/putmethod.latin( 1511): Wrote stack traces to tombstoned
10-17 01:51:44.746 W/tombstoned(  198): skipping tombstone file creation due to intercept
10-17 01:51:44.746 I/system_server(  507): libdebuggerd_client: done dumping process 1511
10-17 01:51:44.748 I/ActivityManager(  507): Collecting stacks for pid 1663
10-17 01:51:44.748 I/system_server(  507): libdebuggerd_client: started dumping process 1663
10-17 01:51:44.748 I/tombstoned(  198): registered intercept for pid 1663 and type kDebuggerdJavaBacktrace
10-17 01:51:44.749 I/or.multidisplay( 1663): Thread[6,tid=1670,WaitingInMainSignalCatcherLoop,Thread*=0xb40000727c29af50,peer=0x12f801c0,"Signal Catcher"]: reacting to signal 3
10-17 01:51:44.749 I/or.multidisplay( 1663): 
10-17 01:51:44.764 I/tombstoned(  198): received crash request for pid 1663
10-17 01:51:44.764 I/tombstoned(  198): found intercept fd 512 for pid 1663 and type kDebuggerdJavaBacktrace
10-17 01:51:44.764 I/or.multidisplay( 1663): Wrote stack traces to tombstoned
10-17 01:51:44.764 I/system_server(  507): libdebuggerd_client: done dumping process 1663
10-17 01:51:44.765 W/tombstoned(  198): skipping tombstone file creation due to intercept
10-17 01:51:44.766 I/ActivityManager(  507): Collecting stacks for pid 868
10-17 01:51:44.766 I/system_server(  507): libdebuggerd_client: started dumping process 868
10-17 01:51:44.766 I/tombstoned(  198): registered intercept for pid 868 and type kDebuggerdJavaBacktrace
10-17 01:51:44.766 I/com.android.se(  868): Thread[2,tid=877,WaitingInMainSignalCatcherLoop,Thread*=0xb40000727c2a1e90,peer=0x12fc01c0,"Signal Catcher"]: reacting to signal 3
10-17 01:51:44.766 I/com.android.se(  868): 
10-17 01:51:44.778 I/tombstoned(  198): received crash request for pid 868
10-17 01:51:44.778 I/tombstoned(  198): found intercept fd 512 for pid 868 and type kDebuggerdJavaBacktrace
10-17 01:51:44.778 I/com.android.se(  868): Wrote stack traces to tombstoned
10-17 01:51:44.779 W/tombstoned(  198): skipping tombstone file creation due to intercept
10-17 01:51:44.779 I/system_server(  507): libdebuggerd_client: done dumping process 868
10-17 01:51:44.780 I/ActivityManager(  507): Collecting stacks for pid 882
10-17 01:51:44.780 I/system_server(  507): libdebuggerd_client: started dumping process 882
10-17 01:51:44.780 I/tombstoned(  198): registered intercept for pid 882 and type kDebuggerdJavaBacktrace
10-17 01:51:44.781 I/m.android.phone(  882): Thread[2,tid=889,WaitingInMainSignalCatcherLoop,Thread*=0xb40000727c2a1e90,peer=0x152801c0,"Signal Catcher"]: reacting to signal 3
10-17 01:51:44.781 I/m.android.phone(  882): 
10-17 01:51:44.804 I/tombstoned(  198): received crash request for pid 882
10-17 01:51:44.804 I/tombstoned(  198): found intercept fd 512 for pid 882 and type kDebuggerdJavaBacktrace
10-17 01:51:44.804 I/m.android.phone(  882): Wrote stack traces to tombstoned
10-17 01:51:44.804 W/tombstoned(  198): skipping tombstone file creation due to intercept
10-17 01:51:44.804 I/system_server(  507): libdebuggerd_client: done dumping process 882
10-17 01:51:44.806 I/ActivityManager(  507): Collecting stacks for pid 819
10-17 01:51:44.806 I/system_server(  507): libdebuggerd_client: started dumping process 819
10-17 01:51:44.806 I/tombstoned(  198): registered intercept for pid 819 and type kDebuggerdJavaBacktrace
10-17 01:51:44.807 I/rkstack.process(  819): Thread[6,tid=828,WaitingInMainSignalCatcherLoop,Thread*=0xb40000727c29cb20,peer=0x135c01c0,"Signal Catcher"]: reacting to signal 3
10-17 01:51:44.807 I/rkstack.process(  819): 
10-17 01:51:44.821 I/tombstoned(  198): received crash request for pid 819
10-17 01:51:44.821 I/tombstoned(  198): found intercept fd 512 for pid 819 and type kDebuggerdJavaBacktrace
10-17 01:51:44.821 I/rkstack.process(  819): Wrote stack traces to tombstoned
10-17 01:51:44.821 W/tombstoned(  198): skipping tombstone file creation due to intercept
10-17 01:51:44.821 I/system_server(  507): libdebuggerd_client: done dumping process 819
10-17 01:51:44.823 I/ActivityManager(  507): Collecting stacks for pid 709
10-17 01:51:44.824 I/system_server(  507): libdebuggerd_client: started dumping process 709
10-17 01:51:44.824 I/tombstoned(  198): registered intercept for pid 709 and type kDebuggerdJavaBacktrace
10-17 01:51:44.824 I/ndroid.systemui(  709): Thread[4,tid=716,WaitingInMainSignalCatcherLoop,Thread*=0xb40000727c2a1e90,peer=0x16a001c0,"Signal Catcher"]: reacting to signal 3
10-17 01:51:44.824 I/ndroid.systemui(  709): 
10-17 01:51:44.873 I/tombstoned(  198): received crash request for pid 709
10-17 01:51:44.873 I/tombstoned(  198): found intercept fd 512 for pid 709 and type kDebuggerdJavaBacktrace
10-17 01:51:44.873 I/ndroid.systemui(  709): Wrote stack traces to tombstoned
10-17 01:51:44.874 W/tombstoned(  198): skipping tombstone file creation due to intercept
10-17 01:51:44.874 I/system_server(  507): libdebuggerd_client: done dumping process 709
10-17 01:51:44.875 I/ActivityManager(  507): Collecting stacks for native pid 157
10-17 01:51:44.875 I/system_server(  507): libdebuggerd_client: started dumping process 157
10-17 01:51:44.876 I/tombstoned(  198): registered intercept for pid 157 and type kDebuggerdNativeBacktrace
10-17 01:51:44.876 I/libc    (  157): Requested dump for pid 157 (binder:157_2)
10-17 01:51:44.883 I/crash_dump64( 2762): obtaining output fd from tombstoned, type: kDebuggerdNativeBacktrace
10-17 01:51:44.883 I/tombstoned(  198): received crash request for pid 157
10-17 01:51:44.883 I/tombstoned(  198): found intercept fd 512 for pid 157 and type kDebuggerdNativeBacktrace
10-17 01:51:44.884 I/crash_dump64( 2762): performing dump of process 157 (target tid = 157)
10-17 01:51:44.889 W/tombstoned(  198): skipping tombstone file creation due to intercept
10-17 01:51:44.889 I/system_server(  507): libdebuggerd_client: done dumping process 157
10-17 01:51:44.890 I/ActivityManager(  507): Collecting stacks for native pid 172
10-17 01:51:44.890 I/system_server(  507): libdebuggerd_client: started dumping process 172
10-17 01:51:44.890 I/tombstoned(  198): registered intercept for pid 172 and type kDebuggerdNativeBacktrace
10-17 01:51:44.890 I/init    (    1): Untracked pid 2762 exited with status 0
10-17 01:51:44.890 I/init    (    1): Untracked pid 2762 did not have an associated service entry and will not be reaped
10-17 01:51:44.890 I/init    (    1): Untracked pid 2764 exited with status 0
10-17 01:51:44.890 I/libc    (  172): Requested dump for pid 172 (binder:172_2)
10-17 01:51:44.890 I/init    (    1): Untracked pid 2764 did not have an associated service entry and will not be reaped
10-17 01:51:44.895 I/crash_dump64( 2767): obtaining output fd from tombstoned, type: kDebuggerdNativeBacktrace
10-17 01:51:44.895 I/tombstoned(  198): received crash request for pid 172
10-17 01:51:44.895 I/tombstoned(  198): found intercept fd 512 for pid 172 and type kDebuggerdNativeBacktrace
10-17 01:51:44.895 I/crash_dump64( 2767): performing dump of process 172 (target tid = 172)
10-17 01:51:44.900 I/system_server(  507): libdebuggerd_client: done dumping process 172
10-17 01:51:44.900 W/tombstoned(  198): skipping tombstone file creation due to intercept
10-17 01:51:44.901 I/ActivityManager(  507): Collecting stacks for native pid 294
10-17 01:51:44.901 I/system_server(  507): libdebuggerd_client: started dumping process 294
10-17 01:51:44.901 I/tombstoned(  198): registered intercept for pid 294 and type kDebuggerdNativeBacktrace
10-17 01:51:44.901 I/libc    (  294): Requested dump for pid 294 (binder:294_2)
10-17 01:51:44.901 I/init    (    1): Untracked pid 2767 exited with status 0
10-17 01:51:44.901 I/init    (    1): Untracked pid 2767 did not have an associated service entry and will not be reaped
10-17 01:51:44.901 I/init    (    1): Untracked pid 2769 exited with status 0
10-17 01:51:44.901 I/init    (    1): Untracked pid 2769 did not have an associated service entry and will not be reaped
10-17 01:51:44.906 I/crash_dump64( 2772): obtaining output fd from tombstoned, type: kDebuggerdNativeBacktrace
10-17 01:51:44.906 I/tombstoned(  198): received crash request for pid 294
10-17 01:51:44.906 I/tombstoned(  198): found intercept fd 512 for pid 294 and type kDebuggerdNativeBacktrace
10-17 01:51:44.906 I/crash_dump64( 2772): performing dump of process 294 (target tid = 294)
10-17 01:51:44.913 W/tombstoned(  198): skipping tombstone file creation due to intercept
10-17 01:51:44.913 I/system_server(  507): libdebuggerd_client: done dumping process 294
10-17 01:51:44.914 I/ActivityManager(  507): Collecting stacks for native pid 295
10-17 01:51:44.915 I/system_server(  507): libdebuggerd_client: started dumping process 295
10-17 01:51:44.915 I/tombstoned(  198): registered intercept for pid 295 and type kDebuggerdNativeBacktrace
10-17 01:51:44.915 I/libc    (  295): Requested dump for pid 295 (binder:295_3)
10-17 01:51:44.914 I/init    (    1): Untracked pid 2772 exited with status 0
10-17 01:51:44.914 I/init    (    1): Untracked pid 2772 did not have an associated service entry and will not be reaped
